<?xml version="1.0" encoding="UTF-8"?>
<quiz>
 
<question type="category">
  <category>
    <text>$course$/top/Cloze: Escaping Characters</text>
  </category>
</question>
 
<question type="cloze">
  <name format="html">
    <text><![CDATA[Cloze]]></text>
  </name>
  <questiontext format="html">
    <text><![CDATA[<p>No escaping here: \(y=a\sqrt {x}/2+{b}\) </P><P>No escaping here: <CODE>text</CODE> \(y=a\sqrt {x}/2+{b}\) {4:MULTICHOICE_V:=that must be escaped: \(y=a\sqrt {x\}/2+{b\}\)#mip~%10%nap#that must be escaped: \(y=a\sqrt {x\}/2+{b\}\)}</P><P>{No escaping here: } \(y=a\sqrt {x}/2+{b}\) {1:SHORTANSWER:=chip#nip~%10%nop#that must be escaped: \(y=a\sqrt {x\}/2+{b\}\)}</P><P>{No escaping here: } \(y=a\sqrt {x}/2+{b}\) {1:NUMERICAL:=0:0#nip~%10%1:0#that must be escaped: \(y=a\sqrt {x\}/2+{b\}\)}</P><P></p>]]></text>
  </questiontext>
  <defaultgrade>2</defaultgrade>
  <generalfeedback format="html"><text/></generalfeedback>
  <penalty>0.10</penalty>
  <hidden>0</hidden>
</question>
 
</quiz>
