<?xml version="1.0" encoding="UTF-8"?>
<quiz>
 
<question type="category">
  <category>
    <text>$course$/top/French Issues</text>
  </category>
</question>
 
<question type="multichoice">
  <name format="html">
    <text><![CDATA[Test french]]></text>
  </name>
  <questiontext format="html">
    <text><![CDATA[<p>&laquo;&#8239;Coucou&#8239;!&#8239;&raquo;, dit-il. On lui r&eacute;pondit&#8239;: &laquo;&#8239;Qui est-ce&#8239;?&#8239;&raquo;</p>]]></text>
  </questiontext>
  <defaultgrade>1</defaultgrade>
  <generalfeedback format="html">
    <text><![CDATA[<p>test</p>]]></text>
  </generalfeedback>
  <penalty>0.10</penalty>
  <hidden>0</hidden>
  <single>true</single>
  <shuffleanswers>1</shuffleanswers>
  <answernumbering>abc</answernumbering>
  <answer fraction="100" format="html">
    <text><![CDATA[<p>A</p>]]></text>
  </answer>
  <answer fraction="0" format="html">
    <text><![CDATA[<p>B</p>]]></text>
  </answer>
</question>
 
</quiz>
