<?xml version="1.0" encoding="UTF-8"?>

<quiz>
 
<question type="category">
  <category>
    <text>$course$/top/Circuitikz</text>
  </category>
</question>
 
<question type="multichoice">
  <name format="html">
    <text><![CDATA[Multi]]></text>
  </name>
  <questiontext format="html">
    <text><![CDATA[<p><IMG SRC="data:image/png;base64,iVBORw0KGgoAAAANSUhEUgAAAU4AAACyCAMAAAAaqtaNAAAARVBMVEX///8AAAAAAAAAAAAAAAAA 
AAAAAAAAAAAAAAAAAAAAAAAAAAAAAAAAAAAAAAAAAAAAAAAAAAAAAAAAAAAAAAAAAAAAAAAeYafp 
AAAAFnRSTlMAESIzRFVmd4iZp6q0u8zN3d/u7/D4LAU1xAAABehJREFUeNrt3F13pCgQBuACS4W4 
OC47U///p+6FnqQV6I+MBX3M693kJFPdD1AFChJ945KfdDFpX0ItrkZRwQlOcIITnOAEJzjBCU5w 
ghOc4AQnOMEJTnCCE5zgBCc4wQlOcIITnOAEJzjBCU5wghOc4AQnOMEJTnCCE5zgBCc4wQlOcIIT 
nOAEJzjBCU5wghOc4AQnOMEJTnCCUzWqMy2i/mMvyimxAWiFqG04ObQAtV49ahvODXSoHdVqN2Mr 
zhV0GdqMiwtyEvHSClQtaktOomERWbgJKF+Qk8ws4upHDVpRm3JaH0Xm2r3TuqjQOw2PLgQJkxu5 
CSZ7EZlqx+68iIT+5BYap92bLaeh9iRwCCLibe0mDCLiu5P/01lEZHIjMzOPbv1nxX5ihqXFPH6N 
as9voeh7s/t6k4hMlfrKmrxqz5CMiyLLeHITGi8Sx0I0X6G/qCSvJ6ve6U3YxeIgM15k1u6gKsmr 
WdUb4kFs117dLFH1m6okr3ZVz4n4fbOJPc5v1XKaTvJqWPVGkUPW/CUfCbhOWjM6yeupJtSJyknX 
syJ/zNFTZ7yzSKy/XGCRqFT1upgsVL1I5meLxsjolgYjnazaSDezTJR0TpH/TPJ7AXXoiTI0m0zn 
TNIpmahVji40SzIxeS5q1vX6v0mDyqI3m77IHN6lQ9ht9z+SOIvebKnZCvPc1G1FjvnD/N44k77Y 
S1SsGcWZoGFmZq3yX0rdj6I6J+KOf+cO8/ebzpnpnkF0u0++PgwuinPOz0q3mvKp+3HUTGme0x0l 
8ZMzpNlzalIf1rBmCVqZJpu6H0Tl9EGIlZjt5B/ykevpJv31GvWBt1lGELXqn0ndj6K6tCeO6Vjf 
fjX/CGqWCtU3qQ9u+0KKnJnU/ShqkMyP+pc4S/wa9eHrE4S4DaVZOer8StRM6oxCL3GyhBqaHHaF 
cEtic9Bdi7LfLV4eRM2kTirlwhInVUieNMwi8aa+s3jm3nndWUV/mFU8ippJncXOVuSM2g/gzbiI 
LLvJiZOBmWfNbQwmnX0+irqlTnZuvGmBFzlVq0FhbbQmMbN9JHt+9t7ufppy1MFNx6XTmgv6iWjw 
d8b/I07Fm5Pr07ckwJbEJBARO3/2+FgnncO9qK4j8jNlplELE1G0b8jZF26ZbR+83z4Sn8u5Lon4 
ftTYE9n9JGidRhmxRBTG7w92rpW8DvM/J47InMx5rHqFqFNHZPYL7Fm+2ja49ypF2eR1mP85cWTG 
MzkzVa8YlWi4uf1jQxAJ/sj5HhOlQvK6+eCOiLrojDuxd967I5hGJbt02cnnjvMNpvGl5JV+x3E0 
p+XOQtUrRjVTfkYjTESfdxjaLzK5lLzKf3BO1JceFBlnyObwp4HIfKaB9rdAGnI+P4PuJmZ2OU4T 
evu1cLKFXFjg1LhBx9OTg33LeJM4V3GwbzlRRArNyGxuuxu/wKlz+/heKaq8APvby+VHe4FT6+HG 
3YlSzdsDf91G6aO3Mqfmo7dGmxfmV1P3w+4ZnuZcVJ+89W12xb+Uuh/3+JjLnllOxW0L36kP75m6 
M5tq8px6m2qU60PV1G3mTDXKcKpt+VKvD3VTd2ZDYo5TaUNijfpQN3Wn22UznE55e3xaH6qfGe58 
Zt/gN64x+ezJikptM3d57NU/4jqcdLA2OWqQrExrdpZGZw/G83YkDzFX3z9HwVxxpNsmZw9OnlK0 
Pqa1y5oXOC5spsaHCIkudVy4+RHXM5PXW9wsOB7ADhUPYF/puPDXl2r0eoBLHRfeN1j9l1c0OghT 
sepVfLXKxY4Lt+Xs4rUOETbmvNwR17acTQ9gm8txnn/y7MmoVV+KU/ctX5evRrVfmtbw0HCNh1P1 
30FnfXGjhfZM/pqvkrauRVTj8KLzc6OCE5zgBCc4wQlOcIITnOAEJzjBCU5wghOc4AQnOMEJTnCC 
E5zgBCc4wQlOcIITnOAEJzjBCU5wghOc4AQnOMEJTnCCE5zgBCc4wQlOcIITnOAEJzjBCU5wghOc 
4PwpnFF+0PUS5//hG6g0iQoOSgAAAABJRU5ErkJggg== 
"> </p>]]></text>
  </questiontext>
  <defaultgrade>1.0</defaultgrade>
  <generalfeedback format="html"><text/></generalfeedback>
  <penalty>0.10</penalty>
  <hidden>0</hidden>
  <single>true</single>
  <shuffleanswers>1</shuffleanswers>
  <answernumbering>abc</answernumbering>
  <answer fraction="100" format="html">
    <text><![CDATA[<p><IMG SRC="data:image/png;base64,iVBORw0KGgoAAAANSUhEUgAAAU4AAACyCAMAAAAaqtaNAAAARVBMVEX///8AAAAAAAAAAAAAAAAA 
AAAAAAAAAAAAAAAAAAAAAAAAAAAAAAAAAAAAAAAAAAAAAAAAAAAAAAAAAAAAAAAAAAAAAAAeYafp 
AAAAFnRSTlMAESIzRFVmd4iZp6q0u8zN3d/u7/D4LAU1xAAABehJREFUeNrt3F13pCgQBuACS4W4 
OC47U///p+6FnqQV6I+MBX3M693kJFPdD1AFChJ945KfdDFpX0ItrkZRwQlOcIITnOAEJzjBCU5w 
ghOc4AQnOMEJTnCCE5zgBCc4wQlOcIITnOAEJzjBCU5wghOc4AQnOMEJTnCCE5zgBCc4wQlOcIIT 
nOAEJzjBCU5wghOc4AQnOMEJTnCCUzWqMy2i/mMvyimxAWiFqG04ObQAtV49ahvODXSoHdVqN2Mr 
zhV0GdqMiwtyEvHSClQtaktOomERWbgJKF+Qk8ws4upHDVpRm3JaH0Xm2r3TuqjQOw2PLgQJkxu5 
CSZ7EZlqx+68iIT+5BYap92bLaeh9iRwCCLibe0mDCLiu5P/01lEZHIjMzOPbv1nxX5ihqXFPH6N 
as9voeh7s/t6k4hMlfrKmrxqz5CMiyLLeHITGi8Sx0I0X6G/qCSvJ6ve6U3YxeIgM15k1u6gKsmr 
WdUb4kFs117dLFH1m6okr3ZVz4n4fbOJPc5v1XKaTvJqWPVGkUPW/CUfCbhOWjM6yeupJtSJyknX 
syJ/zNFTZ7yzSKy/XGCRqFT1upgsVL1I5meLxsjolgYjnazaSDezTJR0TpH/TPJ7AXXoiTI0m0zn 
TNIpmahVji40SzIxeS5q1vX6v0mDyqI3m77IHN6lQ9ht9z+SOIvebKnZCvPc1G1FjvnD/N44k77Y 
S1SsGcWZoGFmZq3yX0rdj6I6J+KOf+cO8/ebzpnpnkF0u0++PgwuinPOz0q3mvKp+3HUTGme0x0l 
8ZMzpNlzalIf1rBmCVqZJpu6H0Tl9EGIlZjt5B/ykevpJv31GvWBt1lGELXqn0ndj6K6tCeO6Vjf 
fjX/CGqWCtU3qQ9u+0KKnJnU/ShqkMyP+pc4S/wa9eHrE4S4DaVZOer8StRM6oxCL3GyhBqaHHaF 
cEtic9Bdi7LfLV4eRM2kTirlwhInVUieNMwi8aa+s3jm3nndWUV/mFU8ippJncXOVuSM2g/gzbiI 
LLvJiZOBmWfNbQwmnX0+irqlTnZuvGmBFzlVq0FhbbQmMbN9JHt+9t7ufppy1MFNx6XTmgv6iWjw 
d8b/I07Fm5Pr07ckwJbEJBARO3/2+FgnncO9qK4j8jNlplELE1G0b8jZF26ZbR+83z4Sn8u5Lon4 
ftTYE9n9JGidRhmxRBTG7w92rpW8DvM/J47InMx5rHqFqFNHZPYL7Fm+2ja49ypF2eR1mP85cWTG 
MzkzVa8YlWi4uf1jQxAJ/sj5HhOlQvK6+eCOiLrojDuxd967I5hGJbt02cnnjvMNpvGl5JV+x3E0 
p+XOQtUrRjVTfkYjTESfdxjaLzK5lLzKf3BO1JceFBlnyObwp4HIfKaB9rdAGnI+P4PuJmZ2OU4T 
evu1cLKFXFjg1LhBx9OTg33LeJM4V3GwbzlRRArNyGxuuxu/wKlz+/heKaq8APvby+VHe4FT6+HG 
3YlSzdsDf91G6aO3Mqfmo7dGmxfmV1P3w+4ZnuZcVJ+89W12xb+Uuh/3+JjLnllOxW0L36kP75m6 
M5tq8px6m2qU60PV1G3mTDXKcKpt+VKvD3VTd2ZDYo5TaUNijfpQN3Wn22UznE55e3xaH6qfGe58 
Zt/gN64x+ezJikptM3d57NU/4jqcdLA2OWqQrExrdpZGZw/G83YkDzFX3z9HwVxxpNsmZw9OnlK0 
Pqa1y5oXOC5spsaHCIkudVy4+RHXM5PXW9wsOB7ADhUPYF/puPDXl2r0eoBLHRfeN1j9l1c0OghT 
sepVfLXKxY4Lt+Xs4rUOETbmvNwR17acTQ9gm8txnn/y7MmoVV+KU/ctX5evRrVfmtbw0HCNh1P1 
30FnfXGjhfZM/pqvkrauRVTj8KLzc6OCE5zgBCc4wQlOcIITnOAEJzjBCU5wghOc4AQnOMEJTnCC 
E5zgBCc4wQlOcIITnOAEJzjBCU5wghOc4AQnOMEJTnCCE5zgBCc4wQlOcIITnOAEJzjBCU5wghOc 
4PwpnFF+0PUS5//hG6g0iQoOSgAAAABJRU5ErkJggg== 
"></p>]]></text>
  </answer>
  <answer fraction="0" format="html">
    <text><![CDATA[<p>toast</p>]]></text>
    <feedback format="html"><text><![CDATA[<p><IMG SRC="data:image/png;base64,iVBORw0KGgoAAAANSUhEUgAAAU4AAACyCAMAAAAaqtaNAAAARVBMVEX///8AAAAAAAAAAAAAAAAA 
AAAAAAAAAAAAAAAAAAAAAAAAAAAAAAAAAAAAAAAAAAAAAAAAAAAAAAAAAAAAAAAAAAAAAAAeYafp 
AAAAFnRSTlMAESIzRFVmd4iZp6q0u8zN3d/u7/D4LAU1xAAABehJREFUeNrt3F13pCgQBuACS4W4 
OC47U///p+6FnqQV6I+MBX3M693kJFPdD1AFChJ945KfdDFpX0ItrkZRwQlOcIITnOAEJzjBCU5w 
ghOc4AQnOMEJTnCCE5zgBCc4wQlOcIITnOAEJzjBCU5wghOc4AQnOMEJTnCCE5zgBCc4wQlOcIIT 
nOAEJzjBCU5wghOc4AQnOMEJTnCCUzWqMy2i/mMvyimxAWiFqG04ObQAtV49ahvODXSoHdVqN2Mr 
zhV0GdqMiwtyEvHSClQtaktOomERWbgJKF+Qk8ws4upHDVpRm3JaH0Xm2r3TuqjQOw2PLgQJkxu5 
CSZ7EZlqx+68iIT+5BYap92bLaeh9iRwCCLibe0mDCLiu5P/01lEZHIjMzOPbv1nxX5ihqXFPH6N 
as9voeh7s/t6k4hMlfrKmrxqz5CMiyLLeHITGi8Sx0I0X6G/qCSvJ6ve6U3YxeIgM15k1u6gKsmr 
WdUb4kFs117dLFH1m6okr3ZVz4n4fbOJPc5v1XKaTvJqWPVGkUPW/CUfCbhOWjM6yeupJtSJyknX 
syJ/zNFTZ7yzSKy/XGCRqFT1upgsVL1I5meLxsjolgYjnazaSDezTJR0TpH/TPJ7AXXoiTI0m0zn 
TNIpmahVji40SzIxeS5q1vX6v0mDyqI3m77IHN6lQ9ht9z+SOIvebKnZCvPc1G1FjvnD/N44k77Y 
S1SsGcWZoGFmZq3yX0rdj6I6J+KOf+cO8/ebzpnpnkF0u0++PgwuinPOz0q3mvKp+3HUTGme0x0l 
8ZMzpNlzalIf1rBmCVqZJpu6H0Tl9EGIlZjt5B/ykevpJv31GvWBt1lGELXqn0ndj6K6tCeO6Vjf 
fjX/CGqWCtU3qQ9u+0KKnJnU/ShqkMyP+pc4S/wa9eHrE4S4DaVZOer8StRM6oxCL3GyhBqaHHaF 
cEtic9Bdi7LfLV4eRM2kTirlwhInVUieNMwi8aa+s3jm3nndWUV/mFU8ippJncXOVuSM2g/gzbiI 
LLvJiZOBmWfNbQwmnX0+irqlTnZuvGmBFzlVq0FhbbQmMbN9JHt+9t7ufppy1MFNx6XTmgv6iWjw 
d8b/I07Fm5Pr07ckwJbEJBARO3/2+FgnncO9qK4j8jNlplELE1G0b8jZF26ZbR+83z4Sn8u5Lon4 
ftTYE9n9JGidRhmxRBTG7w92rpW8DvM/J47InMx5rHqFqFNHZPYL7Fm+2ja49ypF2eR1mP85cWTG 
MzkzVa8YlWi4uf1jQxAJ/sj5HhOlQvK6+eCOiLrojDuxd967I5hGJbt02cnnjvMNpvGl5JV+x3E0 
p+XOQtUrRjVTfkYjTESfdxjaLzK5lLzKf3BO1JceFBlnyObwp4HIfKaB9rdAGnI+P4PuJmZ2OU4T 
evu1cLKFXFjg1LhBx9OTg33LeJM4V3GwbzlRRArNyGxuuxu/wKlz+/heKaq8APvby+VHe4FT6+HG 
3YlSzdsDf91G6aO3Mqfmo7dGmxfmV1P3w+4ZnuZcVJ+89W12xb+Uuh/3+JjLnllOxW0L36kP75m6 
M5tq8px6m2qU60PV1G3mTDXKcKpt+VKvD3VTd2ZDYo5TaUNijfpQN3Wn22UznE55e3xaH6qfGe58 
Zt/gN64x+ezJikptM3d57NU/4jqcdLA2OWqQrExrdpZGZw/G83YkDzFX3z9HwVxxpNsmZw9OnlK0 
Pqa1y5oXOC5spsaHCIkudVy4+RHXM5PXW9wsOB7ADhUPYF/puPDXl2r0eoBLHRfeN1j9l1c0OghT 
sepVfLXKxY4Lt+Xs4rUOETbmvNwR17acTQ9gm8txnn/y7MmoVV+KU/ctX5evRrVfmtbw0HCNh1P1 
30FnfXGjhfZM/pqvkrauRVTj8KLzc6OCE5zgBCc4wQlOcIITnOAEJzjBCU5wghOc4AQnOMEJTnCC 
E5zgBCc4wQlOcIITnOAEJzjBCU5wghOc4AQnOMEJTnCCE5zgBCc4wQlOcIITnOAEJzjBCU5wghOc 
4PwpnFF+0PUS5//hG6g0iQoOSgAAAABJRU5ErkJggg== 
"></p>]]></text></feedback>
  </answer>
</question>
 
</quiz>
