<?xml version="1.0" encoding="UTF-8"?>

<quiz>
 
<question type="category">
  <category>
    <text>$course$/top/French Issues</text>
  </category>
</question>
 
<question type="multichoice">
  <name format="html">
    <text><![CDATA[Test french]]></text>
  </name>
  <questiontext format="html">
    <text><![CDATA[<p> <SPAN STYLE=&#34;text-decoration: underline;&#34;>Pangramme</SPAN> conçu par Gilles <SPAN STYLE=&#34;font-variant: small-caps;&#34;>Esposito-Farèse</SPAN>:</p>]]></text>
  </questiontext>
  <defaultgrade>1</defaultgrade>
  <generalfeedback format="html">
    <text><![CDATA[<p>test</p>]]></text>
  </generalfeedback>
  <penalty>0.10</penalty>
  <hidden>0</hidden>
  <single>true</single>
  <shuffleanswers>1</shuffleanswers>
  <answernumbering>abc</answernumbering>
  <answer fraction="100" format="html">
    <text><![CDATA[<p>Dès Noël où un zéphyr haï me vêt de glaçons würmiens je dîne d’exquis rôtis de bœuf au kir à l’aÿ d’âge mûr & cætera&#8239;!</p>]]></text>
    <feedback format="html"><text><![CDATA[<p>cité dans &laquo;&#8239;<EM><A href=&#34;https://jacques-andre.fr/faqtypo/lessons.pdf&#34;>Petites leçons de typographie</A></EM>&#8239;&raquo; de Jacques <SPAN STYLE=&#34;font-variant: small-caps;&#34;>André</SPAN>.</p>]]></text></feedback>
  </answer>
  <answer fraction="0" format="html">
    <text><![CDATA[<p>Portez ce vieux whisky au juge blond qui fume.</p>]]></text>
  </answer>
</question>
 
</quiz>
