<?xml version="1.0" encoding="UTF-8"?>

<quiz>
 
<question type="category">
  <category>
    <text>$course$/top/Includegraphics with TikZ</text>
  </category>
</question>
 
<question type="multichoice">
  <name format="html">
    <text><![CDATA[Picture]]></text>
  </name>
  <questiontext format="html">
    <text><![CDATA[<p><IMG SRC="data:image/svg+xml;base64,PD94bWwgdmVyc2lvbj0iMS4wIiBlbmNvZGluZz0iVVRGLTgiPz4KPHN2ZyB3aWR0aD0iNDIuNTEx 
IiBoZWlnaHQ9IjI2LjU2NyIgdmVyc2lvbj0iMS4xIiB2aWV3Qm94PSIwIDAgNDIuNTExIDI2LjU2 
NyIgeG1sOnNwYWNlPSJwcmVzZXJ2ZSIgeG1sbnM9Imh0dHA6Ly93d3cudzMub3JnLzIwMDAvc3Zn 
IiB4bWxuczp4bGluaz0iaHR0cDovL3d3dy53My5vcmcvMTk5OS94bGluayI+PGRlZnM+PG1hc2sg 
aWQ9ImEiIHg9IjAiIHk9IjAiIHdpZHRoPSIxIiBoZWlnaHQ9IjEiIG1hc2tVbml0cz0idXNlclNw 
YWNlT25Vc2UiPjxpbWFnZSB3aWR0aD0iMSIgaGVpZ2h0PSIxIiBpbWFnZS1yZW5kZXJpbmc9Im9w 
dGltaXplU3BlZWQiIHByZXNlcnZlQXNwZWN0UmF0aW89Im5vbmUiIHhsaW5rOmhyZWY9ImRhdGE6 
aW1hZ2UvcG5nO2Jhc2U2NCxpVkJPUncwS0dnb0FBQUFOU1VoRVVnQUFBQW9BQUFBUUNBQUFBQUFL 
RkxHY0FBQUFBWE5DU1ZRSTVncGJtUUFBQUVCSlJFRlVDSmxqQ0c3Wit1ei9meThHQmdhRy8vLy8v 
NGN3V1paZE9ILytFUmNEREh6OTc4WEF3TUFFNTlPRHlkanB6TUJneUhUbkl3TUR3K3IvTUFBQUdh 
d2R4Rjl4QWJZQUFBQUFTVVZPUks1Q1lJST0iLz48L21hc2s+PC9kZWZzPjxnIHRyYW5zZm9ybT0i 
bWF0cml4KDEuMzMzMyAwIDAgLTEuMzMzMyAwIDI2LjU2NykiPjxnIHRyYW5zZm9ybT0idHJhbnNs 
YXRlKDE1Ljk0Miw5Ljk2MykiPjxnIHRyYW5zZm9ybT0idHJhbnNsYXRlKC0xNS45NDIsLTkuOTYz 
KSI+PGcgdHJhbnNmb3JtPSJ0cmFuc2xhdGUoMzEuODgzKSI+PGcgdHJhbnNmb3JtPSJyb3RhdGUo 
OTApIj48ZyB0cmFuc2Zvcm09InNjYWxlKDIuNDkwOSkiPjxnIHRyYW5zZm9ybT0ic2NhbGUoOCwx 
Mi44KSI+PGltYWdlIHRyYW5zZm9ybT0ibWF0cml4KDEsMCwwLC0xLDAsMSkiIHdpZHRoPSIxIiBo 
ZWlnaHQ9IjEiIGltYWdlLXJlbmRlcmluZz0ib3B0aW1pemVTcGVlZCIgbWFzaz0idXJsKCNhKSIg 
cHJlc2VydmVBc3BlY3RSYXRpbz0ibm9uZSIgeGxpbms6aHJlZj0iZGF0YTppbWFnZS9wbmc7YmFz 
ZTY0LGlWQk9SdzBLR2dvQUFBQU5TVWhFVWdBQUFBb0FBQUFRQ0FZQUFBQXZmKzVBQUFBQUJITkNT 
VlFJQ0FnSWZBaGtpQUFBQUJwSlJFRlVLSkZqWkdCZytNOUFCR0FpUnRHb3dsR0ZsQ2tFQUxVaUFS 
OUNRa1gyQUFBQUFFbEZUa1N1UW1DQyIvPjwvZz48L2c+PC9nPjwvZz48L2c+PC9nPjwvZz48L3N2 
Zz4K 
"> </p>]]></text>
  </questiontext>
  <defaultgrade>1.0</defaultgrade>
  <generalfeedback format="html"><text/></generalfeedback>
  <penalty>0.10</penalty>
  <hidden>0</hidden>
  <single>true</single>
  <shuffleanswers>1</shuffleanswers>
  <answernumbering>abc</answernumbering>
  <answer fraction="100" format="html">
    <text><![CDATA[<p><IMG SRC="data:image/svg+xml;base64,PD94bWwgdmVyc2lvbj0iMS4wIiBlbmNvZGluZz0iVVRGLTgiPz4KPHN2ZyB3aWR0aD0iNS42MzA3 
IiBoZWlnaHQ9IjguNjg5MyIgdmVyc2lvbj0iMS4xIiB2aWV3Qm94PSIwIDAgNS42MzA3IDguNjg5 
MyIgeG1sOnNwYWNlPSJwcmVzZXJ2ZSIgeG1sbnM9Imh0dHA6Ly93d3cudzMub3JnLzIwMDAvc3Zn 
Ij48ZGVmcz48Y2xpcFBhdGggaWQ9ImEiPjxwYXRoIGQ9Im0wIDBoOC40NDYzdjEzLjAzNGgtOC40 
NDYzeiIvPjwvY2xpcFBhdGg+PC9kZWZzPjxnIHRyYW5zZm9ybT0ibWF0cml4KDEuMzMzMyAwIDAg 
LTEuMzMzMyAwIDguNjg5MykiPjxnIHRyYW5zZm9ybT0idHJhbnNsYXRlKDIuMTEyLDMuMjU5KSI+ 
PGcgdHJhbnNmb3JtPSJ0cmFuc2xhdGUoLTIuMTEyLC0zLjI1OSkiPjxnIHRyYW5zZm9ybT0ic2Nh 
bGUoLjUpIj48ZyBjbGlwLXBhdGg9InVybCgjYSkiPjxnIHRyYW5zZm9ybT0ibWF0cml4KDEgMCAw 
IC0xIDAgMTMuMDM0KSI+PHRleHQgdHJhbnNmb3JtPSJ0cmFuc2xhdGUoLS44Nzg5MSAxMy4wMzQp 
IiBmaWxsPSIjMDAwMDAwIiBmb250LWZhbWlseT0iJ09wZW4gU2FucyciIGZvbnQtc2l6ZT0iMThw 
eCI+PHRzcGFuIHg9IjAiIHk9IjAiPjI8L3RzcGFuPjwvdGV4dD48L2c+PC9nPjwvZz48L2c+PC9n 
PjwvZz48L3N2Zz4K 
"></p>]]></text>
  </answer>
  <answer fraction="0" format="html">
    <text><![CDATA[<p><IMG SRC="data:image/svg+xml;base64,PD94bWwgdmVyc2lvbj0iMS4wIiBlbmNvZGluZz0iVVRGLTgiPz4KPHN2ZyB3aWR0aD0iMTQuNjY3 
IiBoZWlnaHQ9IjIyLjY2NyIgdmVyc2lvbj0iMS4xIiB2aWV3Qm94PSIwIDAgMTQuNjY3IDIyLjY2 
NyIgeG1sOnNwYWNlPSJwcmVzZXJ2ZSIgeG1sbnM9Imh0dHA6Ly93d3cudzMub3JnLzIwMDAvc3Zn 
IiB4bWxuczp4bGluaz0iaHR0cDovL3d3dy53My5vcmcvMTk5OS94bGluayI+PGRlZnM+PG1hc2sg 
aWQ9ImEiIHg9IjAiIHk9IjAiIHdpZHRoPSIxIiBoZWlnaHQ9IjEiIG1hc2tVbml0cz0idXNlclNw 
YWNlT25Vc2UiPjxpbWFnZSB3aWR0aD0iMSIgaGVpZ2h0PSIxIiBpbWFnZS1yZW5kZXJpbmc9Im9w 
dGltaXplU3BlZWQiIHByZXNlcnZlQXNwZWN0UmF0aW89Im5vbmUiIHhsaW5rOmhyZWY9ImRhdGE6 
aW1hZ2UvcG5nO2Jhc2U2NCxpVkJPUncwS0dnb0FBQUFOU1VoRVVnQUFBQXNBQUFBUkNBQUFBQUF1 
aWdrSEFBQUFBWE5DU1ZRSTVncGJtUUFBQURoSlJFRlVDSmwxampFS0FDQVF3eEx4LzErdWc1Nklj 
SjB5cEtXR0hjRk5BWXNKK0RDREd6OC9aK1k2b2Q4czUvVnB1MkQ5UkdiVFhaRGVEQnExSkJpeEFB 
QUFBRWxGVGtTdVFtQ0MiLz48L21hc2s+PC9kZWZzPjxnIHRyYW5zZm9ybT0ibWF0cml4KDEuMzMz 
MyAwIDAgLTEuMzMzMyAwIDIyLjY2NykiPjxnIHRyYW5zZm9ybT0idHJhbnNsYXRlKDUuNSw4LjUp 
Ij48ZyB0cmFuc2Zvcm09InRyYW5zbGF0ZSgtNS41LC04LjUpIj48ZyB0cmFuc2Zvcm09InNjYWxl 
KDExLDE3KSI+PGltYWdlIHRyYW5zZm9ybT0ibWF0cml4KDEsMCwwLC0xLDAsMSkiIHdpZHRoPSIx 
IiBoZWlnaHQ9IjEiIGltYWdlLXJlbmRlcmluZz0ib3B0aW1pemVTcGVlZCIgbWFzaz0idXJsKCNh 
KSIgcHJlc2VydmVBc3BlY3RSYXRpbz0ibm9uZSIgeGxpbms6aHJlZj0iZGF0YTppbWFnZS9wbmc7 
YmFzZTY0LGlWQk9SdzBLR2dvQUFBQU5TVWhFVWdBQUFBc0FBQUFSQ0FZQUFBQUw0VmJiQUFBQUJI 
TkNTVlFJQ0FnSWZBaGtpQUFBQUZoSlJFRlVLSkhGa3NFT3dDQUlROXRsLy8vTDlUSXpneFh4NUxz 
UkNsU0VBSVFFNlU5VFl6UkFjaXA0U2gyL3dxWFlUU3FMSmEzRnp2UHJrbEhVU1czRUJwZFdkK1E1 
Y3ZUQTBwNTdUR3l1RGpDZmtvbTJOaHdOWDdFckdXNWlRWVVBQUFBQVNVVk9SSzVDWUlJPSIvPjwv 
Zz48L2c+PC9nPjwvZz48L3N2Zz4K 
"></p>]]></text>
  </answer>
</question>
<question type="ddmatch">
  <name format="html">
    <text><![CDATA[Picture]]></text>
  </name>
  <questiontext format="html">
    <text><![CDATA[<p><IMG SRC="data:image/svg+xml;base64,PD94bWwgdmVyc2lvbj0iMS4wIiBlbmNvZGluZz0iVVRGLTgiPz4KPHN2ZyB3aWR0aD0iMTAuNjY3 
IiBoZWlnaHQ9IjE3LjA2NyIgdmVyc2lvbj0iMS4xIiB2aWV3Qm94PSIwIDAgMTAuNjY3IDE3LjA2 
NyIgeG1sOnNwYWNlPSJwcmVzZXJ2ZSIgeG1sbnM9Imh0dHA6Ly93d3cudzMub3JnLzIwMDAvc3Zn 
IiB4bWxuczp4bGluaz0iaHR0cDovL3d3dy53My5vcmcvMTk5OS94bGluayI+PGRlZnM+PG1hc2sg 
aWQ9ImEiIHg9IjAiIHk9IjAiIHdpZHRoPSIxIiBoZWlnaHQ9IjEiIG1hc2tVbml0cz0idXNlclNw 
YWNlT25Vc2UiPjxpbWFnZSB3aWR0aD0iMSIgaGVpZ2h0PSIxIiBpbWFnZS1yZW5kZXJpbmc9Im9w 
dGltaXplU3BlZWQiIHByZXNlcnZlQXNwZWN0UmF0aW89Im5vbmUiIHhsaW5rOmhyZWY9ImRhdGE6 
aW1hZ2UvcG5nO2Jhc2U2NCxpVkJPUncwS0dnb0FBQUFOU1VoRVVnQUFBQW9BQUFBUUNBQUFBQUFL 
RkxHY0FBQUFBWE5DU1ZRSTVncGJtUUFBQUVCSlJFRlVDSmxqQ0c3Wit1ei9meThHQmdhRy8vLy8v 
NGN3V1paZE9ILytFUmNEREh6OTc4WEF3TUFFNTlPRHlkanB6TUJneUhUbkl3TUR3K3IvTUFBQUdh 
d2R4Rjl4QWJZQUFBQUFTVVZPUks1Q1lJST0iLz48L21hc2s+PC9kZWZzPjxnIHRyYW5zZm9ybT0i 
bWF0cml4KDEuMzMzMyAwIDAgLTEuMzMzMyAwIDE3LjA2NykiPjxnIHRyYW5zZm9ybT0idHJhbnNs 
YXRlKDQsNi40KSI+PGcgdHJhbnNmb3JtPSJ0cmFuc2xhdGUoLTQsLTYuNCkiPjxnIHRyYW5zZm9y 
bT0ic2NhbGUoOCwxMi44KSI+PGltYWdlIHRyYW5zZm9ybT0ibWF0cml4KDEsMCwwLC0xLDAsMSki 
IHdpZHRoPSIxIiBoZWlnaHQ9IjEiIGltYWdlLXJlbmRlcmluZz0ib3B0aW1pemVTcGVlZCIgbWFz 
az0idXJsKCNhKSIgcHJlc2VydmVBc3BlY3RSYXRpbz0ibm9uZSIgeGxpbms6aHJlZj0iZGF0YTpp 
bWFnZS9wbmc7YmFzZTY0LGlWQk9SdzBLR2dvQUFBQU5TVWhFVWdBQUFBb0FBQUFRQ0FZQUFBQXZm 
KzVBQUFBQUJITkNTVlFJQ0FnSWZBaGtpQUFBQUJwSlJFRlVLSkZqWkdCZytNOUFCR0FpUnRHb3ds 
R0ZsQ2tFQUxVaUFSOUNRa1gyQUFBQUFFbEZUa1N1UW1DQyIvPjwvZz48L2c+PC9nPjwvZz48L3N2 
Zz4K 
"> </p>]]></text>
  </questiontext>
  <defaultgrade>1.0</defaultgrade>
  <generalfeedback format="html"><text/></generalfeedback>
  <penalty>0.10</penalty>
  <hidden>0</hidden>
  <shuffleanswers>1</shuffleanswers>
  <subquestion format="html">
    <text><![CDATA[<p><IMG SRC="data:image/svg+xml;base64,PD94bWwgdmVyc2lvbj0iMS4wIiBlbmNvZGluZz0iVVRGLTgiPz4KPHN2ZyB3aWR0aD0iMjAuMjUy 
IiBoZWlnaHQ9IjIwLjI1MiIgdmVyc2lvbj0iMS4xIiB2aWV3Qm94PSIwIDAgMjAuMjUyIDIwLjI1 
MiIgeG1sOnNwYWNlPSJwcmVzZXJ2ZSIgeG1sbnM9Imh0dHA6Ly93d3cudzMub3JnLzIwMDAvc3Zn 
Ij48ZGVmcz48Y2xpcFBhdGggaWQ9ImEiPjxwYXRoIGQ9Im0wIDBoOC40NDYzdjEzLjAzNGgtOC40 
NDYzeiIvPjwvY2xpcFBhdGg+PC9kZWZzPjxnIHRyYW5zZm9ybT0ibWF0cml4KDEuMzMzMyAwIDAg 
LTEuMzMzMyAwIDIwLjI1MikiPjxnIHRyYW5zZm9ybT0idHJhbnNsYXRlKDcuNTk0LDcuNTk0KSI+ 
PGcgdHJhbnNmb3JtPSJ0cmFuc2xhdGUoLTcuNTk0LC03LjU5NCkiPjxnIHRyYW5zZm9ybT0idHJh 
bnNsYXRlKDkuMjE2KSI+PGcgdHJhbnNmb3JtPSJtYXRyaXgoLjcwNzA5IC43MDcwOSAtLjcwNzA5 
IC43MDcwOSAwIDApIj48ZyBjbGlwLXBhdGg9InVybCgjYSkiPjxnIHRyYW5zZm9ybT0ibWF0cml4 
KDEgMCAwIC0xIDAgMTMuMDM0KSI+PHRleHQgdHJhbnNmb3JtPSJ0cmFuc2xhdGUoLS44Nzg5MSAx 
My4wMzQpIiBmaWxsPSIjMDAwMDAwIiBmb250LWZhbWlseT0iJ09wZW4gU2FucyciIGZvbnQtc2l6 
ZT0iMThweCI+PHRzcGFuIHg9IjAiIHk9IjAiPjI8L3RzcGFuPjwvdGV4dD48L2c+PC9nPjwvZz48 
L2c+PC9nPjwvZz48L2c+PC9zdmc+Cg== 
"></p>]]></text>
    <answer format="html"><text><![CDATA[<p><IMG SRC="data:image/svg+xml;base64,PD94bWwgdmVyc2lvbj0iMS4wIiBlbmNvZGluZz0iVVRGLTgiPz4KPHN2ZyB3aWR0aD0iMTQuNjY3 
IiBoZWlnaHQ9IjIyLjY2NyIgdmVyc2lvbj0iMS4xIiB2aWV3Qm94PSIwIDAgMTQuNjY3IDIyLjY2 
NyIgeG1sOnNwYWNlPSJwcmVzZXJ2ZSIgeG1sbnM9Imh0dHA6Ly93d3cudzMub3JnLzIwMDAvc3Zn 
IiB4bWxuczp4bGluaz0iaHR0cDovL3d3dy53My5vcmcvMTk5OS94bGluayI+PGRlZnM+PG1hc2sg 
aWQ9ImEiIHg9IjAiIHk9IjAiIHdpZHRoPSIxIiBoZWlnaHQ9IjEiIG1hc2tVbml0cz0idXNlclNw 
YWNlT25Vc2UiPjxpbWFnZSB3aWR0aD0iMSIgaGVpZ2h0PSIxIiBpbWFnZS1yZW5kZXJpbmc9Im9w 
dGltaXplU3BlZWQiIHByZXNlcnZlQXNwZWN0UmF0aW89Im5vbmUiIHhsaW5rOmhyZWY9ImRhdGE6 
aW1hZ2UvcG5nO2Jhc2U2NCxpVkJPUncwS0dnb0FBQUFOU1VoRVVnQUFBQXNBQUFBUkNBQUFBQUF1 
aWdrSEFBQUFBWE5DU1ZRSTVncGJtUUFBQURoSlJFRlVDSmwxampFS0FDQVF3eEx4LzErdWc1Nklj 
SjB5cEtXR0hjRk5BWXNKK0RDREd6OC9aK1k2b2Q4czUvVnB1MkQ5UkdiVFhaRGVEQnExSkJpeEFB 
QUFBRWxGVGtTdVFtQ0MiLz48L21hc2s+PC9kZWZzPjxnIHRyYW5zZm9ybT0ibWF0cml4KDEuMzMz 
MyAwIDAgLTEuMzMzMyAwIDIyLjY2NykiPjxnIHRyYW5zZm9ybT0idHJhbnNsYXRlKDUuNSw4LjUp 
Ij48ZyB0cmFuc2Zvcm09InRyYW5zbGF0ZSgtNS41LC04LjUpIj48ZyB0cmFuc2Zvcm09InNjYWxl 
KDExLDE3KSI+PGltYWdlIHRyYW5zZm9ybT0ibWF0cml4KDEsMCwwLC0xLDAsMSkiIHdpZHRoPSIx 
IiBoZWlnaHQ9IjEiIGltYWdlLXJlbmRlcmluZz0ib3B0aW1pemVTcGVlZCIgbWFzaz0idXJsKCNh 
KSIgcHJlc2VydmVBc3BlY3RSYXRpbz0ibm9uZSIgeGxpbms6aHJlZj0iZGF0YTppbWFnZS9wbmc7 
YmFzZTY0LGlWQk9SdzBLR2dvQUFBQU5TVWhFVWdBQUFBc0FBQUFSQ0FZQUFBQUw0VmJiQUFBQUJI 
TkNTVlFJQ0FnSWZBaGtpQUFBQUZoSlJFRlVLSkhGa3NFT3dDQUlROXRsLy8vTDlUSXpneFh4NUxz 
UkNsU0VBSVFFNlU5VFl6UkFjaXA0U2gyL3dxWFlUU3FMSmEzRnp2UHJrbEhVU1czRUJwZFdkK1E1 
Y3ZUQTBwNTdUR3l1RGpDZmtvbTJOaHdOWDdFckdXNWlRWVVBQUFBQVNVVk9SSzVDWUlJPSIvPjwv 
Zz48L2c+PC9nPjwvZz48L3N2Zz4K 
"> </p>]]></text></answer>
  </subquestion>
  <subquestion format="html">
    <text><![CDATA[<p><IMG SRC="data:image/svg+xml;base64,PD94bWwgdmVyc2lvbj0iMS4wIiBlbmNvZGluZz0iVVRGLTgiPz4KPHN2ZyB3aWR0aD0iMjEuNTk5 
IiBoZWlnaHQ9IjIxLjU5OSIgdmVyc2lvbj0iMS4xIiB2aWV3Qm94PSIwIDAgMjEuNTk5IDIxLjU5 
OSIgeG1sOnNwYWNlPSJwcmVzZXJ2ZSIgeG1sbnM9Imh0dHA6Ly93d3cudzMub3JnLzIwMDAvc3Zn 
IiB4bWxuczp4bGluaz0iaHR0cDovL3d3dy53My5vcmcvMTk5OS94bGluayI+PGcgdHJhbnNmb3Jt 
PSJtYXRyaXgoMS4zMzMzIDAgMCAtMS4zMzMzIDAgMjEuNTk5KSI+PGcgdHJhbnNmb3JtPSJ0cmFu 
c2xhdGUoOC4wOTksOC4wOTkpIj48ZyB0cmFuc2Zvcm09InRyYW5zbGF0ZSgtOC4wOTksLTEuMTU3 
KSI+PGcgdHJhbnNmb3JtPSJtYXRyaXgoLjcwNzA5IC0uNzA3MDkgLjcwNzA5IC43MDcwOSAwIDAp 
Ij48ZyB0cmFuc2Zvcm09InNjYWxlKDkuODE4MiAxMy4wOTEpIj48aW1hZ2UgdHJhbnNmb3JtPSJt 
YXRyaXgoMSwwLDAsLTEsMCwxKSIgd2lkdGg9IjEiIGhlaWdodD0iMSIgaW1hZ2UtcmVuZGVyaW5n 
PSJvcHRpbWl6ZVNwZWVkIiBwcmVzZXJ2ZUFzcGVjdFJhdGlvPSJub25lIiB4bGluazpocmVmPSJk 
YXRhOmltYWdlL3BuZztiYXNlNjQsaVZCT1J3MEtHZ29BQUFBTlNVaEVVZ0FBQUF3QUFBQVFDQVlB 
QUFBaVlaNEhBQUFBQkhOQ1NWUUlDQWdJZkFoa2lBQUFBZEJKUkVGVUtKRmxrcnRLTTNFVXhILy8y 
OHF5eENMWjJrcXdDVlkrVFhyQklwV1BZY2oxQmZJRXRqYm1CYngwNlZJb2dnWWpTQW9OdSt5Nk94 
YVN3UGRsMm5QbXpEQnprS1R2NzI5dFVSU0ZKR2sybXdrUW9PbDB1cHRiZ0NSSnlMS01uNThmUWdp 
OHY3L1Q3WFpwTkJyOEQxdFZGV1ZaY25Cd2dER0dxcW9ZREFZY0h4OHpIQTczQ040NXgzcTlwdFZx 
WWEzbDl2YVdYcS9IZkQ1bnNWanNLeFJGUVpxbVNPTGo0NE9MaXdzbWt3bnRkcHM0anZjSklRU0tv 
a0FTVjFkWG5KeWMwT2wwa01SbXM5bTNKSWtvaXJpNXVhSGY3L1B3OEVDcjFTTFBjNklvMmxldzF2 
TDA5RVMzMjZYWDYzRjJka1pkMTRRUXNOYnVFeVF4SG85SjA1VHo4M1BxdXNaYWk2VGRVZ2lCdXE0 
cHl4Si9mWDNOWkRMaDhmR1J3OE5EakRFQWxHV0p0UlpqREhtZVk2M0ZXb3Uvdkx6azlQU1V4V0xC 
OC9NeldaYnRPcm03dThON3ovMzlQVkVVNFp5RGJmM2VlOFZ4TEdPTWpESHkzaXVFSUVCSmtzaDcv 
L2NxWDE5ZmVubDUwZWZucDk3ZTNyUmNMdlg2K3FyVmFxWHBkQ3JubkVhamtaYkxwVmFybFh3Y3h4 
d2RIZjNqMnpsSGxtVTBtMDBrMFdnMFNOUDBMN2s4endGMlVUcm5LTXVTT0k2cHFvcTZybkhPRVVK 
QUVqWkpFdkk4MzhXNGpYV0w3UUZKR0dQNEJhTGhDSGFvckgxYkFBQUFBRWxGVGtTdVFtQ0MiLz48 
L2c+PC9nPjwvZz48L2c+PC9nPjwvc3ZnPgo= 
"></p>]]></text>
    <answer format="html"><text><![CDATA[<p><IMG SRC="data:image/svg+xml;base64,PD94bWwgdmVyc2lvbj0iMS4wIiBlbmNvZGluZz0iVVRGLTgiPz4KPHN2ZyB3aWR0aD0iMTIiIGhl 
aWdodD0iMTguNTQ1IiB2ZXJzaW9uPSIxLjEiIHZpZXdCb3g9IjAgMCAxMiAxOC41NDUiIHhtbDpz 
cGFjZT0icHJlc2VydmUiIHhtbG5zPSJodHRwOi8vd3d3LnczLm9yZy8yMDAwL3N2ZyIgeG1sbnM6 
eGxpbms9Imh0dHA6Ly93d3cudzMub3JnLzE5OTkveGxpbmsiPjxnIHRyYW5zZm9ybT0ibWF0cml4 
KDEuMzMzMyAwIDAgLTEuMzMzMyAwIDE4LjU0NSkiPjxnIHRyYW5zZm9ybT0idHJhbnNsYXRlKDQu 
NSw2Ljk1NSkiPjxnIHRyYW5zZm9ybT0idHJhbnNsYXRlKC00LjUsLTYuOTU1KSI+PGcgdHJhbnNm 
b3JtPSJzY2FsZSg5IDEzLjkwOSkiPjxpbWFnZSB0cmFuc2Zvcm09Im1hdHJpeCgxLDAsMCwtMSww 
LDEpIiB3aWR0aD0iMSIgaGVpZ2h0PSIxIiBpbWFnZS1yZW5kZXJpbmc9Im9wdGltaXplU3BlZWQi 
IHByZXNlcnZlQXNwZWN0UmF0aW89Im5vbmUiIHhsaW5rOmhyZWY9ImRhdGE6aW1hZ2UvcG5nO2Jh 
c2U2NCxpVkJPUncwS0dnb0FBQUFOU1VoRVVnQUFBQXNBQUFBUkNBWUFBQUFMNFZiYkFBQUFCSE5D 
U1ZRSUNBZ0lmQWhraUFBQUFkMUpSRUZVS0pGOWtMMUtiRXNVaEwvVmJXOVFFeU1ETVREVnlNQkla 
Ukl4TVRZUVgwSk1ESDBDOVNrbUYzTnp3Ujh3R0VSTU5vcVppb2cvZTJaNjk2b1RITGJjZTROYlVN 
bWlhbFZSMUhVdDRIOTVjbklpU1pvb3BXQm1MQzR1c3I2K1RnaUJsQkpOMHlDSnFxcVluWjNsL2Yw 
ZDd1L3ZsVkxTd2NHQjJyWlZoNXl6M0YyUzlQMzkvZmZ6MU5RVU9XZENDTVFZR1kvSG1Ca3BKZHEy 
QldCeWNoS0FVRW9oaEVBcGhhWnBjSGRTU2tqQzNRRXdNd0FtT2tFcGhad3pMeTh2eEJpcHFvcTV1 
VGtBU2lrTWgwTjRlbm9TSURPVG1TbkdLRUF4UnUzczdPanE2a3FqMFVpU1pIVmRhM2w1bWIyOVBS 
WVdGcGlabWVINStabkx5MHY2L1Q0eFJ2cjlQdHZiMi9Eejg2UFB6MCs1dTNMT0txVklra2Fqa1U1 
UFQzOVRCNE9CNk9icW9qcDBwdVBqWTZXVWRIUjBKTWJqOGI5RVRkTklrdHhkN3E2Ym14c0IydHpj 
VkVncE1Sd09jWGZjbmFxcWtJU1o0ZTYvRzcrOXZSRWtrVkxDekpCRUNJRzJiWkZFakpIWDExZk1q 
S1dsSmZodng1eXp1bW9mSHgvYTNkMlZtZW5zN0V3Y0hoN3E0dUpDWDE5Znlqbi9HaDhlSHJTL3Z5 
OUF2VjVQajQrUG9wc0cwUHo4dkRZMk52VFAyOWJXbGdhRGdVb3BzdXZyYTkzZDNYRjdlMHRkMTV5 
Zm45UHI5VmhaV1dGdGJZM1YxVldtcDZlUnhCLytqcHNTZnA2TFB3QUFBQUJKUlU1RXJrSmdnZz09 
Ii8+PC9nPjwvZz48L2c+PC9nPjwvc3ZnPgo= 
"> </p>]]></text></answer>
  </subquestion>
  <subquestion format="html">
    <text><![CDATA[<p><IMG SRC="data:image/svg+xml;base64,PD94bWwgdmVyc2lvbj0iMS4wIiBlbmNvZGluZz0iVVRGLTgiPz4KPHN2ZyB3aWR0aD0iMjkuMzMz 
IiBoZWlnaHQ9IjQ1LjMzMyIgdmVyc2lvbj0iMS4xIiB2aWV3Qm94PSIwIDAgMjkuMzMzIDQ1LjMz 
MyIgeG1sOnNwYWNlPSJwcmVzZXJ2ZSIgeG1sbnM9Imh0dHA6Ly93d3cudzMub3JnLzIwMDAvc3Zn 
IiB4bWxuczp4bGluaz0iaHR0cDovL3d3dy53My5vcmcvMTk5OS94bGluayI+PGRlZnM+PG1hc2sg 
aWQ9ImEiIHg9IjAiIHk9IjAiIHdpZHRoPSIxIiBoZWlnaHQ9IjEiIG1hc2tVbml0cz0idXNlclNw 
YWNlT25Vc2UiPjxpbWFnZSB3aWR0aD0iMSIgaGVpZ2h0PSIxIiBpbWFnZS1yZW5kZXJpbmc9Im9w 
dGltaXplU3BlZWQiIHByZXNlcnZlQXNwZWN0UmF0aW89Im5vbmUiIHhsaW5rOmhyZWY9ImRhdGE6 
aW1hZ2UvcG5nO2Jhc2U2NCxpVkJPUncwS0dnb0FBQUFOU1VoRVVnQUFBQXNBQUFBUkNBQUFBQUF1 
aWdrSEFBQUFBWE5DU1ZRSTVncGJtUUFBQURoSlJFRlVDSmwxampFS0FDQVF3eEx4LzErdWc1Nklj 
SjB5cEtXR0hjRk5BWXNKK0RDREd6OC9aK1k2b2Q4czUvVnB1MkQ5UkdiVFhaRGVEQnExSkJpeEFB 
QUFBRWxGVGtTdVFtQ0MiLz48L21hc2s+PC9kZWZzPjxnIHRyYW5zZm9ybT0ibWF0cml4KDEuMzMz 
MyAwIDAgLTEuMzMzMyAwIDQ1LjMzMykiPjxnIHRyYW5zZm9ybT0idHJhbnNsYXRlKDExLDE3KSI+ 
PGcgdHJhbnNmb3JtPSJ0cmFuc2xhdGUoLTExLC0xNykiPjxnIHRyYW5zZm9ybT0ic2NhbGUoMiki 
PjxnIHRyYW5zZm9ybT0ic2NhbGUoMTEsMTcpIj48aW1hZ2UgdHJhbnNmb3JtPSJtYXRyaXgoMSww 
LDAsLTEsMCwxKSIgd2lkdGg9IjEiIGhlaWdodD0iMSIgaW1hZ2UtcmVuZGVyaW5nPSJvcHRpbWl6 
ZVNwZWVkIiBtYXNrPSJ1cmwoI2EpIiBwcmVzZXJ2ZUFzcGVjdFJhdGlvPSJub25lIiB4bGluazpo 
cmVmPSJkYXRhOmltYWdlL3BuZztiYXNlNjQsaVZCT1J3MEtHZ29BQUFBTlNVaEVVZ0FBQUFzQUFB 
QVJDQVlBQUFBTDRWYmJBQUFBQkhOQ1NWUUlDQWdJZkFoa2lBQUFBRmhKUkVGVUtKSEZrc0VPd0NB 
SVE5dGwvLy9MOVRJemd4WHg1THNSQ2xTRUFJUUU2VTlUWXpSQWNpcDRTaDIvd3FYWVRTcUxKYTNG 
enZQcmtsSFVTVzNFQnBkV2QrUTVjdlRBMHA1N1RHeXVEakNma29tMk5od05YN0VyR1c1aVFZVUFB 
QUFBU1VWT1JLNUNZSUk9Ii8+PC9nPjwvZz48L2c+PC9nPjwvZz48L3N2Zz4K 
"></p>]]></text>
    <answer format="html"><text><![CDATA[<p><IMG SRC="data:image/svg+xml;base64,PD94bWwgdmVyc2lvbj0iMS4wIiBlbmNvZGluZz0iVVRGLTgiPz4KPHN2ZyB3aWR0aD0iMjIuNTIz 
IiBoZWlnaHQ9IjM0Ljc1NyIgdmVyc2lvbj0iMS4xIiB2aWV3Qm94PSIwIDAgMjIuNTIzIDM0Ljc1 
NyIgeG1sOnNwYWNlPSJwcmVzZXJ2ZSIgeG1sbnM9Imh0dHA6Ly93d3cudzMub3JnLzIwMDAvc3Zn 
Ij48ZGVmcz48Y2xpcFBhdGggaWQ9ImEiPjxwYXRoIGQ9Im0wIDBoOC40NDYzdjEzLjAzNGgtOC40 
NDYzeiIvPjwvY2xpcFBhdGg+PC9kZWZzPjxnIHRyYW5zZm9ybT0ibWF0cml4KDEuMzMzMyAwIDAg 
LTEuMzMzMyAwIDM0Ljc1NykiPjxnIHRyYW5zZm9ybT0idHJhbnNsYXRlKDguNDQ2LDEzLjAzNCki 
PjxnIHRyYW5zZm9ybT0idHJhbnNsYXRlKC04LjQ0NiwxMy4wMzQpIj48ZyB0cmFuc2Zvcm09Im1h 
dHJpeCgyLDAsMCwyLDE2Ljg5MiwwKSI+PGcgdHJhbnNmb3JtPSJzY2FsZSgtMSkiPjxnIGNsaXAt 
cGF0aD0idXJsKCNhKSI+PGcgdHJhbnNmb3JtPSJtYXRyaXgoMSAwIDAgLTEgMCAxMy4wMzQpIj48 
dGV4dCB0cmFuc2Zvcm09InRyYW5zbGF0ZSgtLjg3ODkxIDEzLjAzNCkiIGZpbGw9IiMwMDAwMDAi 
IGZvbnQtZmFtaWx5PSInT3BlbiBTYW5zJyIgZm9udC1zaXplPSIxOHB4Ij48dHNwYW4geD0iMCIg 
eT0iMCI+MjwvdHNwYW4+PC90ZXh0PjwvZz48L2c+PC9nPjwvZz48L2c+PC9nPjwvZz48L3N2Zz4K 
"></p>]]></text></answer>
  </subquestion>
</question>
 
</quiz>
