<?xml version="1.0" encoding="UTF-8"?>

<quiz>
 
<question type="category">
  <category>
    <text>$course$/top/Scalable Vector Graphics</text>
  </category>
</question>
 
<question type="multichoice">
  <name format="html">
    <text><![CDATA[Picture]]></text>
  </name>
  <questiontext format="html">
    <text><![CDATA[<p><IMG  SRC="data:image/svg+xml;base64,PD94bWwgdmVyc2lvbj0iMS4wIiBlbmNvZGluZz0iVVRGLTgiPz4KPHN2ZyB2ZXJzaW9uPSIxLjEi 
IHZpZXdCb3g9IjAgMCAzMjcgMTAwIiB4bWxucz0iaHR0cDovL3d3dy53My5vcmcvMjAwMC9zdmci 
Pgo8ZyBmaWxsPSIjZjk4MDEyIj4KPHBhdGggZD0ibTcyLjQgNzcuNDV2LTI3LjA3YzAtNS42NS0y 
LjM1LTguNS03LTguNS00LjY3NCAwLTcuMDI0IDIuODI2LTcuMDI0IDguNXYyNy4wN2gtMTMuNzd2 
LTI3LjA3YzAtNS42NS0yLjMwMS04LjUtNi44OTktOC41LTQuNjc2IDAtNyAyLjgyNi03IDguNXYy 
Ny4wN2gtMTMuNzh2LTI4LjY4YzAtNS45IDIuMDUxLTEwLjM3IDYuMTUxLTEzLjQgMy41OTktMi43 
MDEgOC41LTQuMDc2IDE0LjY1LTQuMDc2IDYuMjI1IDAgMTAuODIgMS42IDEzLjc3IDQuODAxIDIu 
NTQ5LTMuMjAxIDcuMTc0LTQuODAxIDEzLjktNC44MDEgNi4xNSAwIDExLjAyIDEuMzUgMTQuNjIg 
NC4wNzYgNC4xIDMuMDI1IDYuMTUgNy41IDYuMTUgMTMuNHYyOC42OHoiLz4KPHBhdGggZD0ibTEz 
Ni4xIDIyLjc1LTMuMDk0LTIuMTE3LTcuNDkyIDEyLjA1Yy01LjM3NS0xLjc5Mi0xMC41OS0xLjc5 
Mi0xMS41Ni0xLjc5Mi0xNy4xIDAtMjYuNTUgMTAuNTktMjYuNTUgMjQuNDMgMCA2LjM1MSAyLjQ0 
MyAxNC45OCAxMS43MyAxOS44N2wtNy4zMjggMTEuODkgMy4wOTUgMS45NTQgNy42NTMtMTIuMjFj 
NS4yMTIgMS43OTIgMTAuMSAxLjc5MiAxMS40IDEuNzkyIDE3LjQzIDAgMjYuNTUtMTAuNTkgMjYu 
NTUtMjMuMjkgMC03Ljk4LTMuNDIxLTE2LjQ1LTExLjczLTIwLjg1em0tMzMuNzEgNDcuMjNjLTMu 
MDk1LTMuNzQ2LTMuMDk1LTkuNjA5LTMuMDk1LTE0LjgyIDAtNy44MTcgMC0yMC41MiAxNC42Ni0y 
MC41MiAzLjA5NSAwIDYuMTg5IDAuNjUxIDguNzk0IDIuNDQzem0yMy4xMy0zMC4yOWMyLjkzMiA0 
LjA3MiAzLjA5NSA5Ljc3MiAzLjA5NSAxNS40NyAwIDcuODE2IDAgMTkuNzEtMTQuNjYgMTkuNzEt 
MS4zMDIgMC01LjIxMSAwLTguNjMxLTIuMjh6Ii8+CjxwYXRoIGQ9Im0xNjUuNiA3OC41NWMtNi45 
NzUgMC0xMi43NS0yLjIyNC0xNy4zLTYuNjUtNC41NTEtNC40MjQtNi44MjYtMTAuMTItNi44MjYt 
MTcuMTIgMC02Ljk3NSAyLjI3NS0xMi42NyA2LjgyNi0xNy4xIDQuNTQ5LTQuNDI0IDEwLjMyLTYu 
NjUgMTcuMy02LjY1czEyLjc3IDIuMjI1IDE3LjM1IDYuNjVjNC42IDQuNDI2IDYuODk5IDEwLjE1 
IDYuODk5IDE3LjEgMCA2Ljk3NS0yLjI5OSAxMi42OC02Ljg5OSAxNy4xMi00LjYgNC40MjYtMTAu 
MzcgNi42NS0xNy4zNSA2LjY1em0wLTM2LjQ1Yy0zLjMyNCAwLTUuODc1IDEuMjUtNy42NzQgMy43 
NzUtMS43NzUgMi41MjUtMi42NzYgNS41LTIuNjc2IDguOTc1IDAgMy40NzUgMC44MjU2IDYuNCAy 
LjUgOC43NzQgMS45MDEgMi43MjUgNC41MjYgNC4wNzYgNy44NSA0LjA3NiAzLjMyNiAwIDUuOTI2 
LTEuMzUgNy44NS00LjA3NiAxLjc1LTIuNCAyLjYyNS01LjMyNiAyLjYyNS04Ljc3NCAwLTMuNDc1 
LTAuODI1Ni02LjQtMi41LTguNzc0LTEuOTI0LTIuNjUxLTQuNTc2LTMuOTc1LTcuOTc1LTMuOTc1 
eiIvPgo8cGF0aCBkPSJtMjI3LjIgNzcuMzJ2LTQuNTUxYy0xLjIyNSAxLjY1LTMuMzI2IDIuOTUx 
LTYuMjc2IDMuOTUxLTIuNjI1IDAuODk5Ni01LjEyNSAxLjM1LTcuNSAxLjM1LTYuNTc0IDAtMTEu 
ODUtMi4yNS0xNS44Mi02Ljc3Ni0zLjk3NS00LjUtNS45NzUtMTAuMS01Ljk3NS0xNi43NSAwLTYu 
NTc0IDEuOTUxLTEyLjA3IDUuODUtMTYuNSAzLjQ0OS0zLjkyNCA5LjEtNi42NSAxNS41Ny02LjY1 
IDcuMzAxIDAgMTEuNTggMi43NSAxNC4xNSA1Ljl2LTM3LjNoMTMuNDJ2NzcuMzJ6bTAtMjUuNzVj 
MC0yLjQ1MS0xLjE3Ni00LjgyNi0zLjUtNy4wNzUtMi4zMjYtMi4yNS00Ljc1LTMuMzc1LTcuMi0z 
LjM3NS0zLjUyNSAwLTYuMzI2IDEuNDUxLTguMzc1IDQuMjk5LTEuNzk5IDIuNTUxLTIuNzAxIDUu 
Njc2LTIuNzAxIDkuMzUgMCAzLjYyNSAwLjkwMTMgNi43IDIuNzAxIDkuMjI1IDIuMDQ5IDIuOTUx 
IDQuODUgNC40MjQgOC4zNzUgNC40MjQgMi4xMjUgMCA0LjQ1MS0xIDYuOTUtMy4wMjUgMi41LTIg 
My43NS00LjA3NCAzLjc1LTYuMjI1eiIvPgo8cGF0aCBkPSJtMjQ0LjggMGgxMy44djc3LjMyaC0x 
My44eiIvPgo8cGF0aCBkPSJtMzI3IDczLjgzaC0yLjc3NGMtMi43NzIgMTUuNTctNS4zMjQgMjMt 
MjQuMjkgMjNoLTE0LjY0Yy01LjIxMiAwLTUuNDM1LTAuNzEyLTUuNDM1LTQuMDd2LTI3LjA3aDku 
ODcyYzEwLjc2IDAgMTEuOTggMy4yNTcgMTEuOTggMTEuOTFoMi43NzN2LTI2Ljg3aC0yLjc3M2Mw 
IDguNjQ5LTEuMjIgMTEuOC0xMS45OCAxMS44aC05Ljg3MnYtMjQuMzJjMC0zLjM1OCAwLjIyMjct 
NC4wNzIgNS40MzUtNC4wNzJoMTQuMmMxNi45NyAwIDE5Ljg1IDUuNTk4IDIxLjYzIDE5Ljc0aDIu 
NzczbC0zLjEwNS0yMi44aC02Mi4xMXYzLjA1M2gyLjU1MmM4LjUzOSAwIDguNzYyIDEuMTIgOC43 
NjIgNC43ODN2NTMuMTJjMCAzLjY2My0wLjIyMTYgNC43ODItOC43NjIgNC43ODJoLTIuNTUydjMu 
MTU1aDYzLjY3bDQuNjU5LTI2LjE1eiIvPgo8L2c+CjxwYXRoIGQ9Im00My42NyAyOS4yMiAxMy42 
OC0xMC0wLjE3Ni0wLjYwMDNjLTI0LjY3IDMuMDI1LTM1LjkgNS4xNzQtNTcuMTcgMTcuNWwwLjIw 
MDcgMC41NDkzIDEuNjk5IDAuMDI2M2MtMC4xNDk3IDEuNjk5LTAuNDI0MyA1LjktMC4wNzQgMTIu 
MjUtMi4zNSA2LjgyNC0wLjA1MSAxMS40NyAyLjA5OSAxNi41MiAwLjM1MDMtNS4yNSAwLjMwMS0x 
MS0xLjI5OS0xNi43Mi0wLjMyNTctNi4yNzUtMC4wNDkzLTEwLjQyIDAuMTAwMy0xMi4wMmwxNC4x 
IDAuMTI1cy0wLjEwMDMgNC4yNSAwLjQyNDMgOC4yNzRjMTIuNiA0LjQyNCAyNS4yNy0wLjAyNDcg 
MzItMTAuOTItMS45LTIuMTI1LTUuNTc2LTQuOTc1LTUuNTc2LTQuOTc1eiIgZmlsbD0iIzMzMyIv 
Pgo8L3N2Zz4K 
"> </p>]]></text>
  </questiontext>
  <defaultgrade>1.0</defaultgrade>
  <generalfeedback format="html"><text/></generalfeedback>
  <penalty>0.10</penalty>
  <hidden>0</hidden>
  <single>true</single>
  <shuffleanswers>1</shuffleanswers>
  <answernumbering>abc</answernumbering>
  <answer fraction="100" format="html">
    <text><![CDATA[<p><IMG  SRC="data:image/png;base64,iVBORw0KGgoAAAANSUhEUgAAAAsAAAARCAYAAAAL4VbbAAAABHNCSVQICAgIfAhkiAAAAAlwSFlz 
AAAN1wAADdcBQiibeAAAABl0RVh0U29mdHdhcmUAd3d3Lmlua3NjYXBlLm9yZ5vuPBoAAADtSURB 
VCiRjdG/K8VhFAbwT19upOwMymhRbhmk/AkMBpPRZFZsBvkH7j9gsTAaKDa7bjGYbgwyCCXKjysM 
3/Ptvm7d3vvU6T2dnue85zwHprGDU9ziDR+4wT7mJNjGb8Q37vGS1H6wWZGXsI4pFEmTSRwmglkZ 
1NAKwW6RIbdxFflIjjyMmcgvepFGMY+TGOEcgylhQseBKh6xhaHubuPKZVp4SARNLGTGNYZGCD51 
HacX9kJw1g95JcjPOesovYaiH/JqvE04xrJyoQoF6jjQcWWR/76+4w5fSa2NDRjAJZ6UF6rFD6+4 
js5rOII/YfdCezN0fzAAAAAASUVORK5CYII= 
"></p>]]></text>
    <feedback format="html"><text><![CDATA[<p><IMG  SRC="data:image/svg+xml;base64,PD94bWwgdmVyc2lvbj0iMS4wIiBlbmNvZGluZz0iVVRGLTgiPz4KPHN2ZyB3aWR0aD0iOC40NDUz 
cHQiIGhlaWdodD0iMTMuMDMxcHQiIHZlcnNpb249IjEuMiIgdmlld0JveD0iMCAwIDguNDQ1MyAx 
My4wMzEiIHhtbG5zPSJodHRwOi8vd3d3LnczLm9yZy8yMDAwL3N2ZyIgeG1sbnM6eGxpbms9Imh0 
dHA6Ly93d3cudzMub3JnLzE5OTkveGxpbmsiPgo8ZGVmcz4KPHN5bWJvbCBpZD0iYSIgb3ZlcmZs 
b3c9InZpc2libGUiPgo8cGF0aCBkPSJtOS4zMjgxIDBoLTguNDUzMXYtMS4yNWwzLjM5MDYtMy40 
MDYyYzEuMDMxMi0xLjAzOTEgMS43MDctMS43ODUyIDIuMDMxMi0yLjIzNDQgMC4zMzIwMy0wLjQ0 
NTMxIDAuNTc4MTItMC44Nzg5MSAwLjczNDM4LTEuMjk2OSAwLjE2NDA2LTAuNDI1NzggMC4yNS0w 
Ljg3ODkxIDAuMjUtMS4zNTk0IDAtMC42ODc1LTAuMjEwOTQtMS4yMjY2LTAuNjI1LTEuNjI1LTAu 
NDE3OTctMC40MDYyNS0wLjk5MjE5LTAuNjA5MzgtMS43MTg4LTAuNjA5MzgtMC41NDI5NyAwLTEu 
MDU0NyAwLjA4OTg0LTEuNTMxMiAwLjI2NTYyLTAuNDY4NzUgMC4xNjc5Ny0xIDAuNDg0MzgtMS41 
OTM4IDAuOTUzMTJsLTAuNzY1NjItMWMxLjE4NzUtMC45NzY1NiAyLjQ3MjctMS40Njg4IDMuODU5 
NC0xLjQ2ODggMS4yMDcgMCAyLjE1NjIgMC4zMDg1OSAyLjg0MzggMC45MjE4OCAwLjY4NzUgMC42 
MTcxOSAxLjAzMTIgMS40NDkyIDEuMDMxMiAyLjUgMCAwLjgxMjUtMC4yMzA0NyAxLjYyMTEtMC42 
ODc1IDIuNDIxOS0wLjQ2MDk0IDAuNzkyOTctMS4zMTI1IDEuNzk2OS0yLjU2MjUgMy4wMTU2bC0y 
LjgxMjUgMi43NXYwLjA2MjVoNi42MDk0eiIvPgo8L3N5bWJvbD4KPGNsaXBQYXRoIGlkPSJiIj4K 
PHBhdGggZD0ibTAgMGg4LjQ0NTN2MTMuMDM1aC04LjQ0NTN6Ii8+CjwvY2xpcFBhdGg+CjwvZGVm 
cz4KPGcgdHJhbnNmb3JtPSJ0cmFuc2xhdGUoMCAtLjAwMjkyNTkpIj4KPGcgY2xpcC1wYXRoPSJ1 
cmwoI2IpIj4KPGc+Cjx1c2UgeD0iLTAuODc4OTA3MDIiIHk9IjEzLjAzNDE3NiIgd2lkdGg9IjEw 
MCUiIGhlaWdodD0iMTAwJSIgeGxpbms6aHJlZj0iI2EiLz4KPC9nPgo8L2c+CjwvZz4KPC9zdmc+ 
Cg== 
"></p>]]></text></feedback>
  </answer>
  <answer fraction="0" format="html">
    <text><![CDATA[<p><IMG  SRC="data:image/jpeg;base64,/9j/4AAQSkZJRgABAQIAIwAjAAD/2wBDAAMCAgMCAgMDAwMEAwMEBQgFBQQEBQoHBwYIDAoMDAsK 
CwsNDhIQDQ4RDgsLEBYQERMUFRUVDA8XGBYUGBIUFRT/wAALCAARAAsBAREA/8QAFwAAAwEAAAAA 
AAAAAAAAAAAABAYJCP/EACkQAAEDAwQBAgcBAAAAAAAAAAECAwUEBgcAERIhEwgUIjM4UXFysbL/ 
2gAIAQEAAD8APx7E+mJivyZXZktB2qnV35PeWZqYKTepm2PfOBsrqWWyylI2VueXWx321RXFsZaM 
XjyAprE9qqzkUqTFmNqPLTFg9p8auR3T313pGd9XeCKi135RzKtlvRJbIcbVL05WoFJPAslXMqIB 
+Djue+tYiw9hLOc5YzcpjuRdtKxJCQka2ChqhlTC6aidrX3GR4+uIKFJUB9lDS5fX1uW/wDl/wD2 
zqsTPyW/1H81/9k= 
"></p>]]></text>
    <feedback format="html"><text><![CDATA[<p><IMG  SRC="data:image/jpeg;base64,/9j/4AAQSkZJRgABAQIAIwAjAAD/2wBDAAMCAgMCAgMDAwMEAwMEBQgFBQQEBQoHBwYIDAoMDAsK 
CwsNDhIQDQ4RDgsLEBYQERMUFRUVDA8XGBYUGBIUFRT/wAALCAAQAAwBAREA/8QAFwAAAwEAAAAA 
AAAAAAAAAAAABQYHCP/EACcQAAEDBAEDAwUAAAAAAAAAAAIBAwQFBgcRCAASIRMUMjhRcXax/9oA 
CAEBAAA/ANg8gpDmb59exXTn3Btql08596TIxECkBNkUamAYqmjdVEcd0u0aFEVE9ZFQ7wW+j7En 
6/H/AJ1OaLx5zXi3HVxQoOYrbnty1nVOoy5llmUuc+73G4bjnvvlrQp40IiIomhROl/iDY+cKjxi 
xrJoGU7YpFFcorBRIMyzjlOsN68CTqTQ71T79qfjr//Z 
"></p>]]></text></feedback>
  </answer>
</question>
<question type="ddmatch">
  <name format="html">
    <text><![CDATA[Picture]]></text>
  </name>
  <questiontext format="html">
    <text><![CDATA[<p><IMG width=81 SRC="data:image/svg+xml;base64,PD94bWwgdmVyc2lvbj0iMS4wIiBlbmNvZGluZz0iVVRGLTgiPz4KPHN2ZyB2ZXJzaW9uPSIxLjEi 
IHZpZXdCb3g9IjAgMCAzMjcgMTAwIiB4bWxucz0iaHR0cDovL3d3dy53My5vcmcvMjAwMC9zdmci 
Pgo8ZyBmaWxsPSIjZjk4MDEyIj4KPHBhdGggZD0ibTcyLjQgNzcuNDV2LTI3LjA3YzAtNS42NS0y 
LjM1LTguNS03LTguNS00LjY3NCAwLTcuMDI0IDIuODI2LTcuMDI0IDguNXYyNy4wN2gtMTMuNzd2 
LTI3LjA3YzAtNS42NS0yLjMwMS04LjUtNi44OTktOC41LTQuNjc2IDAtNyAyLjgyNi03IDguNXYy 
Ny4wN2gtMTMuNzh2LTI4LjY4YzAtNS45IDIuMDUxLTEwLjM3IDYuMTUxLTEzLjQgMy41OTktMi43 
MDEgOC41LTQuMDc2IDE0LjY1LTQuMDc2IDYuMjI1IDAgMTAuODIgMS42IDEzLjc3IDQuODAxIDIu 
NTQ5LTMuMjAxIDcuMTc0LTQuODAxIDEzLjktNC44MDEgNi4xNSAwIDExLjAyIDEuMzUgMTQuNjIg 
NC4wNzYgNC4xIDMuMDI1IDYuMTUgNy41IDYuMTUgMTMuNHYyOC42OHoiLz4KPHBhdGggZD0ibTEz 
Ni4xIDIyLjc1LTMuMDk0LTIuMTE3LTcuNDkyIDEyLjA1Yy01LjM3NS0xLjc5Mi0xMC41OS0xLjc5 
Mi0xMS41Ni0xLjc5Mi0xNy4xIDAtMjYuNTUgMTAuNTktMjYuNTUgMjQuNDMgMCA2LjM1MSAyLjQ0 
MyAxNC45OCAxMS43MyAxOS44N2wtNy4zMjggMTEuODkgMy4wOTUgMS45NTQgNy42NTMtMTIuMjFj 
NS4yMTIgMS43OTIgMTAuMSAxLjc5MiAxMS40IDEuNzkyIDE3LjQzIDAgMjYuNTUtMTAuNTkgMjYu 
NTUtMjMuMjkgMC03Ljk4LTMuNDIxLTE2LjQ1LTExLjczLTIwLjg1em0tMzMuNzEgNDcuMjNjLTMu 
MDk1LTMuNzQ2LTMuMDk1LTkuNjA5LTMuMDk1LTE0LjgyIDAtNy44MTcgMC0yMC41MiAxNC42Ni0y 
MC41MiAzLjA5NSAwIDYuMTg5IDAuNjUxIDguNzk0IDIuNDQzem0yMy4xMy0zMC4yOWMyLjkzMiA0 
LjA3MiAzLjA5NSA5Ljc3MiAzLjA5NSAxNS40NyAwIDcuODE2IDAgMTkuNzEtMTQuNjYgMTkuNzEt 
MS4zMDIgMC01LjIxMSAwLTguNjMxLTIuMjh6Ii8+CjxwYXRoIGQ9Im0xNjUuNiA3OC41NWMtNi45 
NzUgMC0xMi43NS0yLjIyNC0xNy4zLTYuNjUtNC41NTEtNC40MjQtNi44MjYtMTAuMTItNi44MjYt 
MTcuMTIgMC02Ljk3NSAyLjI3NS0xMi42NyA2LjgyNi0xNy4xIDQuNTQ5LTQuNDI0IDEwLjMyLTYu 
NjUgMTcuMy02LjY1czEyLjc3IDIuMjI1IDE3LjM1IDYuNjVjNC42IDQuNDI2IDYuODk5IDEwLjE1 
IDYuODk5IDE3LjEgMCA2Ljk3NS0yLjI5OSAxMi42OC02Ljg5OSAxNy4xMi00LjYgNC40MjYtMTAu 
MzcgNi42NS0xNy4zNSA2LjY1em0wLTM2LjQ1Yy0zLjMyNCAwLTUuODc1IDEuMjUtNy42NzQgMy43 
NzUtMS43NzUgMi41MjUtMi42NzYgNS41LTIuNjc2IDguOTc1IDAgMy40NzUgMC44MjU2IDYuNCAy 
LjUgOC43NzQgMS45MDEgMi43MjUgNC41MjYgNC4wNzYgNy44NSA0LjA3NiAzLjMyNiAwIDUuOTI2 
LTEuMzUgNy44NS00LjA3NiAxLjc1LTIuNCAyLjYyNS01LjMyNiAyLjYyNS04Ljc3NCAwLTMuNDc1 
LTAuODI1Ni02LjQtMi41LTguNzc0LTEuOTI0LTIuNjUxLTQuNTc2LTMuOTc1LTcuOTc1LTMuOTc1 
eiIvPgo8cGF0aCBkPSJtMjI3LjIgNzcuMzJ2LTQuNTUxYy0xLjIyNSAxLjY1LTMuMzI2IDIuOTUx 
LTYuMjc2IDMuOTUxLTIuNjI1IDAuODk5Ni01LjEyNSAxLjM1LTcuNSAxLjM1LTYuNTc0IDAtMTEu 
ODUtMi4yNS0xNS44Mi02Ljc3Ni0zLjk3NS00LjUtNS45NzUtMTAuMS01Ljk3NS0xNi43NSAwLTYu 
NTc0IDEuOTUxLTEyLjA3IDUuODUtMTYuNSAzLjQ0OS0zLjkyNCA5LjEtNi42NSAxNS41Ny02LjY1 
IDcuMzAxIDAgMTEuNTggMi43NSAxNC4xNSA1Ljl2LTM3LjNoMTMuNDJ2NzcuMzJ6bTAtMjUuNzVj 
MC0yLjQ1MS0xLjE3Ni00LjgyNi0zLjUtNy4wNzUtMi4zMjYtMi4yNS00Ljc1LTMuMzc1LTcuMi0z 
LjM3NS0zLjUyNSAwLTYuMzI2IDEuNDUxLTguMzc1IDQuMjk5LTEuNzk5IDIuNTUxLTIuNzAxIDUu 
Njc2LTIuNzAxIDkuMzUgMCAzLjYyNSAwLjkwMTMgNi43IDIuNzAxIDkuMjI1IDIuMDQ5IDIuOTUx 
IDQuODUgNC40MjQgOC4zNzUgNC40MjQgMi4xMjUgMCA0LjQ1MS0xIDYuOTUtMy4wMjUgMi41LTIg 
My43NS00LjA3NCAzLjc1LTYuMjI1eiIvPgo8cGF0aCBkPSJtMjQ0LjggMGgxMy44djc3LjMyaC0x 
My44eiIvPgo8cGF0aCBkPSJtMzI3IDczLjgzaC0yLjc3NGMtMi43NzIgMTUuNTctNS4zMjQgMjMt 
MjQuMjkgMjNoLTE0LjY0Yy01LjIxMiAwLTUuNDM1LTAuNzEyLTUuNDM1LTQuMDd2LTI3LjA3aDku 
ODcyYzEwLjc2IDAgMTEuOTggMy4yNTcgMTEuOTggMTEuOTFoMi43NzN2LTI2Ljg3aC0yLjc3M2Mw 
IDguNjQ5LTEuMjIgMTEuOC0xMS45OCAxMS44aC05Ljg3MnYtMjQuMzJjMC0zLjM1OCAwLjIyMjct 
NC4wNzIgNS40MzUtNC4wNzJoMTQuMmMxNi45NyAwIDE5Ljg1IDUuNTk4IDIxLjYzIDE5Ljc0aDIu 
NzczbC0zLjEwNS0yMi44aC02Mi4xMXYzLjA1M2gyLjU1MmM4LjUzOSAwIDguNzYyIDEuMTIgOC43 
NjIgNC43ODN2NTMuMTJjMCAzLjY2My0wLjIyMTYgNC43ODItOC43NjIgNC43ODJoLTIuNTUydjMu 
MTU1aDYzLjY3bDQuNjU5LTI2LjE1eiIvPgo8L2c+CjxwYXRoIGQ9Im00My42NyAyOS4yMiAxMy42 
OC0xMC0wLjE3Ni0wLjYwMDNjLTI0LjY3IDMuMDI1LTM1LjkgNS4xNzQtNTcuMTcgMTcuNWwwLjIw 
MDcgMC41NDkzIDEuNjk5IDAuMDI2M2MtMC4xNDk3IDEuNjk5LTAuNDI0MyA1LjktMC4wNzQgMTIu 
MjUtMi4zNSA2LjgyNC0wLjA1MSAxMS40NyAyLjA5OSAxNi41MiAwLjM1MDMtNS4yNSAwLjMwMS0x 
MS0xLjI5OS0xNi43Mi0wLjMyNTctNi4yNzUtMC4wNDkzLTEwLjQyIDAuMTAwMy0xMi4wMmwxNC4x 
IDAuMTI1cy0wLjEwMDMgNC4yNSAwLjQyNDMgOC4yNzRjMTIuNiA0LjQyNCAyNS4yNy0wLjAyNDcg 
MzItMTAuOTItMS45LTIuMTI1LTUuNTc2LTQuOTc1LTUuNTc2LTQuOTc1eiIgZmlsbD0iIzMzMyIv 
Pgo8L3N2Zz4K 
"> </p>]]></text>
  </questiontext>
  <defaultgrade>1.0</defaultgrade>
  <generalfeedback format="html"><text/></generalfeedback>
  <penalty>0.10</penalty>
  <hidden>0</hidden>
  <shuffleanswers>1</shuffleanswers>
  <subquestion format="html">
    <text><![CDATA[<p><IMG  SRC="data:image/svg+xml;base64,PD94bWwgdmVyc2lvbj0iMS4wIiBlbmNvZGluZz0iVVRGLTgiPz4KPHN2ZyB3aWR0aD0iOC40NDUz 
cHQiIGhlaWdodD0iMTMuMDMxcHQiIHZlcnNpb249IjEuMiIgdmlld0JveD0iMCAwIDguNDQ1MyAx 
My4wMzEiIHhtbG5zPSJodHRwOi8vd3d3LnczLm9yZy8yMDAwL3N2ZyIgeG1sbnM6eGxpbms9Imh0 
dHA6Ly93d3cudzMub3JnLzE5OTkveGxpbmsiPgo8ZGVmcz4KPHN5bWJvbCBpZD0iYSIgb3ZlcmZs 
b3c9InZpc2libGUiPgo8cGF0aCBkPSJtOS4zMjgxIDBoLTguNDUzMXYtMS4yNWwzLjM5MDYtMy40 
MDYyYzEuMDMxMi0xLjAzOTEgMS43MDctMS43ODUyIDIuMDMxMi0yLjIzNDQgMC4zMzIwMy0wLjQ0 
NTMxIDAuNTc4MTItMC44Nzg5MSAwLjczNDM4LTEuMjk2OSAwLjE2NDA2LTAuNDI1NzggMC4yNS0w 
Ljg3ODkxIDAuMjUtMS4zNTk0IDAtMC42ODc1LTAuMjEwOTQtMS4yMjY2LTAuNjI1LTEuNjI1LTAu 
NDE3OTctMC40MDYyNS0wLjk5MjE5LTAuNjA5MzgtMS43MTg4LTAuNjA5MzgtMC41NDI5NyAwLTEu 
MDU0NyAwLjA4OTg0LTEuNTMxMiAwLjI2NTYyLTAuNDY4NzUgMC4xNjc5Ny0xIDAuNDg0MzgtMS41 
OTM4IDAuOTUzMTJsLTAuNzY1NjItMWMxLjE4NzUtMC45NzY1NiAyLjQ3MjctMS40Njg4IDMuODU5 
NC0xLjQ2ODggMS4yMDcgMCAyLjE1NjIgMC4zMDg1OSAyLjg0MzggMC45MjE4OCAwLjY4NzUgMC42 
MTcxOSAxLjAzMTIgMS40NDkyIDEuMDMxMiAyLjUgMCAwLjgxMjUtMC4yMzA0NyAxLjYyMTEtMC42 
ODc1IDIuNDIxOS0wLjQ2MDk0IDAuNzkyOTctMS4zMTI1IDEuNzk2OS0yLjU2MjUgMy4wMTU2bC0y 
LjgxMjUgMi43NXYwLjA2MjVoNi42MDk0eiIvPgo8L3N5bWJvbD4KPGNsaXBQYXRoIGlkPSJiIj4K 
PHBhdGggZD0ibTAgMGg4LjQ0NTN2MTMuMDM1aC04LjQ0NTN6Ii8+CjwvY2xpcFBhdGg+CjwvZGVm 
cz4KPGcgdHJhbnNmb3JtPSJ0cmFuc2xhdGUoMCAtLjAwMjkyNTkpIj4KPGcgY2xpcC1wYXRoPSJ1 
cmwoI2IpIj4KPGc+Cjx1c2UgeD0iLTAuODc4OTA3MDIiIHk9IjEzLjAzNDE3NiIgd2lkdGg9IjEw 
MCUiIGhlaWdodD0iMTAwJSIgeGxpbms6aHJlZj0iI2EiLz4KPC9nPgo8L2c+CjwvZz4KPC9zdmc+ 
Cg== 
"></p>]]></text>
    <answer format="html"><text><![CDATA[<p><IMG  SRC="data:image/png;base64,iVBORw0KGgoAAAANSUhEUgAAAAsAAAARCAYAAAAL4VbbAAAABHNCSVQICAgIfAhkiAAAAAlwSFlz 
AAAN1wAADdcBQiibeAAAABl0RVh0U29mdHdhcmUAd3d3Lmlua3NjYXBlLm9yZ5vuPBoAAADtSURB 
VCiRjdG/K8VhFAbwT19upOwMymhRbhmk/AkMBpPRZFZsBvkH7j9gsTAaKDa7bjGYbgwyCCXKjysM 
3/Ptvm7d3vvU6T2dnue85zwHprGDU9ziDR+4wT7mJNjGb8Q37vGS1H6wWZGXsI4pFEmTSRwmglkZ 
1NAKwW6RIbdxFflIjjyMmcgvepFGMY+TGOEcgylhQseBKh6xhaHubuPKZVp4SARNLGTGNYZGCD51 
HacX9kJw1g95JcjPOesovYaiH/JqvE04xrJyoQoF6jjQcWWR/76+4w5fSa2NDRjAJZ6UF6rFD6+4 
js5rOII/YfdCezN0fzAAAAAASUVORK5CYII= 
"> </p>]]></text></answer>
  </subquestion>
  <subquestion format="html">
    <text><![CDATA[<p><IMG  SRC="data:image/jpeg;base64,/9j/4AAQSkZJRgABAQIAIwAjAAD/2wBDAAMCAgMCAgMDAwMEAwMEBQgFBQQEBQoHBwYIDAoMDAsK 
CwsNDhIQDQ4RDgsLEBYQERMUFRUVDA8XGBYUGBIUFRT/wAALCAAQAAwBAREA/8QAFwAAAwEAAAAA 
AAAAAAAAAAAABQYHCP/EACcQAAEDBAEDAwUAAAAAAAAAAAIBAwQFBgcRCAASIRMUMjhRcXax/9oA 
CAEBAAA/ANg8gpDmb59exXTn3Btql08596TIxECkBNkUamAYqmjdVEcd0u0aFEVE9ZFQ7wW+j7En 
6/H/AJ1OaLx5zXi3HVxQoOYrbnty1nVOoy5llmUuc+73G4bjnvvlrQp40IiIomhROl/iDY+cKjxi 
xrJoGU7YpFFcorBRIMyzjlOsN68CTqTQ71T79qfjr//Z 
"></p>]]></text>
    <answer format="html"><text><![CDATA[<p><IMG  SRC="data:image/jpeg;base64,/9j/4AAQSkZJRgABAQIAIwAjAAD/2wBDAAMCAgMCAgMDAwMEAwMEBQgFBQQEBQoHBwYIDAoMDAsK 
CwsNDhIQDQ4RDgsLEBYQERMUFRUVDA8XGBYUGBIUFRT/wAALCAARAAsBAREA/8QAFwAAAwEAAAAA 
AAAAAAAAAAAABAYJCP/EACkQAAEDAwQBAgcBAAAAAAAAAAECAwUEBgcAERIhEwgUIjM4UXFysbL/ 
2gAIAQEAAD8APx7E+mJivyZXZktB2qnV35PeWZqYKTepm2PfOBsrqWWyylI2VueXWx321RXFsZaM 
XjyAprE9qqzkUqTFmNqPLTFg9p8auR3T313pGd9XeCKi135RzKtlvRJbIcbVL05WoFJPAslXMqIB 
+Djue+tYiw9hLOc5YzcpjuRdtKxJCQka2ChqhlTC6aidrX3GR4+uIKFJUB9lDS5fX1uW/wDl/wD2 
zqsTPyW/1H81/9k= 
"> </p>]]></text></answer>
  </subquestion>
  <subquestion format="html">
    <text><![CDATA[<p><IMG  SRC="data:image/png;base64,iVBORw0KGgoAAAANSUhEUgAAAAsAAAARCAYAAAAL4VbbAAAABHNCSVQICAgIfAhkiAAAAAlwSFlz 
AAAN1wAADdcBQiibeAAAABl0RVh0U29mdHdhcmUAd3d3Lmlua3NjYXBlLm9yZ5vuPBoAAADtSURB 
VCiRjdG/K8VhFAbwT19upOwMymhRbhmk/AkMBpPRZFZsBvkH7j9gsTAaKDa7bjGYbgwyCCXKjysM 
3/Ptvm7d3vvU6T2dnue85zwHprGDU9ziDR+4wT7mJNjGb8Q37vGS1H6wWZGXsI4pFEmTSRwmglkZ 
1NAKwW6RIbdxFflIjjyMmcgvepFGMY+TGOEcgylhQseBKh6xhaHubuPKZVp4SARNLGTGNYZGCD51 
HacX9kJw1g95JcjPOesovYaiH/JqvE04xrJyoQoF6jjQcWWR/76+4w5fSa2NDRjAJZ6UF6rFD6+4 
js5rOII/YfdCezN0fzAAAAAASUVORK5CYII= 
"></p>]]></text>
    <answer format="html"><text><![CDATA[<p><IMG width=28 SRC="data:image/svg+xml;base64,PD94bWwgdmVyc2lvbj0iMS4wIiBlbmNvZGluZz0iVVRGLTgiPz4KPHN2ZyB3aWR0aD0iOC40NDUz 
cHQiIGhlaWdodD0iMTMuMDMxcHQiIHZlcnNpb249IjEuMiIgdmlld0JveD0iMCAwIDguNDQ1MyAx 
My4wMzEiIHhtbG5zPSJodHRwOi8vd3d3LnczLm9yZy8yMDAwL3N2ZyIgeG1sbnM6eGxpbms9Imh0 
dHA6Ly93d3cudzMub3JnLzE5OTkveGxpbmsiPgo8ZGVmcz4KPHN5bWJvbCBpZD0iYSIgb3ZlcmZs 
b3c9InZpc2libGUiPgo8cGF0aCBkPSJtOS4zMjgxIDBoLTguNDUzMXYtMS4yNWwzLjM5MDYtMy40 
MDYyYzEuMDMxMi0xLjAzOTEgMS43MDctMS43ODUyIDIuMDMxMi0yLjIzNDQgMC4zMzIwMy0wLjQ0 
NTMxIDAuNTc4MTItMC44Nzg5MSAwLjczNDM4LTEuMjk2OSAwLjE2NDA2LTAuNDI1NzggMC4yNS0w 
Ljg3ODkxIDAuMjUtMS4zNTk0IDAtMC42ODc1LTAuMjEwOTQtMS4yMjY2LTAuNjI1LTEuNjI1LTAu 
NDE3OTctMC40MDYyNS0wLjk5MjE5LTAuNjA5MzgtMS43MTg4LTAuNjA5MzgtMC41NDI5NyAwLTEu 
MDU0NyAwLjA4OTg0LTEuNTMxMiAwLjI2NTYyLTAuNDY4NzUgMC4xNjc5Ny0xIDAuNDg0MzgtMS41 
OTM4IDAuOTUzMTJsLTAuNzY1NjItMWMxLjE4NzUtMC45NzY1NiAyLjQ3MjctMS40Njg4IDMuODU5 
NC0xLjQ2ODggMS4yMDcgMCAyLjE1NjIgMC4zMDg1OSAyLjg0MzggMC45MjE4OCAwLjY4NzUgMC42 
MTcxOSAxLjAzMTIgMS40NDkyIDEuMDMxMiAyLjUgMCAwLjgxMjUtMC4yMzA0NyAxLjYyMTEtMC42 
ODc1IDIuNDIxOS0wLjQ2MDk0IDAuNzkyOTctMS4zMTI1IDEuNzk2OS0yLjU2MjUgMy4wMTU2bC0y 
LjgxMjUgMi43NXYwLjA2MjVoNi42MDk0eiIvPgo8L3N5bWJvbD4KPGNsaXBQYXRoIGlkPSJiIj4K 
PHBhdGggZD0ibTAgMGg4LjQ0NTN2MTMuMDM1aC04LjQ0NTN6Ii8+CjwvY2xpcFBhdGg+CjwvZGVm 
cz4KPGcgdHJhbnNmb3JtPSJ0cmFuc2xhdGUoMCAtLjAwMjkyNTkpIj4KPGcgY2xpcC1wYXRoPSJ1 
cmwoI2IpIj4KPGc+Cjx1c2UgeD0iLTAuODc4OTA3MDIiIHk9IjEzLjAzNDE3NiIgd2lkdGg9IjEw 
MCUiIGhlaWdodD0iMTAwJSIgeGxpbms6aHJlZj0iI2EiLz4KPC9nPgo8L2c+CjwvZz4KPC9zdmc+ 
Cg== 
"></p>]]></text></answer>
  </subquestion>
</question>
 
</quiz>
