<?xml version="1.0" encoding="UTF-8"?>

<quiz>
 
<question type="category">
  <category>
    <text>$course$/top/Includegraphics with TikZ</text>
  </category>
</question>
 
<question type="multichoice">
  <name format="html">
    <text><![CDATA[Picture]]></text>
  </name>
  <questiontext format="html">
    <text><![CDATA[<p><IMG SRC="data:image/png;base64,iVBORw0KGgoAAAANSUhEUgAAAEIAAAAqCAMAAAAwLX3tAAAAM1BMVEUAAAAAAAAAAAAAAAAAAAAA 
AAAAAAAAAAAAAAAAAAAAAAAAAAAAAAAAAAAAAAAAAAAAAACjBUbJAAAAEHRSTlMAE0RKU3WEiaWr 
tczb5vX9QmfMGwAAAFlJREFUSMft08kRgDAMBEGBOSwuK/9o2U2AKss/oQmgfyPi70RmJkkkkcQ3 
UfxdKBRhw8Ujnv4aCkXciMTEfJuFIQ5EYmZJjBIbIrGynxMLIlFZH7EjVQ1DvOOONZP3s13WAAAA 
AElFTkSuQmCC 
"> </p>]]></text>
  </questiontext>
  <defaultgrade>1.0</defaultgrade>
  <generalfeedback format="html"><text/></generalfeedback>
  <penalty>0.10</penalty>
  <hidden>0</hidden>
  <single>true</single>
  <shuffleanswers>1</shuffleanswers>
  <answernumbering>abc</answernumbering>
  <answer fraction="100" format="html">
    <text><![CDATA[<p><IMG SRC="data:image/png;base64,iVBORw0KGgoAAAANSUhEUgAAAAgAAAAOCAQAAAC4X5UdAAAAiUlEQVQIHQXBsQoBYQAA4O+/jihs 
N9wTXFnMrAa7TcoD2E1ewuYRPIBJyaB4AIOSlJTFSRYLw/m+4KYu9xYkUlsWJjKxko61HwkABp6R 
HAA33wgAtFQBILPzBaBh7mMG0DD1sJQCNWNXK00BKkZONtoiiA0d7XXFQN/FQU8ZCO5SL2c/IChQ 
APAH/tQgahKME3EAAAAASUVORK5CYII= 
"></p>]]></text>
  </answer>
  <answer fraction="0" format="html">
    <text><![CDATA[<p><IMG SRC="data:image/png;base64,iVBORw0KGgoAAAANSUhEUgAAABIAAAAcCAYAAABsxO8nAAABQklEQVQ4jcWVvyvEYRzHX3dOpG6Q 
H1GUbrCJiVgs5iuDsxj8AzZFFptBymKS8l+wyHA6WWQwkERJWAw3yd11X8O9Lt+OxPle96l3r3fP 
83yePs/3+fGNASNUIgNM6Idlt0wAz/qc3JFnknUVhFRSTypf0x8AZbUCEAPSTjgAHOtvZJnPGJKb 
ck4GwHiciCJWR06rvJYpYCOyihJ15BTlpUwBHU2tqF2OhdrOf5ucBKbUoaqepyyQaNj2D8qHH3Je 
5ZbcBt4b9rFL8q6mPQn06LvkvMwBJ3852X1yTS7JAjDd1LtWjX25CBxFVlHLP3LbgFsq71JnPVek 
GsWQjzf10lZjIeQvIt3+A/0ecKp/qRkXB0b1qzIT6k9HVhF8/V8FwJt6VIVvxhTVMlSWNuuEM8Ck 
vl/2yjxwr8/KXXkFlbVHEh9rp0pwscOqPQAAAABJRU5ErkJggg== 
"></p>]]></text>
  </answer>
</question>
<question type="ddmatch">
  <name format="html">
    <text><![CDATA[Picture]]></text>
  </name>
  <questiontext format="html">
    <text><![CDATA[<p><IMG SRC="data:image/png;base64,iVBORw0KGgoAAAANSUhEUgAAABEAAAAbCAYAAACa9mScAAAAdklEQVQ4jWNkYGAIZoAAQyhmQKIl 
GRDAG0pvY0ADTOgC5AAWBgaGNdQwZBmUfYGBgeE8lA2jHzEwMHARMoRq3omm1BCquGTUkFFDRg0Z 
NWRQGcLIwMDQCWU7Y5E3RLLoDpT+iK6IhYGBQQnKNiZgoQouCap4BwCPsgqJWVTJ7gAAAABJRU5E 
rkJggg== 
"> </p>]]></text>
  </questiontext>
  <defaultgrade>1.0</defaultgrade>
  <generalfeedback format="html"><text/></generalfeedback>
  <penalty>0.10</penalty>
  <hidden>0</hidden>
  <shuffleanswers>1</shuffleanswers>
  <subquestion format="html">
    <text><![CDATA[<p><IMG SRC="data:image/png;base64,iVBORw0KGgoAAAANSUhEUgAAACAAAAAgCAYAAABzenr0AAAB7ElEQVRYhe2Wv0scQRiGH08vYOEv 
CAoqJEVAYqNgn1YCylUBOxEk6dKkD8lfENKmEEXBwuawsDkRLQVB0uSClRyKCEYiIWqE3KXwnex4 
rDczu5MuL3z3fNzszvve7szewn+Fq00VbTKXXohrwIL6HXEpb4CCY7wCvFTfEOeARfVbeQO00pmq 
IvMGULf6hgLU/oX5jRXAmL1TgOYQNeBLVqO0NXAAPFZfFLuBN+qHxHnrnKo4mjdA2ZrkofjIGv8h 
Tovr1tgn8VXWAGWrnxI7xC7L3KiUct5T8WtICIBZVZnk3naqWqkELOv4G1WwelSzlvlzlSsAClCX 
+VuVtwrAhfr34qY1fuUxx4pYtL5rDwlhdAgccbvvKwHnTQLHJFevPSRA8y44EocDAvQD++r3xNI9 
xzoDQLKSqyljaeZGp6JZN9dZA4SqH9hQfyk+izCvt7q4vfRmDfSqvOT6N/TVd/EzsO1x/HnMAL9S 
vmv1/DDmDUgetXn1TRwDBj3M+0yIGIuwAKyqnxCfeJgDtOUNYN/C3+KIeOAy//sRIcQH9TPigI95 
TH0k2YbjKmN+zt03qDuKtQ1/ihck29Drl8cK0KxdH3OItw1PxB6SlxKvex7zCrwWH6ic5s7BQNVT 
5nTOH3s72Ks8+lbLEsKpP8JPbcrZkQazAAAAAElFTkSuQmCC 
"></p>]]></text>
    <answer format="html"><text><![CDATA[<p><IMG SRC="data:image/png;base64,iVBORw0KGgoAAAANSUhEUgAAABIAAAAcCAYAAABsxO8nAAABQklEQVQ4jcWVvyvEYRzHX3dOpG6Q 
H1GUbrCJiVgs5iuDsxj8AzZFFptBymKS8l+wyHA6WWQwkERJWAw3yd11X8O9Lt+OxPle96l3r3fP 
83yePs/3+fGNASNUIgNM6Idlt0wAz/qc3JFnknUVhFRSTypf0x8AZbUCEAPSTjgAHOtvZJnPGJKb 
ck4GwHiciCJWR06rvJYpYCOyihJ15BTlpUwBHU2tqF2OhdrOf5ucBKbUoaqepyyQaNj2D8qHH3Je 
5ZbcBt4b9rFL8q6mPQn06LvkvMwBJ3852X1yTS7JAjDd1LtWjX25CBxFVlHLP3LbgFsq71JnPVek 
GsWQjzf10lZjIeQvIt3+A/0ecKp/qRkXB0b1qzIT6k9HVhF8/V8FwJt6VIVvxhTVMlSWNuuEM8Ck 
vl/2yjxwr8/KXXkFlbVHEh9rp0pwscOqPQAAAABJRU5ErkJggg== 
"></p>]]></text></answer>
  </subquestion>
  <subquestion format="html">
    <text><![CDATA[<p><IMG SRC="data:image/png;base64,iVBORw0KGgoAAAANSUhEUgAAACIAAAAiCAMAAAANmfvwAAAA0lBMVEX///8AAAABAQECAgIDAwME 
BAQFBQUJCQkLCwsNDQ0dHR0hISEiIiIoKCguLi41NTVJSUlMTExmZmZubm5zc3N1dXWLi4uQkJCS 
kpKbm5ucnJydnZ2fn5+goKCioqKkpKSlpaWmpqapqamqqqqrq6utra2urq6xsbGzs7O1tbW2tra6 
urq8vLzLy8vMzMzT09Pd3d3h4eHk5OTl5eXm5ubn5+fp6enr6+vs7Ozt7e3w8PDz8/P09PT29vb3 
9/f5+fn6+vr7+/v8/Pz9/f3+/v7/////o5MGAAAAAXRSTlMAQObYZgAAAbNJREFUOMuF1NlS6kAQ 
BuB0SEBlUWQ1BlyIARRZ4yBLwqR7/vd/pXPh2SoE6Mupr6Zrpv5uyzouWJcK2F8W+/OGGdjjXC+w 
1ohxxhyw1lriFNCnxAHrtQinqdb59xgDwBhmBoBJjhA5HCACMPPX12QyyXktcGBRCh/calWrE6Js 
F8znGHNTqcoHter16jVlTGAa83l5TM1mpdKlWb3uXROR/78IqNEol9tEd3fdLmYzzyMi3//3rpsb 
Irq9bbfbn5/f3wDe3n7E3z8kqtVoOt1u2wBgDN7f/4jfZrcjqr1MjdkKRJLEBFnBu8WC3JfAGAiE 
ORkGGbFnLBYbtxQEAJAyj4ZZsQew2axKpX4fiNN0NMoI/NRqtbLt19c4jo+EZSUJRLReRZFtDwbx 
eHwkLCthATRHy6XrDppj26anjLAsBgDGUim32CzatvckyOYOADRipfwiFYueB5GjZIpojTj2fYfo 
/h6A1rm5x3DoOM7VVb+fn24AYVgoOJ2O6/af83OLMCQqPHaiyKXnE+kPHaLeo44iRSdnyHF6PWit 
1JlJfHgAgPN7wRgYc2ErGJjLuyXn7BfJsGNGBciJRQAAAABJRU5ErkJggg== 
"></p>]]></text>
    <answer format="html"><text><![CDATA[<p><IMG SRC="data:image/png;base64,iVBORw0KGgoAAAANSUhEUgAAABMAAAAdCAAAAABtMQhgAAABDUlEQVQYGW3Bu2pUURQA0LX3OXPN 
o7GykBRaKggprFSCkEqxERTyF2JnZ6ddWv2A4CcIgl+gFoLBxmIg2KkIFpnJzH2YUjiuFXNX/ePQ 
U6lVB3HNHWm2MOku+a326gMvFHpFnNqSWnXLOhUrMdOzidSqgxwshI3JKAOpVRfGwdoPpXOZwZKT 
E3GuFKUcHHw8O5um1Iq53SeuuOj7B0fKkUdSK04N2wYpV956GL6IXlnpnBulw2deSq06Kh2WNsLk 
7to7qVVnlh06Uxhs8kudzMKoWFfFz3BdatVQRkVP+OM1j6VWfe7eDRdU4zevvNmzK/1XsLOzvy+C 
+8fHwxCffP1s7r29m267tW2SWn8B1wBQQBxcN+IAAAAASUVORK5CYII= 
"></p>]]></text></answer>
  </subquestion>
</question>
 
</quiz>
