<?xml version="1.0" encoding="UTF-8"?>

<quiz>
 
<question type="category">
  <category>
    <text>$course$/top/Scalable Vector Graphics</text>
  </category>
</question>
 
<question type="multichoice">
  <name format="html">
    <text><![CDATA[Picture]]></text>
  </name>
  <questiontext format="html">
    <text><![CDATA[<p><IMG  SRC="data:image/svg+xml;base64,PD94bWwgdmVyc2lvbj0iMS4wIiBlbmNvZGluZz0iVVRGLTgiPz4KPHN2ZyB2ZXJzaW9uPSIxLjEi 
IHZpZXdCb3g9IjAgMCAyOTkuNyA5OS45NzciIHhtbG5zPSJodHRwOi8vd3d3LnczLm9yZy8yMDAw 
L3N2ZyI+CjxnIGZpbGw9IiNmOTgwMTIiPgo8cGF0aCBkPSJtMTA4Ljc5IDIyLjc1Ni0zLjA5NC0y 
LjExNy03LjQ5MiAxMi4wNWMtNS4zNzUtMS43OTItMTAuNTktMS43OTItMTEuNTYtMS43OTItMTcu 
MSAwLTI2LjU1IDEwLjU5LTI2LjU1IDI0LjQzIDAgNi4zNTEgMi40NDMgMTQuOTggMTEuNzMgMTku 
ODdsLTcuMzI4IDExLjg5IDMuMDk1IDEuOTU0IDcuNjUzLTEyLjIxYzUuMjEyIDEuNzkyIDEwLjEg 
MS43OTIgMTEuNCAxLjc5MiAxNy40MyAwIDI2LjU1LTEwLjU5IDI2LjU1LTIzLjI5IDAtNy45OC0z 
LjQyMS0xNi40NS0xMS43My0yMC44NXptLTMzLjcxIDQ3LjIzYy0zLjA5NS0zLjc0Ni0zLjA5NS05 
LjYwOS0zLjA5NS0xNC44MiAwLTcuODE3IDAtMjAuNTIgMTQuNjYtMjAuNTIgMy4wOTUgMCA2LjE4 
OSAwLjY1MSA4Ljc5NCAyLjQ0M3ptMjMuMTMtMzAuMjljMi45MzIgNC4wNzIgMy4wOTUgOS43NzIg 
My4wOTUgMTUuNDcgMCA3LjgxNiAwIDE5LjcxLTE0LjY2IDE5LjcxLTEuMzAyIDAtNS4yMTEgMC04 
LjYzMS0yLjI4eiIvPgo8cGF0aCBkPSJtMTM4LjI5IDc4LjU1NmMtNi45NzUgMC0xMi43NS0yLjIy 
NC0xNy4zLTYuNjUtNC41NTEtNC40MjQtNi44MjYtMTAuMTItNi44MjYtMTcuMTIgMC02Ljk3NSAy 
LjI3NS0xMi42NyA2LjgyNi0xNy4xIDQuNTQ5LTQuNDI0IDEwLjMyLTYuNjUgMTcuMy02LjY1czEy 
Ljc3IDIuMjI1IDE3LjM1IDYuNjVjNC42IDQuNDI2IDYuODk5IDEwLjE1IDYuODk5IDE3LjEgMCA2 
Ljk3NS0yLjI5OSAxMi42OC02Ljg5OSAxNy4xMi00LjYgNC40MjYtMTAuMzcgNi42NS0xNy4zNSA2 
LjY1em0wLTM2LjQ1Yy0zLjMyNCAwLTUuODc1IDEuMjUtNy42NzQgMy43NzUtMS43NzUgMi41MjUt 
Mi42NzYgNS41LTIuNjc2IDguOTc1czAuODI1NiA2LjQgMi41IDguNzc0YzEuOTAxIDIuNzI1IDQu 
NTI2IDQuMDc2IDcuODUgNC4wNzYgMy4zMjYgMCA1LjkyNi0xLjM1IDcuODUtNC4wNzYgMS43NS0y 
LjQgMi42MjUtNS4zMjYgMi42MjUtOC43NzQgMC0zLjQ3NS0wLjgyNTYtNi40LTIuNS04Ljc3NC0x 
LjkyNC0yLjY1MS00LjU3Ni0zLjk3NS03Ljk3NS0zLjk3NXoiLz4KPHBhdGggZD0ibTE5OS44OSA3 
Ny4zMjZ2LTQuNTUxYy0xLjIyNSAxLjY1LTMuMzI2IDIuOTUxLTYuMjc2IDMuOTUxLTIuNjI1IDAu 
ODk5Ni01LjEyNSAxLjM1LTcuNSAxLjM1LTYuNTc0IDAtMTEuODUtMi4yNS0xNS44Mi02Ljc3Ni0z 
Ljk3NS00LjUtNS45NzUtMTAuMS01Ljk3NS0xNi43NSAwLTYuNTc0IDEuOTUxLTEyLjA3IDUuODUt 
MTYuNSAzLjQ0OS0zLjkyNCA5LjEtNi42NSAxNS41Ny02LjY1IDcuMzAxIDAgMTEuNTggMi43NSAx 
NC4xNSA1Ljl2LTM3LjNoMTMuNDJ2NzcuMzJ6bTAtMjUuNzVjMC0yLjQ1MS0xLjE3Ni00LjgyNi0z 
LjUtNy4wNzUtMi4zMjYtMi4yNS00Ljc1LTMuMzc1LTcuMi0zLjM3NS0zLjUyNSAwLTYuMzI2IDEu 
NDUxLTguMzc1IDQuMjk5LTEuNzk5IDIuNTUxLTIuNzAxIDUuNjc2LTIuNzAxIDkuMzUgMCAzLjYy 
NSAwLjkwMTMgNi43IDIuNzAxIDkuMjI1IDIuMDQ5IDIuOTUxIDQuODUgNC40MjQgOC4zNzUgNC40 
MjQgMi4xMjUgMCA0LjQ1MS0xIDYuOTUtMy4wMjUgMi41LTIgMy43NS00LjA3NCAzLjc1LTYuMjI1 
eiIvPgo8cGF0aCBkPSJtMjE3LjQ5IDZlLTNoMTMuOHY3Ny4zMmgtMTMuOHoiLz4KPHBhdGggZD0i 
bTI5OS42OSA3My44MzZoLTIuNzc0Yy0yLjc3MiAxNS41Ny01LjMyNCAyMy0yNC4yOSAyM2gtMTQu 
NjRjLTUuMjEyIDAtNS40MzUtMC43MTItNS40MzUtNC4wN3YtMjcuMDdoOS44NzJjMTAuNzYgMCAx 
MS45OCAzLjI1NyAxMS45OCAxMS45MWgyLjc3M3YtMjYuODdoLTIuNzczYzAgOC42NDktMS4yMiAx 
MS44LTExLjk4IDExLjhoLTkuODcydi0yNC4zMmMwLTMuMzU4IDAuMjIyNy00LjA3MiA1LjQzNS00 
LjA3MmgxNC4yYzE2Ljk3IDAgMTkuODUgNS41OTggMjEuNjMgMTkuNzRoMi43NzNsLTMuMTA1LTIy 
LjhoLTYyLjExdjMuMDUzaDIuNTUyYzguNTM5IDAgOC43NjIgMS4xMiA4Ljc2MiA0Ljc4M3Y1My4x 
MmMwIDMuNjYzLTAuMjIxNiA0Ljc4Mi04Ljc2MiA0Ljc4MmgtMi41NTJ2My4xNTVoNjMuNjdsNC42 
NTktMjYuMTV6Ii8+CjxwYXRoIGQ9Im01OC4zNzIgNDguNDMzdjI5LjA3aC0xMy43N3YtMjcuMDdj 
MC01LjY1LTIuMzAxLTguNS02Ljg5OS04LjUtNC42NzYgMC03IDIuODI2LTcgOC41djI3LjA3aC0x 
My43OHYtMjguNjhjMC01LjkgMi4wNTEtMTAuMzcgNi4xNTEtMTMuNCAzLjU5OS0yLjcwMSA4LjUt 
NC4wNzYgMTQuNjUtNC4wNzYgNi4yMjUgMCAxMC4wNDYgMS42NzcxIDEzLjc3IDQuODAxIDMuNTk1 
NyAzLjAxNiA2Ljk2MzEgNy4wMDA4IDYuODc4IDEyLjI4NXoiLz4KPC9nPgo8cGF0aCBkPSJtNDMu 
NjY2IDI5LjI3MyAxMy42OC0xMC0wLjE3Ni0wLjYwMDNjLTI0LjY3IDMuMDI1LTM1LjkgNS4xNzQt 
NTcuMTcgMTcuNWwwLjIwMDcgMC41NDkzIDEuNjk5IDAuMDI2M2MtMC4xNDk3IDEuNjk5LTAuNDI0 
MyA1LjktMC4wNzQgMTIuMjUtMi4zNSA2LjgyNC0wLjA1MSAxMS40NyAyLjA5OSAxNi41MiAwLjM1 
MDMtNS4yNSAwLjMwMS0xMS0xLjI5OS0xNi43Mi0wLjMyNTctNi4yNzUtMC4wNDkzLTEwLjQyIDAu 
MTAwMy0xMi4wMmwxNC4xIDAuMTI1cy0wLjEwMDMgNC4yNSAwLjQyNDMgOC4yNzRjMTIuNiA0LjQy 
NCAyNS4yNy0wLjAyNDcgMzItMTAuOTItMS45LTIuMTI1LTUuNTc2LTQuOTc1LTUuNTc2LTQuOTc1 
eiIgZmlsbD0iIzMzMyIvPgo8L3N2Zz4K 
"> </p>]]></text>
  </questiontext>
  <defaultgrade>1.0</defaultgrade>
  <generalfeedback format="html"><text/></generalfeedback>
  <penalty>0.10</penalty>
  <hidden>0</hidden>
  <single>true</single>
  <shuffleanswers>1</shuffleanswers>
  <answernumbering>abc</answernumbering>
  <answer fraction="100" format="html">
    <text><![CDATA[<p><IMG  SRC="data:image/gif;base64,R0lGODlhCwARAOcAAAAAAAEBAQICAgMDAwQEBAUFBQYGBgcHBwgICAkJCQoKCgsLCwwMDA0NDQ4O 
Dg8PDxAQEBERERISEhMTExQUFBUVFRYWFhcXFxgYGBkZGRoaGhsbGxwcHB0dHR4eHh8fHyAgICEh 
ISIiIiMjIyQkJCUlJSYmJicnJygoKCkpKSoqKisrKywsLC0tLS4uLi8vLzAwMDExMTIyMjMzMzQ0 
NDU1NTY2Njc3Nzg4ODk5OTo6Ojs7Ozw8PD09PT4+Pj8/P0BAQEFBQUJCQkNDQ0REREVFRUZGRkdH 
R0hISElJSUpKSktLS0xMTE1NTU5OTk9PT1BQUFFRUVJSUlNTU1RUVFVVVVZWVldXV1hYWFlZWVpa 
WltbW1xcXF1dXV5eXl9fX2BgYGFhYWJiYmNjY2RkZGVlZWZmZmdnZ2hoaGlpaWpqamtra2xsbG1t 
bW5ubm9vb3BwcHFxcXJycnNzc3R0dHV1dXZ2dnd3d3h4eHl5eXp6ent7e3x8fH19fX5+fn9/f4CA 
gIGBgYKCgoODg4SEhIWFhYaGhoeHh4iIiImJiYqKiouLi4yMjI2NjY6Ojo+Pj5CQkJGRkZKSkpOT 
k5SUlJWVlZaWlpeXl5iYmJmZmZqampubm5ycnJ2dnZ6enp+fn6CgoKGhoaKioqOjo6SkpKWlpaam 
pqenp6ioqKmpqaqqqqurq6ysrK2tra6urq+vr7CwsLGxsbKysrOzs7S0tLW1tba2tre3t7i4uLm5 
ubq6uru7u7y8vL29vb6+vr+/v8DAwMHBwcLCwsPDw8TExMXFxcbGxsfHx8jIyMnJycrKysvLy8zM 
zM3Nzc7Ozs/Pz9DQ0NHR0dLS0tPT09TU1NXV1dbW1tfX19jY2NnZ2dra2tvb29zc3N3d3d7e3t/f 
3+Dg4OHh4eLi4uPj4+Tk5OXl5ebm5ufn5+jo6Onp6erq6uvr6+zs7O3t7e7u7u/v7/Dw8PHx8fLy 
8vPz8/T09PX19fb29vf39/j4+Pn5+fr6+vv7+/z8/P39/f7+/v///yH/C05FVFNDQVBFMi4wAwEA 
AAAh+QQJCgD/ACwAAAAACwARAAAIMwABCBwo8J/BgwcHIlyocKFBgg7/NWRYMCFEihcjTnS4kWLE 
hwA+dgRJsGRDkyEtlkQYEAAh+QQJCgD/ACwAAAAACwARAAAIMwABCBwo8J/BgwcHIlyocKFBgg7/ 
NWRYMCFEihcjTnS4kWLEhwA+dgRJsKRCkxVJZvwXEAAh+QQJCgD/ACwAAAAACwARAAAIMwABCBwo 
8J/BgwcHIlyocKFBgg7/NWRYMCFEihcjTnS4kWLEhwA+dgRJsGRFkxVJZvwXEAAh+QQJCgD/ACwA 
AAAACwARAAAINAABCBwo8J/BgwcHIlyocKFBgg7/NWQ4kWBBhBYBRHx4MeJEhx1BavQYMmHGjBxR 
mrSIMCAAIfkECQoA/wAsAAAAAAsAEQAACDQAAQgcKPCfwYMHByJcqHChQYIO/zV0OJFgQYQWAUR8 
eDHiRIoaN3ZkODJhxowcUZq0iDAgACH5BAkKAP8ALAAAAAALABEAAAg0AAEIHCjwn8GDBwciXKhw 
oUGCDv81dDiRYEGEFgFEfHgx4kSKHRlq9BgyYcaMHFGatIgwIAAh+QQJCgD/ACwAAAAACwARAAAI 
MwABCBwo8J/BgwcHIlyocKFBgg7/NWQ4keBEiRYjPiyo8SJFAB05foxosSRHkyATlkQYEAAh+QQJ 
CgD/ACwAAAAACwARAAAINAABCBwo8J/BgwcHIlyocKFBgg7/NWRYMCFBABQhRpRYMeJEhx8Rhnw4 
8qLJiicxWryIMCAAIfkECQoA/wAsAAAAAAsAEQAACDQAAQgcKPCfwYMHByJcqHChwYYOISKUSBBA 
xIoOExbM+E8iw40XLYYUObGiSZEnSXY0iTAgACH5BAkKAP8ALAAAAAALABEAAAg0AAEIHCjwn8GD 
BwciXKhwocGGDiEilEgQQMSKDhMWzPhPIsONFy1m9NixosmCJ0U+NIkwIAAh+QQJCgD/ACwAAAAA 
CwARAAAIMwABCBwo8J/BgwcHIlyocKHBhg4hIpRIEEDEig4TFsz4TyLDjRctZvTYsaLJjScnmkQY 
EAAh+QQJCgD/ACwAAAAACwARAAAIMwABCBwo8J/BgwcHIlyocKHBhg4hIpRIEEDEig4TFsz4TyLD 
jRlBfrQ4sqLJhyc1YjwYEAAh+QQJCgD/ACwAAAAACwARAAAINAABCBwo8J/BgwcHIlyocKHBhg4h 
IpRIEEDEig4TFsz4TyLDjRctZvT4sKJJkSdFdjSJMCAAIfkECQoA/wAsAAAAAAsAEQAACDQAAQgc 
KPCfwYMHByJcqHChwYYOISKUSBBAxIoOExbM+E8iw40XLWb0+LCiSZEnRXY0iTAgACH5BAEKAP8A 
LAAAAAALABEAAAgyAAEIHCjwn8GDBwciXKhwoUGCDv81ZFgwIUSKFyNOdLgRY0SJFTEC4Eiw5EWT 
IVEiDAgAOw== 
"></p>]]></text>
    <feedback format="html"><text><![CDATA[<p><IMG  SRC="data:image/svg+xml;base64,PD94bWwgdmVyc2lvbj0iMS4wIiBlbmNvZGluZz0iVVRGLTgiPz4KPHN2ZyB3aWR0aD0iMTEuMjYy 
IiBoZWlnaHQ9IjE3LjM3OSIgdmVyc2lvbj0iMS4xIiB2aWV3Qm94PSIwIDAgMTEuMjYyIDE3LjM3 
OSIgeG1sOnNwYWNlPSJwcmVzZXJ2ZSIgeG1sbnM9Imh0dHA6Ly93d3cudzMub3JnLzIwMDAvc3Zn 
Ij48ZyB0cmFuc2Zvcm09InNjYWxlKDEuMzMzMykiPjx0ZXh0IHRyYW5zZm9ybT0idHJhbnNsYXRl 
KC0uODc4OTEgMTMuMDM0KSIgZmlsbD0iIzAwMDAwMCIgZm9udC1mYW1pbHk9IidPcGVuIFNhbnMn 
IiBmb250LXNpemU9IjE4cHgiPjx0c3BhbiB4PSIwIiB5PSIwIj4yPC90c3Bhbj48L3RleHQ+PC9n 
Pjwvc3ZnPgo= 
"></p>]]></text></feedback>
  </answer>
  <answer fraction="0" format="html">
    <text><![CDATA[<p><IMG  SRC="data:image/jpeg;base64,/9j/4AAQSkZJRgABAQIAIwAjAAD/2wBDAAMCAgMCAgMDAwMEAwMEBQgFBQQEBQoHBwYIDAoMDAsK 
CwsNDhIQDQ4RDgsLEBYQERMUFRUVDA8XGBYUGBIUFRT/wAALCAARAAsBAREA/8QAFwAAAwEAAAAA 
AAAAAAAAAAAABAYJCP/EACkQAAEDAwQBAgcBAAAAAAAAAAECAwUEBgcAERIhEwgUIjM4UXFysbL/ 
2gAIAQEAAD8APx7E+mJivyZXZktB2qnV35PeWZqYKTepm2PfOBsrqWWyylI2VueXWx321RXFsZaM 
XjyAprE9qqzkUqTFmNqPLTFg9p8auR3T313pGd9XeCKi135RzKtlvRJbIcbVL05WoFJPAslXMqIB 
+Djue+tYiw9hLOc5YzcpjuRdtKxJCQka2ChqhlTC6aidrX3GR4+uIKFJUB9lDS5fX1uW/wDl/wD2 
zqsTPyW/1H81/9k= 
"></p>]]></text>
    <feedback format="html"><text><![CDATA[<p><IMG  SRC="data:image/jpeg;base64,/9j/4AAQSkZJRgABAQIAIwAjAAD/2wBDAAMCAgMCAgMDAwMEAwMEBQgFBQQEBQoHBwYIDAoMDAsK 
CwsNDhIQDQ4RDgsLEBYQERMUFRUVDA8XGBYUGBIUFRT/wAALCAAQAAwBAREA/8QAFwAAAwEAAAAA 
AAAAAAAAAAAABQYHCP/EACcQAAEDBAEDAwUAAAAAAAAAAAIBAwQFBgcRCAASIRMUMjhRcXax/9oA 
CAEBAAA/ANg8gpDmb59exXTn3Btql08596TIxECkBNkUamAYqmjdVEcd0u0aFEVE9ZFQ7wW+j7En 
6/H/AJ1OaLx5zXi3HVxQoOYrbnty1nVOoy5llmUuc+73G4bjnvvlrQp40IiIomhROl/iDY+cKjxi 
xrJoGU7YpFFcorBRIMyzjlOsN68CTqTQ71T79qfjr//Z 
"></p>]]></text></feedback>
  </answer>
</question>
<question type="ddmatch">
  <name format="html">
    <text><![CDATA[Picture]]></text>
  </name>
  <questiontext format="html">
    <text><![CDATA[<p><IMG width=81 SRC="data:image/svg+xml;base64,PD94bWwgdmVyc2lvbj0iMS4wIiBlbmNvZGluZz0iVVRGLTgiPz4KPHN2ZyB2ZXJzaW9uPSIxLjEi 
IHZpZXdCb3g9IjAgMCAyOTkuNyA5OS45NzciIHhtbG5zPSJodHRwOi8vd3d3LnczLm9yZy8yMDAw 
L3N2ZyI+CjxnIGZpbGw9IiNmOTgwMTIiPgo8cGF0aCBkPSJtMTA4Ljc5IDIyLjc1Ni0zLjA5NC0y 
LjExNy03LjQ5MiAxMi4wNWMtNS4zNzUtMS43OTItMTAuNTktMS43OTItMTEuNTYtMS43OTItMTcu 
MSAwLTI2LjU1IDEwLjU5LTI2LjU1IDI0LjQzIDAgNi4zNTEgMi40NDMgMTQuOTggMTEuNzMgMTku 
ODdsLTcuMzI4IDExLjg5IDMuMDk1IDEuOTU0IDcuNjUzLTEyLjIxYzUuMjEyIDEuNzkyIDEwLjEg 
MS43OTIgMTEuNCAxLjc5MiAxNy40MyAwIDI2LjU1LTEwLjU5IDI2LjU1LTIzLjI5IDAtNy45OC0z 
LjQyMS0xNi40NS0xMS43My0yMC44NXptLTMzLjcxIDQ3LjIzYy0zLjA5NS0zLjc0Ni0zLjA5NS05 
LjYwOS0zLjA5NS0xNC44MiAwLTcuODE3IDAtMjAuNTIgMTQuNjYtMjAuNTIgMy4wOTUgMCA2LjE4 
OSAwLjY1MSA4Ljc5NCAyLjQ0M3ptMjMuMTMtMzAuMjljMi45MzIgNC4wNzIgMy4wOTUgOS43NzIg 
My4wOTUgMTUuNDcgMCA3LjgxNiAwIDE5LjcxLTE0LjY2IDE5LjcxLTEuMzAyIDAtNS4yMTEgMC04 
LjYzMS0yLjI4eiIvPgo8cGF0aCBkPSJtMTM4LjI5IDc4LjU1NmMtNi45NzUgMC0xMi43NS0yLjIy 
NC0xNy4zLTYuNjUtNC41NTEtNC40MjQtNi44MjYtMTAuMTItNi44MjYtMTcuMTIgMC02Ljk3NSAy 
LjI3NS0xMi42NyA2LjgyNi0xNy4xIDQuNTQ5LTQuNDI0IDEwLjMyLTYuNjUgMTcuMy02LjY1czEy 
Ljc3IDIuMjI1IDE3LjM1IDYuNjVjNC42IDQuNDI2IDYuODk5IDEwLjE1IDYuODk5IDE3LjEgMCA2 
Ljk3NS0yLjI5OSAxMi42OC02Ljg5OSAxNy4xMi00LjYgNC40MjYtMTAuMzcgNi42NS0xNy4zNSA2 
LjY1em0wLTM2LjQ1Yy0zLjMyNCAwLTUuODc1IDEuMjUtNy42NzQgMy43NzUtMS43NzUgMi41MjUt 
Mi42NzYgNS41LTIuNjc2IDguOTc1czAuODI1NiA2LjQgMi41IDguNzc0YzEuOTAxIDIuNzI1IDQu 
NTI2IDQuMDc2IDcuODUgNC4wNzYgMy4zMjYgMCA1LjkyNi0xLjM1IDcuODUtNC4wNzYgMS43NS0y 
LjQgMi42MjUtNS4zMjYgMi42MjUtOC43NzQgMC0zLjQ3NS0wLjgyNTYtNi40LTIuNS04Ljc3NC0x 
LjkyNC0yLjY1MS00LjU3Ni0zLjk3NS03Ljk3NS0zLjk3NXoiLz4KPHBhdGggZD0ibTE5OS44OSA3 
Ny4zMjZ2LTQuNTUxYy0xLjIyNSAxLjY1LTMuMzI2IDIuOTUxLTYuMjc2IDMuOTUxLTIuNjI1IDAu 
ODk5Ni01LjEyNSAxLjM1LTcuNSAxLjM1LTYuNTc0IDAtMTEuODUtMi4yNS0xNS44Mi02Ljc3Ni0z 
Ljk3NS00LjUtNS45NzUtMTAuMS01Ljk3NS0xNi43NSAwLTYuNTc0IDEuOTUxLTEyLjA3IDUuODUt 
MTYuNSAzLjQ0OS0zLjkyNCA5LjEtNi42NSAxNS41Ny02LjY1IDcuMzAxIDAgMTEuNTggMi43NSAx 
NC4xNSA1Ljl2LTM3LjNoMTMuNDJ2NzcuMzJ6bTAtMjUuNzVjMC0yLjQ1MS0xLjE3Ni00LjgyNi0z 
LjUtNy4wNzUtMi4zMjYtMi4yNS00Ljc1LTMuMzc1LTcuMi0zLjM3NS0zLjUyNSAwLTYuMzI2IDEu 
NDUxLTguMzc1IDQuMjk5LTEuNzk5IDIuNTUxLTIuNzAxIDUuNjc2LTIuNzAxIDkuMzUgMCAzLjYy 
NSAwLjkwMTMgNi43IDIuNzAxIDkuMjI1IDIuMDQ5IDIuOTUxIDQuODUgNC40MjQgOC4zNzUgNC40 
MjQgMi4xMjUgMCA0LjQ1MS0xIDYuOTUtMy4wMjUgMi41LTIgMy43NS00LjA3NCAzLjc1LTYuMjI1 
eiIvPgo8cGF0aCBkPSJtMjE3LjQ5IDZlLTNoMTMuOHY3Ny4zMmgtMTMuOHoiLz4KPHBhdGggZD0i 
bTI5OS42OSA3My44MzZoLTIuNzc0Yy0yLjc3MiAxNS41Ny01LjMyNCAyMy0yNC4yOSAyM2gtMTQu 
NjRjLTUuMjEyIDAtNS40MzUtMC43MTItNS40MzUtNC4wN3YtMjcuMDdoOS44NzJjMTAuNzYgMCAx 
MS45OCAzLjI1NyAxMS45OCAxMS45MWgyLjc3M3YtMjYuODdoLTIuNzczYzAgOC42NDktMS4yMiAx 
MS44LTExLjk4IDExLjhoLTkuODcydi0yNC4zMmMwLTMuMzU4IDAuMjIyNy00LjA3MiA1LjQzNS00 
LjA3MmgxNC4yYzE2Ljk3IDAgMTkuODUgNS41OTggMjEuNjMgMTkuNzRoMi43NzNsLTMuMTA1LTIy 
LjhoLTYyLjExdjMuMDUzaDIuNTUyYzguNTM5IDAgOC43NjIgMS4xMiA4Ljc2MiA0Ljc4M3Y1My4x 
MmMwIDMuNjYzLTAuMjIxNiA0Ljc4Mi04Ljc2MiA0Ljc4MmgtMi41NTJ2My4xNTVoNjMuNjdsNC42 
NTktMjYuMTV6Ii8+CjxwYXRoIGQ9Im01OC4zNzIgNDguNDMzdjI5LjA3aC0xMy43N3YtMjcuMDdj 
MC01LjY1LTIuMzAxLTguNS02Ljg5OS04LjUtNC42NzYgMC03IDIuODI2LTcgOC41djI3LjA3aC0x 
My43OHYtMjguNjhjMC01LjkgMi4wNTEtMTAuMzcgNi4xNTEtMTMuNCAzLjU5OS0yLjcwMSA4LjUt 
NC4wNzYgMTQuNjUtNC4wNzYgNi4yMjUgMCAxMC4wNDYgMS42NzcxIDEzLjc3IDQuODAxIDMuNTk1 
NyAzLjAxNiA2Ljk2MzEgNy4wMDA4IDYuODc4IDEyLjI4NXoiLz4KPC9nPgo8cGF0aCBkPSJtNDMu 
NjY2IDI5LjI3MyAxMy42OC0xMC0wLjE3Ni0wLjYwMDNjLTI0LjY3IDMuMDI1LTM1LjkgNS4xNzQt 
NTcuMTcgMTcuNWwwLjIwMDcgMC41NDkzIDEuNjk5IDAuMDI2M2MtMC4xNDk3IDEuNjk5LTAuNDI0 
MyA1LjktMC4wNzQgMTIuMjUtMi4zNSA2LjgyNC0wLjA1MSAxMS40NyAyLjA5OSAxNi41MiAwLjM1 
MDMtNS4yNSAwLjMwMS0xMS0xLjI5OS0xNi43Mi0wLjMyNTctNi4yNzUtMC4wNDkzLTEwLjQyIDAu 
MTAwMy0xMi4wMmwxNC4xIDAuMTI1cy0wLjEwMDMgNC4yNSAwLjQyNDMgOC4yNzRjMTIuNiA0LjQy 
NCAyNS4yNy0wLjAyNDcgMzItMTAuOTItMS45LTIuMTI1LTUuNTc2LTQuOTc1LTUuNTc2LTQuOTc1 
eiIgZmlsbD0iIzMzMyIvPgo8L3N2Zz4K 
"> </p>]]></text>
  </questiontext>
  <defaultgrade>1.0</defaultgrade>
  <generalfeedback format="html"><text/></generalfeedback>
  <penalty>0.10</penalty>
  <hidden>0</hidden>
  <shuffleanswers>1</shuffleanswers>
  <subquestion format="html">
    <text><![CDATA[<p><IMG  SRC="data:image/svg+xml;base64,PD94bWwgdmVyc2lvbj0iMS4wIiBlbmNvZGluZz0iVVRGLTgiPz4KPHN2ZyB3aWR0aD0iMTEuMjYy 
IiBoZWlnaHQ9IjE3LjM3OSIgdmVyc2lvbj0iMS4xIiB2aWV3Qm94PSIwIDAgMTEuMjYyIDE3LjM3 
OSIgeG1sOnNwYWNlPSJwcmVzZXJ2ZSIgeG1sbnM9Imh0dHA6Ly93d3cudzMub3JnLzIwMDAvc3Zn 
Ij48ZyB0cmFuc2Zvcm09InNjYWxlKDEuMzMzMykiPjx0ZXh0IHRyYW5zZm9ybT0idHJhbnNsYXRl 
KC0uODc4OTEgMTMuMDM0KSIgZmlsbD0iIzAwMDAwMCIgZm9udC1mYW1pbHk9IidPcGVuIFNhbnMn 
IiBmb250LXNpemU9IjE4cHgiPjx0c3BhbiB4PSIwIiB5PSIwIj4yPC90c3Bhbj48L3RleHQ+PC9n 
Pjwvc3ZnPgo= 
"></p>]]></text>
    <answer format="html"><text><![CDATA[<p><IMG  SRC="data:image/gif;base64,R0lGODlhCwARAOcAAAAAAAEBAQICAgMDAwQEBAUFBQYGBgcHBwgICAkJCQoKCgsLCwwMDA0NDQ4O 
Dg8PDxAQEBERERISEhMTExQUFBUVFRYWFhcXFxgYGBkZGRoaGhsbGxwcHB0dHR4eHh8fHyAgICEh 
ISIiIiMjIyQkJCUlJSYmJicnJygoKCkpKSoqKisrKywsLC0tLS4uLi8vLzAwMDExMTIyMjMzMzQ0 
NDU1NTY2Njc3Nzg4ODk5OTo6Ojs7Ozw8PD09PT4+Pj8/P0BAQEFBQUJCQkNDQ0REREVFRUZGRkdH 
R0hISElJSUpKSktLS0xMTE1NTU5OTk9PT1BQUFFRUVJSUlNTU1RUVFVVVVZWVldXV1hYWFlZWVpa 
WltbW1xcXF1dXV5eXl9fX2BgYGFhYWJiYmNjY2RkZGVlZWZmZmdnZ2hoaGlpaWpqamtra2xsbG1t 
bW5ubm9vb3BwcHFxcXJycnNzc3R0dHV1dXZ2dnd3d3h4eHl5eXp6ent7e3x8fH19fX5+fn9/f4CA 
gIGBgYKCgoODg4SEhIWFhYaGhoeHh4iIiImJiYqKiouLi4yMjI2NjY6Ojo+Pj5CQkJGRkZKSkpOT 
k5SUlJWVlZaWlpeXl5iYmJmZmZqampubm5ycnJ2dnZ6enp+fn6CgoKGhoaKioqOjo6SkpKWlpaam 
pqenp6ioqKmpqaqqqqurq6ysrK2tra6urq+vr7CwsLGxsbKysrOzs7S0tLW1tba2tre3t7i4uLm5 
ubq6uru7u7y8vL29vb6+vr+/v8DAwMHBwcLCwsPDw8TExMXFxcbGxsfHx8jIyMnJycrKysvLy8zM 
zM3Nzc7Ozs/Pz9DQ0NHR0dLS0tPT09TU1NXV1dbW1tfX19jY2NnZ2dra2tvb29zc3N3d3d7e3t/f 
3+Dg4OHh4eLi4uPj4+Tk5OXl5ebm5ufn5+jo6Onp6erq6uvr6+zs7O3t7e7u7u/v7/Dw8PHx8fLy 
8vPz8/T09PX19fb29vf39/j4+Pn5+fr6+vv7+/z8/P39/f7+/v///yH/C05FVFNDQVBFMi4wAwEA 
AAAh+QQJCgD/ACwAAAAACwARAAAIMwABCBwo8J/BgwcHIlyocKFBgg7/NWRYMCFEihcjTnS4kWLE 
hwA+dgRJsGRDkyEtlkQYEAAh+QQJCgD/ACwAAAAACwARAAAIMwABCBwo8J/BgwcHIlyocKFBgg7/ 
NWRYMCFEihcjTnS4kWLEhwA+dgRJsKRCkxVJZvwXEAAh+QQJCgD/ACwAAAAACwARAAAIMwABCBwo 
8J/BgwcHIlyocKFBgg7/NWRYMCFEihcjTnS4kWLEhwA+dgRJsGRFkxVJZvwXEAAh+QQJCgD/ACwA 
AAAACwARAAAINAABCBwo8J/BgwcHIlyocKFBgg7/NWQ4kWBBhBYBRHx4MeJEhx1BavQYMmHGjBxR 
mrSIMCAAIfkECQoA/wAsAAAAAAsAEQAACDQAAQgcKPCfwYMHByJcqHChQYIO/zV0OJFgQYQWAUR8 
eDHiRIoaN3ZkODJhxowcUZq0iDAgACH5BAkKAP8ALAAAAAALABEAAAg0AAEIHCjwn8GDBwciXKhw 
oUGCDv81dDiRYEGEFgFEfHgx4kSKHRlq9BgyYcaMHFGatIgwIAAh+QQJCgD/ACwAAAAACwARAAAI 
MwABCBwo8J/BgwcHIlyocKFBgg7/NWQ4keBEiRYjPiyo8SJFAB05foxosSRHkyATlkQYEAAh+QQJ 
CgD/ACwAAAAACwARAAAINAABCBwo8J/BgwcHIlyocKFBgg7/NWRYMCFBABQhRpRYMeJEhx8Rhnw4 
8qLJiicxWryIMCAAIfkECQoA/wAsAAAAAAsAEQAACDQAAQgcKPCfwYMHByJcqHChwYYOISKUSBBA 
xIoOExbM+E8iw40XLYYUObGiSZEnSXY0iTAgACH5BAkKAP8ALAAAAAALABEAAAg0AAEIHCjwn8GD 
BwciXKhwocGGDiEilEgQQMSKDhMWzPhPIsONFy1m9NixosmCJ0U+NIkwIAAh+QQJCgD/ACwAAAAA 
CwARAAAIMwABCBwo8J/BgwcHIlyocKHBhg4hIpRIEEDEig4TFsz4TyLDjRctZvTYsaLJjScnmkQY 
EAAh+QQJCgD/ACwAAAAACwARAAAIMwABCBwo8J/BgwcHIlyocKHBhg4hIpRIEEDEig4TFsz4TyLD 
jRlBfrQ4sqLJhyc1YjwYEAAh+QQJCgD/ACwAAAAACwARAAAINAABCBwo8J/BgwcHIlyocKHBhg4h 
IpRIEEDEig4TFsz4TyLDjRctZvT4sKJJkSdFdjSJMCAAIfkECQoA/wAsAAAAAAsAEQAACDQAAQgc 
KPCfwYMHByJcqHChwYYOISKUSBBAxIoOExbM+E8iw40XLWb0+LCiSZEnRXY0iTAgACH5BAEKAP8A 
LAAAAAALABEAAAgyAAEIHCjwn8GDBwciXKhwoUGCDv81ZFgwIUSKFyNOdLgRY0SJFTEC4Eiw5EWT 
IVEiDAgAOw== 
"> </p>]]></text></answer>
  </subquestion>
  <subquestion format="html">
    <text><![CDATA[<p><IMG  SRC="data:image/jpeg;base64,/9j/4AAQSkZJRgABAQIAIwAjAAD/2wBDAAMCAgMCAgMDAwMEAwMEBQgFBQQEBQoHBwYIDAoMDAsK 
CwsNDhIQDQ4RDgsLEBYQERMUFRUVDA8XGBYUGBIUFRT/wAALCAAQAAwBAREA/8QAFwAAAwEAAAAA 
AAAAAAAAAAAABQYHCP/EACcQAAEDBAEDAwUAAAAAAAAAAAIBAwQFBgcRCAASIRMUMjhRcXax/9oA 
CAEBAAA/ANg8gpDmb59exXTn3Btql08596TIxECkBNkUamAYqmjdVEcd0u0aFEVE9ZFQ7wW+j7En 
6/H/AJ1OaLx5zXi3HVxQoOYrbnty1nVOoy5llmUuc+73G4bjnvvlrQp40IiIomhROl/iDY+cKjxi 
xrJoGU7YpFFcorBRIMyzjlOsN68CTqTQ71T79qfjr//Z 
"></p>]]></text>
    <answer format="html"><text><![CDATA[<p><IMG  SRC="data:image/jpeg;base64,/9j/4AAQSkZJRgABAQIAIwAjAAD/2wBDAAMCAgMCAgMDAwMEAwMEBQgFBQQEBQoHBwYIDAoMDAsK 
CwsNDhIQDQ4RDgsLEBYQERMUFRUVDA8XGBYUGBIUFRT/wAALCAARAAsBAREA/8QAFwAAAwEAAAAA 
AAAAAAAAAAAABAYJCP/EACkQAAEDAwQBAgcBAAAAAAAAAAECAwUEBgcAERIhEwgUIjM4UXFysbL/ 
2gAIAQEAAD8APx7E+mJivyZXZktB2qnV35PeWZqYKTepm2PfOBsrqWWyylI2VueXWx321RXFsZaM 
XjyAprE9qqzkUqTFmNqPLTFg9p8auR3T313pGd9XeCKi135RzKtlvRJbIcbVL05WoFJPAslXMqIB 
+Djue+tYiw9hLOc5YzcpjuRdtKxJCQka2ChqhlTC6aidrX3GR4+uIKFJUB9lDS5fX1uW/wDl/wD2 
zqsTPyW/1H81/9k= 
"> </p>]]></text></answer>
  </subquestion>
  <subquestion format="html">
    <text><![CDATA[<p><IMG  SRC="data:image/gif;base64,R0lGODlhCwARAOcAAAAAAAEBAQICAgMDAwQEBAUFBQYGBgcHBwgICAkJCQoKCgsLCwwMDA0NDQ4O 
Dg8PDxAQEBERERISEhMTExQUFBUVFRYWFhcXFxgYGBkZGRoaGhsbGxwcHB0dHR4eHh8fHyAgICEh 
ISIiIiMjIyQkJCUlJSYmJicnJygoKCkpKSoqKisrKywsLC0tLS4uLi8vLzAwMDExMTIyMjMzMzQ0 
NDU1NTY2Njc3Nzg4ODk5OTo6Ojs7Ozw8PD09PT4+Pj8/P0BAQEFBQUJCQkNDQ0REREVFRUZGRkdH 
R0hISElJSUpKSktLS0xMTE1NTU5OTk9PT1BQUFFRUVJSUlNTU1RUVFVVVVZWVldXV1hYWFlZWVpa 
WltbW1xcXF1dXV5eXl9fX2BgYGFhYWJiYmNjY2RkZGVlZWZmZmdnZ2hoaGlpaWpqamtra2xsbG1t 
bW5ubm9vb3BwcHFxcXJycnNzc3R0dHV1dXZ2dnd3d3h4eHl5eXp6ent7e3x8fH19fX5+fn9/f4CA 
gIGBgYKCgoODg4SEhIWFhYaGhoeHh4iIiImJiYqKiouLi4yMjI2NjY6Ojo+Pj5CQkJGRkZKSkpOT 
k5SUlJWVlZaWlpeXl5iYmJmZmZqampubm5ycnJ2dnZ6enp+fn6CgoKGhoaKioqOjo6SkpKWlpaam 
pqenp6ioqKmpqaqqqqurq6ysrK2tra6urq+vr7CwsLGxsbKysrOzs7S0tLW1tba2tre3t7i4uLm5 
ubq6uru7u7y8vL29vb6+vr+/v8DAwMHBwcLCwsPDw8TExMXFxcbGxsfHx8jIyMnJycrKysvLy8zM 
zM3Nzc7Ozs/Pz9DQ0NHR0dLS0tPT09TU1NXV1dbW1tfX19jY2NnZ2dra2tvb29zc3N3d3d7e3t/f 
3+Dg4OHh4eLi4uPj4+Tk5OXl5ebm5ufn5+jo6Onp6erq6uvr6+zs7O3t7e7u7u/v7/Dw8PHx8fLy 
8vPz8/T09PX19fb29vf39/j4+Pn5+fr6+vv7+/z8/P39/f7+/v///yH/C05FVFNDQVBFMi4wAwEA 
AAAh+QQJCgD/ACwAAAAACwARAAAIMwABCBwo8J/BgwcHIlyocKFBgg7/NWRYMCFEihcjTnS4kWLE 
hwA+dgRJsGRDkyEtlkQYEAAh+QQJCgD/ACwAAAAACwARAAAIMwABCBwo8J/BgwcHIlyocKFBgg7/ 
NWRYMCFEihcjTnS4kWLEhwA+dgRJsKRCkxVJZvwXEAAh+QQJCgD/ACwAAAAACwARAAAIMwABCBwo 
8J/BgwcHIlyocKFBgg7/NWRYMCFEihcjTnS4kWLEhwA+dgRJsGRFkxVJZvwXEAAh+QQJCgD/ACwA 
AAAACwARAAAINAABCBwo8J/BgwcHIlyocKFBgg7/NWQ4kWBBhBYBRHx4MeJEhx1BavQYMmHGjBxR 
mrSIMCAAIfkECQoA/wAsAAAAAAsAEQAACDQAAQgcKPCfwYMHByJcqHChQYIO/zV0OJFgQYQWAUR8 
eDHiRIoaN3ZkODJhxowcUZq0iDAgACH5BAkKAP8ALAAAAAALABEAAAg0AAEIHCjwn8GDBwciXKhw 
oUGCDv81dDiRYEGEFgFEfHgx4kSKHRlq9BgyYcaMHFGatIgwIAAh+QQJCgD/ACwAAAAACwARAAAI 
MwABCBwo8J/BgwcHIlyocKFBgg7/NWQ4keBEiRYjPiyo8SJFAB05foxosSRHkyATlkQYEAAh+QQJ 
CgD/ACwAAAAACwARAAAINAABCBwo8J/BgwcHIlyocKFBgg7/NWRYMCFBABQhRpRYMeJEhx8Rhnw4 
8qLJiicxWryIMCAAIfkECQoA/wAsAAAAAAsAEQAACDQAAQgcKPCfwYMHByJcqHChwYYOISKUSBBA 
xIoOExbM+E8iw40XLYYUObGiSZEnSXY0iTAgACH5BAkKAP8ALAAAAAALABEAAAg0AAEIHCjwn8GD 
BwciXKhwocGGDiEilEgQQMSKDhMWzPhPIsONFy1m9NixosmCJ0U+NIkwIAAh+QQJCgD/ACwAAAAA 
CwARAAAIMwABCBwo8J/BgwcHIlyocKHBhg4hIpRIEEDEig4TFsz4TyLDjRctZvTYsaLJjScnmkQY 
EAAh+QQJCgD/ACwAAAAACwARAAAIMwABCBwo8J/BgwcHIlyocKHBhg4hIpRIEEDEig4TFsz4TyLD 
jRlBfrQ4sqLJhyc1YjwYEAAh+QQJCgD/ACwAAAAACwARAAAINAABCBwo8J/BgwcHIlyocKHBhg4h 
IpRIEEDEig4TFsz4TyLDjRctZvT4sKJJkSdFdjSJMCAAIfkECQoA/wAsAAAAAAsAEQAACDQAAQgc 
KPCfwYMHByJcqHChwYYOISKUSBBAxIoOExbM+E8iw40XLWb0+LCiSZEnRXY0iTAgACH5BAEKAP8A 
LAAAAAALABEAAAgyAAEIHCjwn8GDBwciXKhwoUGCDv81ZFgwIUSKFyNOdLgRY0SJFTEC4Eiw5EWT 
IVEiDAgAOw== 
"></p>]]></text>
    <answer format="html"><text><![CDATA[<p><IMG width=28 SRC="data:image/svg+xml;base64,PD94bWwgdmVyc2lvbj0iMS4wIiBlbmNvZGluZz0iVVRGLTgiPz4KPHN2ZyB3aWR0aD0iMTEuMjYy 
IiBoZWlnaHQ9IjE3LjM3OSIgdmVyc2lvbj0iMS4xIiB2aWV3Qm94PSIwIDAgMTEuMjYyIDE3LjM3 
OSIgeG1sOnNwYWNlPSJwcmVzZXJ2ZSIgeG1sbnM9Imh0dHA6Ly93d3cudzMub3JnLzIwMDAvc3Zn 
Ij48ZyB0cmFuc2Zvcm09InNjYWxlKDEuMzMzMykiPjx0ZXh0IHRyYW5zZm9ybT0idHJhbnNsYXRl 
KC0uODc4OTEgMTMuMDM0KSIgZmlsbD0iIzAwMDAwMCIgZm9udC1mYW1pbHk9IidPcGVuIFNhbnMn 
IiBmb250LXNpemU9IjE4cHgiPjx0c3BhbiB4PSIwIiB5PSIwIj4yPC90c3Bhbj48L3RleHQ+PC9n 
Pjwvc3ZnPgo= 
"></p>]]></text></answer>
  </subquestion>
</question>
 
</quiz>
