<?xml version="1.0" encoding="UTF-8"?>

<quiz>
 
<question type="category">
  <category>
    <text>$course$/top/Circuitikz</text>
  </category>
</question>
 
<question type="multichoice">
  <name format="html">
    <text><![CDATA[Multi]]></text>
  </name>
  <questiontext format="html">
    <text><![CDATA[<p><IMG SRC="data:image/png;base64,iVBORw0KGgoAAAANSUhEUgAAAU4AAACyCAMAAAAaqtaNAAAAS1BMVEX///8AAAAAAAAAAAAAAAAA 
AAAAAAAAAAAAAAAAAAAAAAAAAAAAAAAAAAAAAAAAAAAAAAAAAAAAAAAAAAAAAAAAAAAAAAAAAAAA 
AADXrLZzAAAAGHRSTlMAESIzRFVmd3qImaeqtLu/zM3d3+7v8Pi3xGZ7AAAF7UlEQVR42u3c7Zak 
JhAG4AJLDYxhjSFJ3f+V5oeemVagP2Yt6OO8/tvdma3uB6gCBYm+cclPupi0L6EWV6Oo4AQnOMEJ 
TnCCE5zgBCc4wQlOcIITnOAEJzjBCU5wghOc4AQnOMEJTnCCE5zgBCc4wQlOcIITnOAEJzjBCU5w 
ghOc4AQnOMEJTnCCE5zgBCc4wQlOcIITnOAEJzjBqRrVmRZR/7QX5ZTYALRC1DacHFqAWq8etQ3n 
BjrUjmq1m7EV5wq6DG3GxQU5iXhpBaoWtSUn0bCILNwElC/ISWYWcfWjBq2oTTmtjyJz7d5pXVTo 
nYZHF4KEyY3cBJO9iEy1Y3deREJ/cguN0+7NltNQexI4BBHxtnYTBhHx3cn/6SwiMrmRmZlHt/6x 
Yj8xw9JiHr9Gtee3UPS92X29SUSmSn1lTV61Z0jGRZFlPLkJjReJYyGar9BfVJLXk1Xv9CbsYnGQ 
GS8ya3dQleTVrOoN8SC2a69ulqj6TVWSV7uq50T8vtnEHue3ajlNJ3k1rHqjyCFr/iUfCbhOWjM6 
yeupJtSJyknXsyL/maOnznhnkVh/ucAiUanqdTFZqHqRzN8tGiOjWxqMdLJqI93MMlHSOUX+McnP 
BdShJ8rQbDKdM0mnZKJWObrQLMnE5LmoWdfrfycNKovebPoic3iXDmG33f9I4ix6s6VmK8xzU7cV 
OeYP8+/GmfTFXqJizSjOBA0zM2uV/1LqfhTVORF3/D13mL/fdE6RP47/FES3++Trw+CiOOf8rHSr 
KZ+6H0fNlOY53VESPzl/pdlzalIf1rBmCVqZJpu6H0Tl9EGIlZjt5B/ykevpJv3xGvWBt1lGELXq 
n0ndj6K6tCeO6VjffjT/CGqWCtU3qQ9u+0KKnJnU/ShqkMxf9S9xlvg16sPXJwhxG0qzctT5laiZ 
1BmFXuJkCTU0OezmaVsSm4PuWpT9bvHyIGomdVIpF5Y4qULypGEWiTf1ncUz987rzir6w6ziUdRM 
6ix2tiJn1H4Ab8ZFZNlNTpwMzDxrbmMw6ezzUdQtdbJz400LvMipWg0Ka6M1iZntI9nzs/d299OU 
ow5uOi6d1lzQT0SDvzP+H3Eq3pxcn74lAbYkJoGI2Pmzx8c66RzuRXUdkZ8pM41amIiifUPOvnDL 
bPvg/faR+FzOdUnE96PGnsjuJ0HrNMqIJaIwfn+wc63kdZj/OXFE5mTOY9UrRJ06IrNfYM/y1bbB 
vVcpyiavw/zPiSMznsmZqXrFqETDze0fG4JI8EfO95goFZLXzQd3RNRFZ9yJvfPeHcE0Ktmly04+ 
d5xvMI0vJa/0O46jOS13FqpeMaqZ8jMaYSL6vMPQfpHJpeRV/oVzor70oMg4QzaHPw1E5jMNtL8F 
0pDz+Rl0NzGzy3Ga0NuvhZMt5MICp8YNOp6eHOxbxpvEuYqDfcuJIlJoRmZz2934BU6d28f3SlHl 
BdjvXi4/2gucWg837k6Uat4e+O02Sh+9lTk1H7012rwwv5q6H3bP8DTnovrkrW+zK/6l1P24x8dc 
9sxyKm5b+E59eM/UndlUk+fU21SjXB+qpm4zZ6pRhlNty5d6faibujMbEnOcShsSa9SHuqk73S6b 
4XTK2+PT+lD9zHDnM/sGv3GNyWdPVlRqm7nLY6/+EdfhpIO1yVGDZGVas7M0OnswnrcjeYi5+v45 
CuaKI902OXtw8pSi9TGtXda8wHFhMzU+REh0qePCzY+4npm83uJmwfEAdqh4APtKx4W/vlSj1wNc 
6rjwvsHqv7yi0UGYilWv4qtVLnZcuC1nF691iLAx5+WOuLblbHoA21yO8/yTZ09GrfpSnLpv+bp8 
Nar90rSGh4ZrPJyq/w4664sbLbRn8td8lbR1LaIahxednxsVnOAEJzjBCU5wghOc4AQnOMEJTnCC 
E5zgBCc4wQlOcIITnOAEJzjBCU5wghOc4AQnOMEJTnCCE5zgBCc4wQlOcIITnOAEJzjBCU5wghOc 
4AQnOMEJTnCCE5zgBOdP4Yzyg66XOP8Hdt63PieF0vUAAAAASUVORK5CYII= 
"> </p>]]></text>
  </questiontext>
  <defaultgrade>1.0</defaultgrade>
  <generalfeedback format="html"><text/></generalfeedback>
  <penalty>0.10</penalty>
  <hidden>0</hidden>
  <single>true</single>
  <shuffleanswers>1</shuffleanswers>
  <answernumbering>abc</answernumbering>
  <answer fraction="100" format="html">
    <text><![CDATA[<p><IMG SRC="data:image/png;base64,iVBORw0KGgoAAAANSUhEUgAAAU4AAACyCAMAAAAaqtaNAAAAS1BMVEX///8AAAAAAAAAAAAAAAAA 
AAAAAAAAAAAAAAAAAAAAAAAAAAAAAAAAAAAAAAAAAAAAAAAAAAAAAAAAAAAAAAAAAAAAAAAAAAAA 
AADXrLZzAAAAGHRSTlMAESIzRFVmd3qImaeqtLu/zM3d3+7v8Pi3xGZ7AAAF7UlEQVR42u3c7Zak 
JhAG4AJLDYxhjSFJ3f+V5oeemVagP2Yt6OO8/tvdma3uB6gCBYm+cclPupi0L6EWV6Oo4AQnOMEJ 
TnCCE5zgBCc4wQlOcIITnOAEJzjBCU5wghOc4AQnOMEJTnCCE5zgBCc4wQlOcIITnOAEJzjBCU5w 
ghOc4AQnOMEJTnCCE5zgBCc4wQlOcIITnOAEJzjBqRrVmRZR/7QX5ZTYALRC1DacHFqAWq8etQ3n 
BjrUjmq1m7EV5wq6DG3GxQU5iXhpBaoWtSUn0bCILNwElC/ISWYWcfWjBq2oTTmtjyJz7d5pXVTo 
nYZHF4KEyY3cBJO9iEy1Y3deREJ/cguN0+7NltNQexI4BBHxtnYTBhHx3cn/6SwiMrmRmZlHt/6x 
Yj8xw9JiHr9Gtee3UPS92X29SUSmSn1lTV61Z0jGRZFlPLkJjReJYyGar9BfVJLXk1Xv9CbsYnGQ 
GS8ya3dQleTVrOoN8SC2a69ulqj6TVWSV7uq50T8vtnEHue3ajlNJ3k1rHqjyCFr/iUfCbhOWjM6 
yeupJtSJyknXsyL/maOnznhnkVh/ucAiUanqdTFZqHqRzN8tGiOjWxqMdLJqI93MMlHSOUX+McnP 
BdShJ8rQbDKdM0mnZKJWObrQLMnE5LmoWdfrfycNKovebPoic3iXDmG33f9I4ix6s6VmK8xzU7cV 
OeYP8+/GmfTFXqJizSjOBA0zM2uV/1LqfhTVORF3/D13mL/fdE6RP47/FES3++Trw+CiOOf8rHSr 
KZ+6H0fNlOY53VESPzl/pdlzalIf1rBmCVqZJpu6H0Tl9EGIlZjt5B/ykevpJv3xGvWBt1lGELXq 
n0ndj6K6tCeO6VjffjT/CGqWCtU3qQ9u+0KKnJnU/ShqkMxf9S9xlvg16sPXJwhxG0qzctT5laiZ 
1BmFXuJkCTU0OezmaVsSm4PuWpT9bvHyIGomdVIpF5Y4qULypGEWiTf1ncUz987rzir6w6ziUdRM 
6ix2tiJn1H4Ab8ZFZNlNTpwMzDxrbmMw6ezzUdQtdbJz400LvMipWg0Ka6M1iZntI9nzs/d299OU 
ow5uOi6d1lzQT0SDvzP+H3Eq3pxcn74lAbYkJoGI2Pmzx8c66RzuRXUdkZ8pM41amIiifUPOvnDL 
bPvg/faR+FzOdUnE96PGnsjuJ0HrNMqIJaIwfn+wc63kdZj/OXFE5mTOY9UrRJ06IrNfYM/y1bbB 
vVcpyiavw/zPiSMznsmZqXrFqETDze0fG4JI8EfO95goFZLXzQd3RNRFZ9yJvfPeHcE0Ktmly04+ 
d5xvMI0vJa/0O46jOS13FqpeMaqZ8jMaYSL6vMPQfpHJpeRV/oVzor70oMg4QzaHPw1E5jMNtL8F 
0pDz+Rl0NzGzy3Ga0NuvhZMt5MICp8YNOp6eHOxbxpvEuYqDfcuJIlJoRmZz2934BU6d28f3SlHl 
BdjvXi4/2gucWg837k6Uat4e+O02Sh+9lTk1H7012rwwv5q6H3bP8DTnovrkrW+zK/6l1P24x8dc 
9sxyKm5b+E59eM/UndlUk+fU21SjXB+qpm4zZ6pRhlNty5d6faibujMbEnOcShsSa9SHuqk73S6b 
4XTK2+PT+lD9zHDnM/sGv3GNyWdPVlRqm7nLY6/+EdfhpIO1yVGDZGVas7M0OnswnrcjeYi5+v45 
CuaKI902OXtw8pSi9TGtXda8wHFhMzU+REh0qePCzY+4npm83uJmwfEAdqh4APtKx4W/vlSj1wNc 
6rjwvsHqv7yi0UGYilWv4qtVLnZcuC1nF691iLAx5+WOuLblbHoA21yO8/yTZ09GrfpSnLpv+bp8 
Nar90rSGh4ZrPJyq/w4664sbLbRn8td8lbR1LaIahxednxsVnOAEJzjBCU5wghOc4AQnOMEJTnCC 
E5zgBCc4wQlOcIITnOAEJzjBCU5wghOc4AQnOMEJTnCCE5zgBCc4wQlOcIITnOAEJzjBCU5wghOc 
4AQnOMEJTnCCE5zgBOdP4Yzyg66XOP8Hdt63PieF0vUAAAAASUVORK5CYII= 
"></p>]]></text>
  </answer>
  <answer fraction="0" format="html">
    <text><![CDATA[<p>toast</p>]]></text>
    <feedback format="html"><text><![CDATA[<p><IMG SRC="data:image/png;base64,iVBORw0KGgoAAAANSUhEUgAAAU4AAACyCAMAAAAaqtaNAAAAS1BMVEX///8AAAAAAAAAAAAAAAAA 
AAAAAAAAAAAAAAAAAAAAAAAAAAAAAAAAAAAAAAAAAAAAAAAAAAAAAAAAAAAAAAAAAAAAAAAAAAAA 
AADXrLZzAAAAGHRSTlMAESIzRFVmd3qImaeqtLu/zM3d3+7v8Pi3xGZ7AAAF7UlEQVR42u3c7Zak 
JhAG4AJLDYxhjSFJ3f+V5oeemVagP2Yt6OO8/tvdma3uB6gCBYm+cclPupi0L6EWV6Oo4AQnOMEJ 
TnCCE5zgBCc4wQlOcIITnOAEJzjBCU5wghOc4AQnOMEJTnCCE5zgBCc4wQlOcIITnOAEJzjBCU5w 
ghOc4AQnOMEJTnCCE5zgBCc4wQlOcIITnOAEJzjBqRrVmRZR/7QX5ZTYALRC1DacHFqAWq8etQ3n 
BjrUjmq1m7EV5wq6DG3GxQU5iXhpBaoWtSUn0bCILNwElC/ISWYWcfWjBq2oTTmtjyJz7d5pXVTo 
nYZHF4KEyY3cBJO9iEy1Y3deREJ/cguN0+7NltNQexI4BBHxtnYTBhHx3cn/6SwiMrmRmZlHt/6x 
Yj8xw9JiHr9Gtee3UPS92X29SUSmSn1lTV61Z0jGRZFlPLkJjReJYyGar9BfVJLXk1Xv9CbsYnGQ 
GS8ya3dQleTVrOoN8SC2a69ulqj6TVWSV7uq50T8vtnEHue3ajlNJ3k1rHqjyCFr/iUfCbhOWjM6 
yeupJtSJyknXsyL/maOnznhnkVh/ucAiUanqdTFZqHqRzN8tGiOjWxqMdLJqI93MMlHSOUX+McnP 
BdShJ8rQbDKdM0mnZKJWObrQLMnE5LmoWdfrfycNKovebPoic3iXDmG33f9I4ix6s6VmK8xzU7cV 
OeYP8+/GmfTFXqJizSjOBA0zM2uV/1LqfhTVORF3/D13mL/fdE6RP47/FES3++Trw+CiOOf8rHSr 
KZ+6H0fNlOY53VESPzl/pdlzalIf1rBmCVqZJpu6H0Tl9EGIlZjt5B/ykevpJv3xGvWBt1lGELXq 
n0ndj6K6tCeO6VjffjT/CGqWCtU3qQ9u+0KKnJnU/ShqkMxf9S9xlvg16sPXJwhxG0qzctT5laiZ 
1BmFXuJkCTU0OezmaVsSm4PuWpT9bvHyIGomdVIpF5Y4qULypGEWiTf1ncUz987rzir6w6ziUdRM 
6ix2tiJn1H4Ab8ZFZNlNTpwMzDxrbmMw6ezzUdQtdbJz400LvMipWg0Ka6M1iZntI9nzs/d299OU 
ow5uOi6d1lzQT0SDvzP+H3Eq3pxcn74lAbYkJoGI2Pmzx8c66RzuRXUdkZ8pM41amIiifUPOvnDL 
bPvg/faR+FzOdUnE96PGnsjuJ0HrNMqIJaIwfn+wc63kdZj/OXFE5mTOY9UrRJ06IrNfYM/y1bbB 
vVcpyiavw/zPiSMznsmZqXrFqETDze0fG4JI8EfO95goFZLXzQd3RNRFZ9yJvfPeHcE0Ktmly04+ 
d5xvMI0vJa/0O46jOS13FqpeMaqZ8jMaYSL6vMPQfpHJpeRV/oVzor70oMg4QzaHPw1E5jMNtL8F 
0pDz+Rl0NzGzy3Ga0NuvhZMt5MICp8YNOp6eHOxbxpvEuYqDfcuJIlJoRmZz2934BU6d28f3SlHl 
BdjvXi4/2gucWg837k6Uat4e+O02Sh+9lTk1H7012rwwv5q6H3bP8DTnovrkrW+zK/6l1P24x8dc 
9sxyKm5b+E59eM/UndlUk+fU21SjXB+qpm4zZ6pRhlNty5d6faibujMbEnOcShsSa9SHuqk73S6b 
4XTK2+PT+lD9zHDnM/sGv3GNyWdPVlRqm7nLY6/+EdfhpIO1yVGDZGVas7M0OnswnrcjeYi5+v45 
CuaKI902OXtw8pSi9TGtXda8wHFhMzU+REh0qePCzY+4npm83uJmwfEAdqh4APtKx4W/vlSj1wNc 
6rjwvsHqv7yi0UGYilWv4qtVLnZcuC1nF691iLAx5+WOuLblbHoA21yO8/yTZ09GrfpSnLpv+bp8 
Nar90rSGh4ZrPJyq/w4664sbLbRn8td8lbR1LaIahxednxsVnOAEJzjBCU5wghOc4AQnOMEJTnCC 
E5zgBCc4wQlOcIITnOAEJzjBCU5wghOc4AQnOMEJTnCCE5zgBCc4wQlOcIITnOAEJzjBCU5wghOc 
4AQnOMEJTnCCE5zgBOdP4Yzyg66XOP8Hdt63PieF0vUAAAAASUVORK5CYII= 
"></p>]]></text></feedback>
  </answer>
</question>
 
</quiz>
