<?xml version="1.0" encoding="UTF-8"?>

<quiz>
 
<question type="category">
  <category>
    <text>$course$/top/French Issues</text>
  </category>
</question>
 
<question type="multichoice">
  <name format="html">
    <text><![CDATA[Test french]]></text>
  </name>
  <questiontext format="html">
    <text><![CDATA[<p> <SPAN STYLE="text-decoration: underline;">Pangramme</SPAN> con&ccedil;u par Gilles <SPAN STYLE="font-variant: small-caps;">Esposito-Far&egrave;se</SPAN>&#8239;:</p>]]></text>
  </questiontext>
  <defaultgrade>1.0</defaultgrade>
  <generalfeedback format="html">
    <text><![CDATA[<p>1<SUP>er</SUP>, M<SUP>me</SUP>, N<SUP>o</SUP><BR/> 1<SUP>er</SUP>, M<SUP>me</SUP>, N<SUP>o</SUP><BR/> H<SUB>2</SUB>O</p>]]></text>
  </generalfeedback>
  <penalty>0.10</penalty>
  <hidden>0</hidden>
  <single>true</single>
  <shuffleanswers>1</shuffleanswers>
  <answernumbering>abc</answernumbering>
  <answer fraction="100" format="html">
    <text><![CDATA[<p>D&egrave;s No&euml;l o&ugrave; un z&eacute;phyr ha&iuml; me v&ecirc;t de gla&ccedil;ons w&uuml;rmiens je d&icirc;ne d&rsquo;exquis r&ocirc;tis de b&oelig;uf au kir &agrave; l&rsquo;a&yuml; d&rsquo;&acirc;ge m&ucirc;r & c&aelig;tera&#8239;!</p>]]></text>
    <feedback format="html"><text><![CDATA[<p>cit&eacute; dans &laquo;&#8239;&#8239;<A href="https://jacques-andre.fr/faqtypo/lessons.pdf">Petites le&ccedil;ons de typographie</A>&#8239;&#8239;&raquo; de Jacques <SPAN STYLE="font-variant: small-caps;">Andr&eacute;</SPAN>.</p>]]></text></feedback>
  </answer>
  <answer fraction="0" format="html">
    <text><![CDATA[<p>Portez ce vieux whisky au juge blond qui fume.</p>]]></text>
  </answer>
</question>
 
</quiz>
