<?xml version="1.0" encoding="UTF-8"?>

<quiz>
 
<question type="category">
  <category>
    <text>$course$/top/Scalable Vector Graphics</text>
  </category>
</question>
 
<question type="multichoice">
  <name format="html">
    <text><![CDATA[Picture]]></text>
  </name>
  <questiontext format="html">
    <text><![CDATA[<p><IMG  SRC="data:image/svg+xml;base64,PD94bWwgdmVyc2lvbj0iMS4wIiBlbmNvZGluZz0iVVRGLTgiPz4NCjxzdmcgdmVyc2lvbj0iMS4x 
IiB2aWV3Qm94PSIwIDAgMjk5LjcgOTkuOTc3IiB4bWxucz0iaHR0cDovL3d3dy53My5vcmcvMjAw 
MC9zdmciPg0KPGcgZmlsbD0iI2Y5ODAxMiI+DQo8cGF0aCBkPSJtMTA4Ljc5IDIyLjc1Ni0zLjA5 
NC0yLjExNy03LjQ5MiAxMi4wNWMtNS4zNzUtMS43OTItMTAuNTktMS43OTItMTEuNTYtMS43OTIt 
MTcuMSAwLTI2LjU1IDEwLjU5LTI2LjU1IDI0LjQzIDAgNi4zNTEgMi40NDMgMTQuOTggMTEuNzMg 
MTkuODdsLTcuMzI4IDExLjg5IDMuMDk1IDEuOTU0IDcuNjUzLTEyLjIxYzUuMjEyIDEuNzkyIDEw 
LjEgMS43OTIgMTEuNCAxLjc5MiAxNy40MyAwIDI2LjU1LTEwLjU5IDI2LjU1LTIzLjI5IDAtNy45 
OC0zLjQyMS0xNi40NS0xMS43My0yMC44NXptLTMzLjcxIDQ3LjIzYy0zLjA5NS0zLjc0Ni0zLjA5 
NS05LjYwOS0zLjA5NS0xNC44MiAwLTcuODE3IDAtMjAuNTIgMTQuNjYtMjAuNTIgMy4wOTUgMCA2 
LjE4OSAwLjY1MSA4Ljc5NCAyLjQ0M3ptMjMuMTMtMzAuMjljMi45MzIgNC4wNzIgMy4wOTUgOS43 
NzIgMy4wOTUgMTUuNDcgMCA3LjgxNiAwIDE5LjcxLTE0LjY2IDE5LjcxLTEuMzAyIDAtNS4yMTEg 
MC04LjYzMS0yLjI4eiIvPg0KPHBhdGggZD0ibTEzOC4yOSA3OC41NTZjLTYuOTc1IDAtMTIuNzUt 
Mi4yMjQtMTcuMy02LjY1LTQuNTUxLTQuNDI0LTYuODI2LTEwLjEyLTYuODI2LTE3LjEyIDAtNi45 
NzUgMi4yNzUtMTIuNjcgNi44MjYtMTcuMSA0LjU0OS00LjQyNCAxMC4zMi02LjY1IDE3LjMtNi42 
NXMxMi43NyAyLjIyNSAxNy4zNSA2LjY1YzQuNiA0LjQyNiA2Ljg5OSAxMC4xNSA2Ljg5OSAxNy4x 
IDAgNi45NzUtMi4yOTkgMTIuNjgtNi44OTkgMTcuMTItNC42IDQuNDI2LTEwLjM3IDYuNjUtMTcu 
MzUgNi42NXptMC0zNi40NWMtMy4zMjQgMC01Ljg3NSAxLjI1LTcuNjc0IDMuNzc1LTEuNzc1IDIu 
NTI1LTIuNjc2IDUuNS0yLjY3NiA4Ljk3NXMwLjgyNTYgNi40IDIuNSA4Ljc3NGMxLjkwMSAyLjcy 
NSA0LjUyNiA0LjA3NiA3Ljg1IDQuMDc2IDMuMzI2IDAgNS45MjYtMS4zNSA3Ljg1LTQuMDc2IDEu 
NzUtMi40IDIuNjI1LTUuMzI2IDIuNjI1LTguNzc0IDAtMy40NzUtMC44MjU2LTYuNC0yLjUtOC43 
NzQtMS45MjQtMi42NTEtNC41NzYtMy45NzUtNy45NzUtMy45NzV6Ii8+DQo8cGF0aCBkPSJtMTk5 
Ljg5IDc3LjMyNnYtNC41NTFjLTEuMjI1IDEuNjUtMy4zMjYgMi45NTEtNi4yNzYgMy45NTEtMi42 
MjUgMC44OTk2LTUuMTI1IDEuMzUtNy41IDEuMzUtNi41NzQgMC0xMS44NS0yLjI1LTE1LjgyLTYu 
Nzc2LTMuOTc1LTQuNS01Ljk3NS0xMC4xLTUuOTc1LTE2Ljc1IDAtNi41NzQgMS45NTEtMTIuMDcg 
NS44NS0xNi41IDMuNDQ5LTMuOTI0IDkuMS02LjY1IDE1LjU3LTYuNjUgNy4zMDEgMCAxMS41OCAy 
Ljc1IDE0LjE1IDUuOXYtMzcuM2gxMy40MnY3Ny4zMnptMC0yNS43NWMwLTIuNDUxLTEuMTc2LTQu 
ODI2LTMuNS03LjA3NS0yLjMyNi0yLjI1LTQuNzUtMy4zNzUtNy4yLTMuMzc1LTMuNTI1IDAtNi4z 
MjYgMS40NTEtOC4zNzUgNC4yOTktMS43OTkgMi41NTEtMi43MDEgNS42NzYtMi43MDEgOS4zNSAw 
IDMuNjI1IDAuOTAxMyA2LjcgMi43MDEgOS4yMjUgMi4wNDkgMi45NTEgNC44NSA0LjQyNCA4LjM3 
NSA0LjQyNCAyLjEyNSAwIDQuNDUxLTEgNi45NS0zLjAyNSAyLjUtMiAzLjc1LTQuMDc0IDMuNzUt 
Ni4yMjV6Ii8+DQo8cGF0aCBkPSJtMjE3LjQ5IDZlLTNoMTMuOHY3Ny4zMmgtMTMuOHoiLz4NCjxw 
YXRoIGQ9Im0yOTkuNjkgNzMuODM2aC0yLjc3NGMtMi43NzIgMTUuNTctNS4zMjQgMjMtMjQuMjkg 
MjNoLTE0LjY0Yy01LjIxMiAwLTUuNDM1LTAuNzEyLTUuNDM1LTQuMDd2LTI3LjA3aDkuODcyYzEw 
Ljc2IDAgMTEuOTggMy4yNTcgMTEuOTggMTEuOTFoMi43NzN2LTI2Ljg3aC0yLjc3M2MwIDguNjQ5 
LTEuMjIgMTEuOC0xMS45OCAxMS44aC05Ljg3MnYtMjQuMzJjMC0zLjM1OCAwLjIyMjctNC4wNzIg 
NS40MzUtNC4wNzJoMTQuMmMxNi45NyAwIDE5Ljg1IDUuNTk4IDIxLjYzIDE5Ljc0aDIuNzczbC0z 
LjEwNS0yMi44aC02Mi4xMXYzLjA1M2gyLjU1MmM4LjUzOSAwIDguNzYyIDEuMTIgOC43NjIgNC43 
ODN2NTMuMTJjMCAzLjY2My0wLjIyMTYgNC43ODItOC43NjIgNC43ODJoLTIuNTUydjMuMTU1aDYz 
LjY3bDQuNjU5LTI2LjE1eiIvPg0KPHBhdGggZD0ibTU4LjM3MiA0OC40MzN2MjkuMDdoLTEzLjc3 
di0yNy4wN2MwLTUuNjUtMi4zMDEtOC41LTYuODk5LTguNS00LjY3NiAwLTcgMi44MjYtNyA4LjV2 
MjcuMDdoLTEzLjc4di0yOC42OGMwLTUuOSAyLjA1MS0xMC4zNyA2LjE1MS0xMy40IDMuNTk5LTIu 
NzAxIDguNS00LjA3NiAxNC42NS00LjA3NiA2LjIyNSAwIDEwLjA0NiAxLjY3NzEgMTMuNzcgNC44 
MDEgMy41OTU3IDMuMDE2IDYuOTYzMSA3LjAwMDggNi44NzggMTIuMjg1eiIvPg0KPC9nPg0KPHBh 
dGggZD0ibTQzLjY2NiAyOS4yNzMgMTMuNjgtMTAtMC4xNzYtMC42MDAzYy0yNC42NyAzLjAyNS0z 
NS45IDUuMTc0LTU3LjE3IDE3LjVsMC4yMDA3IDAuNTQ5MyAxLjY5OSAwLjAyNjNjLTAuMTQ5NyAx 
LjY5OS0wLjQyNDMgNS45LTAuMDc0IDEyLjI1LTIuMzUgNi44MjQtMC4wNTEgMTEuNDcgMi4wOTkg 
MTYuNTIgMC4zNTAzLTUuMjUgMC4zMDEtMTEtMS4yOTktMTYuNzItMC4zMjU3LTYuMjc1LTAuMDQ5 
My0xMC40MiAwLjEwMDMtMTIuMDJsMTQuMSAwLjEyNXMtMC4xMDAzIDQuMjUgMC40MjQzIDguMjc0 
YzEyLjYgNC40MjQgMjUuMjctMC4wMjQ3IDMyLTEwLjkyLTEuOS0yLjEyNS01LjU3Ni00Ljk3NS01 
LjU3Ni00Ljk3NXoiIGZpbGw9IiMzMzMiLz4NCjwvc3ZnPg0K 
"> </p>]]></text>
  </questiontext>
  <defaultgrade>1.0</defaultgrade>
  <generalfeedback format="html"><text/></generalfeedback>
  <penalty>0.10</penalty>
  <hidden>0</hidden>
  <single>true</single>
  <shuffleanswers>1</shuffleanswers>
  <answernumbering>abc</answernumbering>
  <answer fraction="100" format="html">
    <text><![CDATA[<p><IMG  SRC="data:image/gif;base64,R0lGODlhCwARAOcAAAAAAAEBAQICAgMDAwQEBAUFBQYGBgcHBwgICAkJCQoKCgsLCwwMDA0NDQ4O 
Dg8PDxAQEBERERISEhMTExQUFBUVFRYWFhcXFxgYGBkZGRoaGhsbGxwcHB0dHR4eHh8fHyAgICEh 
ISIiIiMjIyQkJCUlJSYmJicnJygoKCkpKSoqKisrKywsLC0tLS4uLi8vLzAwMDExMTIyMjMzMzQ0 
NDU1NTY2Njc3Nzg4ODk5OTo6Ojs7Ozw8PD09PT4+Pj8/P0BAQEFBQUJCQkNDQ0REREVFRUZGRkdH 
R0hISElJSUpKSktLS0xMTE1NTU5OTk9PT1BQUFFRUVJSUlNTU1RUVFVVVVZWVldXV1hYWFlZWVpa 
WltbW1xcXF1dXV5eXl9fX2BgYGFhYWJiYmNjY2RkZGVlZWZmZmdnZ2hoaGlpaWpqamtra2xsbG1t 
bW5ubm9vb3BwcHFxcXJycnNzc3R0dHV1dXZ2dnd3d3h4eHl5eXp6ent7e3x8fH19fX5+fn9/f4CA 
gIGBgYKCgoODg4SEhIWFhYaGhoeHh4iIiImJiYqKiouLi4yMjI2NjY6Ojo+Pj5CQkJGRkZKSkpOT 
k5SUlJWVlZaWlpeXl5iYmJmZmZqampubm5ycnJ2dnZ6enp+fn6CgoKGhoaKioqOjo6SkpKWlpaam 
pqenp6ioqKmpqaqqqqurq6ysrK2tra6urq+vr7CwsLGxsbKysrOzs7S0tLW1tba2tre3t7i4uLm5 
ubq6uru7u7y8vL29vb6+vr+/v8DAwMHBwcLCwsPDw8TExMXFxcbGxsfHx8jIyMnJycrKysvLy8zM 
zM3Nzc7Ozs/Pz9DQ0NHR0dLS0tPT09TU1NXV1dbW1tfX19jY2NnZ2dra2tvb29zc3N3d3d7e3t/f 
3+Dg4OHh4eLi4uPj4+Tk5OXl5ebm5ufn5+jo6Onp6erq6uvr6+zs7O3t7e7u7u/v7/Dw8PHx8fLy 
8vPz8/T09PX19fb29vf39/j4+Pn5+fr6+vv7+/z8/P39/f7+/v///yH/C05FVFNDQVBFMi4wAwEA 
AAAh+QQJCgD/ACwAAAAACwARAAAIMwABCBwo8J/BgwcHIlyocKFBgg7/NWRYMCFEihcjTnS4kWLE 
hwA+dgRJsGRDkyEtlkQYEAAh+QQJCgD/ACwAAAAACwARAAAIMwABCBwo8J/BgwcHIlyocKFBgg7/ 
NWRYMCFEihcjTnS4kWLEhwA+dgRJsKRCkxVJZvwXEAAh+QQJCgD/ACwAAAAACwARAAAIMwABCBwo 
8J/BgwcHIlyocKFBgg7/NWRYMCFEihcjTnS4kWLEhwA+dgRJsGRFkxVJZvwXEAAh+QQJCgD/ACwA 
AAAACwARAAAINAABCBwo8J/BgwcHIlyocKFBgg7/NWQ4kWBBhBYBRHx4MeJEhx1BavQYMmHGjBxR 
mrSIMCAAIfkECQoA/wAsAAAAAAsAEQAACDQAAQgcKPCfwYMHByJcqHChQYIO/zV0OJFgQYQWAUR8 
eDHiRIoaN3ZkODJhxowcUZq0iDAgACH5BAkKAP8ALAAAAAALABEAAAg0AAEIHCjwn8GDBwciXKhw 
oUGCDv81dDiRYEGEFgFEfHgx4kSKHRlq9BgyYcaMHFGatIgwIAAh+QQJCgD/ACwAAAAACwARAAAI 
MwABCBwo8J/BgwcHIlyocKFBgg7/NWQ4keBEiRYjPiyo8SJFAB05foxosSRHkyATlkQYEAAh+QQJ 
CgD/ACwAAAAACwARAAAINAABCBwo8J/BgwcHIlyocKFBgg7/NWRYMCFBABQhRpRYMeJEhx8Rhnw4 
8qLJiicxWryIMCAAIfkECQoA/wAsAAAAAAsAEQAACDQAAQgcKPCfwYMHByJcqHChwYYOISKUSBBA 
xIoOExbM+E8iw40XLYYUObGiSZEnSXY0iTAgACH5BAkKAP8ALAAAAAALABEAAAg0AAEIHCjwn8GD 
BwciXKhwocGGDiEilEgQQMSKDhMWzPhPIsONFy1m9NixosmCJ0U+NIkwIAAh+QQJCgD/ACwAAAAA 
CwARAAAIMwABCBwo8J/BgwcHIlyocKHBhg4hIpRIEEDEig4TFsz4TyLDjRctZvTYsaLJjScnmkQY 
EAAh+QQJCgD/ACwAAAAACwARAAAIMwABCBwo8J/BgwcHIlyocKHBhg4hIpRIEEDEig4TFsz4TyLD 
jRlBfrQ4sqLJhyc1YjwYEAAh+QQJCgD/ACwAAAAACwARAAAINAABCBwo8J/BgwcHIlyocKHBhg4h 
IpRIEEDEig4TFsz4TyLDjRctZvT4sKJJkSdFdjSJMCAAIfkECQoA/wAsAAAAAAsAEQAACDQAAQgc 
KPCfwYMHByJcqHChwYYOISKUSBBAxIoOExbM+E8iw40XLWb0+LCiSZEnRXY0iTAgACH5BAEKAP8A 
LAAAAAALABEAAAgyAAEIHCjwn8GDBwciXKhwoUGCDv81ZFgwIUSKFyNOdLgRY0SJFTEC4Eiw5EWT 
IVEiDAgAOw== 
"></p>]]></text>
    <feedback format="html"><text><![CDATA[<p><IMG  SRC="data:image/svg+xml;base64,PD94bWwgdmVyc2lvbj0iMS4wIiBlbmNvZGluZz0iVVRGLTgiIHN0YW5kYWxvbmU9Im5vIj8+Cjwh 
LS0gQ3JlYXRlZCB3aXRoIElua3NjYXBlIChodHRwOi8vd3d3Lmlua3NjYXBlLm9yZy8pIC0tPgoK 
PHN2ZwogICB2ZXJzaW9uPSIxLjEiCiAgIGlkPSJzdmcyIgogICB4bWw6c3BhY2U9InByZXNlcnZl 
IgogICB3aWR0aD0iMTEuMjYxNzE5IgogICBoZWlnaHQ9IjE3LjM3ODkwNiIKICAgdmlld0JveD0i 
MCAwIDExLjI2MTcxOSAxNy4zNzg5MDYiCiAgIHNvZGlwb2RpOmRvY25hbWU9IjIgMi5wZGYiCiAg 
IHhtbG5zOmlua3NjYXBlPSJodHRwOi8vd3d3Lmlua3NjYXBlLm9yZy9uYW1lc3BhY2VzL2lua3Nj 
YXBlIgogICB4bWxuczpzb2RpcG9kaT0iaHR0cDovL3NvZGlwb2RpLnNvdXJjZWZvcmdlLm5ldC9E 
VEQvc29kaXBvZGktMC5kdGQiCiAgIHhtbG5zPSJodHRwOi8vd3d3LnczLm9yZy8yMDAwL3N2ZyIK 
ICAgeG1sbnM6c3ZnPSJodHRwOi8vd3d3LnczLm9yZy8yMDAwL3N2ZyI+PGRlZnMKICAgICBpZD0i 
ZGVmczYiIC8+PHNvZGlwb2RpOm5hbWVkdmlldwogICAgIGlkPSJuYW1lZHZpZXc0IgogICAgIHBh 
Z2Vjb2xvcj0iI2ZmZmZmZiIKICAgICBib3JkZXJjb2xvcj0iIzY2NjY2NiIKICAgICBib3JkZXJv 
cGFjaXR5PSIxLjAiCiAgICAgaW5rc2NhcGU6cGFnZXNoYWRvdz0iMiIKICAgICBpbmtzY2FwZTpw 
YWdlb3BhY2l0eT0iMC4wIgogICAgIGlua3NjYXBlOnBhZ2VjaGVja2VyYm9hcmQ9IjAiIC8+PGcK 
ICAgICBpZD0iZzgiCiAgICAgaW5rc2NhcGU6Z3JvdXBtb2RlPSJsYXllciIKICAgICBpbmtzY2Fw 
ZTpsYWJlbD0iMiAyIgogICAgIHRyYW5zZm9ybT0ic2NhbGUoMS4zMzMzMzMzKSI+PGcKICAgICAg 
IGlkPSJnMTAiPjx0ZXh0CiAgICAgICAgIHRyYW5zZm9ybT0idHJhbnNsYXRlKC0wLjg3ODkwNywx 
My4wMzQxNzYpIgogICAgICAgICBzdHlsZT0iZm9udC12YXJpYW50Om5vcm1hbDtmb250LXdlaWdo 
dDpub3JtYWw7Zm9udC1zaXplOjE4cHg7Zm9udC1mYW1pbHk6J09wZW4gU2Fucyc7LWlua3NjYXBl 
LWZvbnQtc3BlY2lmaWNhdGlvbjpPcGVuU2Fuczt3cml0aW5nLW1vZGU6bHItdGI7ZmlsbDojMDAw 
MDAwO2ZpbGwtb3BhY2l0eToxO2ZpbGwtcnVsZTpub256ZXJvO3N0cm9rZTpub25lIgogICAgICAg 
ICBpZD0idGV4dDE0Ij48dHNwYW4KICAgICAgICAgICB4PSIwIgogICAgICAgICAgIHk9IjAiCiAg 
ICAgICAgICAgaWQ9InRzcGFuMTIiPjI8L3RzcGFuPjwvdGV4dD48L2c+PC9nPjwvc3ZnPgo= 
"></p>]]></text></feedback>
  </answer>
  <answer fraction="0" format="html">
    <text><![CDATA[<p><IMG  SRC="data:image/jpeg;base64,/9j/4AAQSkZJRgABAQIAIwAjAAD/2wBDAAMCAgMCAgMDAwMEAwMEBQgFBQQEBQoHBwYIDAoMDAsK 
CwsNDhIQDQ4RDgsLEBYQERMUFRUVDA8XGBYUGBIUFRT/wAALCAARAAsBAREA/8QAFwAAAwEAAAAA 
AAAAAAAAAAAABAYJCP/EACkQAAEDAwQBAgcBAAAAAAAAAAECAwUEBgcAERIhEwgUIjM4UXFysbL/ 
2gAIAQEAAD8APx7E+mJivyZXZktB2qnV35PeWZqYKTepm2PfOBsrqWWyylI2VueXWx321RXFsZaM 
XjyAprE9qqzkUqTFmNqPLTFg9p8auR3T313pGd9XeCKi135RzKtlvRJbIcbVL05WoFJPAslXMqIB 
+Djue+tYiw9hLOc5YzcpjuRdtKxJCQka2ChqhlTC6aidrX3GR4+uIKFJUB9lDS5fX1uW/wDl/wD2 
zqsTPyW/1H81/9k= 
"></p>]]></text>
    <feedback format="html"><text><![CDATA[<p><IMG  SRC="data:image/jpeg;base64,/9j/4AAQSkZJRgABAQIAIwAjAAD/2wBDAAMCAgMCAgMDAwMEAwMEBQgFBQQEBQoHBwYIDAoMDAsK 
CwsNDhIQDQ4RDgsLEBYQERMUFRUVDA8XGBYUGBIUFRT/wAALCAAQAAwBAREA/8QAFwAAAwEAAAAA 
AAAAAAAAAAAABQYHCP/EACcQAAEDBAEDAwUAAAAAAAAAAAIBAwQFBgcRCAASIRMUMjhRcXax/9oA 
CAEBAAA/ANg8gpDmb59exXTn3Btql08596TIxECkBNkUamAYqmjdVEcd0u0aFEVE9ZFQ7wW+j7En 
6/H/AJ1OaLx5zXi3HVxQoOYrbnty1nVOoy5llmUuc+73G4bjnvvlrQp40IiIomhROl/iDY+cKjxi 
xrJoGU7YpFFcorBRIMyzjlOsN68CTqTQ71T79qfjr//Z 
"></p>]]></text></feedback>
  </answer>
</question>
<question type="ddmatch">
  <name format="html">
    <text><![CDATA[Picture]]></text>
  </name>
  <questiontext format="html">
    <text><![CDATA[<p><IMG width=81 SRC="data:image/svg+xml;base64,PD94bWwgdmVyc2lvbj0iMS4wIiBlbmNvZGluZz0iVVRGLTgiPz4NCjxzdmcgdmVyc2lvbj0iMS4x 
IiB2aWV3Qm94PSIwIDAgMjk5LjcgOTkuOTc3IiB4bWxucz0iaHR0cDovL3d3dy53My5vcmcvMjAw 
MC9zdmciPg0KPGcgZmlsbD0iI2Y5ODAxMiI+DQo8cGF0aCBkPSJtMTA4Ljc5IDIyLjc1Ni0zLjA5 
NC0yLjExNy03LjQ5MiAxMi4wNWMtNS4zNzUtMS43OTItMTAuNTktMS43OTItMTEuNTYtMS43OTIt 
MTcuMSAwLTI2LjU1IDEwLjU5LTI2LjU1IDI0LjQzIDAgNi4zNTEgMi40NDMgMTQuOTggMTEuNzMg 
MTkuODdsLTcuMzI4IDExLjg5IDMuMDk1IDEuOTU0IDcuNjUzLTEyLjIxYzUuMjEyIDEuNzkyIDEw 
LjEgMS43OTIgMTEuNCAxLjc5MiAxNy40MyAwIDI2LjU1LTEwLjU5IDI2LjU1LTIzLjI5IDAtNy45 
OC0zLjQyMS0xNi40NS0xMS43My0yMC44NXptLTMzLjcxIDQ3LjIzYy0zLjA5NS0zLjc0Ni0zLjA5 
NS05LjYwOS0zLjA5NS0xNC44MiAwLTcuODE3IDAtMjAuNTIgMTQuNjYtMjAuNTIgMy4wOTUgMCA2 
LjE4OSAwLjY1MSA4Ljc5NCAyLjQ0M3ptMjMuMTMtMzAuMjljMi45MzIgNC4wNzIgMy4wOTUgOS43 
NzIgMy4wOTUgMTUuNDcgMCA3LjgxNiAwIDE5LjcxLTE0LjY2IDE5LjcxLTEuMzAyIDAtNS4yMTEg 
MC04LjYzMS0yLjI4eiIvPg0KPHBhdGggZD0ibTEzOC4yOSA3OC41NTZjLTYuOTc1IDAtMTIuNzUt 
Mi4yMjQtMTcuMy02LjY1LTQuNTUxLTQuNDI0LTYuODI2LTEwLjEyLTYuODI2LTE3LjEyIDAtNi45 
NzUgMi4yNzUtMTIuNjcgNi44MjYtMTcuMSA0LjU0OS00LjQyNCAxMC4zMi02LjY1IDE3LjMtNi42 
NXMxMi43NyAyLjIyNSAxNy4zNSA2LjY1YzQuNiA0LjQyNiA2Ljg5OSAxMC4xNSA2Ljg5OSAxNy4x 
IDAgNi45NzUtMi4yOTkgMTIuNjgtNi44OTkgMTcuMTItNC42IDQuNDI2LTEwLjM3IDYuNjUtMTcu 
MzUgNi42NXptMC0zNi40NWMtMy4zMjQgMC01Ljg3NSAxLjI1LTcuNjc0IDMuNzc1LTEuNzc1IDIu 
NTI1LTIuNjc2IDUuNS0yLjY3NiA4Ljk3NXMwLjgyNTYgNi40IDIuNSA4Ljc3NGMxLjkwMSAyLjcy 
NSA0LjUyNiA0LjA3NiA3Ljg1IDQuMDc2IDMuMzI2IDAgNS45MjYtMS4zNSA3Ljg1LTQuMDc2IDEu 
NzUtMi40IDIuNjI1LTUuMzI2IDIuNjI1LTguNzc0IDAtMy40NzUtMC44MjU2LTYuNC0yLjUtOC43 
NzQtMS45MjQtMi42NTEtNC41NzYtMy45NzUtNy45NzUtMy45NzV6Ii8+DQo8cGF0aCBkPSJtMTk5 
Ljg5IDc3LjMyNnYtNC41NTFjLTEuMjI1IDEuNjUtMy4zMjYgMi45NTEtNi4yNzYgMy45NTEtMi42 
MjUgMC44OTk2LTUuMTI1IDEuMzUtNy41IDEuMzUtNi41NzQgMC0xMS44NS0yLjI1LTE1LjgyLTYu 
Nzc2LTMuOTc1LTQuNS01Ljk3NS0xMC4xLTUuOTc1LTE2Ljc1IDAtNi41NzQgMS45NTEtMTIuMDcg 
NS44NS0xNi41IDMuNDQ5LTMuOTI0IDkuMS02LjY1IDE1LjU3LTYuNjUgNy4zMDEgMCAxMS41OCAy 
Ljc1IDE0LjE1IDUuOXYtMzcuM2gxMy40MnY3Ny4zMnptMC0yNS43NWMwLTIuNDUxLTEuMTc2LTQu 
ODI2LTMuNS03LjA3NS0yLjMyNi0yLjI1LTQuNzUtMy4zNzUtNy4yLTMuMzc1LTMuNTI1IDAtNi4z 
MjYgMS40NTEtOC4zNzUgNC4yOTktMS43OTkgMi41NTEtMi43MDEgNS42NzYtMi43MDEgOS4zNSAw 
IDMuNjI1IDAuOTAxMyA2LjcgMi43MDEgOS4yMjUgMi4wNDkgMi45NTEgNC44NSA0LjQyNCA4LjM3 
NSA0LjQyNCAyLjEyNSAwIDQuNDUxLTEgNi45NS0zLjAyNSAyLjUtMiAzLjc1LTQuMDc0IDMuNzUt 
Ni4yMjV6Ii8+DQo8cGF0aCBkPSJtMjE3LjQ5IDZlLTNoMTMuOHY3Ny4zMmgtMTMuOHoiLz4NCjxw 
YXRoIGQ9Im0yOTkuNjkgNzMuODM2aC0yLjc3NGMtMi43NzIgMTUuNTctNS4zMjQgMjMtMjQuMjkg 
MjNoLTE0LjY0Yy01LjIxMiAwLTUuNDM1LTAuNzEyLTUuNDM1LTQuMDd2LTI3LjA3aDkuODcyYzEw 
Ljc2IDAgMTEuOTggMy4yNTcgMTEuOTggMTEuOTFoMi43NzN2LTI2Ljg3aC0yLjc3M2MwIDguNjQ5 
LTEuMjIgMTEuOC0xMS45OCAxMS44aC05Ljg3MnYtMjQuMzJjMC0zLjM1OCAwLjIyMjctNC4wNzIg 
NS40MzUtNC4wNzJoMTQuMmMxNi45NyAwIDE5Ljg1IDUuNTk4IDIxLjYzIDE5Ljc0aDIuNzczbC0z 
LjEwNS0yMi44aC02Mi4xMXYzLjA1M2gyLjU1MmM4LjUzOSAwIDguNzYyIDEuMTIgOC43NjIgNC43 
ODN2NTMuMTJjMCAzLjY2My0wLjIyMTYgNC43ODItOC43NjIgNC43ODJoLTIuNTUydjMuMTU1aDYz 
LjY3bDQuNjU5LTI2LjE1eiIvPg0KPHBhdGggZD0ibTU4LjM3MiA0OC40MzN2MjkuMDdoLTEzLjc3 
di0yNy4wN2MwLTUuNjUtMi4zMDEtOC41LTYuODk5LTguNS00LjY3NiAwLTcgMi44MjYtNyA4LjV2 
MjcuMDdoLTEzLjc4di0yOC42OGMwLTUuOSAyLjA1MS0xMC4zNyA2LjE1MS0xMy40IDMuNTk5LTIu 
NzAxIDguNS00LjA3NiAxNC42NS00LjA3NiA2LjIyNSAwIDEwLjA0NiAxLjY3NzEgMTMuNzcgNC44 
MDEgMy41OTU3IDMuMDE2IDYuOTYzMSA3LjAwMDggNi44NzggMTIuMjg1eiIvPg0KPC9nPg0KPHBh 
dGggZD0ibTQzLjY2NiAyOS4yNzMgMTMuNjgtMTAtMC4xNzYtMC42MDAzYy0yNC42NyAzLjAyNS0z 
NS45IDUuMTc0LTU3LjE3IDE3LjVsMC4yMDA3IDAuNTQ5MyAxLjY5OSAwLjAyNjNjLTAuMTQ5NyAx 
LjY5OS0wLjQyNDMgNS45LTAuMDc0IDEyLjI1LTIuMzUgNi44MjQtMC4wNTEgMTEuNDcgMi4wOTkg 
MTYuNTIgMC4zNTAzLTUuMjUgMC4zMDEtMTEtMS4yOTktMTYuNzItMC4zMjU3LTYuMjc1LTAuMDQ5 
My0xMC40MiAwLjEwMDMtMTIuMDJsMTQuMSAwLjEyNXMtMC4xMDAzIDQuMjUgMC40MjQzIDguMjc0 
YzEyLjYgNC40MjQgMjUuMjctMC4wMjQ3IDMyLTEwLjkyLTEuOS0yLjEyNS01LjU3Ni00Ljk3NS01 
LjU3Ni00Ljk3NXoiIGZpbGw9IiMzMzMiLz4NCjwvc3ZnPg0K 
"> </p>]]></text>
  </questiontext>
  <defaultgrade>1.0</defaultgrade>
  <generalfeedback format="html"><text/></generalfeedback>
  <penalty>0.10</penalty>
  <hidden>0</hidden>
  <shuffleanswers>1</shuffleanswers>
  <subquestion format="html">
    <text><![CDATA[<p><IMG  SRC="data:image/svg+xml;base64,PD94bWwgdmVyc2lvbj0iMS4wIiBlbmNvZGluZz0iVVRGLTgiIHN0YW5kYWxvbmU9Im5vIj8+Cjwh 
LS0gQ3JlYXRlZCB3aXRoIElua3NjYXBlIChodHRwOi8vd3d3Lmlua3NjYXBlLm9yZy8pIC0tPgoK 
PHN2ZwogICB2ZXJzaW9uPSIxLjEiCiAgIGlkPSJzdmcyIgogICB4bWw6c3BhY2U9InByZXNlcnZl 
IgogICB3aWR0aD0iMTEuMjYxNzE5IgogICBoZWlnaHQ9IjE3LjM3ODkwNiIKICAgdmlld0JveD0i 
MCAwIDExLjI2MTcxOSAxNy4zNzg5MDYiCiAgIHNvZGlwb2RpOmRvY25hbWU9IjIgMi5wZGYiCiAg 
IHhtbG5zOmlua3NjYXBlPSJodHRwOi8vd3d3Lmlua3NjYXBlLm9yZy9uYW1lc3BhY2VzL2lua3Nj 
YXBlIgogICB4bWxuczpzb2RpcG9kaT0iaHR0cDovL3NvZGlwb2RpLnNvdXJjZWZvcmdlLm5ldC9E 
VEQvc29kaXBvZGktMC5kdGQiCiAgIHhtbG5zPSJodHRwOi8vd3d3LnczLm9yZy8yMDAwL3N2ZyIK 
ICAgeG1sbnM6c3ZnPSJodHRwOi8vd3d3LnczLm9yZy8yMDAwL3N2ZyI+PGRlZnMKICAgICBpZD0i 
ZGVmczYiIC8+PHNvZGlwb2RpOm5hbWVkdmlldwogICAgIGlkPSJuYW1lZHZpZXc0IgogICAgIHBh 
Z2Vjb2xvcj0iI2ZmZmZmZiIKICAgICBib3JkZXJjb2xvcj0iIzY2NjY2NiIKICAgICBib3JkZXJv 
cGFjaXR5PSIxLjAiCiAgICAgaW5rc2NhcGU6cGFnZXNoYWRvdz0iMiIKICAgICBpbmtzY2FwZTpw 
YWdlb3BhY2l0eT0iMC4wIgogICAgIGlua3NjYXBlOnBhZ2VjaGVja2VyYm9hcmQ9IjAiIC8+PGcK 
ICAgICBpZD0iZzgiCiAgICAgaW5rc2NhcGU6Z3JvdXBtb2RlPSJsYXllciIKICAgICBpbmtzY2Fw 
ZTpsYWJlbD0iMiAyIgogICAgIHRyYW5zZm9ybT0ic2NhbGUoMS4zMzMzMzMzKSI+PGcKICAgICAg 
IGlkPSJnMTAiPjx0ZXh0CiAgICAgICAgIHRyYW5zZm9ybT0idHJhbnNsYXRlKC0wLjg3ODkwNywx 
My4wMzQxNzYpIgogICAgICAgICBzdHlsZT0iZm9udC12YXJpYW50Om5vcm1hbDtmb250LXdlaWdo 
dDpub3JtYWw7Zm9udC1zaXplOjE4cHg7Zm9udC1mYW1pbHk6J09wZW4gU2Fucyc7LWlua3NjYXBl 
LWZvbnQtc3BlY2lmaWNhdGlvbjpPcGVuU2Fuczt3cml0aW5nLW1vZGU6bHItdGI7ZmlsbDojMDAw 
MDAwO2ZpbGwtb3BhY2l0eToxO2ZpbGwtcnVsZTpub256ZXJvO3N0cm9rZTpub25lIgogICAgICAg 
ICBpZD0idGV4dDE0Ij48dHNwYW4KICAgICAgICAgICB4PSIwIgogICAgICAgICAgIHk9IjAiCiAg 
ICAgICAgICAgaWQ9InRzcGFuMTIiPjI8L3RzcGFuPjwvdGV4dD48L2c+PC9nPjwvc3ZnPgo= 
"></p>]]></text>
    <answer format="html"><text><![CDATA[<p><IMG  SRC="data:image/gif;base64,R0lGODlhCwARAOcAAAAAAAEBAQICAgMDAwQEBAUFBQYGBgcHBwgICAkJCQoKCgsLCwwMDA0NDQ4O 
Dg8PDxAQEBERERISEhMTExQUFBUVFRYWFhcXFxgYGBkZGRoaGhsbGxwcHB0dHR4eHh8fHyAgICEh 
ISIiIiMjIyQkJCUlJSYmJicnJygoKCkpKSoqKisrKywsLC0tLS4uLi8vLzAwMDExMTIyMjMzMzQ0 
NDU1NTY2Njc3Nzg4ODk5OTo6Ojs7Ozw8PD09PT4+Pj8/P0BAQEFBQUJCQkNDQ0REREVFRUZGRkdH 
R0hISElJSUpKSktLS0xMTE1NTU5OTk9PT1BQUFFRUVJSUlNTU1RUVFVVVVZWVldXV1hYWFlZWVpa 
WltbW1xcXF1dXV5eXl9fX2BgYGFhYWJiYmNjY2RkZGVlZWZmZmdnZ2hoaGlpaWpqamtra2xsbG1t 
bW5ubm9vb3BwcHFxcXJycnNzc3R0dHV1dXZ2dnd3d3h4eHl5eXp6ent7e3x8fH19fX5+fn9/f4CA 
gIGBgYKCgoODg4SEhIWFhYaGhoeHh4iIiImJiYqKiouLi4yMjI2NjY6Ojo+Pj5CQkJGRkZKSkpOT 
k5SUlJWVlZaWlpeXl5iYmJmZmZqampubm5ycnJ2dnZ6enp+fn6CgoKGhoaKioqOjo6SkpKWlpaam 
pqenp6ioqKmpqaqqqqurq6ysrK2tra6urq+vr7CwsLGxsbKysrOzs7S0tLW1tba2tre3t7i4uLm5 
ubq6uru7u7y8vL29vb6+vr+/v8DAwMHBwcLCwsPDw8TExMXFxcbGxsfHx8jIyMnJycrKysvLy8zM 
zM3Nzc7Ozs/Pz9DQ0NHR0dLS0tPT09TU1NXV1dbW1tfX19jY2NnZ2dra2tvb29zc3N3d3d7e3t/f 
3+Dg4OHh4eLi4uPj4+Tk5OXl5ebm5ufn5+jo6Onp6erq6uvr6+zs7O3t7e7u7u/v7/Dw8PHx8fLy 
8vPz8/T09PX19fb29vf39/j4+Pn5+fr6+vv7+/z8/P39/f7+/v///yH/C05FVFNDQVBFMi4wAwEA 
AAAh+QQJCgD/ACwAAAAACwARAAAIMwABCBwo8J/BgwcHIlyocKFBgg7/NWRYMCFEihcjTnS4kWLE 
hwA+dgRJsGRDkyEtlkQYEAAh+QQJCgD/ACwAAAAACwARAAAIMwABCBwo8J/BgwcHIlyocKFBgg7/ 
NWRYMCFEihcjTnS4kWLEhwA+dgRJsKRCkxVJZvwXEAAh+QQJCgD/ACwAAAAACwARAAAIMwABCBwo 
8J/BgwcHIlyocKFBgg7/NWRYMCFEihcjTnS4kWLEhwA+dgRJsGRFkxVJZvwXEAAh+QQJCgD/ACwA 
AAAACwARAAAINAABCBwo8J/BgwcHIlyocKFBgg7/NWQ4kWBBhBYBRHx4MeJEhx1BavQYMmHGjBxR 
mrSIMCAAIfkECQoA/wAsAAAAAAsAEQAACDQAAQgcKPCfwYMHByJcqHChQYIO/zV0OJFgQYQWAUR8 
eDHiRIoaN3ZkODJhxowcUZq0iDAgACH5BAkKAP8ALAAAAAALABEAAAg0AAEIHCjwn8GDBwciXKhw 
oUGCDv81dDiRYEGEFgFEfHgx4kSKHRlq9BgyYcaMHFGatIgwIAAh+QQJCgD/ACwAAAAACwARAAAI 
MwABCBwo8J/BgwcHIlyocKFBgg7/NWQ4keBEiRYjPiyo8SJFAB05foxosSRHkyATlkQYEAAh+QQJ 
CgD/ACwAAAAACwARAAAINAABCBwo8J/BgwcHIlyocKFBgg7/NWRYMCFBABQhRpRYMeJEhx8Rhnw4 
8qLJiicxWryIMCAAIfkECQoA/wAsAAAAAAsAEQAACDQAAQgcKPCfwYMHByJcqHChwYYOISKUSBBA 
xIoOExbM+E8iw40XLYYUObGiSZEnSXY0iTAgACH5BAkKAP8ALAAAAAALABEAAAg0AAEIHCjwn8GD 
BwciXKhwocGGDiEilEgQQMSKDhMWzPhPIsONFy1m9NixosmCJ0U+NIkwIAAh+QQJCgD/ACwAAAAA 
CwARAAAIMwABCBwo8J/BgwcHIlyocKHBhg4hIpRIEEDEig4TFsz4TyLDjRctZvTYsaLJjScnmkQY 
EAAh+QQJCgD/ACwAAAAACwARAAAIMwABCBwo8J/BgwcHIlyocKHBhg4hIpRIEEDEig4TFsz4TyLD 
jRlBfrQ4sqLJhyc1YjwYEAAh+QQJCgD/ACwAAAAACwARAAAINAABCBwo8J/BgwcHIlyocKHBhg4h 
IpRIEEDEig4TFsz4TyLDjRctZvT4sKJJkSdFdjSJMCAAIfkECQoA/wAsAAAAAAsAEQAACDQAAQgc 
KPCfwYMHByJcqHChwYYOISKUSBBAxIoOExbM+E8iw40XLWb0+LCiSZEnRXY0iTAgACH5BAEKAP8A 
LAAAAAALABEAAAgyAAEIHCjwn8GDBwciXKhwoUGCDv81ZFgwIUSKFyNOdLgRY0SJFTEC4Eiw5EWT 
IVEiDAgAOw== 
"></p>]]></text></answer>
  </subquestion>
  <subquestion format="html">
    <text><![CDATA[<p><IMG  SRC="data:image/jpeg;base64,/9j/4AAQSkZJRgABAQIAIwAjAAD/2wBDAAMCAgMCAgMDAwMEAwMEBQgFBQQEBQoHBwYIDAoMDAsK 
CwsNDhIQDQ4RDgsLEBYQERMUFRUVDA8XGBYUGBIUFRT/wAALCAAQAAwBAREA/8QAFwAAAwEAAAAA 
AAAAAAAAAAAABQYHCP/EACcQAAEDBAEDAwUAAAAAAAAAAAIBAwQFBgcRCAASIRMUMjhRcXax/9oA 
CAEBAAA/ANg8gpDmb59exXTn3Btql08596TIxECkBNkUamAYqmjdVEcd0u0aFEVE9ZFQ7wW+j7En 
6/H/AJ1OaLx5zXi3HVxQoOYrbnty1nVOoy5llmUuc+73G4bjnvvlrQp40IiIomhROl/iDY+cKjxi 
xrJoGU7YpFFcorBRIMyzjlOsN68CTqTQ71T79qfjr//Z 
"></p>]]></text>
    <answer format="html"><text><![CDATA[<p><IMG  SRC="data:image/jpeg;base64,/9j/4AAQSkZJRgABAQIAIwAjAAD/2wBDAAMCAgMCAgMDAwMEAwMEBQgFBQQEBQoHBwYIDAoMDAsK 
CwsNDhIQDQ4RDgsLEBYQERMUFRUVDA8XGBYUGBIUFRT/wAALCAARAAsBAREA/8QAFwAAAwEAAAAA 
AAAAAAAAAAAABAYJCP/EACkQAAEDAwQBAgcBAAAAAAAAAAECAwUEBgcAERIhEwgUIjM4UXFysbL/ 
2gAIAQEAAD8APx7E+mJivyZXZktB2qnV35PeWZqYKTepm2PfOBsrqWWyylI2VueXWx321RXFsZaM 
XjyAprE9qqzkUqTFmNqPLTFg9p8auR3T313pGd9XeCKi135RzKtlvRJbIcbVL05WoFJPAslXMqIB 
+Djue+tYiw9hLOc5YzcpjuRdtKxJCQka2ChqhlTC6aidrX3GR4+uIKFJUB9lDS5fX1uW/wDl/wD2 
zqsTPyW/1H81/9k= 
"></p>]]></text></answer>
  </subquestion>
  <subquestion format="html">
    <text><![CDATA[<p><IMG  SRC="data:image/gif;base64,R0lGODlhCwARAOcAAAAAAAEBAQICAgMDAwQEBAUFBQYGBgcHBwgICAkJCQoKCgsLCwwMDA0NDQ4O 
Dg8PDxAQEBERERISEhMTExQUFBUVFRYWFhcXFxgYGBkZGRoaGhsbGxwcHB0dHR4eHh8fHyAgICEh 
ISIiIiMjIyQkJCUlJSYmJicnJygoKCkpKSoqKisrKywsLC0tLS4uLi8vLzAwMDExMTIyMjMzMzQ0 
NDU1NTY2Njc3Nzg4ODk5OTo6Ojs7Ozw8PD09PT4+Pj8/P0BAQEFBQUJCQkNDQ0REREVFRUZGRkdH 
R0hISElJSUpKSktLS0xMTE1NTU5OTk9PT1BQUFFRUVJSUlNTU1RUVFVVVVZWVldXV1hYWFlZWVpa 
WltbW1xcXF1dXV5eXl9fX2BgYGFhYWJiYmNjY2RkZGVlZWZmZmdnZ2hoaGlpaWpqamtra2xsbG1t 
bW5ubm9vb3BwcHFxcXJycnNzc3R0dHV1dXZ2dnd3d3h4eHl5eXp6ent7e3x8fH19fX5+fn9/f4CA 
gIGBgYKCgoODg4SEhIWFhYaGhoeHh4iIiImJiYqKiouLi4yMjI2NjY6Ojo+Pj5CQkJGRkZKSkpOT 
k5SUlJWVlZaWlpeXl5iYmJmZmZqampubm5ycnJ2dnZ6enp+fn6CgoKGhoaKioqOjo6SkpKWlpaam 
pqenp6ioqKmpqaqqqqurq6ysrK2tra6urq+vr7CwsLGxsbKysrOzs7S0tLW1tba2tre3t7i4uLm5 
ubq6uru7u7y8vL29vb6+vr+/v8DAwMHBwcLCwsPDw8TExMXFxcbGxsfHx8jIyMnJycrKysvLy8zM 
zM3Nzc7Ozs/Pz9DQ0NHR0dLS0tPT09TU1NXV1dbW1tfX19jY2NnZ2dra2tvb29zc3N3d3d7e3t/f 
3+Dg4OHh4eLi4uPj4+Tk5OXl5ebm5ufn5+jo6Onp6erq6uvr6+zs7O3t7e7u7u/v7/Dw8PHx8fLy 
8vPz8/T09PX19fb29vf39/j4+Pn5+fr6+vv7+/z8/P39/f7+/v///yH/C05FVFNDQVBFMi4wAwEA 
AAAh+QQJCgD/ACwAAAAACwARAAAIMwABCBwo8J/BgwcHIlyocKFBgg7/NWRYMCFEihcjTnS4kWLE 
hwA+dgRJsGRDkyEtlkQYEAAh+QQJCgD/ACwAAAAACwARAAAIMwABCBwo8J/BgwcHIlyocKFBgg7/ 
NWRYMCFEihcjTnS4kWLEhwA+dgRJsKRCkxVJZvwXEAAh+QQJCgD/ACwAAAAACwARAAAIMwABCBwo 
8J/BgwcHIlyocKFBgg7/NWRYMCFEihcjTnS4kWLEhwA+dgRJsGRFkxVJZvwXEAAh+QQJCgD/ACwA 
AAAACwARAAAINAABCBwo8J/BgwcHIlyocKFBgg7/NWQ4kWBBhBYBRHx4MeJEhx1BavQYMmHGjBxR 
mrSIMCAAIfkECQoA/wAsAAAAAAsAEQAACDQAAQgcKPCfwYMHByJcqHChQYIO/zV0OJFgQYQWAUR8 
eDHiRIoaN3ZkODJhxowcUZq0iDAgACH5BAkKAP8ALAAAAAALABEAAAg0AAEIHCjwn8GDBwciXKhw 
oUGCDv81dDiRYEGEFgFEfHgx4kSKHRlq9BgyYcaMHFGatIgwIAAh+QQJCgD/ACwAAAAACwARAAAI 
MwABCBwo8J/BgwcHIlyocKFBgg7/NWQ4keBEiRYjPiyo8SJFAB05foxosSRHkyATlkQYEAAh+QQJ 
CgD/ACwAAAAACwARAAAINAABCBwo8J/BgwcHIlyocKFBgg7/NWRYMCFBABQhRpRYMeJEhx8Rhnw4 
8qLJiicxWryIMCAAIfkECQoA/wAsAAAAAAsAEQAACDQAAQgcKPCfwYMHByJcqHChwYYOISKUSBBA 
xIoOExbM+E8iw40XLYYUObGiSZEnSXY0iTAgACH5BAkKAP8ALAAAAAALABEAAAg0AAEIHCjwn8GD 
BwciXKhwocGGDiEilEgQQMSKDhMWzPhPIsONFy1m9NixosmCJ0U+NIkwIAAh+QQJCgD/ACwAAAAA 
CwARAAAIMwABCBwo8J/BgwcHIlyocKHBhg4hIpRIEEDEig4TFsz4TyLDjRctZvTYsaLJjScnmkQY 
EAAh+QQJCgD/ACwAAAAACwARAAAIMwABCBwo8J/BgwcHIlyocKHBhg4hIpRIEEDEig4TFsz4TyLD 
jRlBfrQ4sqLJhyc1YjwYEAAh+QQJCgD/ACwAAAAACwARAAAINAABCBwo8J/BgwcHIlyocKHBhg4h 
IpRIEEDEig4TFsz4TyLDjRctZvT4sKJJkSdFdjSJMCAAIfkECQoA/wAsAAAAAAsAEQAACDQAAQgc 
KPCfwYMHByJcqHChwYYOISKUSBBAxIoOExbM+E8iw40XLWb0+LCiSZEnRXY0iTAgACH5BAEKAP8A 
LAAAAAALABEAAAgyAAEIHCjwn8GDBwciXKhwoUGCDv81ZFgwIUSKFyNOdLgRY0SJFTEC4Eiw5EWT 
IVEiDAgAOw== 
"></p>]]></text>
    <answer format="html"><text><![CDATA[<p><IMG width=28 SRC="data:image/svg+xml;base64,PD94bWwgdmVyc2lvbj0iMS4wIiBlbmNvZGluZz0iVVRGLTgiIHN0YW5kYWxvbmU9Im5vIj8+Cjwh 
LS0gQ3JlYXRlZCB3aXRoIElua3NjYXBlIChodHRwOi8vd3d3Lmlua3NjYXBlLm9yZy8pIC0tPgoK 
PHN2ZwogICB2ZXJzaW9uPSIxLjEiCiAgIGlkPSJzdmcyIgogICB4bWw6c3BhY2U9InByZXNlcnZl 
IgogICB3aWR0aD0iMTEuMjYxNzE5IgogICBoZWlnaHQ9IjE3LjM3ODkwNiIKICAgdmlld0JveD0i 
MCAwIDExLjI2MTcxOSAxNy4zNzg5MDYiCiAgIHNvZGlwb2RpOmRvY25hbWU9IjIgMi5wZGYiCiAg 
IHhtbG5zOmlua3NjYXBlPSJodHRwOi8vd3d3Lmlua3NjYXBlLm9yZy9uYW1lc3BhY2VzL2lua3Nj 
YXBlIgogICB4bWxuczpzb2RpcG9kaT0iaHR0cDovL3NvZGlwb2RpLnNvdXJjZWZvcmdlLm5ldC9E 
VEQvc29kaXBvZGktMC5kdGQiCiAgIHhtbG5zPSJodHRwOi8vd3d3LnczLm9yZy8yMDAwL3N2ZyIK 
ICAgeG1sbnM6c3ZnPSJodHRwOi8vd3d3LnczLm9yZy8yMDAwL3N2ZyI+PGRlZnMKICAgICBpZD0i 
ZGVmczYiIC8+PHNvZGlwb2RpOm5hbWVkdmlldwogICAgIGlkPSJuYW1lZHZpZXc0IgogICAgIHBh 
Z2Vjb2xvcj0iI2ZmZmZmZiIKICAgICBib3JkZXJjb2xvcj0iIzY2NjY2NiIKICAgICBib3JkZXJv 
cGFjaXR5PSIxLjAiCiAgICAgaW5rc2NhcGU6cGFnZXNoYWRvdz0iMiIKICAgICBpbmtzY2FwZTpw 
YWdlb3BhY2l0eT0iMC4wIgogICAgIGlua3NjYXBlOnBhZ2VjaGVja2VyYm9hcmQ9IjAiIC8+PGcK 
ICAgICBpZD0iZzgiCiAgICAgaW5rc2NhcGU6Z3JvdXBtb2RlPSJsYXllciIKICAgICBpbmtzY2Fw 
ZTpsYWJlbD0iMiAyIgogICAgIHRyYW5zZm9ybT0ic2NhbGUoMS4zMzMzMzMzKSI+PGcKICAgICAg 
IGlkPSJnMTAiPjx0ZXh0CiAgICAgICAgIHRyYW5zZm9ybT0idHJhbnNsYXRlKC0wLjg3ODkwNywx 
My4wMzQxNzYpIgogICAgICAgICBzdHlsZT0iZm9udC12YXJpYW50Om5vcm1hbDtmb250LXdlaWdo 
dDpub3JtYWw7Zm9udC1zaXplOjE4cHg7Zm9udC1mYW1pbHk6J09wZW4gU2Fucyc7LWlua3NjYXBl 
LWZvbnQtc3BlY2lmaWNhdGlvbjpPcGVuU2Fuczt3cml0aW5nLW1vZGU6bHItdGI7ZmlsbDojMDAw 
MDAwO2ZpbGwtb3BhY2l0eToxO2ZpbGwtcnVsZTpub256ZXJvO3N0cm9rZTpub25lIgogICAgICAg 
ICBpZD0idGV4dDE0Ij48dHNwYW4KICAgICAgICAgICB4PSIwIgogICAgICAgICAgIHk9IjAiCiAg 
ICAgICAgICAgaWQ9InRzcGFuMTIiPjI8L3RzcGFuPjwvdGV4dD48L2c+PC9nPjwvc3ZnPgo= 
"></p>]]></text></answer>
  </subquestion>
</question>
 
</quiz>
