<?xml version="1.0" encoding="UTF-8"?>

<quiz>
 
<question type="category">
  <category>
    <text>$course$/top/Example Quiz</text>
  </category>
</question>
 
<question type="cloze">
  <name format="html">
    <text><![CDATA[Arithmetic Quiz (3, 2)]]></text>
  </name>
  <questiontext format="html">
    <text><![CDATA[<p>Solve the following tasks!<BR/> \(3 + 2 =\){2:NUMERICAL:=5:0}\(3 - 2 =\){2:NUMERICAL:=1:0}\(3 * 2 =\){2:NUMERICAL:=6:0}</p>]]></text>
  </questiontext>
  <generalfeedback format="html"><text/></generalfeedback>
  <penalty>0.10</penalty>
  <hidden>0</hidden>
  <tags>
    <tag><text><![CDATA[calculated]]></text></tag>
  </tags>
</question>
<question type="cloze">
  <name format="html">
    <text><![CDATA[Arithmetic Quiz (4, 2)]]></text>
  </name>
  <questiontext format="html">
    <text><![CDATA[<p>Solve the following tasks!<BR/> \(4 + 2 =\){1:NUMERICAL:=6:0}\(4 - 2 =\){1:NUMERICAL:=2:0}\(4 * 2 =\){1:NUMERICAL:=8:0}\(4 : 2 =\){1:NUMERICAL:=2:0}</p>]]></text>
  </questiontext>
  <generalfeedback format="html"><text/></generalfeedback>
  <penalty>0.10</penalty>
  <hidden>0</hidden>
  <tags>
    <tag><text><![CDATA[calculated]]></text></tag>
  </tags>
</question>
<question type="cloze">
  <name format="html">
    <text><![CDATA[Arithmetic Quiz (4, 3)]]></text>
  </name>
  <questiontext format="html">
    <text><![CDATA[<p>Solve the following tasks!<BR/> \(4 + 3 =\){2:NUMERICAL:=7:0}\(4 - 3 =\){2:NUMERICAL:=1:0}\(4 * 3 =\){2:NUMERICAL:=12:0}</p>]]></text>
  </questiontext>
  <generalfeedback format="html"><text/></generalfeedback>
  <penalty>0.10</penalty>
  <hidden>0</hidden>
  <tags>
    <tag><text><![CDATA[calculated]]></text></tag>
  </tags>
</question>
 
</quiz>
