<?xml version="1.0" encoding="UTF-8"?>

<quiz>
 
<question type="category">
  <category>
    <text>$course$/top/Circuitikz</text>
  </category>
</question>
 
<question type="multichoice">
  <name format="html">
    <text><![CDATA[Multi]]></text>
  </name>
  <questiontext format="html">
    <text><![CDATA[<p><IMG SRC="data:image/png;base64,iVBORw0KGgoAAAANSUhEUgAAAU4AAACyCAMAAAAaqtaNAAAAS1BMVEX///8AAAAAAAAAAAAAAAAA 
AAAAAAAAAAAAAAAAAAAAAAAAAAAAAAAAAAAAAAAAAAAAAAAAAAAAAAAAAAAAAAAAAAAAAAAAAAAA 
AADXrLZzAAAAGHRSTlMAESIzRFVmd3qImaeqtLu/zM3d3+7v8Pi3xGZ7AAAF50lEQVR42u3c0Xak 
KBAG4AJLXYjLuC67W+//pHvRnqQVaLszFvQxv5eZZKr7A6pAQaJvXPKTLibtS6jF1SgqOMEJTnCC 
E5zgBCc4wQlOcIITnOAEJzjBCU5wghOc4AQnOMEJTnCCE5zgBCc4wQlOcIITnOAEJzjBCU5wghOc 
4AQnOMEJTnCCE5zgBCc4wQlOcIITnOAEJzjBCU5wqkZ1pkXUP+1FOSU2AK0QtQ0nhxag1qtHbcO5 
gg61o1rtZmzFeQNdhjbj4oKcRLy0AlWL2pKTaFhEFm4CyhfkJDOLuPpRg1bUppzWR5G5du+0Lir0 
TsOjC0HC5EZugsleRKbasTsvIqE/uYXGafNmy2moPQkcgoh4W7sJg4j47uT/dBYRmdzIzMyjC1K5 
n5hhaTGPv0W157dQ9L3ZfL1JRKZKfeWWvGrPkIyLIst4chMaLxLHQjRfob+oJK8nq97pTdjF4iAz 
XmTW7qAqyatZ1RviTmzTXt0sUfWbqiSvdlXPifhts4ndz2/VcppO8mpY9UaRXdb8Sz4ScJ20ZnSS 
11NNqBOVk65nRf4ze0+d8c4isf5ygUWiUtXrYrJQ9SKZny0aI6NbGox0smoj3cwyUdI5Rf4xye8F 
1KEnytBsMp0zSadkolY5utAsycTkuai5rdf/ThpUFr3Z9EXm8C4dwm69/5HEWfRmS81WmOembiuy 
zx/m35Uz6Yu9RMWaUZwJGmZm1ir/pdR9FNU5Ebf/O7ebv991TpE/9v8URLf75OvD4KI45/ysdKsp 
n7qPo2ZK85zuKImfnL/S7Dk1qQ+3sGYJWpkmm7oPonL6IMRKzHbyD/nI9XST/nqN+sDrLCOIWvXP 
pO6jqC7tiWM61tdfzT+CmqVC9U3qg1u/kCJnJnUfRQ2S+VH/EmeJX6M+fH2CENehNCtHnV+Jmkmd 
UeglTpZQQ5PDZp62JrE56K5F2W8WLwdRM6mTSrmwxEkVkicNs0i8q+8snrl3XndW0e9mFUdRM6mz 
2NmKnFH7AbwZF5FlMzlxMjDzrLmNwaSzz6Ooa+pk58a7FniRU7UaFNZGtyRm1o9kz8/e691PU446 
uGm/dLrlgn4iGvyD8X/EqXhz8vb0LQmwJjEJRMTOnz0+bpPO4VFU1xH5mTLTqIWJKNo35OwLt8zW 
D96vH4nP5bwtifhx1NgT2e0k6DaNMmKJKIzvNthN+a7nOv9z4ojMyZz7qleIOnVEZrvAnuWrbYN7 
r1KUTV67+Z8TR2Y8kzNT9YpRiYa72z82BJHg95zvMVEqJK+7D+6IqIvOuBN756M7gmlUskuXnXxu 
ON9gGl9KXul3HEdzWu4sVL1iVDPlk5wwEX3eYWi/yORS8ir/wTlRX3pQZJwhm8OfBiLzmQba3wJp 
yPl8Ue0mZnY5ThN6+7VwsoVcWODUuEHH05ODfc14kzhXcbCvOVFECs3IbO67G7/AqXP7+FEpqrwA 
+93L5Ud7gVPr4cbDiVLN2wO/3Ubpo7cyp+ajt0abF+ZXU/dh9wxPcy6qT976NrviX0rdxz0+5rJn 
llNx28J36sN7pu7Mppo8p96mGuX6UDV1mzlTjTKcalu+1OtD3dSd2ZCY41TakFijPtRN3X26HSnl 
dMrb49P6UP3McOcz+wa/cY3JZ09WVGqbuctjr/4R1+Gkg7XJUYNkZVqzszQ6ezCetyM5OQizHQVz 
xZFum5w9OHlK0fqY1iZrXuC4sJkaHyIkutRx4eZHXM9MXm9xs6DlAewrHRf++lKNXg9wqePC2war 
//KKRgdhKla9iq9Wudhx4bacXbzWIcLGnJc74tqWs+kBbHM5zvNPnj0ZtepLceq+5evy1aj2S9Ma 
Hhqu8XCq/jvorC9utNCeyV/zVdLWtYhqHF50fm5UcIITnOAEJzjBCU5wghOc4AQnOMEJTnCCE5zg 
BCc4wQlOcIITnOAEJzjBCU5wghOc4AQnOMEJTnCCE5zgBCc4wQlOcIITnOAEJzjBCU5wghOc4AQn 
OMEJTnCCE5w/hTPKD7pe4vwfl4S3Pb3qiYIAAAAASUVORK5CYII= 
"> </p>]]></text>
  </questiontext>
  <defaultgrade>1.0</defaultgrade>
  <generalfeedback format="html"><text/></generalfeedback>
  <penalty>0.10</penalty>
  <hidden>0</hidden>
  <single>true</single>
  <shuffleanswers>1</shuffleanswers>
  <answernumbering>abc</answernumbering>
  <answer fraction="100" format="html">
    <text><![CDATA[<p><IMG SRC="data:image/png;base64,iVBORw0KGgoAAAANSUhEUgAAAU4AAACyCAMAAAAaqtaNAAAAS1BMVEX///8AAAAAAAAAAAAAAAAA 
AAAAAAAAAAAAAAAAAAAAAAAAAAAAAAAAAAAAAAAAAAAAAAAAAAAAAAAAAAAAAAAAAAAAAAAAAAAA 
AADXrLZzAAAAGHRSTlMAESIzRFVmd3qImaeqtLu/zM3d3+7v8Pi3xGZ7AAAF50lEQVR42u3c0Xak 
KBAG4AJLXYjLuC67W+//pHvRnqQVaLszFvQxv5eZZKr7A6pAQaJvXPKTLibtS6jF1SgqOMEJTnCC 
E5zgBCc4wQlOcIITnOAEJzjBCU5wghOc4AQnOMEJTnCCE5zgBCc4wQlOcIITnOAEJzjBCU5wghOc 
4AQnOMEJTnCCE5zgBCc4wQlOcIITnOAEJzjBCU5wqkZ1pkXUP+1FOSU2AK0QtQ0nhxag1qtHbcO5 
gg61o1rtZmzFeQNdhjbj4oKcRLy0AlWL2pKTaFhEFm4CyhfkJDOLuPpRg1bUppzWR5G5du+0Lir0 
TsOjC0HC5EZugsleRKbasTsvIqE/uYXGafNmy2moPQkcgoh4W7sJg4j47uT/dBYRmdzIzMyjC1K5 
n5hhaTGPv0W157dQ9L3ZfL1JRKZKfeWWvGrPkIyLIst4chMaLxLHQjRfob+oJK8nq97pTdjF4iAz 
XmTW7qAqyatZ1RviTmzTXt0sUfWbqiSvdlXPifhts4ndz2/VcppO8mpY9UaRXdb8Sz4ScJ20ZnSS 
11NNqBOVk65nRf4ze0+d8c4isf5ygUWiUtXrYrJQ9SKZny0aI6NbGox0smoj3cwyUdI5Rf4xye8F 
1KEnytBsMp0zSadkolY5utAsycTkuai5rdf/ThpUFr3Z9EXm8C4dwm69/5HEWfRmS81WmOembiuy 
zx/m35Uz6Yu9RMWaUZwJGmZm1ir/pdR9FNU5Ebf/O7ebv991TpE/9v8URLf75OvD4KI45/ysdKsp 
n7qPo2ZK85zuKImfnL/S7Dk1qQ+3sGYJWpkmm7oPonL6IMRKzHbyD/nI9XST/nqN+sDrLCOIWvXP 
pO6jqC7tiWM61tdfzT+CmqVC9U3qg1u/kCJnJnUfRQ2S+VH/EmeJX6M+fH2CENehNCtHnV+Jmkmd 
UeglTpZQQ5PDZp62JrE56K5F2W8WLwdRM6mTSrmwxEkVkicNs0i8q+8snrl3XndW0e9mFUdRM6mz 
2NmKnFH7AbwZF5FlMzlxMjDzrLmNwaSzz6Ooa+pk58a7FniRU7UaFNZGtyRm1o9kz8/e691PU446 
uGm/dLrlgn4iGvyD8X/EqXhz8vb0LQmwJjEJRMTOnz0+bpPO4VFU1xH5mTLTqIWJKNo35OwLt8zW 
D96vH4nP5bwtifhx1NgT2e0k6DaNMmKJKIzvNthN+a7nOv9z4ojMyZz7qleIOnVEZrvAnuWrbYN7 
r1KUTV67+Z8TR2Y8kzNT9YpRiYa72z82BJHg95zvMVEqJK+7D+6IqIvOuBN756M7gmlUskuXnXxu 
ON9gGl9KXul3HEdzWu4sVL1iVDPlk5wwEX3eYWi/yORS8ir/wTlRX3pQZJwhm8OfBiLzmQba3wJp 
yPl8Ue0mZnY5ThN6+7VwsoVcWODUuEHH05ODfc14kzhXcbCvOVFECs3IbO67G7/AqXP7+FEpqrwA 
+93L5Ud7gVPr4cbDiVLN2wO/3Ubpo7cyp+ajt0abF+ZXU/dh9wxPcy6qT976NrviX0rdxz0+5rJn 
llNx28J36sN7pu7Mppo8p96mGuX6UDV1mzlTjTKcalu+1OtD3dSd2ZCY41TakFijPtRN3X26HSnl 
dMrb49P6UP3McOcz+wa/cY3JZ09WVGqbuctjr/4R1+Gkg7XJUYNkZVqzszQ6ezCetyM5OQizHQVz 
xZFum5w9OHlK0fqY1iZrXuC4sJkaHyIkutRx4eZHXM9MXm9xs6DlAewrHRf++lKNXg9wqePC2war 
//KKRgdhKla9iq9Wudhx4bacXbzWIcLGnJc74tqWs+kBbHM5zvNPnj0ZtepLceq+5evy1aj2S9Ma 
Hhqu8XCq/jvorC9utNCeyV/zVdLWtYhqHF50fm5UcIITnOAEJzjBCU5wghOc4AQnOMEJTnCCE5zg 
BCc4wQlOcIITnOAEJzjBCU5wghOc4AQnOMEJTnCCE5zgBCc4wQlOcIITnOAEJzjBCU5wghOc4AQn 
OMEJTnCCE5w/hTPKD7pe4vwfl4S3Pb3qiYIAAAAASUVORK5CYII= 
"></p>]]></text>
  </answer>
  <answer fraction="0" format="html">
    <text><![CDATA[<p>toast</p>]]></text>
    <feedback format="html"><text><![CDATA[<p><IMG SRC="data:image/png;base64,iVBORw0KGgoAAAANSUhEUgAAAU4AAACyCAMAAAAaqtaNAAAAS1BMVEX///8AAAAAAAAAAAAAAAAA 
AAAAAAAAAAAAAAAAAAAAAAAAAAAAAAAAAAAAAAAAAAAAAAAAAAAAAAAAAAAAAAAAAAAAAAAAAAAA 
AADXrLZzAAAAGHRSTlMAESIzRFVmd3qImaeqtLu/zM3d3+7v8Pi3xGZ7AAAF50lEQVR42u3c0Xak 
KBAG4AJLXYjLuC67W+//pHvRnqQVaLszFvQxv5eZZKr7A6pAQaJvXPKTLibtS6jF1SgqOMEJTnCC 
E5zgBCc4wQlOcIITnOAEJzjBCU5wghOc4AQnOMEJTnCCE5zgBCc4wQlOcIITnOAEJzjBCU5wghOc 
4AQnOMEJTnCCE5zgBCc4wQlOcIITnOAEJzjBCU5wqkZ1pkXUP+1FOSU2AK0QtQ0nhxag1qtHbcO5 
gg61o1rtZmzFeQNdhjbj4oKcRLy0AlWL2pKTaFhEFm4CyhfkJDOLuPpRg1bUppzWR5G5du+0Lir0 
TsOjC0HC5EZugsleRKbasTsvIqE/uYXGafNmy2moPQkcgoh4W7sJg4j47uT/dBYRmdzIzMyjC1K5 
n5hhaTGPv0W157dQ9L3ZfL1JRKZKfeWWvGrPkIyLIst4chMaLxLHQjRfob+oJK8nq97pTdjF4iAz 
XmTW7qAqyatZ1RviTmzTXt0sUfWbqiSvdlXPifhts4ndz2/VcppO8mpY9UaRXdb8Sz4ScJ20ZnSS 
11NNqBOVk65nRf4ze0+d8c4isf5ygUWiUtXrYrJQ9SKZny0aI6NbGox0smoj3cwyUdI5Rf4xye8F 
1KEnytBsMp0zSadkolY5utAsycTkuai5rdf/ThpUFr3Z9EXm8C4dwm69/5HEWfRmS81WmOembiuy 
zx/m35Uz6Yu9RMWaUZwJGmZm1ir/pdR9FNU5Ebf/O7ebv991TpE/9v8URLf75OvD4KI45/ysdKsp 
n7qPo2ZK85zuKImfnL/S7Dk1qQ+3sGYJWpkmm7oPonL6IMRKzHbyD/nI9XST/nqN+sDrLCOIWvXP 
pO6jqC7tiWM61tdfzT+CmqVC9U3qg1u/kCJnJnUfRQ2S+VH/EmeJX6M+fH2CENehNCtHnV+Jmkmd 
UeglTpZQQ5PDZp62JrE56K5F2W8WLwdRM6mTSrmwxEkVkicNs0i8q+8snrl3XndW0e9mFUdRM6mz 
2NmKnFH7AbwZF5FlMzlxMjDzrLmNwaSzz6Ooa+pk58a7FniRU7UaFNZGtyRm1o9kz8/e691PU446 
uGm/dLrlgn4iGvyD8X/EqXhz8vb0LQmwJjEJRMTOnz0+bpPO4VFU1xH5mTLTqIWJKNo35OwLt8zW 
D96vH4nP5bwtifhx1NgT2e0k6DaNMmKJKIzvNthN+a7nOv9z4ojMyZz7qleIOnVEZrvAnuWrbYN7 
r1KUTV67+Z8TR2Y8kzNT9YpRiYa72z82BJHg95zvMVEqJK+7D+6IqIvOuBN756M7gmlUskuXnXxu 
ON9gGl9KXul3HEdzWu4sVL1iVDPlk5wwEX3eYWi/yORS8ir/wTlRX3pQZJwhm8OfBiLzmQba3wJp 
yPl8Ue0mZnY5ThN6+7VwsoVcWODUuEHH05ODfc14kzhXcbCvOVFECs3IbO67G7/AqXP7+FEpqrwA 
+93L5Ud7gVPr4cbDiVLN2wO/3Ubpo7cyp+ajt0abF+ZXU/dh9wxPcy6qT976NrviX0rdxz0+5rJn 
llNx28J36sN7pu7Mppo8p96mGuX6UDV1mzlTjTKcalu+1OtD3dSd2ZCY41TakFijPtRN3X26HSnl 
dMrb49P6UP3McOcz+wa/cY3JZ09WVGqbuctjr/4R1+Gkg7XJUYNkZVqzszQ6ezCetyM5OQizHQVz 
xZFum5w9OHlK0fqY1iZrXuC4sJkaHyIkutRx4eZHXM9MXm9xs6DlAewrHRf++lKNXg9wqePC2war 
//KKRgdhKla9iq9Wudhx4bacXbzWIcLGnJc74tqWs+kBbHM5zvNPnj0ZtepLceq+5evy1aj2S9Ma 
Hhqu8XCq/jvorC9utNCeyV/zVdLWtYhqHF50fm5UcIITnOAEJzjBCU5wghOc4AQnOMEJTnCCE5zg 
BCc4wQlOcIITnOAEJzjBCU5wghOc4AQnOMEJTnCCE5zgBCc4wQlOcIITnOAEJzjBCU5wghOc4AQn 
OMEJTnCCE5w/hTPKD7pe4vwfl4S3Pb3qiYIAAAAASUVORK5CYII= 
"></p>]]></text></feedback>
  </answer>
</question>
 
</quiz>
