<?xml version="1.0" encoding="UTF-8"?>

<quiz>
 
<question type="category">
  <category>
    <text>$course$/top/Includegraphics</text>
  </category>
</question>
 
<question type="multichoice">
  <name format="html">
    <text><![CDATA[Picture]]></text>
  </name>
  <questiontext format="html">
    <text><![CDATA[<p><IMG width=81 SRC="data:image/png;base64,iVBORw0KGgoAAAANSUhEUgAAAAoAAAAQCAYAAAAvf+5AAAAABHNCSVQICAgIfAhkiAAAAAlwSFlz 
AAAN1wAADdcBQiibeAAAABl0RVh0U29mdHdhcmUAd3d3Lmlua3NjYXBlLm9yZ5vuPBoAAABhSURB 
VCiR7dIxDkVgFEThj6jsxhp0Wlt6jY1o1NbBAlQKveLVNH8EIdFpTHKamzNTXSjxQ4sJS6BwynLD 
QUxQo0cXGJGe167yv1qMnzQ/8QUxQoV8d8vCwIB5LzfuP2hjBTnvHcSzvuJGAAAAAElFTkSuQmCC 
"> </p>]]></text>
  </questiontext>
  <defaultgrade>1.0</defaultgrade>
  <generalfeedback format="html"><text/></generalfeedback>
  <penalty>0.10</penalty>
  <hidden>0</hidden>
  <single>true</single>
  <shuffleanswers>1</shuffleanswers>
  <answernumbering>abc</answernumbering>
  <answer fraction="100" format="html">
    <text><![CDATA[<p><IMG  SRC="data:image/gif;base64,R0lGODlhCwARAOcAAAAAAAEBAQICAgMDAwQEBAUFBQYGBgcHBwgICAkJCQoKCgsLCwwMDA0NDQ4O 
Dg8PDxAQEBERERISEhMTExQUFBUVFRYWFhcXFxgYGBkZGRoaGhsbGxwcHB0dHR4eHh8fHyAgICEh 
ISIiIiMjIyQkJCUlJSYmJicnJygoKCkpKSoqKisrKywsLC0tLS4uLi8vLzAwMDExMTIyMjMzMzQ0 
NDU1NTY2Njc3Nzg4ODk5OTo6Ojs7Ozw8PD09PT4+Pj8/P0BAQEFBQUJCQkNDQ0REREVFRUZGRkdH 
R0hISElJSUpKSktLS0xMTE1NTU5OTk9PT1BQUFFRUVJSUlNTU1RUVFVVVVZWVldXV1hYWFlZWVpa 
WltbW1xcXF1dXV5eXl9fX2BgYGFhYWJiYmNjY2RkZGVlZWZmZmdnZ2hoaGlpaWpqamtra2xsbG1t 
bW5ubm9vb3BwcHFxcXJycnNzc3R0dHV1dXZ2dnd3d3h4eHl5eXp6ent7e3x8fH19fX5+fn9/f4CA 
gIGBgYKCgoODg4SEhIWFhYaGhoeHh4iIiImJiYqKiouLi4yMjI2NjY6Ojo+Pj5CQkJGRkZKSkpOT 
k5SUlJWVlZaWlpeXl5iYmJmZmZqampubm5ycnJ2dnZ6enp+fn6CgoKGhoaKioqOjo6SkpKWlpaam 
pqenp6ioqKmpqaqqqqurq6ysrK2tra6urq+vr7CwsLGxsbKysrOzs7S0tLW1tba2tre3t7i4uLm5 
ubq6uru7u7y8vL29vb6+vr+/v8DAwMHBwcLCwsPDw8TExMXFxcbGxsfHx8jIyMnJycrKysvLy8zM 
zM3Nzc7Ozs/Pz9DQ0NHR0dLS0tPT09TU1NXV1dbW1tfX19jY2NnZ2dra2tvb29zc3N3d3d7e3t/f 
3+Dg4OHh4eLi4uPj4+Tk5OXl5ebm5ufn5+jo6Onp6erq6uvr6+zs7O3t7e7u7u/v7/Dw8PHx8fLy 
8vPz8/T09PX19fb29vf39/j4+Pn5+fr6+vv7+/z8/P39/f7+/v///yH/C05FVFNDQVBFMi4wAwEA 
AAAh+QQJCgD/ACwAAAAACwARAAAIMwABCBwo8J/BgwcHIlyocKFBgg7/NWRYMCFEihcjTnS4kWLE 
hwA+dgRJsGRDkyEtlkQYEAAh+QQJCgD/ACwAAAAACwARAAAIMwABCBwo8J/BgwcHIlyocKFBgg7/ 
NWRYMCFEihcjTnS4kWLEhwA+dgRJsKRCkxVJZvwXEAAh+QQJCgD/ACwAAAAACwARAAAIMwABCBwo 
8J/BgwcHIlyocKFBgg7/NWRYMCFEihcjTnS4kWLEhwA+dgRJsGRFkxVJZvwXEAAh+QQJCgD/ACwA 
AAAACwARAAAINAABCBwo8J/BgwcHIlyocKFBgg7/NWQ4kWBBhBYBRHx4MeJEhx1BavQYMmHGjBxR 
mrSIMCAAIfkECQoA/wAsAAAAAAsAEQAACDQAAQgcKPCfwYMHByJcqHChQYIO/zV0OJFgQYQWAUR8 
eDHiRIoaN3ZkODJhxowcUZq0iDAgACH5BAkKAP8ALAAAAAALABEAAAg0AAEIHCjwn8GDBwciXKhw 
oUGCDv81dDiRYEGEFgFEfHgx4kSKHRlq9BgyYcaMHFGatIgwIAAh+QQJCgD/ACwAAAAACwARAAAI 
MwABCBwo8J/BgwcHIlyocKFBgg7/NWQ4keBEiRYjPiyo8SJFAB05foxosSRHkyATlkQYEAAh+QQJ 
CgD/ACwAAAAACwARAAAINAABCBwo8J/BgwcHIlyocKFBgg7/NWRYMCFBABQhRpRYMeJEhx8Rhnw4 
8qLJiicxWryIMCAAIfkECQoA/wAsAAAAAAsAEQAACDQAAQgcKPCfwYMHByJcqHChwYYOISKUSBBA 
xIoOExbM+E8iw40XLYYUObGiSZEnSXY0iTAgACH5BAkKAP8ALAAAAAALABEAAAg0AAEIHCjwn8GD 
BwciXKhwocGGDiEilEgQQMSKDhMWzPhPIsONFy1m9NixosmCJ0U+NIkwIAAh+QQJCgD/ACwAAAAA 
CwARAAAIMwABCBwo8J/BgwcHIlyocKHBhg4hIpRIEEDEig4TFsz4TyLDjRctZvTYsaLJjScnmkQY 
EAAh+QQJCgD/ACwAAAAACwARAAAIMwABCBwo8J/BgwcHIlyocKHBhg4hIpRIEEDEig4TFsz4TyLD 
jRlBfrQ4sqLJhyc1YjwYEAAh+QQJCgD/ACwAAAAACwARAAAINAABCBwo8J/BgwcHIlyocKHBhg4h 
IpRIEEDEig4TFsz4TyLDjRctZvT4sKJJkSdFdjSJMCAAIfkECQoA/wAsAAAAAAsAEQAACDQAAQgc 
KPCfwYMHByJcqHChwYYOISKUSBBAxIoOExbM+E8iw40XLWb0+LCiSZEnRXY0iTAgACH5BAEKAP8A 
LAAAAAALABEAAAgyAAEIHCjwn8GDBwciXKhwoUGCDv81ZFgwIUSKFyNOdLgRY0SJFTEC4Eiw5EWT 
IVEiDAgAOw== 
"></p>]]></text>
    <feedback format="html"><text><![CDATA[<p><IMG  SRC="data:image/png;base64,iVBORw0KGgoAAAANSUhEUgAAAHsAAADICAQAAABikFYvAAAYf0lEQVR42u1d6Xrrug0crXbObfv+ 
T1rHtiT2BwliAEJOco6321b6sseWRgCxDECygx4devQYMWDEhBEzJsw4YMYBBxxxqOcRBxzLKX+Z 
MWPGVF6b32VAjwF9Obty8pGQkLBhw4oNK5ZyXnHFFZdynnHGGZ/4xAkn/LueJ5xwwifOOOOKKxas 
WLFhK+8LpHIV0E8ARuwdHVBusjNfO/oL376A4IskfOfQW0zmdf7VHd2VP3v3s7xzF9/DGLw1f771 
xvz29majSyX3oBSwSFy+6gPQu+oC0H35nDUpf82v7MxVA/CRtL2cW9A9PdPOwWAwkczkpuQ/t/p5 
o+9TAx3uDuw5YC2wN/QANqeHX0i7vYx9mnaUZugWKt9yamSvTz4BFSaftyF7sHL2GMprh/KKzVz1 
W7BbNRrKRTz4WGEj+BmuqlwiKa8OOsP3Osd3o+foXqPAb0q7o+c31nMgmzyaZ2vtso5PPtf6QAYk 
bDv6of+9YS2WOJY365zCHTFW6y0gOwLeV7knhj0AVaryVpM7R/Mo1ClZ4CI5D67HRtqh/4/yitQA 
X8kFqVD4DvM5YcGIqfw3KuSVrrORLammbcRsRg3Dzn5Yvmf4InMrbbl5AZ1H2hZ6ba/mLHOr5jzk 
GPRUvXSqMuYzQ9+q1DsYv300CqRvmmHnQEQCkgM9gCx1K++1ylODEDWJKmtvCzYHXk4BY9V6aoKS 
2JerEW2c2IjjTWnPFJux9DP0/BpRpq08Y/mpL6A7RBGaHd8qd9UbhZTt9HjD5PXV1PHg67CU63TF 
cVYl/8u9UENTgT2TrNuR3pF0dZRHkFnaCV85vq3Y/w49EnoM7j/Q3PdgYLMZs54EwIhfgbRZyfVD 
x7e36aDoKhswdX4esiobe/YmajbmTL2xmi1r09XmRKZW7oHG9j9MKKCwORGZKdHwz7UnaacCOQpi 
o9DUfxZI/P8dUG2IvJsNWERMoxGEBkQb2XMDG2TSrLRngj1VB9Y3UkzVWkYfgIftpSqaEAfDyYWl 
AxnfsWR9ClsVXP1EX03bF9JW2DMp+AD2wJx33QwGQzlbpY1jbaAPlZpBT5hwwbnAtuot3sQpegR7 
IG89NwruVcjmUHujNe0AtlmVjbMBYKh/TeWvm3GyE+aSkYtQ8v+mGvSuGAp8si0edm+kPVXIc1Vw 
aypyCJoax2JTihQ8gBZyZySZ/6+HRBV61QEbFkxYcMWEK2ZcMOFC9yeg9eyLqU0i7b9C2MKtTMaC 
i5eWMFTkqdE0w98C+Azcy1mvvVV/vDngKP57JOhXTJhwJtByP5mp0QQqibtVvx0HLFMNUUb3tuq0 
tkIHrQR+DcF7JY9BTyY+05BF7Ylccy0EVL7DAb0Dfa3AN5L1Boz4INgdBvRu5EyBrLsSiqo65cuz 
WnF8LcB5tHe7j3trgpHeQAdYjReKGeW+lI27YsSIpZIQJbIYcQhMisJW0NlKyo135bltdJH8ZFXu 
cWKRQlmLKZXkAuAkM5kHodAFuNgdFsEFF0yYcMVQUlMabiOmHWWzYUnvzAormT7ZxUG3EvdZdCtr 
Bm0dmlpz8ekyztdynx1QQF9xwRlzMXVZ2lnNB9HWsZiM/QxGrbZ8r3CZ2PXAWdmVJ8Mu7KyKPo3k 
qL7lcPvi1sTmLDjg4iINJSLUlKaIVLKch6QaGxmMhVjsc/m44lJH+OIMnI7vGPaAAUvNsOzYt8SE 
JxIThU8rZlyrw51q9HYtsOXVG7axBJUdJOhPABZ6BFk5BoL/E9hs0/eVfHBKzuaPhcDQU8PXrFhw 
Md5HgC9Y6ZUb0lgy5K78oituPXvGFSuG4vm6Mno87AzaKnlr1tI3ldyanoijU+jihYcCm8OsyQBf 
qqxz2JJGXOstWJexBDksj2yFfSmyvmXL92F3pOQ25FHvLH7YjlC1QUMxbzKaLRO4RLAvbiT1YK7C 
Ju4W9rXAtaCtOYvseApgi/+wkR5DXjCTtDmfz5Jn+pP5oXxfEuoWmz7iXG+iBd47hyGwV3JaF+O+ 
rOtaq8xa0OyHM2zVkLWBrA9UOJeuDMiu5Gl9JbZb5nctj2pBnx/oiE+CzcAtP8IGzruvaw0DVyx0 
21a992Crbi2VHhSVlqvIZ+vVfQQ3EHCGPlfYvdyVwmaZWzehZKuNhf0ttSFKDNqnIlbeI9mG9hpM 
GWa1zuEmYON6Bi6v6xn2qfHbnXkATCdsSFUBl0b92vFsrTICaStZPVQ1V8iqSVccXNg6lFxNcjTl 
0Qdj3OYCuyPYKYJtD2VQuGK1VplEkNNNOUdqrvJeMNaHOVU5i4pb0DmItmqvBSxV880pecpK3vKV 
vjzv/ac1Ol8p9h7LwlnYWmAPRotYn+Tmhf9ZihyVWPZMqlj1rUh7wZBfwdJuOxIsYRSVbaLsOpJx 
ctewai63vBZVH6CZtA6irYAeC4t/rS5N9WZw41uCFZX2kKV9NjcTweWi+2a+bvjuSN776rPutdx4 
Dl5GGkYisbHwZ1f6PeANnSUZ1ZL3+U5b2HsSTjc+x2rtuZQUfKdyYuBrHeVqM7ItHgtkCzrBujTx 
4arsqRq1TaM0q95ciUqBRP1Hwm173bKlHjZqLiBUX1Z3vS4K6EsFrWmqvFvv5K2KLgOkJCI5Jo9k 
zYATRVsbrOp/BRm7kH1snhmbrd58m3oMmJyk5ZFIfNE3iq6PQEnJb8L2+U+UI+27qP16CP9GsucM 
f6uwtarZY3RZnpW26IzvbBmL3sh/bZqBsW/eh92yoLes9S2gt/Rgq2mPfmQ4F8wVOEtb1dwGu5zH 
i1ZsDPs70k7mIulLsL93KEEpdU71yZNJd9RtslbZbjU2cGzv01iYFO+8vMvaTynuA7e1+qmQWCj+ 
eAiyed/c0wUWfSixwFj/Iyns77ivnxiuP5U30BGgHF/Z+N+avJa8YMI5k85ST0uZVLJ15gi4fuzH 
1veWuHab5Dx5RERLttJGo+C9MWlG2vsBi5dzZKtFPtFfflfa2tNqe9Za9p0ffddIW6UuPoEoxL3w 
9LHjOZa1fs23uaKvMm65WJvW2Czeyp0wWti+n8R7Zr3Eo0a2f6SbMNuU8rA4vJ1pixx9/ZqKfyDY 
UcrJvlnflpsurILdH3QG3jeB8V4FVe/FA1fWbcsObA0um5oPVqbbYO+tCW3XWqyH9h4YutcBACM2 
d5EI/mOBfQ08CoRjOSvd2ZnfqoEMYe8xLa89PD/DGeP+0fZJUcvOFr7kVuL4msdwS//2X7FDb+zB 
/n2gj38o++YzBbqqD4CM9PgGKvwdoGZkms8Kzc5BsfmFO/8OsKOGg86MXHtEAZfrXB5/cv0Xgfap 
5N6sL8BbfZtDru8L2ztHH2R2DXA+mAv0JAnX2t8Otg+HpAzM+RTDtz02MHJuCxnSR/NWsMUkKZBo 
vlc0F4271SLgtlz1ptLW7+y8AGXHPHQ9bkEm/u29YHfmuw62xiEsqKg6t+Yp5H3Qy7vCVsB2Qp6d 
fMfA95Tcg9by4ZvBtv7Yt27Zzkir5hZya8xs1fTNYAt0biKxoMcQetQxaUFrC8Kbwlbo7QQJD72H 
7VWyKs5ua3lnJVfIUYHey9q3juUjmZis7XWSAtL2TrDj2QQ8q5hHOEPuwlDFt3fRyg3vBJsVvHM2 
vJX217K2cxrYhb0RbOVBdK5Xf1PN/RxykOvaGgWX2Q1vBrul9r0N99AjaVvgCwG/Vsm/2dgW6PuT 
3DzoyHPbFl3bNviGSi6gI/c13ZS2bQ5t+5JZyZf3gy1WOXJf0mG2r+aRHV/gO1eLC3sn2AjGtk5e 
HSvweKY2mmicIV9pdL8V7CgW9/3hVtpt07e344tR8beEHQH3vcLTFyq+H6Fpk3/pMH6PQ6sWfROh 
MeQJHJP3iPKvNZC1lfbbwFb4nXNf8QowgwONIAFZGvdVm/jeCTYbNN8nzDN+/AoMyaSbK9bQfZk4 
7X1g+5lJ8awPq+QcouyD5Yb/F8D+qkDcNQbNzvFpQQNZuTukEO6CtfnpyUrOqzncgmyTD6vePKVa 
ZyHmNpxl5+QZDm9m0mzlo13pp10AhReKSgC2OrnCTrG181jWV/ntSN7cV2RN2WyA86oBeYq6tl7K 
BGadoHV1MjbTd95B2i1POu6u6MQLY4jLknnb5zrf1M9B1LLf+irYbXHP9o+1K3jJIqN54ZvJwM7v 
tWLFFWcH/GrSDzON8hXS9sW9ljuzoGU9VZZ3R6CzrC9lJdSzkXi0SsR2ewnIRwPn2kfnVFxhyzKy 
dqWfPKla12e4VtgC3Lbb2074J8Pm5flsgDI4G+5BHwtoH6isBfQVFwJ9pvHNDfd13slrlFy/9rs2 
fKZRnVfnU48tZCEvNXLGJ04F+iWYU2Lacl+l5HCStvm1HdeHMrJ5UboVCX6xhE9a05iB2z7Vp8P2 
7XF++c7RWfHZyHqmMS1OSyGfK2xRc/bcOqnqBbCj5mfPkdp12vicoMvdbFXFrwXw2Sj5mSx51G7/ 
dCX3KyNHtHCOzngNxmzFe0iLNaqKs/1maV88RWxbNV8RrnhS2EOeXVg6FX8tC8aJosuyGAL80zmw 
q8bgr5W27fDm2bc2p27j8KmmH2sFzdI+VSVX0Ka0a2PDe8I268aGgD2RYJcOntHmW3Yhq804r2uB 
fa5Kfq5e+9qMbDxG2l/PH9ireExlJHsZx6tZqr9emiX6dTl+b8UfKO0MbV/ecCPaZtV7uZautqGg 
Nc28VAlrbOZVPL3OpDEH7t3VVNdJPtL2De2Skww52pLhYsIUL21zPAt2opHtF5k8mEzrWLy0X4aw 
q2ZMIbOUI9DhuH4E7FskIY/sCbx5h27Z8VGzLQsaEOKIIzOv4j7H3mJZv8KB9WVMzybm1p1KPkoE 
Lp5aOZQ1hHxxZ2zOXqTkLO2xwv4gCYvEP2riIYxZXiwm1VBUXZYFb1d22mIb/mzYMrZl1RRR6nzK 
mD7WCFw5FJSPBZZKODsu5VLIQ+4u9SvyvUjaYsXnIu1f+FWBz7Cb8Ag7KoTCUqkEG4Z69qyd8wsP 
/XkOjPmyrOJZ2gJcRjT77JxycATuQUcKvjZ518PH9l64wgtGKeyPAvtXkbYNU3gJZiUJTzW9/HQh 
iq68tBKp8MKx7WPwuUr7Fz7wF37ho1rvkUJRKelx2nFydIJfkHB1Y/pJY7uVd5RkqvvisS1yBnSZ 
sizDC6n4iVKPPKpt39kGWV0Z7vNDpW2Be9pICaNj9dQfRdpa3RJF9QHKKQDNNS953RezD38C++tF 
CJQp88s7eSrBsqLHShup9YZhwDXBVGlfKNuyC1V8OeXy59Jus2ruFuWfxZBlOUtCyQkmk0ZCG6GO 
S82pL5Uts5L2K25mWfuJ9nL8cQbWhb/hlRMtSaiempNLXnZ3IpeFClpNmYL+NAHp1UDmdVAVbMAE 
3GNsR8tGerYsx2X2ZIfFO5TYnPpiIjKOzdh6W1r4S+D3ZFd0fem20iHjWQNRrmlZ+71RTn1xyv1p 
EpCrG9N7I7oB/uewmUCwPJnuEjkZ2ApcQLcLrXvIDLzNs76at/8QB7bXNunpwQNF4Qy7o/ql0kV2 
PJ+qUfOFvRt51v7xp7B5TdS2WMsMigQoHwa2LdFrgedsHNYJp/LzxYzrHcro0bCtMeNUQ2j+A+we 
UxKeaDFPqARtvBHlPtFp863rnwL/E9jsrz3oA+bGclv6SHNq3YxQEg5WbobNCebV8WU/gv574Qr/ 
ZM2ZhiZckj9Wl8WftZgnhVhNLk/u5DHdkglPVXJfxmvTSlHoj9JyE228BEckaOXSw7bx9xds2X1h 
t8u3tB46j2vJrn4Vh6XdJ9InzM0YqcbfnwFkUXEff9s9LB4sbW+942z6ULkTsdyHWsTz7ZNayjuH 
kNVba561U+94FGwfivaB21LuRP300VU6fCBq65enqui2ttWuebm/wtLdYPOK9WLI2nItt1981PNQ 
Ntfi2JvLeJJp8Xky1HBUuv35kkMB7NulWoHsq9RDGI9xeUf89ADbOOl3KWkL9JxveZfFxx9L++vm 
Z003BvSNKZt3fLaSwFze4fK8TTtszeNauxOiFRB/fHxXyf3EU+1GaPsGOS6z9WqljMSUcUZ9MYDP 
aPnvJfDSCb8B/adj228Grc023Et2aEBrZzDP4GESwRIJ7KctfxId6afAvwtbNqrBju1WEvjDxWVR 
R4LQ/Zp2fKLlT1rFTjfu78HSjrcwZjaUaxxM98sN2q3KMh+qaaVtull/P8u6H2zuSGi3OD04/kRl 
zR0JFrL45pORuTosphHuCPx3whUbe3urfSxe+gDfiCEksHInNjQ5O3N21cmJr5V2u4+vppI2rWzZ 
E003rrVlkqPvc+i0lh0//UTYdmRPFHmzEVNbLuyJEgnMfDOV8O+m779ly+56fB92Z8Z1lF7anHoG 
c99Rn+ipgs5q7pkT3kblzvKOYO9NWuKGSa5kfVCOJdNYLCuq8bcn+31GfQ0z6hdJO557OZvSnZox 
Jv07E6AsNQj9dPK2RHC09PoTxraVd5te6sg+ONg8IdFuQL8SK6qg9bOmlndKLr8Luwu/3wPdFms1 
QBkaGkH6ES5NRGYjs8WFKHcHHEu7a37ynKjvHlSS8IjZKDdI0jYq04rWp4vMtEa902xzb9id+4iq 
llFjrC3lMegUgr6Am6G508hPc3jgIbAtVeSXsvcsmValbeF2CtkTLuTZPlFbsuWdgG7p4F2lDVju 
pJ3Y4JPLI9r0cq8j+GIgt/m0rp8QpZY/Tiy/C1vfuK1dcq51qMHJEbYNmvfo1pUSLGTlyi44N1Je 
d/Ppu4/v1qR1pVtQa5cTgZ6DhkmuU8vC58mAZglHPOjd/fL3YScwjWCZEzubmklg30THLksyrc/A 
djPw3c7QZ8C2svaWW02ZJYF9Vi0x2RoEovZ7y4XePfz8CWzrsPz8u2OV9rGq+SGQtYCWCae2gU7l 
3qaWT4MeSbt3+TQXZy33fWxkvRlPzTMvT4EVf5qf3oftlwCZTPjJObWdzCIWXOIyDkQ5xdQWOhue 
vAS4h+3LtYdgLHNm3U5lsbTR2am53aTcs2VPhx0HJ23P9+yiMk082ilLF6fkcZfobzbd3AM21zjs 
1PEjVS0/TFw2OVPGsvZx2Wdjv5UweoGsgTFMLEey4EdTruX5l3Z62mZk7QMVO9P26z3cHg57rOpt 
Z+JFxdrcaDOX4rxEZcyf8HoJOifPT0/zk1i+dl93j8nHWru0sbfPp2VsR+yJn3Kqc/NkJuaFfrOE 
HJkuNRX3L98Z9mxgTy6lPBp3ZSc22ASTl13UzcI1t4pm41nA0S6CDwENjDjuuC1NLZUBnyt/wm0Y 
7dbzi0kldd/NdiaHgu6eObpHfLixrbPxjgay5b5b/oTn2F7hc+g1CEE7k+6ylJ8g7V8BbCb9Obm0 
HcFpx4S1bMnaGK12nsGt3ccewK78ZRyYTkP8ZQLS2YxqADtyFnbsCt/tzXttWtB2k4ynHCP+2dCE 
M7ktz5947nup1vpMfnqPG5MAWEngeIurB8o5gs1GLapTc3IZ8WRMENqtwXXeX/4+GYP29INh62QW 
DVTskl23Yu/LjaRSJD2U71Ljr58O+1+wu5RLYBotGTCQf20JQj+bWhVc3j3D3Iw1188vkXZHZs1P 
XlIVz4c3ZixnX9QBJNWpO+TetOlPk3bbGm0nOjDxr7KOx7btF8zg+gq633FlL5O2dpCKG9NVjXg+ 
NZwd5+j7CmVMlgKQx3SPFQM8S/oCg5ZhR8voaiZmgxSZ3sDZ1mLSDGmzUfs9lK9bAW03OX7JkcOV 
duEfXfLej2upW7RrRPvMSt1VH1Sr9XiJA2PY0Rpm3AG+mQKu30xQfgY4MMmgowUDfqtb9F6wf9Ft 
aiFItqwZTOohTZhdc7s2iRQ5W8C8rfXLpX2ssD2RaPfnETpBN6Ti2Zw9vRKQXbOtUu8uGfAK2AdE 
09iEUOyNrLsCm7eXVNpxIyPm2dDf7PJ/LOx2zjXvmanZNTBgc/3Fi4vGxl0K+FZLxtPDlZkuLL0q 
vNKs7p8oSm4XbVTQPYZmLkd7PLxT4XuwJ7q4bd3we+ll2AO2qtarcVb8EHwF8/a6Di+I0iZzcQ+8 
3XFLpM1EYM7drlgCrowf6VOYk+/B9p1pdiKMws7wEgakCjohUbGw7SjzsF/uuBT24G6iC878+4QN 
fZG37tstefqyI2tLHr04Fm9h+/FtQQvEPLpZgWWcW2P2c4r/qY+BYTN0XpdU5NRho4ybQ9mpUfCf 
KPNLorTe/OynM9p8uDdKmgPZsal1PKmg8wjYaCArdAHdo8eKDSPNsE0h7LcD7mEz6Ij5yIrelXxM 
wlDNv5QKjuX9Jo9jDEl663TsX/rqtiQssWllVNJ5u2NP2haufySpevEW8N8ANNBhvfG3+Eg3Pt4c 
rkLbdn5/60g7X/8moG/N1v6vPvo/f4u/4/F/2P9Lx/9h/y8d/wHgOFZSyxibTAAAAABJRU5ErkJg 
gg== 
"></p>]]></text></feedback>
  </answer>
  <answer fraction="0" format="html">
    <text><![CDATA[<p><IMG  SRC="data:image/jpeg;base64,/9j/4AAQSkZJRgABAQIAIwAjAAD/2wBDAAMCAgMCAgMDAwMEAwMEBQgFBQQEBQoHBwYIDAoMDAsK 
CwsNDhIQDQ4RDgsLEBYQERMUFRUVDA8XGBYUGBIUFRT/wAALCAARAAsBAREA/8QAFwAAAwEAAAAA 
AAAAAAAAAAAABAYJCP/EACkQAAEDAwQBAgcBAAAAAAAAAAECAwUEBgcAERIhEwgUIjM4UXFysbL/ 
2gAIAQEAAD8APx7E+mJivyZXZktB2qnV35PeWZqYKTepm2PfOBsrqWWyylI2VueXWx321RXFsZaM 
XjyAprE9qqzkUqTFmNqPLTFg9p8auR3T313pGd9XeCKi135RzKtlvRJbIcbVL05WoFJPAslXMqIB 
+Djue+tYiw9hLOc5YzcpjuRdtKxJCQka2ChqhlTC6aidrX3GR4+uIKFJUB9lDS5fX1uW/wDl/wD2 
zqsTPyW/1H81/9k= 
"></p>]]></text>
    <feedback format="html"><text><![CDATA[<p><IMG  SRC="data:image/jpeg;base64,/9j/4AAQSkZJRgABAQIAIwAjAAD/2wBDAAMCAgMCAgMDAwMEAwMEBQgFBQQEBQoHBwYIDAoMDAsK 
CwsNDhIQDQ4RDgsLEBYQERMUFRUVDA8XGBYUGBIUFRT/wAALCAAQAAwBAREA/8QAFwAAAwEAAAAA 
AAAAAAAAAAAABQYHCP/EACcQAAEDBAEDAwUAAAAAAAAAAAIBAwQFBgcRCAASIRMUMjhRcXax/9oA 
CAEBAAA/ANg8gpDmb59exXTn3Btql08596TIxECkBNkUamAYqmjdVEcd0u0aFEVE9ZFQ7wW+j7En 
6/H/AJ1OaLx5zXi3HVxQoOYrbnty1nVOoy5llmUuc+73G4bjnvvlrQp40IiIomhROl/iDY+cKjxi 
xrJoGU7YpFFcorBRIMyzjlOsN68CTqTQ71T79qfjr//Z 
"></p>]]></text></feedback>
  </answer>
</question>
<question type="ddmatch">
  <name format="html">
    <text><![CDATA[Picture]]></text>
  </name>
  <questiontext format="html">
    <text><![CDATA[<p><IMG  SRC="data:image/png;base64,iVBORw0KGgoAAAANSUhEUgAAAAoAAAAQCAYAAAAvf+5AAAAABHNCSVQICAgIfAhkiAAAAAlwSFlz 
AAAN1wAADdcBQiibeAAAABl0RVh0U29mdHdhcmUAd3d3Lmlua3NjYXBlLm9yZ5vuPBoAAABhSURB 
VCiR7dIxDkVgFEThj6jsxhp0Wlt6jY1o1NbBAlQKveLVNH8EIdFpTHKamzNTXSjxQ4sJS6BwynLD 
QUxQo0cXGJGe167yv1qMnzQ/8QUxQoV8d8vCwIB5LzfuP2hjBTnvHcSzvuJGAAAAAElFTkSuQmCC 
"> </p>]]></text>
  </questiontext>
  <defaultgrade>1.0</defaultgrade>
  <generalfeedback format="html"><text/></generalfeedback>
  <penalty>0.10</penalty>
  <hidden>0</hidden>
  <shuffleanswers>1</shuffleanswers>
  <subquestion format="html">
    <text><![CDATA[<p><IMG  SRC="data:image/png;base64,iVBORw0KGgoAAAANSUhEUgAAAHsAAADICAQAAABikFYvAAAYf0lEQVR42u1d6Xrrug0crXbObfv+ 
T1rHtiT2BwliAEJOco6321b6sseWRgCxDECygx4devQYMWDEhBEzJsw4YMYBBxxxqOcRBxzLKX+Z 
MWPGVF6b32VAjwF9Obty8pGQkLBhw4oNK5ZyXnHFFZdynnHGGZ/4xAkn/LueJ5xwwifOOOOKKxas 
WLFhK+8LpHIV0E8ARuwdHVBusjNfO/oL376A4IskfOfQW0zmdf7VHd2VP3v3s7xzF9/DGLw1f771 
xvz29majSyX3oBSwSFy+6gPQu+oC0H35nDUpf82v7MxVA/CRtL2cW9A9PdPOwWAwkczkpuQ/t/p5 
o+9TAx3uDuw5YC2wN/QANqeHX0i7vYx9mnaUZugWKt9yamSvTz4BFSaftyF7sHL2GMprh/KKzVz1 
W7BbNRrKRTz4WGEj+BmuqlwiKa8OOsP3Osd3o+foXqPAb0q7o+c31nMgmzyaZ2vtso5PPtf6QAYk 
bDv6of+9YS2WOJY365zCHTFW6y0gOwLeV7knhj0AVaryVpM7R/Mo1ClZ4CI5D67HRtqh/4/yitQA 
X8kFqVD4DvM5YcGIqfw3KuSVrrORLammbcRsRg3Dzn5Yvmf4InMrbbl5AZ1H2hZ6ba/mLHOr5jzk 
GPRUvXSqMuYzQ9+q1DsYv300CqRvmmHnQEQCkgM9gCx1K++1ylODEDWJKmtvCzYHXk4BY9V6aoKS 
2JerEW2c2IjjTWnPFJux9DP0/BpRpq08Y/mpL6A7RBGaHd8qd9UbhZTt9HjD5PXV1PHg67CU63TF 
cVYl/8u9UENTgT2TrNuR3pF0dZRHkFnaCV85vq3Y/w49EnoM7j/Q3PdgYLMZs54EwIhfgbRZyfVD 
x7e36aDoKhswdX4esiobe/YmajbmTL2xmi1r09XmRKZW7oHG9j9MKKCwORGZKdHwz7UnaacCOQpi 
o9DUfxZI/P8dUG2IvJsNWERMoxGEBkQb2XMDG2TSrLRngj1VB9Y3UkzVWkYfgIftpSqaEAfDyYWl 
AxnfsWR9ClsVXP1EX03bF9JW2DMp+AD2wJx33QwGQzlbpY1jbaAPlZpBT5hwwbnAtuot3sQpegR7 
IG89NwruVcjmUHujNe0AtlmVjbMBYKh/TeWvm3GyE+aSkYtQ8v+mGvSuGAp8si0edm+kPVXIc1Vw 
aypyCJoax2JTihQ8gBZyZySZ/6+HRBV61QEbFkxYcMWEK2ZcMOFC9yeg9eyLqU0i7b9C2MKtTMaC 
i5eWMFTkqdE0w98C+Azcy1mvvVV/vDngKP57JOhXTJhwJtByP5mp0QQqibtVvx0HLFMNUUb3tuq0 
tkIHrQR+DcF7JY9BTyY+05BF7Ylccy0EVL7DAb0Dfa3AN5L1Boz4INgdBvRu5EyBrLsSiqo65cuz 
WnF8LcB5tHe7j3trgpHeQAdYjReKGeW+lI27YsSIpZIQJbIYcQhMisJW0NlKyo135bltdJH8ZFXu 
cWKRQlmLKZXkAuAkM5kHodAFuNgdFsEFF0yYcMVQUlMabiOmHWWzYUnvzAormT7ZxUG3EvdZdCtr 
Bm0dmlpz8ekyztdynx1QQF9xwRlzMXVZ2lnNB9HWsZiM/QxGrbZ8r3CZ2PXAWdmVJ8Mu7KyKPo3k 
qL7lcPvi1sTmLDjg4iINJSLUlKaIVLKch6QaGxmMhVjsc/m44lJH+OIMnI7vGPaAAUvNsOzYt8SE 
JxIThU8rZlyrw51q9HYtsOXVG7axBJUdJOhPABZ6BFk5BoL/E9hs0/eVfHBKzuaPhcDQU8PXrFhw 
Md5HgC9Y6ZUb0lgy5K78oituPXvGFSuG4vm6Mno87AzaKnlr1tI3ldyanoijU+jihYcCm8OsyQBf 
qqxz2JJGXOstWJexBDksj2yFfSmyvmXL92F3pOQ25FHvLH7YjlC1QUMxbzKaLRO4RLAvbiT1YK7C 
Ju4W9rXAtaCtOYvseApgi/+wkR5DXjCTtDmfz5Jn+pP5oXxfEuoWmz7iXG+iBd47hyGwV3JaF+O+ 
rOtaq8xa0OyHM2zVkLWBrA9UOJeuDMiu5Gl9JbZb5nctj2pBnx/oiE+CzcAtP8IGzruvaw0DVyx0 
21a992Crbi2VHhSVlqvIZ+vVfQQ3EHCGPlfYvdyVwmaZWzehZKuNhf0ttSFKDNqnIlbeI9mG9hpM 
GWa1zuEmYON6Bi6v6xn2qfHbnXkATCdsSFUBl0b92vFsrTICaStZPVQ1V8iqSVccXNg6lFxNcjTl 
0Qdj3OYCuyPYKYJtD2VQuGK1VplEkNNNOUdqrvJeMNaHOVU5i4pb0DmItmqvBSxV880pecpK3vKV 
vjzv/ac1Ol8p9h7LwlnYWmAPRotYn+Tmhf9ZihyVWPZMqlj1rUh7wZBfwdJuOxIsYRSVbaLsOpJx 
ctewai63vBZVH6CZtA6irYAeC4t/rS5N9WZw41uCFZX2kKV9NjcTweWi+2a+bvjuSN776rPutdx4 
Dl5GGkYisbHwZ1f6PeANnSUZ1ZL3+U5b2HsSTjc+x2rtuZQUfKdyYuBrHeVqM7ItHgtkCzrBujTx 
4arsqRq1TaM0q95ciUqBRP1Hwm173bKlHjZqLiBUX1Z3vS4K6EsFrWmqvFvv5K2KLgOkJCI5Jo9k 
zYATRVsbrOp/BRm7kH1snhmbrd58m3oMmJyk5ZFIfNE3iq6PQEnJb8L2+U+UI+27qP16CP9GsucM 
f6uwtarZY3RZnpW26IzvbBmL3sh/bZqBsW/eh92yoLes9S2gt/Rgq2mPfmQ4F8wVOEtb1dwGu5zH 
i1ZsDPs70k7mIulLsL93KEEpdU71yZNJd9RtslbZbjU2cGzv01iYFO+8vMvaTynuA7e1+qmQWCj+ 
eAiyed/c0wUWfSixwFj/Iyns77ivnxiuP5U30BGgHF/Z+N+avJa8YMI5k85ST0uZVLJ15gi4fuzH 
1veWuHab5Dx5RERLttJGo+C9MWlG2vsBi5dzZKtFPtFfflfa2tNqe9Za9p0ffddIW6UuPoEoxL3w 
9LHjOZa1fs23uaKvMm65WJvW2Czeyp0wWti+n8R7Zr3Eo0a2f6SbMNuU8rA4vJ1pixx9/ZqKfyDY 
UcrJvlnflpsurILdH3QG3jeB8V4FVe/FA1fWbcsObA0um5oPVqbbYO+tCW3XWqyH9h4YutcBACM2 
d5EI/mOBfQ08CoRjOSvd2ZnfqoEMYe8xLa89PD/DGeP+0fZJUcvOFr7kVuL4msdwS//2X7FDb+zB 
/n2gj38o++YzBbqqD4CM9PgGKvwdoGZkms8Kzc5BsfmFO/8OsKOGg86MXHtEAZfrXB5/cv0Xgfap 
5N6sL8BbfZtDru8L2ztHH2R2DXA+mAv0JAnX2t8Otg+HpAzM+RTDtz02MHJuCxnSR/NWsMUkKZBo 
vlc0F4271SLgtlz1ptLW7+y8AGXHPHQ9bkEm/u29YHfmuw62xiEsqKg6t+Yp5H3Qy7vCVsB2Qp6d 
fMfA95Tcg9by4ZvBtv7Yt27Zzkir5hZya8xs1fTNYAt0biKxoMcQetQxaUFrC8Kbwlbo7QQJD72H 
7VWyKs5ua3lnJVfIUYHey9q3juUjmZis7XWSAtL2TrDj2QQ8q5hHOEPuwlDFt3fRyg3vBJsVvHM2 
vJX217K2cxrYhb0RbOVBdK5Xf1PN/RxykOvaGgWX2Q1vBrul9r0N99AjaVvgCwG/Vsm/2dgW6PuT 
3DzoyHPbFl3bNviGSi6gI/c13ZS2bQ5t+5JZyZf3gy1WOXJf0mG2r+aRHV/gO1eLC3sn2AjGtk5e 
HSvweKY2mmicIV9pdL8V7CgW9/3hVtpt07e344tR8beEHQH3vcLTFyq+H6Fpk3/pMH6PQ6sWfROh 
MeQJHJP3iPKvNZC1lfbbwFb4nXNf8QowgwONIAFZGvdVm/jeCTYbNN8nzDN+/AoMyaSbK9bQfZk4 
7X1g+5lJ8awPq+QcouyD5Yb/F8D+qkDcNQbNzvFpQQNZuTukEO6CtfnpyUrOqzncgmyTD6vePKVa 
ZyHmNpxl5+QZDm9m0mzlo13pp10AhReKSgC2OrnCTrG181jWV/ntSN7cV2RN2WyA86oBeYq6tl7K 
BGadoHV1MjbTd95B2i1POu6u6MQLY4jLknnb5zrf1M9B1LLf+irYbXHP9o+1K3jJIqN54ZvJwM7v 
tWLFFWcH/GrSDzON8hXS9sW9ljuzoGU9VZZ3R6CzrC9lJdSzkXi0SsR2ewnIRwPn2kfnVFxhyzKy 
dqWfPKla12e4VtgC3Lbb2074J8Pm5flsgDI4G+5BHwtoH6isBfQVFwJ9pvHNDfd13slrlFy/9rs2 
fKZRnVfnU48tZCEvNXLGJ04F+iWYU2Lacl+l5HCStvm1HdeHMrJ5UboVCX6xhE9a05iB2z7Vp8P2 
7XF++c7RWfHZyHqmMS1OSyGfK2xRc/bcOqnqBbCj5mfPkdp12vicoMvdbFXFrwXw2Sj5mSx51G7/ 
dCX3KyNHtHCOzngNxmzFe0iLNaqKs/1maV88RWxbNV8RrnhS2EOeXVg6FX8tC8aJosuyGAL80zmw 
q8bgr5W27fDm2bc2p27j8KmmH2sFzdI+VSVX0Ka0a2PDe8I268aGgD2RYJcOntHmW3Yhq804r2uB 
fa5Kfq5e+9qMbDxG2l/PH9ireExlJHsZx6tZqr9emiX6dTl+b8UfKO0MbV/ecCPaZtV7uZautqGg 
Nc28VAlrbOZVPL3OpDEH7t3VVNdJPtL2De2Skww52pLhYsIUL21zPAt2opHtF5k8mEzrWLy0X4aw 
q2ZMIbOUI9DhuH4E7FskIY/sCbx5h27Z8VGzLQsaEOKIIzOv4j7H3mJZv8KB9WVMzybm1p1KPkoE 
Lp5aOZQ1hHxxZ2zOXqTkLO2xwv4gCYvEP2riIYxZXiwm1VBUXZYFb1d22mIb/mzYMrZl1RRR6nzK 
mD7WCFw5FJSPBZZKODsu5VLIQ+4u9SvyvUjaYsXnIu1f+FWBz7Cb8Ag7KoTCUqkEG4Z69qyd8wsP 
/XkOjPmyrOJZ2gJcRjT77JxycATuQUcKvjZ518PH9l64wgtGKeyPAvtXkbYNU3gJZiUJTzW9/HQh 
iq68tBKp8MKx7WPwuUr7Fz7wF37ho1rvkUJRKelx2nFydIJfkHB1Y/pJY7uVd5RkqvvisS1yBnSZ 
sizDC6n4iVKPPKpt39kGWV0Z7vNDpW2Be9pICaNj9dQfRdpa3RJF9QHKKQDNNS953RezD38C++tF 
CJQp88s7eSrBsqLHShup9YZhwDXBVGlfKNuyC1V8OeXy59Jus2ruFuWfxZBlOUtCyQkmk0ZCG6GO 
S82pL5Uts5L2K25mWfuJ9nL8cQbWhb/hlRMtSaiempNLXnZ3IpeFClpNmYL+NAHp1UDmdVAVbMAE 
3GNsR8tGerYsx2X2ZIfFO5TYnPpiIjKOzdh6W1r4S+D3ZFd0fem20iHjWQNRrmlZ+71RTn1xyv1p 
EpCrG9N7I7oB/uewmUCwPJnuEjkZ2ApcQLcLrXvIDLzNs76at/8QB7bXNunpwQNF4Qy7o/ql0kV2 
PJ+qUfOFvRt51v7xp7B5TdS2WMsMigQoHwa2LdFrgedsHNYJp/LzxYzrHcro0bCtMeNUQ2j+A+we 
UxKeaDFPqARtvBHlPtFp863rnwL/E9jsrz3oA+bGclv6SHNq3YxQEg5WbobNCebV8WU/gv574Qr/ 
ZM2ZhiZckj9Wl8WftZgnhVhNLk/u5DHdkglPVXJfxmvTSlHoj9JyE228BEckaOXSw7bx9xds2X1h 
t8u3tB46j2vJrn4Vh6XdJ9InzM0YqcbfnwFkUXEff9s9LB4sbW+942z6ULkTsdyHWsTz7ZNayjuH 
kNVba561U+94FGwfivaB21LuRP300VU6fCBq65enqui2ttWuebm/wtLdYPOK9WLI2nItt1981PNQ 
Ntfi2JvLeJJp8Xky1HBUuv35kkMB7NulWoHsq9RDGI9xeUf89ADbOOl3KWkL9JxveZfFxx9L++vm 
Z003BvSNKZt3fLaSwFze4fK8TTtszeNauxOiFRB/fHxXyf3EU+1GaPsGOS6z9WqljMSUcUZ9MYDP 
aPnvJfDSCb8B/adj228Grc023Et2aEBrZzDP4GESwRIJ7KctfxId6afAvwtbNqrBju1WEvjDxWVR 
R4LQ/Zp2fKLlT1rFTjfu78HSjrcwZjaUaxxM98sN2q3KMh+qaaVtull/P8u6H2zuSGi3OD04/kRl 
zR0JFrL45pORuTosphHuCPx3whUbe3urfSxe+gDfiCEksHInNjQ5O3N21cmJr5V2u4+vppI2rWzZ 
E003rrVlkqPvc+i0lh0//UTYdmRPFHmzEVNbLuyJEgnMfDOV8O+m779ly+56fB92Z8Z1lF7anHoG 
c99Rn+ipgs5q7pkT3kblzvKOYO9NWuKGSa5kfVCOJdNYLCuq8bcn+31GfQ0z6hdJO557OZvSnZox 
Jv07E6AsNQj9dPK2RHC09PoTxraVd5te6sg+ONg8IdFuQL8SK6qg9bOmlndKLr8Luwu/3wPdFms1 
QBkaGkH6ES5NRGYjs8WFKHcHHEu7a37ynKjvHlSS8IjZKDdI0jYq04rWp4vMtEa902xzb9id+4iq 
llFjrC3lMegUgr6Am6G508hPc3jgIbAtVeSXsvcsmValbeF2CtkTLuTZPlFbsuWdgG7p4F2lDVju 
pJ3Y4JPLI9r0cq8j+GIgt/m0rp8QpZY/Tiy/C1vfuK1dcq51qMHJEbYNmvfo1pUSLGTlyi44N1Je 
d/Ppu4/v1qR1pVtQa5cTgZ6DhkmuU8vC58mAZglHPOjd/fL3YScwjWCZEzubmklg30THLksyrc/A 
djPw3c7QZ8C2svaWW02ZJYF9Vi0x2RoEovZ7y4XePfz8CWzrsPz8u2OV9rGq+SGQtYCWCae2gU7l 
3qaWT4MeSbt3+TQXZy33fWxkvRlPzTMvT4EVf5qf3oftlwCZTPjJObWdzCIWXOIyDkQ5xdQWOhue 
vAS4h+3LtYdgLHNm3U5lsbTR2am53aTcs2VPhx0HJ23P9+yiMk082ilLF6fkcZfobzbd3AM21zjs 
1PEjVS0/TFw2OVPGsvZx2Wdjv5UweoGsgTFMLEey4EdTruX5l3Z62mZk7QMVO9P26z3cHg57rOpt 
Z+JFxdrcaDOX4rxEZcyf8HoJOifPT0/zk1i+dl93j8nHWru0sbfPp2VsR+yJn3Kqc/NkJuaFfrOE 
HJkuNRX3L98Z9mxgTy6lPBp3ZSc22ASTl13UzcI1t4pm41nA0S6CDwENjDjuuC1NLZUBnyt/wm0Y 
7dbzi0kldd/NdiaHgu6eObpHfLixrbPxjgay5b5b/oTn2F7hc+g1CEE7k+6ylJ8g7V8BbCb9Obm0 
HcFpx4S1bMnaGK12nsGt3ccewK78ZRyYTkP8ZQLS2YxqADtyFnbsCt/tzXttWtB2k4ynHCP+2dCE 
M7ktz5947nup1vpMfnqPG5MAWEngeIurB8o5gs1GLapTc3IZ8WRMENqtwXXeX/4+GYP29INh62QW 
DVTskl23Yu/LjaRSJD2U71Ljr58O+1+wu5RLYBotGTCQf20JQj+bWhVc3j3D3Iw1188vkXZHZs1P 
XlIVz4c3ZixnX9QBJNWpO+TetOlPk3bbGm0nOjDxr7KOx7btF8zg+gq633FlL5O2dpCKG9NVjXg+ 
NZwd5+j7CmVMlgKQx3SPFQM8S/oCg5ZhR8voaiZmgxSZ3sDZ1mLSDGmzUfs9lK9bAW03OX7JkcOV 
duEfXfLej2upW7RrRPvMSt1VH1Sr9XiJA2PY0Rpm3AG+mQKu30xQfgY4MMmgowUDfqtb9F6wf9Ft 
aiFItqwZTOohTZhdc7s2iRQ5W8C8rfXLpX2ssD2RaPfnETpBN6Ti2Zw9vRKQXbOtUu8uGfAK2AdE 
09iEUOyNrLsCm7eXVNpxIyPm2dDf7PJ/LOx2zjXvmanZNTBgc/3Fi4vGxl0K+FZLxtPDlZkuLL0q 
vNKs7p8oSm4XbVTQPYZmLkd7PLxT4XuwJ7q4bd3we+ll2AO2qtarcVb8EHwF8/a6Di+I0iZzcQ+8 
3XFLpM1EYM7drlgCrowf6VOYk+/B9p1pdiKMws7wEgakCjohUbGw7SjzsF/uuBT24G6iC878+4QN 
fZG37tstefqyI2tLHr04Fm9h+/FtQQvEPLpZgWWcW2P2c4r/qY+BYTN0XpdU5NRho4ybQ9mpUfCf 
KPNLorTe/OynM9p8uDdKmgPZsal1PKmg8wjYaCArdAHdo8eKDSPNsE0h7LcD7mEz6Ij5yIrelXxM 
wlDNv5QKjuX9Jo9jDEl663TsX/rqtiQssWllVNJ5u2NP2haufySpevEW8N8ANNBhvfG3+Eg3Pt4c 
rkLbdn5/60g7X/8moG/N1v6vPvo/f4u/4/F/2P9Lx/9h/y8d/wHgOFZSyxibTAAAAABJRU5ErkJg 
gg== 
"></p>]]></text>
    <answer format="html"><text><![CDATA[<p><IMG  SRC="data:image/gif;base64,R0lGODlhCwARAOcAAAAAAAEBAQICAgMDAwQEBAUFBQYGBgcHBwgICAkJCQoKCgsLCwwMDA0NDQ4O 
Dg8PDxAQEBERERISEhMTExQUFBUVFRYWFhcXFxgYGBkZGRoaGhsbGxwcHB0dHR4eHh8fHyAgICEh 
ISIiIiMjIyQkJCUlJSYmJicnJygoKCkpKSoqKisrKywsLC0tLS4uLi8vLzAwMDExMTIyMjMzMzQ0 
NDU1NTY2Njc3Nzg4ODk5OTo6Ojs7Ozw8PD09PT4+Pj8/P0BAQEFBQUJCQkNDQ0REREVFRUZGRkdH 
R0hISElJSUpKSktLS0xMTE1NTU5OTk9PT1BQUFFRUVJSUlNTU1RUVFVVVVZWVldXV1hYWFlZWVpa 
WltbW1xcXF1dXV5eXl9fX2BgYGFhYWJiYmNjY2RkZGVlZWZmZmdnZ2hoaGlpaWpqamtra2xsbG1t 
bW5ubm9vb3BwcHFxcXJycnNzc3R0dHV1dXZ2dnd3d3h4eHl5eXp6ent7e3x8fH19fX5+fn9/f4CA 
gIGBgYKCgoODg4SEhIWFhYaGhoeHh4iIiImJiYqKiouLi4yMjI2NjY6Ojo+Pj5CQkJGRkZKSkpOT 
k5SUlJWVlZaWlpeXl5iYmJmZmZqampubm5ycnJ2dnZ6enp+fn6CgoKGhoaKioqOjo6SkpKWlpaam 
pqenp6ioqKmpqaqqqqurq6ysrK2tra6urq+vr7CwsLGxsbKysrOzs7S0tLW1tba2tre3t7i4uLm5 
ubq6uru7u7y8vL29vb6+vr+/v8DAwMHBwcLCwsPDw8TExMXFxcbGxsfHx8jIyMnJycrKysvLy8zM 
zM3Nzc7Ozs/Pz9DQ0NHR0dLS0tPT09TU1NXV1dbW1tfX19jY2NnZ2dra2tvb29zc3N3d3d7e3t/f 
3+Dg4OHh4eLi4uPj4+Tk5OXl5ebm5ufn5+jo6Onp6erq6uvr6+zs7O3t7e7u7u/v7/Dw8PHx8fLy 
8vPz8/T09PX19fb29vf39/j4+Pn5+fr6+vv7+/z8/P39/f7+/v///yH/C05FVFNDQVBFMi4wAwEA 
AAAh+QQJCgD/ACwAAAAACwARAAAIMwABCBwo8J/BgwcHIlyocKFBgg7/NWRYMCFEihcjTnS4kWLE 
hwA+dgRJsGRDkyEtlkQYEAAh+QQJCgD/ACwAAAAACwARAAAIMwABCBwo8J/BgwcHIlyocKFBgg7/ 
NWRYMCFEihcjTnS4kWLEhwA+dgRJsKRCkxVJZvwXEAAh+QQJCgD/ACwAAAAACwARAAAIMwABCBwo 
8J/BgwcHIlyocKFBgg7/NWRYMCFEihcjTnS4kWLEhwA+dgRJsGRFkxVJZvwXEAAh+QQJCgD/ACwA 
AAAACwARAAAINAABCBwo8J/BgwcHIlyocKFBgg7/NWQ4kWBBhBYBRHx4MeJEhx1BavQYMmHGjBxR 
mrSIMCAAIfkECQoA/wAsAAAAAAsAEQAACDQAAQgcKPCfwYMHByJcqHChQYIO/zV0OJFgQYQWAUR8 
eDHiRIoaN3ZkODJhxowcUZq0iDAgACH5BAkKAP8ALAAAAAALABEAAAg0AAEIHCjwn8GDBwciXKhw 
oUGCDv81dDiRYEGEFgFEfHgx4kSKHRlq9BgyYcaMHFGatIgwIAAh+QQJCgD/ACwAAAAACwARAAAI 
MwABCBwo8J/BgwcHIlyocKFBgg7/NWQ4keBEiRYjPiyo8SJFAB05foxosSRHkyATlkQYEAAh+QQJ 
CgD/ACwAAAAACwARAAAINAABCBwo8J/BgwcHIlyocKFBgg7/NWRYMCFBABQhRpRYMeJEhx8Rhnw4 
8qLJiicxWryIMCAAIfkECQoA/wAsAAAAAAsAEQAACDQAAQgcKPCfwYMHByJcqHChwYYOISKUSBBA 
xIoOExbM+E8iw40XLYYUObGiSZEnSXY0iTAgACH5BAkKAP8ALAAAAAALABEAAAg0AAEIHCjwn8GD 
BwciXKhwocGGDiEilEgQQMSKDhMWzPhPIsONFy1m9NixosmCJ0U+NIkwIAAh+QQJCgD/ACwAAAAA 
CwARAAAIMwABCBwo8J/BgwcHIlyocKHBhg4hIpRIEEDEig4TFsz4TyLDjRctZvTYsaLJjScnmkQY 
EAAh+QQJCgD/ACwAAAAACwARAAAIMwABCBwo8J/BgwcHIlyocKHBhg4hIpRIEEDEig4TFsz4TyLD 
jRlBfrQ4sqLJhyc1YjwYEAAh+QQJCgD/ACwAAAAACwARAAAINAABCBwo8J/BgwcHIlyocKHBhg4h 
IpRIEEDEig4TFsz4TyLDjRctZvT4sKJJkSdFdjSJMCAAIfkECQoA/wAsAAAAAAsAEQAACDQAAQgc 
KPCfwYMHByJcqHChwYYOISKUSBBAxIoOExbM+E8iw40XLWb0+LCiSZEnRXY0iTAgACH5BAEKAP8A 
LAAAAAALABEAAAgyAAEIHCjwn8GDBwciXKhwoUGCDv81ZFgwIUSKFyNOdLgRY0SJFTEC4Eiw5EWT 
IVEiDAgAOw== 
"></p>]]></text></answer>
  </subquestion>
  <subquestion format="html">
    <text><![CDATA[<p><IMG  SRC="data:image/jpeg;base64,/9j/4AAQSkZJRgABAQIAIwAjAAD/2wBDAAMCAgMCAgMDAwMEAwMEBQgFBQQEBQoHBwYIDAoMDAsK 
CwsNDhIQDQ4RDgsLEBYQERMUFRUVDA8XGBYUGBIUFRT/wAALCAAQAAwBAREA/8QAFwAAAwEAAAAA 
AAAAAAAAAAAABQYHCP/EACcQAAEDBAEDAwUAAAAAAAAAAAIBAwQFBgcRCAASIRMUMjhRcXax/9oA 
CAEBAAA/ANg8gpDmb59exXTn3Btql08596TIxECkBNkUamAYqmjdVEcd0u0aFEVE9ZFQ7wW+j7En 
6/H/AJ1OaLx5zXi3HVxQoOYrbnty1nVOoy5llmUuc+73G4bjnvvlrQp40IiIomhROl/iDY+cKjxi 
xrJoGU7YpFFcorBRIMyzjlOsN68CTqTQ71T79qfjr//Z 
"></p>]]></text>
    <answer format="html"><text><![CDATA[<p><IMG  SRC="data:image/jpeg;base64,/9j/4AAQSkZJRgABAQIAIwAjAAD/2wBDAAMCAgMCAgMDAwMEAwMEBQgFBQQEBQoHBwYIDAoMDAsK 
CwsNDhIQDQ4RDgsLEBYQERMUFRUVDA8XGBYUGBIUFRT/wAALCAARAAsBAREA/8QAFwAAAwEAAAAA 
AAAAAAAAAAAABAYJCP/EACkQAAEDAwQBAgcBAAAAAAAAAAECAwUEBgcAERIhEwgUIjM4UXFysbL/ 
2gAIAQEAAD8APx7E+mJivyZXZktB2qnV35PeWZqYKTepm2PfOBsrqWWyylI2VueXWx321RXFsZaM 
XjyAprE9qqzkUqTFmNqPLTFg9p8auR3T313pGd9XeCKi135RzKtlvRJbIcbVL05WoFJPAslXMqIB 
+Djue+tYiw9hLOc5YzcpjuRdtKxJCQka2ChqhlTC6aidrX3GR4+uIKFJUB9lDS5fX1uW/wDl/wD2 
zqsTPyW/1H81/9k= 
"></p>]]></text></answer>
  </subquestion>
  <subquestion format="html">
    <text><![CDATA[<p><IMG  SRC="data:image/gif;base64,R0lGODlhCwARAOcAAAAAAAEBAQICAgMDAwQEBAUFBQYGBgcHBwgICAkJCQoKCgsLCwwMDA0NDQ4O 
Dg8PDxAQEBERERISEhMTExQUFBUVFRYWFhcXFxgYGBkZGRoaGhsbGxwcHB0dHR4eHh8fHyAgICEh 
ISIiIiMjIyQkJCUlJSYmJicnJygoKCkpKSoqKisrKywsLC0tLS4uLi8vLzAwMDExMTIyMjMzMzQ0 
NDU1NTY2Njc3Nzg4ODk5OTo6Ojs7Ozw8PD09PT4+Pj8/P0BAQEFBQUJCQkNDQ0REREVFRUZGRkdH 
R0hISElJSUpKSktLS0xMTE1NTU5OTk9PT1BQUFFRUVJSUlNTU1RUVFVVVVZWVldXV1hYWFlZWVpa 
WltbW1xcXF1dXV5eXl9fX2BgYGFhYWJiYmNjY2RkZGVlZWZmZmdnZ2hoaGlpaWpqamtra2xsbG1t 
bW5ubm9vb3BwcHFxcXJycnNzc3R0dHV1dXZ2dnd3d3h4eHl5eXp6ent7e3x8fH19fX5+fn9/f4CA 
gIGBgYKCgoODg4SEhIWFhYaGhoeHh4iIiImJiYqKiouLi4yMjI2NjY6Ojo+Pj5CQkJGRkZKSkpOT 
k5SUlJWVlZaWlpeXl5iYmJmZmZqampubm5ycnJ2dnZ6enp+fn6CgoKGhoaKioqOjo6SkpKWlpaam 
pqenp6ioqKmpqaqqqqurq6ysrK2tra6urq+vr7CwsLGxsbKysrOzs7S0tLW1tba2tre3t7i4uLm5 
ubq6uru7u7y8vL29vb6+vr+/v8DAwMHBwcLCwsPDw8TExMXFxcbGxsfHx8jIyMnJycrKysvLy8zM 
zM3Nzc7Ozs/Pz9DQ0NHR0dLS0tPT09TU1NXV1dbW1tfX19jY2NnZ2dra2tvb29zc3N3d3d7e3t/f 
3+Dg4OHh4eLi4uPj4+Tk5OXl5ebm5ufn5+jo6Onp6erq6uvr6+zs7O3t7e7u7u/v7/Dw8PHx8fLy 
8vPz8/T09PX19fb29vf39/j4+Pn5+fr6+vv7+/z8/P39/f7+/v///yH/C05FVFNDQVBFMi4wAwEA 
AAAh+QQJCgD/ACwAAAAACwARAAAIMwABCBwo8J/BgwcHIlyocKFBgg7/NWRYMCFEihcjTnS4kWLE 
hwA+dgRJsGRDkyEtlkQYEAAh+QQJCgD/ACwAAAAACwARAAAIMwABCBwo8J/BgwcHIlyocKFBgg7/ 
NWRYMCFEihcjTnS4kWLEhwA+dgRJsKRCkxVJZvwXEAAh+QQJCgD/ACwAAAAACwARAAAIMwABCBwo 
8J/BgwcHIlyocKFBgg7/NWRYMCFEihcjTnS4kWLEhwA+dgRJsGRFkxVJZvwXEAAh+QQJCgD/ACwA 
AAAACwARAAAINAABCBwo8J/BgwcHIlyocKFBgg7/NWQ4kWBBhBYBRHx4MeJEhx1BavQYMmHGjBxR 
mrSIMCAAIfkECQoA/wAsAAAAAAsAEQAACDQAAQgcKPCfwYMHByJcqHChQYIO/zV0OJFgQYQWAUR8 
eDHiRIoaN3ZkODJhxowcUZq0iDAgACH5BAkKAP8ALAAAAAALABEAAAg0AAEIHCjwn8GDBwciXKhw 
oUGCDv81dDiRYEGEFgFEfHgx4kSKHRlq9BgyYcaMHFGatIgwIAAh+QQJCgD/ACwAAAAACwARAAAI 
MwABCBwo8J/BgwcHIlyocKFBgg7/NWQ4keBEiRYjPiyo8SJFAB05foxosSRHkyATlkQYEAAh+QQJ 
CgD/ACwAAAAACwARAAAINAABCBwo8J/BgwcHIlyocKFBgg7/NWRYMCFBABQhRpRYMeJEhx8Rhnw4 
8qLJiicxWryIMCAAIfkECQoA/wAsAAAAAAsAEQAACDQAAQgcKPCfwYMHByJcqHChwYYOISKUSBBA 
xIoOExbM+E8iw40XLYYUObGiSZEnSXY0iTAgACH5BAkKAP8ALAAAAAALABEAAAg0AAEIHCjwn8GD 
BwciXKhwocGGDiEilEgQQMSKDhMWzPhPIsONFy1m9NixosmCJ0U+NIkwIAAh+QQJCgD/ACwAAAAA 
CwARAAAIMwABCBwo8J/BgwcHIlyocKHBhg4hIpRIEEDEig4TFsz4TyLDjRctZvTYsaLJjScnmkQY 
EAAh+QQJCgD/ACwAAAAACwARAAAIMwABCBwo8J/BgwcHIlyocKHBhg4hIpRIEEDEig4TFsz4TyLD 
jRlBfrQ4sqLJhyc1YjwYEAAh+QQJCgD/ACwAAAAACwARAAAINAABCBwo8J/BgwcHIlyocKHBhg4h 
IpRIEEDEig4TFsz4TyLDjRctZvT4sKJJkSdFdjSJMCAAIfkECQoA/wAsAAAAAAsAEQAACDQAAQgc 
KPCfwYMHByJcqHChwYYOISKUSBBAxIoOExbM+E8iw40XLWb0+LCiSZEnRXY0iTAgACH5BAEKAP8A 
LAAAAAALABEAAAgyAAEIHCjwn8GDBwciXKhwoUGCDv81ZFgwIUSKFyNOdLgRY0SJFTEC4Eiw5EWT 
IVEiDAgAOw== 
"></p>]]></text>
    <answer format="html"><text><![CDATA[<p><IMG  SRC="data:image/png;base64,iVBORw0KGgoAAAANSUhEUgAAAHsAAADICAQAAABikFYvAAAYf0lEQVR42u1d6Xrrug0crXbObfv+ 
T1rHtiT2BwliAEJOco6321b6sseWRgCxDECygx4devQYMWDEhBEzJsw4YMYBBxxxqOcRBxzLKX+Z 
MWPGVF6b32VAjwF9Obty8pGQkLBhw4oNK5ZyXnHFFZdynnHGGZ/4xAkn/LueJ5xwwifOOOOKKxas 
WLFhK+8LpHIV0E8ARuwdHVBusjNfO/oL376A4IskfOfQW0zmdf7VHd2VP3v3s7xzF9/DGLw1f771 
xvz29majSyX3oBSwSFy+6gPQu+oC0H35nDUpf82v7MxVA/CRtL2cW9A9PdPOwWAwkczkpuQ/t/p5 
o+9TAx3uDuw5YC2wN/QANqeHX0i7vYx9mnaUZugWKt9yamSvTz4BFSaftyF7sHL2GMprh/KKzVz1 
W7BbNRrKRTz4WGEj+BmuqlwiKa8OOsP3Osd3o+foXqPAb0q7o+c31nMgmzyaZ2vtso5PPtf6QAYk 
bDv6of+9YS2WOJY365zCHTFW6y0gOwLeV7knhj0AVaryVpM7R/Mo1ClZ4CI5D67HRtqh/4/yitQA 
X8kFqVD4DvM5YcGIqfw3KuSVrrORLammbcRsRg3Dzn5Yvmf4InMrbbl5AZ1H2hZ6ba/mLHOr5jzk 
GPRUvXSqMuYzQ9+q1DsYv300CqRvmmHnQEQCkgM9gCx1K++1ylODEDWJKmtvCzYHXk4BY9V6aoKS 
2JerEW2c2IjjTWnPFJux9DP0/BpRpq08Y/mpL6A7RBGaHd8qd9UbhZTt9HjD5PXV1PHg67CU63TF 
cVYl/8u9UENTgT2TrNuR3pF0dZRHkFnaCV85vq3Y/w49EnoM7j/Q3PdgYLMZs54EwIhfgbRZyfVD 
x7e36aDoKhswdX4esiobe/YmajbmTL2xmi1r09XmRKZW7oHG9j9MKKCwORGZKdHwz7UnaacCOQpi 
o9DUfxZI/P8dUG2IvJsNWERMoxGEBkQb2XMDG2TSrLRngj1VB9Y3UkzVWkYfgIftpSqaEAfDyYWl 
AxnfsWR9ClsVXP1EX03bF9JW2DMp+AD2wJx33QwGQzlbpY1jbaAPlZpBT5hwwbnAtuot3sQpegR7 
IG89NwruVcjmUHujNe0AtlmVjbMBYKh/TeWvm3GyE+aSkYtQ8v+mGvSuGAp8si0edm+kPVXIc1Vw 
aypyCJoax2JTihQ8gBZyZySZ/6+HRBV61QEbFkxYcMWEK2ZcMOFC9yeg9eyLqU0i7b9C2MKtTMaC 
i5eWMFTkqdE0w98C+Azcy1mvvVV/vDngKP57JOhXTJhwJtByP5mp0QQqibtVvx0HLFMNUUb3tuq0 
tkIHrQR+DcF7JY9BTyY+05BF7Ylccy0EVL7DAb0Dfa3AN5L1Boz4INgdBvRu5EyBrLsSiqo65cuz 
WnF8LcB5tHe7j3trgpHeQAdYjReKGeW+lI27YsSIpZIQJbIYcQhMisJW0NlKyo135bltdJH8ZFXu 
cWKRQlmLKZXkAuAkM5kHodAFuNgdFsEFF0yYcMVQUlMabiOmHWWzYUnvzAormT7ZxUG3EvdZdCtr 
Bm0dmlpz8ekyztdynx1QQF9xwRlzMXVZ2lnNB9HWsZiM/QxGrbZ8r3CZ2PXAWdmVJ8Mu7KyKPo3k 
qL7lcPvi1sTmLDjg4iINJSLUlKaIVLKch6QaGxmMhVjsc/m44lJH+OIMnI7vGPaAAUvNsOzYt8SE 
JxIThU8rZlyrw51q9HYtsOXVG7axBJUdJOhPABZ6BFk5BoL/E9hs0/eVfHBKzuaPhcDQU8PXrFhw 
Md5HgC9Y6ZUb0lgy5K78oituPXvGFSuG4vm6Mno87AzaKnlr1tI3ldyanoijU+jihYcCm8OsyQBf 
qqxz2JJGXOstWJexBDksj2yFfSmyvmXL92F3pOQ25FHvLH7YjlC1QUMxbzKaLRO4RLAvbiT1YK7C 
Ju4W9rXAtaCtOYvseApgi/+wkR5DXjCTtDmfz5Jn+pP5oXxfEuoWmz7iXG+iBd47hyGwV3JaF+O+ 
rOtaq8xa0OyHM2zVkLWBrA9UOJeuDMiu5Gl9JbZb5nctj2pBnx/oiE+CzcAtP8IGzruvaw0DVyx0 
21a992Crbi2VHhSVlqvIZ+vVfQQ3EHCGPlfYvdyVwmaZWzehZKuNhf0ttSFKDNqnIlbeI9mG9hpM 
GWa1zuEmYON6Bi6v6xn2qfHbnXkATCdsSFUBl0b92vFsrTICaStZPVQ1V8iqSVccXNg6lFxNcjTl 
0Qdj3OYCuyPYKYJtD2VQuGK1VplEkNNNOUdqrvJeMNaHOVU5i4pb0DmItmqvBSxV880pecpK3vKV 
vjzv/ac1Ol8p9h7LwlnYWmAPRotYn+Tmhf9ZihyVWPZMqlj1rUh7wZBfwdJuOxIsYRSVbaLsOpJx 
ctewai63vBZVH6CZtA6irYAeC4t/rS5N9WZw41uCFZX2kKV9NjcTweWi+2a+bvjuSN776rPutdx4 
Dl5GGkYisbHwZ1f6PeANnSUZ1ZL3+U5b2HsSTjc+x2rtuZQUfKdyYuBrHeVqM7ItHgtkCzrBujTx 
4arsqRq1TaM0q95ciUqBRP1Hwm173bKlHjZqLiBUX1Z3vS4K6EsFrWmqvFvv5K2KLgOkJCI5Jo9k 
zYATRVsbrOp/BRm7kH1snhmbrd58m3oMmJyk5ZFIfNE3iq6PQEnJb8L2+U+UI+27qP16CP9GsucM 
f6uwtarZY3RZnpW26IzvbBmL3sh/bZqBsW/eh92yoLes9S2gt/Rgq2mPfmQ4F8wVOEtb1dwGu5zH 
i1ZsDPs70k7mIulLsL93KEEpdU71yZNJd9RtslbZbjU2cGzv01iYFO+8vMvaTynuA7e1+qmQWCj+ 
eAiyed/c0wUWfSixwFj/Iyns77ivnxiuP5U30BGgHF/Z+N+avJa8YMI5k85ST0uZVLJ15gi4fuzH 
1veWuHab5Dx5RERLttJGo+C9MWlG2vsBi5dzZKtFPtFfflfa2tNqe9Za9p0ffddIW6UuPoEoxL3w 
9LHjOZa1fs23uaKvMm65WJvW2Czeyp0wWti+n8R7Zr3Eo0a2f6SbMNuU8rA4vJ1pixx9/ZqKfyDY 
UcrJvlnflpsurILdH3QG3jeB8V4FVe/FA1fWbcsObA0um5oPVqbbYO+tCW3XWqyH9h4YutcBACM2 
d5EI/mOBfQ08CoRjOSvd2ZnfqoEMYe8xLa89PD/DGeP+0fZJUcvOFr7kVuL4msdwS//2X7FDb+zB 
/n2gj38o++YzBbqqD4CM9PgGKvwdoGZkms8Kzc5BsfmFO/8OsKOGg86MXHtEAZfrXB5/cv0Xgfap 
5N6sL8BbfZtDru8L2ztHH2R2DXA+mAv0JAnX2t8Otg+HpAzM+RTDtz02MHJuCxnSR/NWsMUkKZBo 
vlc0F4271SLgtlz1ptLW7+y8AGXHPHQ9bkEm/u29YHfmuw62xiEsqKg6t+Yp5H3Qy7vCVsB2Qp6d 
fMfA95Tcg9by4ZvBtv7Yt27Zzkir5hZya8xs1fTNYAt0biKxoMcQetQxaUFrC8Kbwlbo7QQJD72H 
7VWyKs5ua3lnJVfIUYHey9q3juUjmZis7XWSAtL2TrDj2QQ8q5hHOEPuwlDFt3fRyg3vBJsVvHM2 
vJX217K2cxrYhb0RbOVBdK5Xf1PN/RxykOvaGgWX2Q1vBrul9r0N99AjaVvgCwG/Vsm/2dgW6PuT 
3DzoyHPbFl3bNviGSi6gI/c13ZS2bQ5t+5JZyZf3gy1WOXJf0mG2r+aRHV/gO1eLC3sn2AjGtk5e 
HSvweKY2mmicIV9pdL8V7CgW9/3hVtpt07e344tR8beEHQH3vcLTFyq+H6Fpk3/pMH6PQ6sWfROh 
MeQJHJP3iPKvNZC1lfbbwFb4nXNf8QowgwONIAFZGvdVm/jeCTYbNN8nzDN+/AoMyaSbK9bQfZk4 
7X1g+5lJ8awPq+QcouyD5Yb/F8D+qkDcNQbNzvFpQQNZuTukEO6CtfnpyUrOqzncgmyTD6vePKVa 
ZyHmNpxl5+QZDm9m0mzlo13pp10AhReKSgC2OrnCTrG181jWV/ntSN7cV2RN2WyA86oBeYq6tl7K 
BGadoHV1MjbTd95B2i1POu6u6MQLY4jLknnb5zrf1M9B1LLf+irYbXHP9o+1K3jJIqN54ZvJwM7v 
tWLFFWcH/GrSDzON8hXS9sW9ljuzoGU9VZZ3R6CzrC9lJdSzkXi0SsR2ewnIRwPn2kfnVFxhyzKy 
dqWfPKla12e4VtgC3Lbb2074J8Pm5flsgDI4G+5BHwtoH6isBfQVFwJ9pvHNDfd13slrlFy/9rs2 
fKZRnVfnU48tZCEvNXLGJ04F+iWYU2Lacl+l5HCStvm1HdeHMrJ5UboVCX6xhE9a05iB2z7Vp8P2 
7XF++c7RWfHZyHqmMS1OSyGfK2xRc/bcOqnqBbCj5mfPkdp12vicoMvdbFXFrwXw2Sj5mSx51G7/ 
dCX3KyNHtHCOzngNxmzFe0iLNaqKs/1maV88RWxbNV8RrnhS2EOeXVg6FX8tC8aJosuyGAL80zmw 
q8bgr5W27fDm2bc2p27j8KmmH2sFzdI+VSVX0Ka0a2PDe8I268aGgD2RYJcOntHmW3Yhq804r2uB 
fa5Kfq5e+9qMbDxG2l/PH9ireExlJHsZx6tZqr9emiX6dTl+b8UfKO0MbV/ecCPaZtV7uZautqGg 
Nc28VAlrbOZVPL3OpDEH7t3VVNdJPtL2De2Skww52pLhYsIUL21zPAt2opHtF5k8mEzrWLy0X4aw 
q2ZMIbOUI9DhuH4E7FskIY/sCbx5h27Z8VGzLQsaEOKIIzOv4j7H3mJZv8KB9WVMzybm1p1KPkoE 
Lp5aOZQ1hHxxZ2zOXqTkLO2xwv4gCYvEP2riIYxZXiwm1VBUXZYFb1d22mIb/mzYMrZl1RRR6nzK 
mD7WCFw5FJSPBZZKODsu5VLIQ+4u9SvyvUjaYsXnIu1f+FWBz7Cb8Ag7KoTCUqkEG4Z69qyd8wsP 
/XkOjPmyrOJZ2gJcRjT77JxycATuQUcKvjZ518PH9l64wgtGKeyPAvtXkbYNU3gJZiUJTzW9/HQh 
iq68tBKp8MKx7WPwuUr7Fz7wF37ho1rvkUJRKelx2nFydIJfkHB1Y/pJY7uVd5RkqvvisS1yBnSZ 
sizDC6n4iVKPPKpt39kGWV0Z7vNDpW2Be9pICaNj9dQfRdpa3RJF9QHKKQDNNS953RezD38C++tF 
CJQp88s7eSrBsqLHShup9YZhwDXBVGlfKNuyC1V8OeXy59Jus2ruFuWfxZBlOUtCyQkmk0ZCG6GO 
S82pL5Uts5L2K25mWfuJ9nL8cQbWhb/hlRMtSaiempNLXnZ3IpeFClpNmYL+NAHp1UDmdVAVbMAE 
3GNsR8tGerYsx2X2ZIfFO5TYnPpiIjKOzdh6W1r4S+D3ZFd0fem20iHjWQNRrmlZ+71RTn1xyv1p 
EpCrG9N7I7oB/uewmUCwPJnuEjkZ2ApcQLcLrXvIDLzNs76at/8QB7bXNunpwQNF4Qy7o/ql0kV2 
PJ+qUfOFvRt51v7xp7B5TdS2WMsMigQoHwa2LdFrgedsHNYJp/LzxYzrHcro0bCtMeNUQ2j+A+we 
UxKeaDFPqARtvBHlPtFp863rnwL/E9jsrz3oA+bGclv6SHNq3YxQEg5WbobNCebV8WU/gv574Qr/ 
ZM2ZhiZckj9Wl8WftZgnhVhNLk/u5DHdkglPVXJfxmvTSlHoj9JyE228BEckaOXSw7bx9xds2X1h 
t8u3tB46j2vJrn4Vh6XdJ9InzM0YqcbfnwFkUXEff9s9LB4sbW+942z6ULkTsdyHWsTz7ZNayjuH 
kNVba561U+94FGwfivaB21LuRP300VU6fCBq65enqui2ttWuebm/wtLdYPOK9WLI2nItt1981PNQ 
Ntfi2JvLeJJp8Xky1HBUuv35kkMB7NulWoHsq9RDGI9xeUf89ADbOOl3KWkL9JxveZfFxx9L++vm 
Z003BvSNKZt3fLaSwFze4fK8TTtszeNauxOiFRB/fHxXyf3EU+1GaPsGOS6z9WqljMSUcUZ9MYDP 
aPnvJfDSCb8B/adj228Grc023Et2aEBrZzDP4GESwRIJ7KctfxId6afAvwtbNqrBju1WEvjDxWVR 
R4LQ/Zp2fKLlT1rFTjfu78HSjrcwZjaUaxxM98sN2q3KMh+qaaVtull/P8u6H2zuSGi3OD04/kRl 
zR0JFrL45pORuTosphHuCPx3whUbe3urfSxe+gDfiCEksHInNjQ5O3N21cmJr5V2u4+vppI2rWzZ 
E003rrVlkqPvc+i0lh0//UTYdmRPFHmzEVNbLuyJEgnMfDOV8O+m779ly+56fB92Z8Z1lF7anHoG 
c99Rn+ipgs5q7pkT3kblzvKOYO9NWuKGSa5kfVCOJdNYLCuq8bcn+31GfQ0z6hdJO557OZvSnZox 
Jv07E6AsNQj9dPK2RHC09PoTxraVd5te6sg+ONg8IdFuQL8SK6qg9bOmlndKLr8Luwu/3wPdFms1 
QBkaGkH6ES5NRGYjs8WFKHcHHEu7a37ynKjvHlSS8IjZKDdI0jYq04rWp4vMtEa902xzb9id+4iq 
llFjrC3lMegUgr6Am6G508hPc3jgIbAtVeSXsvcsmValbeF2CtkTLuTZPlFbsuWdgG7p4F2lDVju 
pJ3Y4JPLI9r0cq8j+GIgt/m0rp8QpZY/Tiy/C1vfuK1dcq51qMHJEbYNmvfo1pUSLGTlyi44N1Je 
d/Ppu4/v1qR1pVtQa5cTgZ6DhkmuU8vC58mAZglHPOjd/fL3YScwjWCZEzubmklg30THLksyrc/A 
djPw3c7QZ8C2svaWW02ZJYF9Vi0x2RoEovZ7y4XePfz8CWzrsPz8u2OV9rGq+SGQtYCWCae2gU7l 
3qaWT4MeSbt3+TQXZy33fWxkvRlPzTMvT4EVf5qf3oftlwCZTPjJObWdzCIWXOIyDkQ5xdQWOhue 
vAS4h+3LtYdgLHNm3U5lsbTR2am53aTcs2VPhx0HJ23P9+yiMk082ilLF6fkcZfobzbd3AM21zjs 
1PEjVS0/TFw2OVPGsvZx2Wdjv5UweoGsgTFMLEey4EdTruX5l3Z62mZk7QMVO9P26z3cHg57rOpt 
Z+JFxdrcaDOX4rxEZcyf8HoJOifPT0/zk1i+dl93j8nHWru0sbfPp2VsR+yJn3Kqc/NkJuaFfrOE 
HJkuNRX3L98Z9mxgTy6lPBp3ZSc22ASTl13UzcI1t4pm41nA0S6CDwENjDjuuC1NLZUBnyt/wm0Y 
7dbzi0kldd/NdiaHgu6eObpHfLixrbPxjgay5b5b/oTn2F7hc+g1CEE7k+6ylJ8g7V8BbCb9Obm0 
HcFpx4S1bMnaGK12nsGt3ccewK78ZRyYTkP8ZQLS2YxqADtyFnbsCt/tzXttWtB2k4ynHCP+2dCE 
M7ktz5947nup1vpMfnqPG5MAWEngeIurB8o5gs1GLapTc3IZ8WRMENqtwXXeX/4+GYP29INh62QW 
DVTskl23Yu/LjaRSJD2U71Ljr58O+1+wu5RLYBotGTCQf20JQj+bWhVc3j3D3Iw1188vkXZHZs1P 
XlIVz4c3ZixnX9QBJNWpO+TetOlPk3bbGm0nOjDxr7KOx7btF8zg+gq633FlL5O2dpCKG9NVjXg+ 
NZwd5+j7CmVMlgKQx3SPFQM8S/oCg5ZhR8voaiZmgxSZ3sDZ1mLSDGmzUfs9lK9bAW03OX7JkcOV 
duEfXfLej2upW7RrRPvMSt1VH1Sr9XiJA2PY0Rpm3AG+mQKu30xQfgY4MMmgowUDfqtb9F6wf9Ft 
aiFItqwZTOohTZhdc7s2iRQ5W8C8rfXLpX2ssD2RaPfnETpBN6Ti2Zw9vRKQXbOtUu8uGfAK2AdE 
09iEUOyNrLsCm7eXVNpxIyPm2dDf7PJ/LOx2zjXvmanZNTBgc/3Fi4vGxl0K+FZLxtPDlZkuLL0q 
vNKs7p8oSm4XbVTQPYZmLkd7PLxT4XuwJ7q4bd3we+ll2AO2qtarcVb8EHwF8/a6Di+I0iZzcQ+8 
3XFLpM1EYM7drlgCrowf6VOYk+/B9p1pdiKMws7wEgakCjohUbGw7SjzsF/uuBT24G6iC878+4QN 
fZG37tstefqyI2tLHr04Fm9h+/FtQQvEPLpZgWWcW2P2c4r/qY+BYTN0XpdU5NRho4ybQ9mpUfCf 
KPNLorTe/OynM9p8uDdKmgPZsal1PKmg8wjYaCArdAHdo8eKDSPNsE0h7LcD7mEz6Ij5yIrelXxM 
wlDNv5QKjuX9Jo9jDEl663TsX/rqtiQssWllVNJ5u2NP2haufySpevEW8N8ANNBhvfG3+Eg3Pt4c 
rkLbdn5/60g7X/8moG/N1v6vPvo/f4u/4/F/2P9Lx/9h/y8d/wHgOFZSyxibTAAAAABJRU5ErkJg 
gg== 
"></p>]]></text></answer>
  </subquestion>
</question>
 
</quiz>
