<?xml version="1.0" encoding="UTF-8"?>

<quiz>
 
<question type="category">
  <category>
    <text>$course$/top/Horizontal spacing</text>
  </category>
</question>
 
<question type="multichoice">
  <name format="html">
    <text><![CDATA[LaTeX Commands]]></text>
  </name>
  <questiontext format="html">
    <text><![CDATA[<p>Find the nut. </p>]]></text>
  </questiontext>
  <defaultgrade>1</defaultgrade>
  <generalfeedback format="html"><text/></generalfeedback>
  <penalty>0.10</penalty>
  <hidden>0</hidden>
  <single>true</single>
  <shuffleanswers>0</shuffleanswers>
  <answernumbering>abc</answernumbering>
  <answer fraction="0" format="html">
    <text><![CDATA[<p>mnnm &emsp;\(mnnm\)</p>]]></text>
  </answer>
  <answer fraction="0" format="html">
    <text><![CDATA[<p>mn nm &emsp;\(mn nm\)</p>]]></text>
  </answer>
  <answer fraction="0" format="html">
    <text><![CDATA[<p>mn nm &emsp;\(mn nm\)</p>]]></text>
  </answer>
  <answer fraction="0" format="html">
    <text><![CDATA[<p>mn&#8239;nm &emsp;\(mn\,nm\)</p>]]></text>
  </answer>
  <answer fraction="0" format="html">
    <text><![CDATA[<p>mn&#8239;nm &emsp;\( mn\thinspace nm\)</p>]]></text>
  </answer>
  <answer fraction="0" format="html">
    <text><![CDATA[<p>mn&nbsp;nm &emsp;\(mn~nm\)</p>]]></text>
  </answer>
  <answer fraction="0" format="html">
    <text><![CDATA[<p>mn nm &emsp;\(mn\ nm\)</p>]]></text>
  </answer>
  <answer fraction="0" format="html">
    <text><![CDATA[<p>\(mn\&gt;nm\)</p>]]></text>
  </answer>
  <answer fraction="0" format="html">
    <text><![CDATA[<p>mn&emsp14;nm &emsp;\(mn\:nm\)</p>]]></text>
  </answer>
  <answer fraction="0" format="html">
    <text><![CDATA[<p>mn&emsp14;nm &emsp;\(mn\:nm\)</p>]]></text>
  </answer>
  <answer fraction="0" format="html">
    <text><![CDATA[<p>mn&emsp13;nm &emsp;\(mn\;nm\)</p>]]></text>
  </answer>
  <answer fraction="0" format="html">
    <text><![CDATA[<p>mn&emsp13;nm &emsp;\(mn\;nm\)</p>]]></text>
  </answer>
  <answer fraction="100" format="html">
    <text><![CDATA[<p>mn&ensp;nm &emsp;\(mn\enspace nm\)</p>]]></text>
  </answer>
  <answer fraction="0" format="html">
    <text><![CDATA[<p>mn&emsp;nm &emsp;\(mn\quad nm\)</p>]]></text>
  </answer>
  <answer fraction="0" format="html">
    <text><![CDATA[<p>mn&emsp;&emsp;nm &emsp;\(mn\qquad nm\)</p>]]></text>
  </answer>
  <answer fraction="0" format="html">
    <text><![CDATA[<p>mn&blank;nm</p>]]></text>
  </answer>
  <answer fraction="0" format="html">
    <text><![CDATA[<p>mn<BR/>nm</p>]]></text>
  </answer>
  <answer fraction="0" format="html">
    <text><![CDATA[<p>mn<BR/>nm</p>]]></text>
  </answer>
  <answer fraction="0" format="html">
    <text><![CDATA[<p>mn<BR/>nm</p>]]></text>
  </answer>
  <answer fraction="0" format="html">
    <text><![CDATA[<p>mn<BR/>nm</p>]]></text>
  </answer>
</question>
<question type="multichoice">
  <name format="html">
    <text><![CDATA[Math spacing]]></text>
  </name>
  <questiontext format="html">
    <text><![CDATA[<p>Dummy text </p>]]></text>
  </questiontext>
  <defaultgrade>1</defaultgrade>
  <generalfeedback format="html"><text/></generalfeedback>
  <penalty>0.10</penalty>
  <hidden>0</hidden>
  <single>true</single>
  <shuffleanswers>0</shuffleanswers>
  <answernumbering>abc</answernumbering>
  <answer fraction="0" format="html">
    <text><![CDATA[<p>\(a+\)</p>]]></text>
  </answer>
  <answer fraction="0" format="html">
    <text><![CDATA[<p>\(a+b\)</p>]]></text>
  </answer>
  <answer fraction="100" format="html">
    <text><![CDATA[<p>\(a+{}\)</p>]]></text>
  </answer>
  <answer fraction="0" format="html">
    <text><![CDATA[<p>\(a\ +\)</p>]]></text>
  </answer>
</question>
 
</quiz>
