<?xml version="1.0" encoding="UTF-8"?>

<quiz>
 
<question type="category">
  <category>
    <text>$course$/top/TikZ</text>
  </category>
</question>
 
<question type="multichoice">
  <name format="html">
    <text><![CDATA[Multi]]></text>
  </name>
  <questiontext format="html">
    <text><![CDATA[<p><IMG SRC="data:image/svg+xml;base64,PD94bWwgdmVyc2lvbj0iMS4wIiBlbmNvZGluZz0iVVRGLTgiPz4KPHN2ZyB3aWR0aD0iNi42NDEz 
IiBoZWlnaHQ9IjEzLjI4NCIgdmVyc2lvbj0iMS4xIiB2aWV3Qm94PSIwIDAgNi42NDEzIDEzLjI4 
NCIgeG1sOnNwYWNlPSJwcmVzZXJ2ZSIgeG1sbnM9Imh0dHA6Ly93d3cudzMub3JnLzIwMDAvc3Zn 
Ij48ZyB0cmFuc2Zvcm09Im1hdHJpeCgxLjMzMzMgMCAwIC0xLjMzMzMgMCAxMy4yODQpIj48ZyB0 
cmFuc2Zvcm09InRyYW5zbGF0ZSgyLjQ5MSw0Ljk4MSkiPjxnIHRyYW5zZm9ybT0idHJhbnNsYXRl 
KC0yLjQ5MSwtMi40OSkiPjxnIHRyYW5zZm9ybT0idHJhbnNsYXRlKDAsLTIuNDkxKSI+PHRleHQg 
dHJhbnNmb3JtPSJtYXRyaXgoMSwwLDAsLTEsMCwxLjY2NCkiIGZpbGw9IiMwMDAwMDAiIGZvbnQt 
ZmFtaWx5PSJMTVJvbWFuMTAiIGZvbnQtc2l6ZT0iOS45NjI2cHgiPjx0c3BhbiB4PSIwIiB5PSIw 
Ij4xPC90c3Bhbj48L3RleHQ+PC9nPjwvZz48L2c+PC9nPjwvc3ZnPgo= 
"> </p>]]></text>
  </questiontext>
  <defaultgrade>1.0</defaultgrade>
  <generalfeedback format="html"><text/></generalfeedback>
  <penalty>0.10</penalty>
  <hidden>0</hidden>
  <single>true</single>
  <shuffleanswers>1</shuffleanswers>
  <answernumbering>abc</answernumbering>
  <answer fraction="100" format="html">
    <text><![CDATA[<p><IMG SRC="data:image/svg+xml;base64,PD94bWwgdmVyc2lvbj0iMS4wIiBlbmNvZGluZz0iVVRGLTgiPz4KPHN2ZyB3aWR0aD0iNi42NDEz 
IiBoZWlnaHQ9IjEzLjI4NCIgdmVyc2lvbj0iMS4xIiB2aWV3Qm94PSIwIDAgNi42NDEzIDEzLjI4 
NCIgeG1sOnNwYWNlPSJwcmVzZXJ2ZSIgeG1sbnM9Imh0dHA6Ly93d3cudzMub3JnLzIwMDAvc3Zn 
Ij48ZyB0cmFuc2Zvcm09Im1hdHJpeCgxLjMzMzMgMCAwIC0xLjMzMzMgMCAxMy4yODQpIj48ZyB0 
cmFuc2Zvcm09InRyYW5zbGF0ZSgyLjQ5MSw0Ljk4MSkiPjxnIHRyYW5zZm9ybT0idHJhbnNsYXRl 
KC0yLjQ5MSwtMi40OSkiPjxnIHRyYW5zZm9ybT0idHJhbnNsYXRlKDAsLTIuNDkxKSI+PHRleHQg 
dHJhbnNmb3JtPSJtYXRyaXgoMSwwLDAsLTEsMCwxLjc3MykiIGZpbGw9IiMwMDAwMDAiIGZvbnQt 
ZmFtaWx5PSJMTVJvbWFuMTAiIGZvbnQtc2l6ZT0iOS45NjI2cHgiPjx0c3BhbiB4PSIwIiB5PSIw 
Ij4zPC90c3Bhbj48L3RleHQ+PC9nPjwvZz48L2c+PC9nPjwvc3ZnPgo= 
"></p>]]></text>
    <feedback format="html"><text><![CDATA[<p><IMG SRC="data:image/svg+xml;base64,PD94bWwgdmVyc2lvbj0iMS4wIiBlbmNvZGluZz0iVVRGLTgiPz4KPHN2ZyB3aWR0aD0iNi43ODgi 
IGhlaWdodD0iMTMuMjg0IiB2ZXJzaW9uPSIxLjEiIHZpZXdCb3g9IjAgMCA2Ljc4OCAxMy4yODQi 
IHhtbDpzcGFjZT0icHJlc2VydmUiIHhtbG5zPSJodHRwOi8vd3d3LnczLm9yZy8yMDAwL3N2ZyI+ 
PGcgdHJhbnNmb3JtPSJtYXRyaXgoMS4zMzMzIDAgMCAtMS4zMzMzIDAgMTMuMjg0KSI+PGcgdHJh 
bnNmb3JtPSJ0cmFuc2xhdGUoMi41NDUsNC45ODEpIj48ZyB0cmFuc2Zvcm09InRyYW5zbGF0ZSgt 
Mi41NDUsLTIuNDkpIj48ZyB0cmFuc2Zvcm09InRyYW5zbGF0ZSgwLC0yLjQ5MSkiPjx0ZXh0IHRy 
YW5zZm9ybT0ibWF0cml4KDEsMCwwLC0xLDAsMS43NzMpIiBmaWxsPSIjMDAwMDAwIiBmb250LWZh 
bWlseT0iTE1Sb21hbjEwIiBmb250LXNpemU9IjkuOTYyNnB4IiBmb250LXN0eWxlPSJpdGFsaWMi 
Pjx0c3BhbiB4PSIwIiB5PSIwIj4yPC90c3Bhbj48L3RleHQ+PC9nPjwvZz48L2c+PC9nPjwvc3Zn 
Pgo= 
"></p>]]></text></feedback>
  </answer>
  <answer fraction="0" format="html">
    <text><![CDATA[<p><IMG SRC="data:image/svg+xml;base64,PD94bWwgdmVyc2lvbj0iMS4wIiBlbmNvZGluZz0iVVRGLTgiPz4KPHN2ZyB3aWR0aD0iNi42NDEz 
IiBoZWlnaHQ9IjEzLjI4NCIgdmVyc2lvbj0iMS4xIiB2aWV3Qm94PSIwIDAgNi42NDEzIDEzLjI4 
NCIgeG1sOnNwYWNlPSJwcmVzZXJ2ZSIgeG1sbnM9Imh0dHA6Ly93d3cudzMub3JnLzIwMDAvc3Zn 
Ij48ZyB0cmFuc2Zvcm09Im1hdHJpeCgxLjMzMzMgMCAwIC0xLjMzMzMgMCAxMy4yODQpIj48ZyB0 
cmFuc2Zvcm09InRyYW5zbGF0ZSgyLjQ5MSw0Ljk4MSkiPjxnIHRyYW5zZm9ybT0idHJhbnNsYXRl 
KC0yLjQ5MSwtMi40OSkiPjxnIHRyYW5zZm9ybT0idHJhbnNsYXRlKDAsLTIuNDkxKSI+PHRleHQg 
dHJhbnNmb3JtPSJtYXRyaXgoMSwwLDAsLTEsMCwxLjc3MykiIGZpbGw9IiMwMDAwMDAiIGZvbnQt 
ZmFtaWx5PSJMTVJvbWFuMTAiIGZvbnQtc2l6ZT0iOS45NjI2cHgiPjx0c3BhbiB4PSIwIiB5PSIw 
Ij41PC90c3Bhbj48L3RleHQ+PC9nPjwvZz48L2c+PC9nPjwvc3ZnPgo= 
"></p>]]></text>
    <feedback format="html"><text><![CDATA[<p><IMG SRC="data:image/svg+xml;base64,PD94bWwgdmVyc2lvbj0iMS4wIiBlbmNvZGluZz0iVVRGLTgiPz4KPHN2ZyB3aWR0aD0iNi43ODgi 
IGhlaWdodD0iMTMuMjg0IiB2ZXJzaW9uPSIxLjEiIHZpZXdCb3g9IjAgMCA2Ljc4OCAxMy4yODQi 
IHhtbDpzcGFjZT0icHJlc2VydmUiIHhtbG5zPSJodHRwOi8vd3d3LnczLm9yZy8yMDAwL3N2ZyI+ 
PGcgdHJhbnNmb3JtPSJtYXRyaXgoMS4zMzMzIDAgMCAtMS4zMzMzIDAgMTMuMjg0KSI+PGcgdHJh 
bnNmb3JtPSJ0cmFuc2xhdGUoMi41NDUsNC45ODEpIj48ZyB0cmFuc2Zvcm09InRyYW5zbGF0ZSgt 
Mi41NDUsLTIuNDkpIj48ZyB0cmFuc2Zvcm09InRyYW5zbGF0ZSgwLC0yLjQ5MSkiPjx0ZXh0IHRy 
YW5zZm9ybT0ibWF0cml4KDEsMCwwLC0xLDAsMi42MykiIGZpbGw9IiMwMDAwMDAiIGZvbnQtZmFt 
aWx5PSJMTVJvbWFuMTAiIGZvbnQtc2l6ZT0iOS45NjI2cHgiIGZvbnQtc3R5bGU9Iml0YWxpYyI+ 
PHRzcGFuIHg9IjAiIHk9IjAiPjQ8L3RzcGFuPjwvdGV4dD48L2c+PC9nPjwvZz48L2c+PC9zdmc+ 
Cg== 
"></p>]]></text></feedback>
  </answer>
</question>
<question type="ddmatch">
  <name format="html">
    <text><![CDATA[Matching]]></text>
  </name>
  <questiontext format="html">
    <text><![CDATA[<p><IMG SRC="data:image/svg+xml;base64,PD94bWwgdmVyc2lvbj0iMS4wIiBlbmNvZGluZz0iVVRGLTgiPz4KPHN2ZyB3aWR0aD0iNi42NDEz 
IiBoZWlnaHQ9IjEzLjI4NCIgdmVyc2lvbj0iMS4xIiB2aWV3Qm94PSIwIDAgNi42NDEzIDEzLjI4 
NCIgeG1sOnNwYWNlPSJwcmVzZXJ2ZSIgeG1sbnM9Imh0dHA6Ly93d3cudzMub3JnLzIwMDAvc3Zn 
Ij48ZyB0cmFuc2Zvcm09Im1hdHJpeCgxLjMzMzMgMCAwIC0xLjMzMzMgMCAxMy4yODQpIj48ZyB0 
cmFuc2Zvcm09InRyYW5zbGF0ZSgyLjQ5MSw0Ljk4MSkiPjxnIHRyYW5zZm9ybT0idHJhbnNsYXRl 
KC0yLjQ5MSwtMi40OSkiPjxnIHRyYW5zZm9ybT0idHJhbnNsYXRlKDAsLTIuNDkxKSI+PHRleHQg 
dHJhbnNmb3JtPSJtYXRyaXgoMSwwLDAsLTEsMCwxLjY2NCkiIGZpbGw9IiMwMDAwMDAiIGZvbnQt 
ZmFtaWx5PSJMTVJvbWFuMTAiIGZvbnQtc2l6ZT0iOS45NjI2cHgiPjx0c3BhbiB4PSIwIiB5PSIw 
Ij4xPC90c3Bhbj48L3RleHQ+PC9nPjwvZz48L2c+PC9nPjwvc3ZnPgo= 
"> </p>]]></text>
  </questiontext>
  <defaultgrade>1.0</defaultgrade>
  <generalfeedback format="html"><text/></generalfeedback>
  <penalty>0.10</penalty>
  <hidden>0</hidden>
  <shuffleanswers>1</shuffleanswers>
  <subquestion format="html">
    <text><![CDATA[<p><IMG SRC="data:image/svg+xml;base64,PD94bWwgdmVyc2lvbj0iMS4wIiBlbmNvZGluZz0iVVRGLTgiPz4KPHN2ZyB3aWR0aD0iNi42NDEz 
IiBoZWlnaHQ9IjEzLjI4NCIgdmVyc2lvbj0iMS4xIiB2aWV3Qm94PSIwIDAgNi42NDEzIDEzLjI4 
NCIgeG1sOnNwYWNlPSJwcmVzZXJ2ZSIgeG1sbnM9Imh0dHA6Ly93d3cudzMub3JnLzIwMDAvc3Zn 
Ij48ZyB0cmFuc2Zvcm09Im1hdHJpeCgxLjMzMzMgMCAwIC0xLjMzMzMgMCAxMy4yODQpIj48ZyB0 
cmFuc2Zvcm09InRyYW5zbGF0ZSgyLjQ5MSw0Ljk4MSkiPjxnIHRyYW5zZm9ybT0idHJhbnNsYXRl 
KC0yLjQ5MSwtMi40OSkiPjxnIHRyYW5zZm9ybT0idHJhbnNsYXRlKDAsLTIuNDkxKSI+PHRleHQg 
dHJhbnNmb3JtPSJtYXRyaXgoMSwwLDAsLTEsMCwxLjY2NCkiIGZpbGw9IiMwMDAwMDAiIGZvbnQt 
ZmFtaWx5PSJMTVJvbWFuMTAiIGZvbnQtc2l6ZT0iOS45NjI2cHgiPjx0c3BhbiB4PSIwIiB5PSIw 
Ij4yPC90c3Bhbj48L3RleHQ+PC9nPjwvZz48L2c+PC9nPjwvc3ZnPgo= 
"></p>]]></text>
    <answer format="html"><text><![CDATA[<p><IMG SRC="data:image/svg+xml;base64,PD94bWwgdmVyc2lvbj0iMS4wIiBlbmNvZGluZz0iVVRGLTgiPz4KPHN2ZyB3aWR0aD0iNi42NDEz 
IiBoZWlnaHQ9IjEzLjI4NCIgdmVyc2lvbj0iMS4xIiB2aWV3Qm94PSIwIDAgNi42NDEzIDEzLjI4 
NCIgeG1sOnNwYWNlPSJwcmVzZXJ2ZSIgeG1sbnM9Imh0dHA6Ly93d3cudzMub3JnLzIwMDAvc3Zn 
Ij48ZyB0cmFuc2Zvcm09Im1hdHJpeCgxLjMzMzMgMCAwIC0xLjMzMzMgMCAxMy4yODQpIj48ZyB0 
cmFuc2Zvcm09InRyYW5zbGF0ZSgyLjQ5MSw0Ljk4MSkiPjxnIHRyYW5zZm9ybT0idHJhbnNsYXRl 
KC0yLjQ5MSwtMi40OSkiPjxnIHRyYW5zZm9ybT0idHJhbnNsYXRlKDAsLTIuNDkxKSI+PHRleHQg 
dHJhbnNmb3JtPSJtYXRyaXgoMSwwLDAsLTEsMCwxLjc3MykiIGZpbGw9IiMwMDAwMDAiIGZvbnQt 
ZmFtaWx5PSJMTVJvbWFuMTAiIGZvbnQtc2l6ZT0iOS45NjI2cHgiPjx0c3BhbiB4PSIwIiB5PSIw 
Ij4zPC90c3Bhbj48L3RleHQ+PC9nPjwvZz48L2c+PC9nPjwvc3ZnPgo= 
"> </p>]]></text></answer>
  </subquestion>
  <subquestion format="html">
    <text><![CDATA[<p><IMG SRC="data:image/svg+xml;base64,PD94bWwgdmVyc2lvbj0iMS4wIiBlbmNvZGluZz0iVVRGLTgiPz4KPHN2ZyB3aWR0aD0iNi42NDEz 
IiBoZWlnaHQ9IjEzLjI4NCIgdmVyc2lvbj0iMS4xIiB2aWV3Qm94PSIwIDAgNi42NDEzIDEzLjI4 
NCIgeG1sOnNwYWNlPSJwcmVzZXJ2ZSIgeG1sbnM9Imh0dHA6Ly93d3cudzMub3JnLzIwMDAvc3Zn 
Ij48ZyB0cmFuc2Zvcm09Im1hdHJpeCgxLjMzMzMgMCAwIC0xLjMzMzMgMCAxMy4yODQpIj48ZyB0 
cmFuc2Zvcm09InRyYW5zbGF0ZSgyLjQ5MSw0Ljk4MSkiPjxnIHRyYW5zZm9ybT0idHJhbnNsYXRl 
KC0yLjQ5MSwtMi40OSkiPjxnIHRyYW5zZm9ybT0idHJhbnNsYXRlKDAsLTIuNDkxKSI+PHRleHQg 
dHJhbnNmb3JtPSJtYXRyaXgoMSwwLDAsLTEsMCwxLjYwOSkiIGZpbGw9IiMwMDAwMDAiIGZvbnQt 
ZmFtaWx5PSJMTVJvbWFuMTAiIGZvbnQtc2l6ZT0iOS45NjI2cHgiPjx0c3BhbiB4PSIwIiB5PSIw 
Ij40PC90c3Bhbj48L3RleHQ+PC9nPjwvZz48L2c+PC9nPjwvc3ZnPgo= 
"></p>]]></text>
    <answer format="html"><text><![CDATA[<p><IMG SRC="data:image/svg+xml;base64,PD94bWwgdmVyc2lvbj0iMS4wIiBlbmNvZGluZz0iVVRGLTgiPz4KPHN2ZyB3aWR0aD0iNi42NDEz 
IiBoZWlnaHQ9IjEzLjI4NCIgdmVyc2lvbj0iMS4xIiB2aWV3Qm94PSIwIDAgNi42NDEzIDEzLjI4 
NCIgeG1sOnNwYWNlPSJwcmVzZXJ2ZSIgeG1sbnM9Imh0dHA6Ly93d3cudzMub3JnLzIwMDAvc3Zn 
Ij48ZyB0cmFuc2Zvcm09Im1hdHJpeCgxLjMzMzMgMCAwIC0xLjMzMzMgMCAxMy4yODQpIj48ZyB0 
cmFuc2Zvcm09InRyYW5zbGF0ZSgyLjQ5MSw0Ljk4MSkiPjxnIHRyYW5zZm9ybT0idHJhbnNsYXRl 
KC0yLjQ5MSwtMi40OSkiPjxnIHRyYW5zZm9ybT0idHJhbnNsYXRlKDAsLTIuNDkxKSI+PHRleHQg 
dHJhbnNmb3JtPSJtYXRyaXgoMSwwLDAsLTEsMCwxLjc3MykiIGZpbGw9IiMwMDAwMDAiIGZvbnQt 
ZmFtaWx5PSJMTVJvbWFuMTAiIGZvbnQtc2l6ZT0iOS45NjI2cHgiPjx0c3BhbiB4PSIwIiB5PSIw 
Ij41PC90c3Bhbj48L3RleHQ+PC9nPjwvZz48L2c+PC9nPjwvc3ZnPgo= 
"> </p>]]></text></answer>
  </subquestion>
  <subquestion format="html">
    <text><![CDATA[<p><IMG SRC="data:image/svg+xml;base64,PD94bWwgdmVyc2lvbj0iMS4wIiBlbmNvZGluZz0iVVRGLTgiPz4KPHN2ZyB3aWR0aD0iNi42NDEz 
IiBoZWlnaHQ9IjEzLjI4NCIgdmVyc2lvbj0iMS4xIiB2aWV3Qm94PSIwIDAgNi42NDEzIDEzLjI4 
NCIgeG1sOnNwYWNlPSJwcmVzZXJ2ZSIgeG1sbnM9Imh0dHA6Ly93d3cudzMub3JnLzIwMDAvc3Zn 
Ij48ZyB0cmFuc2Zvcm09Im1hdHJpeCgxLjMzMzMgMCAwIC0xLjMzMzMgMCAxMy4yODQpIj48ZyB0 
cmFuc2Zvcm09InRyYW5zbGF0ZSgyLjQ5MSw0Ljk4MSkiPjxnIHRyYW5zZm9ybT0idHJhbnNsYXRl 
KC0yLjQ5MSwtMi40OSkiPjxnIHRyYW5zZm9ybT0idHJhbnNsYXRlKDAsLTIuNDkxKSI+PHRleHQg 
dHJhbnNmb3JtPSJtYXRyaXgoMSwwLDAsLTEsMCwxLjc3MykiIGZpbGw9IiMwMDAwMDAiIGZvbnQt 
ZmFtaWx5PSJMTVJvbWFuMTAiIGZvbnQtc2l6ZT0iOS45NjI2cHgiPjx0c3BhbiB4PSIwIiB5PSIw 
Ij4zPC90c3Bhbj48L3RleHQ+PC9nPjwvZz48L2c+PC9nPjwvc3ZnPgo= 
"></p>]]></text>
    <answer format="html"><text><![CDATA[<p><IMG SRC="data:image/svg+xml;base64,PD94bWwgdmVyc2lvbj0iMS4wIiBlbmNvZGluZz0iVVRGLTgiPz4KPHN2ZyB3aWR0aD0iNi42NDEz 
IiBoZWlnaHQ9IjEzLjI4NCIgdmVyc2lvbj0iMS4xIiB2aWV3Qm94PSIwIDAgNi42NDEzIDEzLjI4 
NCIgeG1sOnNwYWNlPSJwcmVzZXJ2ZSIgeG1sbnM9Imh0dHA6Ly93d3cudzMub3JnLzIwMDAvc3Zn 
Ij48ZyB0cmFuc2Zvcm09Im1hdHJpeCgxLjMzMzMgMCAwIC0xLjMzMzMgMCAxMy4yODQpIj48ZyB0 
cmFuc2Zvcm09InRyYW5zbGF0ZSgyLjQ5MSw0Ljk4MSkiPjxnIHRyYW5zZm9ybT0idHJhbnNsYXRl 
KC0yLjQ5MSwtMi40OSkiPjxnIHRyYW5zZm9ybT0idHJhbnNsYXRlKDAsLTIuNDkxKSI+PHRleHQg 
dHJhbnNmb3JtPSJtYXRyaXgoMSwwLDAsLTEsMCwxLjY2NCkiIGZpbGw9IiMwMDAwMDAiIGZvbnQt 
ZmFtaWx5PSJMTVJvbWFuMTAiIGZvbnQtc2l6ZT0iOS45NjI2cHgiPjx0c3BhbiB4PSIwIiB5PSIw 
Ij4yPC90c3Bhbj48L3RleHQ+PC9nPjwvZz48L2c+PC9nPjwvc3ZnPgo= 
"></p>]]></text></answer>
  </subquestion>
</question>
<question type="shortanswer">
  <name format="html">
    <text><![CDATA[Short]]></text>
  </name>
  <questiontext format="html">
    <text><![CDATA[<p><IMG SRC="data:image/svg+xml;base64,PD94bWwgdmVyc2lvbj0iMS4wIiBlbmNvZGluZz0iVVRGLTgiPz4KPHN2ZyB3aWR0aD0iNi42NDEz 
IiBoZWlnaHQ9IjEzLjI4NCIgdmVyc2lvbj0iMS4xIiB2aWV3Qm94PSIwIDAgNi42NDEzIDEzLjI4 
NCIgeG1sOnNwYWNlPSJwcmVzZXJ2ZSIgeG1sbnM9Imh0dHA6Ly93d3cudzMub3JnLzIwMDAvc3Zn 
Ij48ZyB0cmFuc2Zvcm09Im1hdHJpeCgxLjMzMzMgMCAwIC0xLjMzMzMgMCAxMy4yODQpIj48ZyB0 
cmFuc2Zvcm09InRyYW5zbGF0ZSgyLjQ5MSw0Ljk4MSkiPjxnIHRyYW5zZm9ybT0idHJhbnNsYXRl 
KC0yLjQ5MSwtMi40OSkiPjxnIHRyYW5zZm9ybT0idHJhbnNsYXRlKDAsLTIuNDkxKSI+PHRleHQg 
dHJhbnNmb3JtPSJtYXRyaXgoMSwwLDAsLTEsMCwxLjY2NCkiIGZpbGw9IiMwMDAwMDAiIGZvbnQt 
ZmFtaWx5PSJMTVJvbWFuMTAiIGZvbnQtc2l6ZT0iOS45NjI2cHgiPjx0c3BhbiB4PSIwIiB5PSIw 
Ij4xPC90c3Bhbj48L3RleHQ+PC9nPjwvZz48L2c+PC9nPjwvc3ZnPgo= 
"> </p>]]></text>
  </questiontext>
  <defaultgrade>1.0</defaultgrade>
  <generalfeedback format="html"><text/></generalfeedback>
  <penalty>0.10</penalty>
  <hidden>0</hidden>
  <usecase>0</usecase>
  <answer fraction="100" format="plain_text">
    <text>3</text>
    <feedback format="html"><text><![CDATA[<p><IMG SRC="data:image/svg+xml;base64,PD94bWwgdmVyc2lvbj0iMS4wIiBlbmNvZGluZz0iVVRGLTgiPz4KPHN2ZyB3aWR0aD0iNi43ODgi 
IGhlaWdodD0iMTMuMjg0IiB2ZXJzaW9uPSIxLjEiIHZpZXdCb3g9IjAgMCA2Ljc4OCAxMy4yODQi 
IHhtbDpzcGFjZT0icHJlc2VydmUiIHhtbG5zPSJodHRwOi8vd3d3LnczLm9yZy8yMDAwL3N2ZyI+ 
PGcgdHJhbnNmb3JtPSJtYXRyaXgoMS4zMzMzIDAgMCAtMS4zMzMzIDAgMTMuMjg0KSI+PGcgdHJh 
bnNmb3JtPSJ0cmFuc2xhdGUoMi41NDUsNC45ODEpIj48ZyB0cmFuc2Zvcm09InRyYW5zbGF0ZSgt 
Mi41NDUsLTIuNDkpIj48ZyB0cmFuc2Zvcm09InRyYW5zbGF0ZSgwLC0yLjQ5MSkiPjx0ZXh0IHRy 
YW5zZm9ybT0ibWF0cml4KDEsMCwwLC0xLDAsMS43NzMpIiBmaWxsPSIjMDAwMDAwIiBmb250LWZh 
bWlseT0iTE1Sb21hbjEwIiBmb250LXNpemU9IjkuOTYyNnB4IiBmb250LXN0eWxlPSJpdGFsaWMi 
Pjx0c3BhbiB4PSIwIiB5PSIwIj4yPC90c3Bhbj48L3RleHQ+PC9nPjwvZz48L2c+PC9nPjwvc3Zn 
Pgo= 
"></p>]]></text></feedback>
  </answer>
  <answer fraction="100" format="plain_text">
    <text>5</text>
    <feedback format="html"><text><![CDATA[<p><IMG SRC="data:image/svg+xml;base64,PD94bWwgdmVyc2lvbj0iMS4wIiBlbmNvZGluZz0iVVRGLTgiPz4KPHN2ZyB3aWR0aD0iNi43ODgi 
IGhlaWdodD0iMTMuMjg0IiB2ZXJzaW9uPSIxLjEiIHZpZXdCb3g9IjAgMCA2Ljc4OCAxMy4yODQi 
IHhtbDpzcGFjZT0icHJlc2VydmUiIHhtbG5zPSJodHRwOi8vd3d3LnczLm9yZy8yMDAwL3N2ZyI+ 
PGcgdHJhbnNmb3JtPSJtYXRyaXgoMS4zMzMzIDAgMCAtMS4zMzMzIDAgMTMuMjg0KSI+PGcgdHJh 
bnNmb3JtPSJ0cmFuc2xhdGUoMi41NDUsNC45ODEpIj48ZyB0cmFuc2Zvcm09InRyYW5zbGF0ZSgt 
Mi41NDUsLTIuNDkpIj48ZyB0cmFuc2Zvcm09InRyYW5zbGF0ZSgwLC0yLjQ5MSkiPjx0ZXh0IHRy 
YW5zZm9ybT0ibWF0cml4KDEsMCwwLC0xLDAsMi42MykiIGZpbGw9IiMwMDAwMDAiIGZvbnQtZmFt 
aWx5PSJMTVJvbWFuMTAiIGZvbnQtc2l6ZT0iOS45NjI2cHgiIGZvbnQtc3R5bGU9Iml0YWxpYyI+ 
PHRzcGFuIHg9IjAiIHk9IjAiPjQ8L3RzcGFuPjwvdGV4dD48L2c+PC9nPjwvZz48L2c+PC9zdmc+ 
Cg== 
"></p>]]></text></feedback>
  </answer>
</question>
<question type="numerical">
  <name format="html">
    <text><![CDATA[Numerical]]></text>
  </name>
  <questiontext format="html">
    <text><![CDATA[<p><IMG SRC="data:image/svg+xml;base64,PD94bWwgdmVyc2lvbj0iMS4wIiBlbmNvZGluZz0iVVRGLTgiPz4KPHN2ZyB3aWR0aD0iNi42NDEz 
IiBoZWlnaHQ9IjEzLjI4NCIgdmVyc2lvbj0iMS4xIiB2aWV3Qm94PSIwIDAgNi42NDEzIDEzLjI4 
NCIgeG1sOnNwYWNlPSJwcmVzZXJ2ZSIgeG1sbnM9Imh0dHA6Ly93d3cudzMub3JnLzIwMDAvc3Zn 
Ij48ZyB0cmFuc2Zvcm09Im1hdHJpeCgxLjMzMzMgMCAwIC0xLjMzMzMgMCAxMy4yODQpIj48ZyB0 
cmFuc2Zvcm09InRyYW5zbGF0ZSgyLjQ5MSw0Ljk4MSkiPjxnIHRyYW5zZm9ybT0idHJhbnNsYXRl 
KC0yLjQ5MSwtMi40OSkiPjxnIHRyYW5zZm9ybT0idHJhbnNsYXRlKDAsLTIuNDkxKSI+PHRleHQg 
dHJhbnNmb3JtPSJtYXRyaXgoMSwwLDAsLTEsMCwxLjY2NCkiIGZpbGw9IiMwMDAwMDAiIGZvbnQt 
ZmFtaWx5PSJMTVJvbWFuMTAiIGZvbnQtc2l6ZT0iOS45NjI2cHgiPjx0c3BhbiB4PSIwIiB5PSIw 
Ij4xPC90c3Bhbj48L3RleHQ+PC9nPjwvZz48L2c+PC9nPjwvc3ZnPgo= 
"> </p>]]></text>
  </questiontext>
  <defaultgrade>1.0</defaultgrade>
  <generalfeedback format="html"><text/></generalfeedback>
  <penalty>0.10</penalty>
  <hidden>0</hidden>
  <answer fraction="100" format="plain_text">
    <text>3</text>
    <tolerance>0</tolerance>
    <feedback format="html"><text><![CDATA[<p><IMG SRC="data:image/svg+xml;base64,PD94bWwgdmVyc2lvbj0iMS4wIiBlbmNvZGluZz0iVVRGLTgiPz4KPHN2ZyB3aWR0aD0iNi43ODgi 
IGhlaWdodD0iMTMuMjg0IiB2ZXJzaW9uPSIxLjEiIHZpZXdCb3g9IjAgMCA2Ljc4OCAxMy4yODQi 
IHhtbDpzcGFjZT0icHJlc2VydmUiIHhtbG5zPSJodHRwOi8vd3d3LnczLm9yZy8yMDAwL3N2ZyI+ 
PGcgdHJhbnNmb3JtPSJtYXRyaXgoMS4zMzMzIDAgMCAtMS4zMzMzIDAgMTMuMjg0KSI+PGcgdHJh 
bnNmb3JtPSJ0cmFuc2xhdGUoMi41NDUsNC45ODEpIj48ZyB0cmFuc2Zvcm09InRyYW5zbGF0ZSgt 
Mi41NDUsLTIuNDkpIj48ZyB0cmFuc2Zvcm09InRyYW5zbGF0ZSgwLC0yLjQ5MSkiPjx0ZXh0IHRy 
YW5zZm9ybT0ibWF0cml4KDEsMCwwLC0xLDAsMS43NzMpIiBmaWxsPSIjMDAwMDAwIiBmb250LWZh 
bWlseT0iTE1Sb21hbjEwIiBmb250LXNpemU9IjkuOTYyNnB4IiBmb250LXN0eWxlPSJpdGFsaWMi 
Pjx0c3BhbiB4PSIwIiB5PSIwIj4yPC90c3Bhbj48L3RleHQ+PC9nPjwvZz48L2c+PC9nPjwvc3Zn 
Pgo= 
"></p>]]></text></feedback>
  </answer>
  <answer fraction="100" format="plain_text">
    <text>5</text>
    <tolerance>0</tolerance>
    <feedback format="html"><text><![CDATA[<p><IMG SRC="data:image/svg+xml;base64,PD94bWwgdmVyc2lvbj0iMS4wIiBlbmNvZGluZz0iVVRGLTgiPz4KPHN2ZyB3aWR0aD0iNi43ODgi 
IGhlaWdodD0iMTMuMjg0IiB2ZXJzaW9uPSIxLjEiIHZpZXdCb3g9IjAgMCA2Ljc4OCAxMy4yODQi 
IHhtbDpzcGFjZT0icHJlc2VydmUiIHhtbG5zPSJodHRwOi8vd3d3LnczLm9yZy8yMDAwL3N2ZyI+ 
PGcgdHJhbnNmb3JtPSJtYXRyaXgoMS4zMzMzIDAgMCAtMS4zMzMzIDAgMTMuMjg0KSI+PGcgdHJh 
bnNmb3JtPSJ0cmFuc2xhdGUoMi41NDUsNC45ODEpIj48ZyB0cmFuc2Zvcm09InRyYW5zbGF0ZSgt 
Mi41NDUsLTIuNDkpIj48ZyB0cmFuc2Zvcm09InRyYW5zbGF0ZSgwLC0yLjQ5MSkiPjx0ZXh0IHRy 
YW5zZm9ybT0ibWF0cml4KDEsMCwwLC0xLDAsMi42MykiIGZpbGw9IiMwMDAwMDAiIGZvbnQtZmFt 
aWx5PSJMTVJvbWFuMTAiIGZvbnQtc2l6ZT0iOS45NjI2cHgiIGZvbnQtc3R5bGU9Iml0YWxpYyI+ 
PHRzcGFuIHg9IjAiIHk9IjAiPjQ8L3RzcGFuPjwvdGV4dD48L2c+PC9nPjwvZz48L2c+PC9zdmc+ 
Cg== 
"></p>]]></text></feedback>
  </answer>
</question>
<question type="cloze">
  <name format="html">
    <text><![CDATA[Cloze]]></text>
  </name>
  <questiontext format="html">
    <text><![CDATA[<p><IMG SRC="data:image/svg+xml;base64,PD94bWwgdmVyc2lvbj0iMS4wIiBlbmNvZGluZz0iVVRGLTgiPz4KPHN2ZyB3aWR0aD0iNi42NDEz 
IiBoZWlnaHQ9IjEzLjI4NCIgdmVyc2lvbj0iMS4xIiB2aWV3Qm94PSIwIDAgNi42NDEzIDEzLjI4 
NCIgeG1sOnNwYWNlPSJwcmVzZXJ2ZSIgeG1sbnM9Imh0dHA6Ly93d3cudzMub3JnLzIwMDAvc3Zn 
Ij48ZyB0cmFuc2Zvcm09Im1hdHJpeCgxLjMzMzMgMCAwIC0xLjMzMzMgMCAxMy4yODQpIj48ZyB0 
cmFuc2Zvcm09InRyYW5zbGF0ZSgyLjQ5MSw0Ljk4MSkiPjxnIHRyYW5zZm9ybT0idHJhbnNsYXRl 
KC0yLjQ5MSwtMi40OSkiPjxnIHRyYW5zZm9ybT0idHJhbnNsYXRlKDAsLTIuNDkxKSI+PHRleHQg 
dHJhbnNmb3JtPSJtYXRyaXgoMSwwLDAsLTEsMCwxLjY2NCkiIGZpbGw9IiMwMDAwMDAiIGZvbnQt 
ZmFtaWx5PSJMTVJvbWFuMTAiIGZvbnQtc2l6ZT0iOS45NjI2cHgiPjx0c3BhbiB4PSIwIiB5PSIw 
Ij4xPC90c3Bhbj48L3RleHQ+PC9nPjwvZz48L2c+PC9nPjwvc3ZnPgo= 
"> {1:MULTICHOICE_HS:=<IMG SRC="data:image/svg+xml;base64,PD94bWwgdmVyc2lvbj0iMS4wIiBlbmNvZGluZz0iVVRGLTgiPz4KPHN2ZyB3aWR0aD0iNi42NDEz 
IiBoZWlnaHQ9IjEzLjI4NCIgdmVyc2lvbj0iMS4xIiB2aWV3Qm94PSIwIDAgNi42NDEzIDEzLjI4 
NCIgeG1sOnNwYWNlPSJwcmVzZXJ2ZSIgeG1sbnM9Imh0dHA6Ly93d3cudzMub3JnLzIwMDAvc3Zn 
Ij48ZyB0cmFuc2Zvcm09Im1hdHJpeCgxLjMzMzMgMCAwIC0xLjMzMzMgMCAxMy4yODQpIj48ZyB0 
cmFuc2Zvcm09InRyYW5zbGF0ZSgyLjQ5MSw0Ljk4MSkiPjxnIHRyYW5zZm9ybT0idHJhbnNsYXRl 
KC0yLjQ5MSwtMi40OSkiPjxnIHRyYW5zZm9ybT0idHJhbnNsYXRlKDAsLTIuNDkxKSI+PHRleHQg 
dHJhbnNmb3JtPSJtYXRyaXgoMSwwLDAsLTEsMCwxLjc3MykiIGZpbGw9IiMwMDAwMDAiIGZvbnQt 
ZmFtaWx5PSJMTVJvbWFuMTAiIGZvbnQtc2l6ZT0iOS45NjI2cHgiPjx0c3BhbiB4PSIwIiB5PSIw 
Ij4zPC90c3Bhbj48L3RleHQ+PC9nPjwvZz48L2c+PC9nPjwvc3ZnPgo= 
">#<IMG SRC="data:image/svg+xml;base64,PD94bWwgdmVyc2lvbj0iMS4wIiBlbmNvZGluZz0iVVRGLTgiPz4KPHN2ZyB3aWR0aD0iNi43ODgi 
IGhlaWdodD0iMTMuMjg0IiB2ZXJzaW9uPSIxLjEiIHZpZXdCb3g9IjAgMCA2Ljc4OCAxMy4yODQi 
IHhtbDpzcGFjZT0icHJlc2VydmUiIHhtbG5zPSJodHRwOi8vd3d3LnczLm9yZy8yMDAwL3N2ZyI+ 
PGcgdHJhbnNmb3JtPSJtYXRyaXgoMS4zMzMzIDAgMCAtMS4zMzMzIDAgMTMuMjg0KSI+PGcgdHJh 
bnNmb3JtPSJ0cmFuc2xhdGUoMi41NDUsNC45ODEpIj48ZyB0cmFuc2Zvcm09InRyYW5zbGF0ZSgt 
Mi41NDUsLTIuNDkpIj48ZyB0cmFuc2Zvcm09InRyYW5zbGF0ZSgwLC0yLjQ5MSkiPjx0ZXh0IHRy 
YW5zZm9ybT0ibWF0cml4KDEsMCwwLC0xLDAsMS43NzMpIiBmaWxsPSIjMDAwMDAwIiBmb250LWZh 
bWlseT0iTE1Sb21hbjEwIiBmb250LXNpemU9IjkuOTYyNnB4IiBmb250LXN0eWxlPSJpdGFsaWMi 
Pjx0c3BhbiB4PSIwIiB5PSIwIj4yPC90c3Bhbj48L3RleHQ+PC9nPjwvZz48L2c+PC9nPjwvc3Zn 
Pgo= 
">~<IMG SRC="data:image/svg+xml;base64,PD94bWwgdmVyc2lvbj0iMS4wIiBlbmNvZGluZz0iVVRGLTgiPz4KPHN2ZyB3aWR0aD0iNi42NDEz 
IiBoZWlnaHQ9IjEzLjI4NCIgdmVyc2lvbj0iMS4xIiB2aWV3Qm94PSIwIDAgNi42NDEzIDEzLjI4 
NCIgeG1sOnNwYWNlPSJwcmVzZXJ2ZSIgeG1sbnM9Imh0dHA6Ly93d3cudzMub3JnLzIwMDAvc3Zn 
Ij48ZyB0cmFuc2Zvcm09Im1hdHJpeCgxLjMzMzMgMCAwIC0xLjMzMzMgMCAxMy4yODQpIj48ZyB0 
cmFuc2Zvcm09InRyYW5zbGF0ZSgyLjQ5MSw0Ljk4MSkiPjxnIHRyYW5zZm9ybT0idHJhbnNsYXRl 
KC0yLjQ5MSwtMi40OSkiPjxnIHRyYW5zZm9ybT0idHJhbnNsYXRlKDAsLTIuNDkxKSI+PHRleHQg 
dHJhbnNmb3JtPSJtYXRyaXgoMSwwLDAsLTEsMCwxLjc3MykiIGZpbGw9IiMwMDAwMDAiIGZvbnQt 
ZmFtaWx5PSJMTVJvbWFuMTAiIGZvbnQtc2l6ZT0iOS45NjI2cHgiPjx0c3BhbiB4PSIwIiB5PSIw 
Ij41PC90c3Bhbj48L3RleHQ+PC9nPjwvZz48L2c+PC9nPjwvc3ZnPgo= 
">#<IMG SRC="data:image/svg+xml;base64,PD94bWwgdmVyc2lvbj0iMS4wIiBlbmNvZGluZz0iVVRGLTgiPz4KPHN2ZyB3aWR0aD0iNi43ODgi 
IGhlaWdodD0iMTMuMjg0IiB2ZXJzaW9uPSIxLjEiIHZpZXdCb3g9IjAgMCA2Ljc4OCAxMy4yODQi 
IHhtbDpzcGFjZT0icHJlc2VydmUiIHhtbG5zPSJodHRwOi8vd3d3LnczLm9yZy8yMDAwL3N2ZyI+ 
PGcgdHJhbnNmb3JtPSJtYXRyaXgoMS4zMzMzIDAgMCAtMS4zMzMzIDAgMTMuMjg0KSI+PGcgdHJh 
bnNmb3JtPSJ0cmFuc2xhdGUoMi41NDUsNC45ODEpIj48ZyB0cmFuc2Zvcm09InRyYW5zbGF0ZSgt 
Mi41NDUsLTIuNDkpIj48ZyB0cmFuc2Zvcm09InRyYW5zbGF0ZSgwLC0yLjQ5MSkiPjx0ZXh0IHRy 
YW5zZm9ybT0ibWF0cml4KDEsMCwwLC0xLDAsMi42MykiIGZpbGw9IiMwMDAwMDAiIGZvbnQtZmFt 
aWx5PSJMTVJvbWFuMTAiIGZvbnQtc2l6ZT0iOS45NjI2cHgiIGZvbnQtc3R5bGU9Iml0YWxpYyI+ 
PHRzcGFuIHg9IjAiIHk9IjAiPjQ8L3RzcGFuPjwvdGV4dD48L2c+PC9nPjwvZz48L2c+PC9zdmc+ 
Cg== 
">}<BR/><IMG SRC="data:image/svg+xml;base64,PD94bWwgdmVyc2lvbj0iMS4wIiBlbmNvZGluZz0iVVRGLTgiPz4KPHN2ZyB3aWR0aD0iNi42NDEz 
IiBoZWlnaHQ9IjEzLjI4NCIgdmVyc2lvbj0iMS4xIiB2aWV3Qm94PSIwIDAgNi42NDEzIDEzLjI4 
NCIgeG1sOnNwYWNlPSJwcmVzZXJ2ZSIgeG1sbnM9Imh0dHA6Ly93d3cudzMub3JnLzIwMDAvc3Zn 
Ij48ZyB0cmFuc2Zvcm09Im1hdHJpeCgxLjMzMzMgMCAwIC0xLjMzMzMgMCAxMy4yODQpIj48ZyB0 
cmFuc2Zvcm09InRyYW5zbGF0ZSgyLjQ5MSw0Ljk4MSkiPjxnIHRyYW5zZm9ybT0idHJhbnNsYXRl 
KC0yLjQ5MSwtMi40OSkiPjxnIHRyYW5zZm9ybT0idHJhbnNsYXRlKDAsLTIuNDkxKSI+PHRleHQg 
dHJhbnNmb3JtPSJtYXRyaXgoMSwwLDAsLTEsMCwxLjY2NCkiIGZpbGw9IiMwMDAwMDAiIGZvbnQt 
ZmFtaWx5PSJMTVJvbWFuMTAiIGZvbnQtc2l6ZT0iOS45NjI2cHgiPjx0c3BhbiB4PSIwIiB5PSIw 
Ij4xPC90c3Bhbj48L3RleHQ+PC9nPjwvZz48L2c+PC9nPjwvc3ZnPgo= 
"> {1:SHORTANSWER:=3#<IMG SRC="data:image/svg+xml;base64,PD94bWwgdmVyc2lvbj0iMS4wIiBlbmNvZGluZz0iVVRGLTgiPz4KPHN2ZyB3aWR0aD0iNi43ODgi 
IGhlaWdodD0iMTMuMjg0IiB2ZXJzaW9uPSIxLjEiIHZpZXdCb3g9IjAgMCA2Ljc4OCAxMy4yODQi 
IHhtbDpzcGFjZT0icHJlc2VydmUiIHhtbG5zPSJodHRwOi8vd3d3LnczLm9yZy8yMDAwL3N2ZyI+ 
PGcgdHJhbnNmb3JtPSJtYXRyaXgoMS4zMzMzIDAgMCAtMS4zMzMzIDAgMTMuMjg0KSI+PGcgdHJh 
bnNmb3JtPSJ0cmFuc2xhdGUoMi41NDUsNC45ODEpIj48ZyB0cmFuc2Zvcm09InRyYW5zbGF0ZSgt 
Mi41NDUsLTIuNDkpIj48ZyB0cmFuc2Zvcm09InRyYW5zbGF0ZSgwLC0yLjQ5MSkiPjx0ZXh0IHRy 
YW5zZm9ybT0ibWF0cml4KDEsMCwwLC0xLDAsMS43NzMpIiBmaWxsPSIjMDAwMDAwIiBmb250LWZh 
bWlseT0iTE1Sb21hbjEwIiBmb250LXNpemU9IjkuOTYyNnB4IiBmb250LXN0eWxlPSJpdGFsaWMi 
Pjx0c3BhbiB4PSIwIiB5PSIwIj4yPC90c3Bhbj48L3RleHQ+PC9nPjwvZz48L2c+PC9nPjwvc3Zn 
Pgo= 
">~=5#<IMG SRC="data:image/svg+xml;base64,PD94bWwgdmVyc2lvbj0iMS4wIiBlbmNvZGluZz0iVVRGLTgiPz4KPHN2ZyB3aWR0aD0iNi43ODgi 
IGhlaWdodD0iMTMuMjg0IiB2ZXJzaW9uPSIxLjEiIHZpZXdCb3g9IjAgMCA2Ljc4OCAxMy4yODQi 
IHhtbDpzcGFjZT0icHJlc2VydmUiIHhtbG5zPSJodHRwOi8vd3d3LnczLm9yZy8yMDAwL3N2ZyI+ 
PGcgdHJhbnNmb3JtPSJtYXRyaXgoMS4zMzMzIDAgMCAtMS4zMzMzIDAgMTMuMjg0KSI+PGcgdHJh 
bnNmb3JtPSJ0cmFuc2xhdGUoMi41NDUsNC45ODEpIj48ZyB0cmFuc2Zvcm09InRyYW5zbGF0ZSgt 
Mi41NDUsLTIuNDkpIj48ZyB0cmFuc2Zvcm09InRyYW5zbGF0ZSgwLC0yLjQ5MSkiPjx0ZXh0IHRy 
YW5zZm9ybT0ibWF0cml4KDEsMCwwLC0xLDAsMi42MykiIGZpbGw9IiMwMDAwMDAiIGZvbnQtZmFt 
aWx5PSJMTVJvbWFuMTAiIGZvbnQtc2l6ZT0iOS45NjI2cHgiIGZvbnQtc3R5bGU9Iml0YWxpYyI+ 
PHRzcGFuIHg9IjAiIHk9IjAiPjQ8L3RzcGFuPjwvdGV4dD48L2c+PC9nPjwvZz48L2c+PC9zdmc+ 
Cg== 
">}<BR/><IMG SRC="data:image/svg+xml;base64,PD94bWwgdmVyc2lvbj0iMS4wIiBlbmNvZGluZz0iVVRGLTgiPz4KPHN2ZyB3aWR0aD0iNi42NDEz 
IiBoZWlnaHQ9IjEzLjI4NCIgdmVyc2lvbj0iMS4xIiB2aWV3Qm94PSIwIDAgNi42NDEzIDEzLjI4 
NCIgeG1sOnNwYWNlPSJwcmVzZXJ2ZSIgeG1sbnM9Imh0dHA6Ly93d3cudzMub3JnLzIwMDAvc3Zn 
Ij48ZyB0cmFuc2Zvcm09Im1hdHJpeCgxLjMzMzMgMCAwIC0xLjMzMzMgMCAxMy4yODQpIj48ZyB0 
cmFuc2Zvcm09InRyYW5zbGF0ZSgyLjQ5MSw0Ljk4MSkiPjxnIHRyYW5zZm9ybT0idHJhbnNsYXRl 
KC0yLjQ5MSwtMi40OSkiPjxnIHRyYW5zZm9ybT0idHJhbnNsYXRlKDAsLTIuNDkxKSI+PHRleHQg 
dHJhbnNmb3JtPSJtYXRyaXgoMSwwLDAsLTEsMCwxLjY2NCkiIGZpbGw9IiMwMDAwMDAiIGZvbnQt 
ZmFtaWx5PSJMTVJvbWFuMTAiIGZvbnQtc2l6ZT0iOS45NjI2cHgiPjx0c3BhbiB4PSIwIiB5PSIw 
Ij4xPC90c3Bhbj48L3RleHQ+PC9nPjwvZz48L2c+PC9nPjwvc3ZnPgo= 
"> {1:NUMERICAL:=3:0#<IMG SRC="data:image/svg+xml;base64,PD94bWwgdmVyc2lvbj0iMS4wIiBlbmNvZGluZz0iVVRGLTgiPz4KPHN2ZyB3aWR0aD0iNi43ODgi 
IGhlaWdodD0iMTMuMjg0IiB2ZXJzaW9uPSIxLjEiIHZpZXdCb3g9IjAgMCA2Ljc4OCAxMy4yODQi 
IHhtbDpzcGFjZT0icHJlc2VydmUiIHhtbG5zPSJodHRwOi8vd3d3LnczLm9yZy8yMDAwL3N2ZyI+ 
PGcgdHJhbnNmb3JtPSJtYXRyaXgoMS4zMzMzIDAgMCAtMS4zMzMzIDAgMTMuMjg0KSI+PGcgdHJh 
bnNmb3JtPSJ0cmFuc2xhdGUoMi41NDUsNC45ODEpIj48ZyB0cmFuc2Zvcm09InRyYW5zbGF0ZSgt 
Mi41NDUsLTIuNDkpIj48ZyB0cmFuc2Zvcm09InRyYW5zbGF0ZSgwLC0yLjQ5MSkiPjx0ZXh0IHRy 
YW5zZm9ybT0ibWF0cml4KDEsMCwwLC0xLDAsMS43NzMpIiBmaWxsPSIjMDAwMDAwIiBmb250LWZh 
bWlseT0iTE1Sb21hbjEwIiBmb250LXNpemU9IjkuOTYyNnB4IiBmb250LXN0eWxlPSJpdGFsaWMi 
Pjx0c3BhbiB4PSIwIiB5PSIwIj4yPC90c3Bhbj48L3RleHQ+PC9nPjwvZz48L2c+PC9nPjwvc3Zn 
Pgo= 
">~=5:0#<IMG SRC="data:image/svg+xml;base64,PD94bWwgdmVyc2lvbj0iMS4wIiBlbmNvZGluZz0iVVRGLTgiPz4KPHN2ZyB3aWR0aD0iNi43ODgi 
IGhlaWdodD0iMTMuMjg0IiB2ZXJzaW9uPSIxLjEiIHZpZXdCb3g9IjAgMCA2Ljc4OCAxMy4yODQi 
IHhtbDpzcGFjZT0icHJlc2VydmUiIHhtbG5zPSJodHRwOi8vd3d3LnczLm9yZy8yMDAwL3N2ZyI+ 
PGcgdHJhbnNmb3JtPSJtYXRyaXgoMS4zMzMzIDAgMCAtMS4zMzMzIDAgMTMuMjg0KSI+PGcgdHJh 
bnNmb3JtPSJ0cmFuc2xhdGUoMi41NDUsNC45ODEpIj48ZyB0cmFuc2Zvcm09InRyYW5zbGF0ZSgt 
Mi41NDUsLTIuNDkpIj48ZyB0cmFuc2Zvcm09InRyYW5zbGF0ZSgwLC0yLjQ5MSkiPjx0ZXh0IHRy 
YW5zZm9ybT0ibWF0cml4KDEsMCwwLC0xLDAsMi42MykiIGZpbGw9IiMwMDAwMDAiIGZvbnQtZmFt 
aWx5PSJMTVJvbWFuMTAiIGZvbnQtc2l6ZT0iOS45NjI2cHgiIGZvbnQtc3R5bGU9Iml0YWxpYyI+ 
PHRzcGFuIHg9IjAiIHk9IjAiPjQ8L3RzcGFuPjwvdGV4dD48L2c+PC9nPjwvZz48L2c+PC9zdmc+ 
Cg== 
">}</p>]]></text>
  </questiontext>
  <generalfeedback format="html"><text/></generalfeedback>
  <penalty>0.10</penalty>
  <hidden>0</hidden>
</question>
 
</quiz>
