<?xml version="1.0" encoding="UTF-8"?>

<quiz>
 
<question type="category">
  <category>
    <text>$course$/top/All Or Nothing</text>
  </category>
</question>
 
<question type="multichoiceset">
  <name format="html">
    <text><![CDATA[All Or Nothing]]></text>
  </name>
  <questiontext format="html">
    <text><![CDATA[<p>text </p>]]></text>
  </questiontext>
  <defaultgrade>1.0</defaultgrade>
  <generalfeedback format="html"><text/></generalfeedback>
  <penalty>0.10</penalty>
  <hidden>0</hidden>
  <shuffleanswers>1</shuffleanswers>
  <answernumbering>abc</answernumbering>
  <answer fraction="100" format="html">
    <text><![CDATA[<p>a</p>]]></text>
  </answer>
  <answer fraction="100" format="html">
    <text><![CDATA[<p>b</p>]]></text>
  </answer>
  <answer fraction="0" format="html">
    <text><![CDATA[<p>c</p>]]></text>
  </answer>
  <answer fraction="0" format="html">
    <text><![CDATA[<p>d</p>]]></text>
  </answer>
</question>
<question type="multichoiceset">
  <name format="html">
    <text><![CDATA[All Or Nothing Wins Conflict 1]]></text>
  </name>
  <questiontext format="html">
    <text><![CDATA[<p>text </p>]]></text>
  </questiontext>
  <defaultgrade>1.0</defaultgrade>
  <generalfeedback format="html"><text/></generalfeedback>
  <penalty>0.10</penalty>
  <hidden>0</hidden>
  <shuffleanswers>1</shuffleanswers>
  <answernumbering>abc</answernumbering>
  <answer fraction="100" format="html">
    <text><![CDATA[<p>a</p>]]></text>
  </answer>
  <answer fraction="100" format="html">
    <text><![CDATA[<p>b</p>]]></text>
  </answer>
  <answer fraction="0" format="html">
    <text><![CDATA[<p>c</p>]]></text>
  </answer>
  <answer fraction="0" format="html">
    <text><![CDATA[<p>d</p>]]></text>
  </answer>
</question>
<question type="multichoiceset">
  <name format="html">
    <text><![CDATA[All Or Nothing Wins Conflict 2]]></text>
  </name>
  <questiontext format="html">
    <text><![CDATA[<p>text </p>]]></text>
  </questiontext>
  <defaultgrade>1.0</defaultgrade>
  <generalfeedback format="html"><text/></generalfeedback>
  <penalty>0.10</penalty>
  <hidden>0</hidden>
  <shuffleanswers>1</shuffleanswers>
  <answernumbering>abc</answernumbering>
  <answer fraction="100" format="html">
    <text><![CDATA[<p>a</p>]]></text>
  </answer>
  <answer fraction="100" format="html">
    <text><![CDATA[<p>b</p>]]></text>
  </answer>
  <answer fraction="0" format="html">
    <text><![CDATA[<p>c</p>]]></text>
  </answer>
  <answer fraction="0" format="html">
    <text><![CDATA[<p>d</p>]]></text>
  </answer>
</question>
<question type="multichoiceset">
  <name format="html">
    <text><![CDATA[All Or Nothing Wins Conflict 3]]></text>
  </name>
  <questiontext format="html">
    <text><![CDATA[<p>text </p>]]></text>
  </questiontext>
  <defaultgrade>1.0</defaultgrade>
  <generalfeedback format="html"><text/></generalfeedback>
  <penalty>0.10</penalty>
  <hidden>0</hidden>
  <shuffleanswers>1</shuffleanswers>
  <answernumbering>abc</answernumbering>
  <answer fraction="100" format="html">
    <text><![CDATA[<p>a</p>]]></text>
  </answer>
  <answer fraction="100" format="html">
    <text><![CDATA[<p>b</p>]]></text>
  </answer>
  <answer fraction="0" format="html">
    <text><![CDATA[<p>c</p>]]></text>
  </answer>
  <answer fraction="0" format="html">
    <text><![CDATA[<p>d</p>]]></text>
  </answer>
</question>
<question type="multichoiceset">
  <name format="html">
    <text><![CDATA[All Or Nothing Wins Conflict 4]]></text>
  </name>
  <questiontext format="html">
    <text><![CDATA[<p>text </p>]]></text>
  </questiontext>
  <defaultgrade>1.0</defaultgrade>
  <generalfeedback format="html"><text/></generalfeedback>
  <penalty>0.10</penalty>
  <hidden>0</hidden>
  <shuffleanswers>1</shuffleanswers>
  <answernumbering>abc</answernumbering>
  <answer fraction="100" format="html">
    <text><![CDATA[<p>a</p>]]></text>
  </answer>
  <answer fraction="100" format="html">
    <text><![CDATA[<p>b</p>]]></text>
  </answer>
  <answer fraction="0" format="html">
    <text><![CDATA[<p>c</p>]]></text>
  </answer>
  <answer fraction="0" format="html">
    <text><![CDATA[<p>d</p>]]></text>
  </answer>
</question>
<question type="cloze">
  <name format="html">
    <text><![CDATA[Title]]></text>
  </name>
  <questiontext format="html">
    <text><![CDATA[<p>text {1:MULTICHOICE_S:=a~%20%b~%-30%c~d}</p>]]></text>
  </questiontext>
  <defaultgrade>1</defaultgrade>
  <generalfeedback format="html"><text/></generalfeedback>
  <penalty>0.10</penalty>
  <hidden>0</hidden>
</question>
 
</quiz>
