<?xml version="1.0" encoding="UTF-8"?>

<quiz>
 
<question type="category">
  <category>
    <text>$course$/top/Circuitikz</text>
  </category>
</question>
 
<question type="multichoice">
  <name format="html">
    <text><![CDATA[Multi]]></text>
  </name>
  <questiontext format="html">
    <text><![CDATA[<p><IMG SRC="data:image/png;base64,iVBORw0KGgoAAAANSUhEUgAAAU4AAACyCAMAAAAaqtaNAAAAS1BMVEX///8AAAAAAAAAAAAAAAAA 
AAAAAAAAAAAAAAAAAAAAAAAAAAAAAAAAAAAAAAAAAAAAAAAAAAAAAAAAAAAAAAAAAAAAAAAAAAAA 
AADXrLZzAAAAGHRSTlMAESIzRFVmd3qImaeqtLu/zM3d3+7v8Pi3xGZ7AAAF3klEQVR42u3cXcOc 
JhAF4EFHLcZSa2l7/v8v7YX7tqvgfiQObM3Zy2STcR9gBhEU+Y4PfqaPivUHUuNTKSo5yUlOcpKT 
nOQkJznJSU5ykpOc5CQnOclJTnKSk5zkJCc5yUlOcpKTnOQkJznJSU5ykpOc5CQnOclJTnKSk5zk 
JCc5yUlOcpKTnOQkJznJSU5ykpOc5CQnOclJTnKaRvWuRtRfm4tyIlYALRC1DqeGGqDNaB61DucN 
tC8dtbFuxlqcK+jS1xkXF+QU0aUWqFnUmpwi/QIsWgVUL8gpbgZ8+ajBKmpVzmaMwFy6dzY+GvRO 
p4MPAWHyg1bB1BHAVDp2OwII3cktNEybN1tOfelJYB8AjE3pJgwAxvbk/3QGgMkPqqo6+IDC/cT1 
S415/Bq1Ob+F4ti5zc+bAEyF+sqavErPkJyPwDKc3IRuBOJwEG0s0F9MkteLVe/0Jmzj4SBzIzBb 
d1CT5FWt6vVxJ7Zpr3ZGNP2lJsmrXtXzwLhtNjT7+a1ZTrNJXhWr3gDssubv+JaA26Q1Z5O8XmpC 
m6iadL0G+NvtPW3GuwKx/O2CAtGo6rUxuVEdgcyfLRYjo10qjHRpzEa6mzFJ0jmBP13yvcA69EIZ 
ml2mcybpVFy0KkcXmiW5mDwXdev9+h9Jg2Kxm01fZA7v0yHsb+sfSZzFbrZU7Q7z3NTdAPv84f66 
cSZ9sUM0rBn/s/UP74Fx/+/8bv5+1zmBX/Z/FWDbffL1ofcR3vtpNqLOp+7nUTOleU53lMR/OX9L 
s+dUpT6sF+6WYJVpsqn7SVRNH4Q0iMmYU1X9hm+qmki79Osl6sPXhU8wq/6Z1P0sqk974pCO9dtX 
84+gZhSovkl9+LrwYLk5K0ndz6IGZP6oe4vziN+iPvj9hTeYjaPO70TNpM4IeYtTEUpoatjM025J 
bJ5tq76Om5uXJ1EzqVOOcuERpxRIntLPQLyr74pRtfOj7ayi280qnkXNpM7DznbIGa0fwLthAZbN 
5MSjV9XJchuDS2efz6J+5YK+17sWeJMzwPTWOntvFOI6q1gvyZ1fDG+rn+44qnqfTKMmERGdRAb/ 
YPw/4zQsruvTtyTAeuEOQUTUj2dn73XS2T+K6lXcvH9eMYiIzCoicB/I2R0smd0uvLtdkp7Lud4S 
6eOosRVpt+PSoxURh0ZEvlaiP2ewu+Nb5/XC10tyJ3Puq95B1KkTabYdacYKKCIS/GeVomzy2iYx 
8fDihjM5M1XvMKpIf7f804QAhHHP+RkTpYPkdXfhXkTa6J0/sXc+WhFMo0qztNnJ54bzA6bxR8kr 
/Y3D4E7LnQdV7zCqm/JJDq3cHUyqf5OpR8nrmP+cqG89KHLeSZsDnXqRZvmcJZCKnK8XVTeqarZO 
NlPXhvbBAt0jTosFOp1eHOy3jDfB9wUH+60XATjIi6ru/ov6BqfN8vGjUlT4BuxHPz4/2g84rR5u 
PJwolVwe+OE2Sh+9HXNaPnqrtHlhfjd1P+2e4WXOxfTJW1dnV/xbqft5j4+57JnlNNy28D314TNT 
d2ZTTZ7TblONcX0omrrdnKlGGU6zLV/m9aFs6s5sSMxxGm1ILFEfyqbuLt2OlHJ64+3xaX0ofma4 
HTP7Br/jMyTXrl73mugKj73yR1z7kw7WJkcN9gktlOwslc4eDOftOEsOwmxHwVxwpDdVzh6cPKWo 
fUxrkzUvcFzYTZUPEYpc6rhw9SOuZyavj1gsqHkA+0rHhf/7UZVeD3Cp48LbBiv/8opKB2EKVr2C 
r1a52HHhupxtvNYhwsqclzviWpez6gFsdznO80+evRi16KGwsm/5unw1Kv3StIqHhks8nCr/Drpm 
PNxoYT2Tv+arpBtfI6rzfNH5uVHJSU5ykpOc5CQnOclJTnKSk5zkJCc5yUlOcpKTnOQkJznJSU5y 
kpOc5CQnOclJTnKSk5zkJCc5yUlOcpKTnOQkJznJSU5ykpOc5CQnOclJTnKSk5zkJCc5yUlOcv4s 
nBE/0ectzn8AAc62smkBa3AAAAAASUVORK5CYII= 
"> </p>]]></text>
  </questiontext>
  <defaultgrade>1.0</defaultgrade>
  <generalfeedback format="html"><text/></generalfeedback>
  <penalty>0.10</penalty>
  <hidden>0</hidden>
  <single>true</single>
  <shuffleanswers>1</shuffleanswers>
  <answernumbering>abc</answernumbering>
  <answer fraction="100" format="html">
    <text><![CDATA[<p><IMG SRC="data:image/png;base64,iVBORw0KGgoAAAANSUhEUgAAAU4AAACyCAMAAAAaqtaNAAAAS1BMVEX///8AAAAAAAAAAAAAAAAA 
AAAAAAAAAAAAAAAAAAAAAAAAAAAAAAAAAAAAAAAAAAAAAAAAAAAAAAAAAAAAAAAAAAAAAAAAAAAA 
AADXrLZzAAAAGHRSTlMAESIzRFVmd3qImaeqtLu/zM3d3+7v8Pi3xGZ7AAAF3klEQVR42u3cXcOc 
JhAF4EFHLcZSa2l7/v8v7YX7tqvgfiQObM3Zy2STcR9gBhEU+Y4PfqaPivUHUuNTKSo5yUlOcpKT 
nOQkJznJSU5ykpOc5CQnOclJTnKSk5zkJCc5yUlOcpKTnOQkJznJSU5ykpOc5CQnOclJTnKSk5zk 
JCc5yUlOcpKTnOQkJznJSU5ykpOc5CQnOclJTnKaRvWuRtRfm4tyIlYALRC1DqeGGqDNaB61DucN 
tC8dtbFuxlqcK+jS1xkXF+QU0aUWqFnUmpwi/QIsWgVUL8gpbgZ8+ajBKmpVzmaMwFy6dzY+GvRO 
p4MPAWHyg1bB1BHAVDp2OwII3cktNEybN1tOfelJYB8AjE3pJgwAxvbk/3QGgMkPqqo6+IDC/cT1 
S415/Bq1Ob+F4ti5zc+bAEyF+sqavErPkJyPwDKc3IRuBOJwEG0s0F9MkteLVe/0Jmzj4SBzIzBb 
d1CT5FWt6vVxJ7Zpr3ZGNP2lJsmrXtXzwLhtNjT7+a1ZTrNJXhWr3gDssubv+JaA26Q1Z5O8XmpC 
m6iadL0G+NvtPW3GuwKx/O2CAtGo6rUxuVEdgcyfLRYjo10qjHRpzEa6mzFJ0jmBP13yvcA69EIZ 
ml2mcybpVFy0KkcXmiW5mDwXdev9+h9Jg2Kxm01fZA7v0yHsb+sfSZzFbrZU7Q7z3NTdAPv84f66 
cSZ9sUM0rBn/s/UP74Fx/+/8bv5+1zmBX/Z/FWDbffL1ofcR3vtpNqLOp+7nUTOleU53lMR/OX9L 
s+dUpT6sF+6WYJVpsqn7SVRNH4Q0iMmYU1X9hm+qmki79Osl6sPXhU8wq/6Z1P0sqk974pCO9dtX 
84+gZhSovkl9+LrwYLk5K0ndz6IGZP6oe4vziN+iPvj9hTeYjaPO70TNpM4IeYtTEUpoatjM025J 
bJ5tq76Om5uXJ1EzqVOOcuERpxRIntLPQLyr74pRtfOj7ayi280qnkXNpM7DznbIGa0fwLthAZbN 
5MSjV9XJchuDS2efz6J+5YK+17sWeJMzwPTWOntvFOI6q1gvyZ1fDG+rn+44qnqfTKMmERGdRAb/ 
YPw/4zQsruvTtyTAeuEOQUTUj2dn73XS2T+K6lXcvH9eMYiIzCoicB/I2R0smd0uvLtdkp7Lud4S 
6eOosRVpt+PSoxURh0ZEvlaiP2ewu+Nb5/XC10tyJ3Puq95B1KkTabYdacYKKCIS/GeVomzy2iYx 
8fDihjM5M1XvMKpIf7f804QAhHHP+RkTpYPkdXfhXkTa6J0/sXc+WhFMo0qztNnJ54bzA6bxR8kr 
/Y3D4E7LnQdV7zCqm/JJDq3cHUyqf5OpR8nrmP+cqG89KHLeSZsDnXqRZvmcJZCKnK8XVTeqarZO 
NlPXhvbBAt0jTosFOp1eHOy3jDfB9wUH+60XATjIi6ru/ov6BqfN8vGjUlT4BuxHPz4/2g84rR5u 
PJwolVwe+OE2Sh+9HXNaPnqrtHlhfjd1P+2e4WXOxfTJW1dnV/xbqft5j4+57JnlNNy28D314TNT 
d2ZTTZ7TblONcX0omrrdnKlGGU6zLV/m9aFs6s5sSMxxGm1ILFEfyqbuLt2OlHJ64+3xaX0ofma4 
HTP7Br/jMyTXrl73mugKj73yR1z7kw7WJkcN9gktlOwslc4eDOftOEsOwmxHwVxwpDdVzh6cPKWo 
fUxrkzUvcFzYTZUPEYpc6rhw9SOuZyavj1gsqHkA+0rHhf/7UZVeD3Cp48LbBiv/8opKB2EKVr2C 
r1a52HHhupxtvNYhwsqclzviWpez6gFsdznO80+evRi16KGwsm/5unw1Kv3StIqHhks8nCr/Drpm 
PNxoYT2Tv+arpBtfI6rzfNH5uVHJSU5ykpOc5CQnOclJTnKSk5zkJCc5yUlOcpKTnOQkJznJSU5y 
kpOc5CQnOclJTnKSk5zkJCc5yUlOcpKTnOQkJznJSU5ykpOc5CQnOclJTnKSk5zkJCc5yUlOcv4s 
nBE/0ectzn8AAc62smkBa3AAAAAASUVORK5CYII= 
"></p>]]></text>
  </answer>
  <answer fraction="0" format="html">
    <text><![CDATA[<p>toast</p>]]></text>
    <feedback format="html"><text><![CDATA[<p><IMG SRC="data:image/png;base64,iVBORw0KGgoAAAANSUhEUgAAAU4AAACyCAMAAAAaqtaNAAAAS1BMVEX///8AAAAAAAAAAAAAAAAA 
AAAAAAAAAAAAAAAAAAAAAAAAAAAAAAAAAAAAAAAAAAAAAAAAAAAAAAAAAAAAAAAAAAAAAAAAAAAA 
AADXrLZzAAAAGHRSTlMAESIzRFVmd3qImaeqtLu/zM3d3+7v8Pi3xGZ7AAAF3klEQVR42u3cXcOc 
JhAF4EFHLcZSa2l7/v8v7YX7tqvgfiQObM3Zy2STcR9gBhEU+Y4PfqaPivUHUuNTKSo5yUlOcpKT 
nOQkJznJSU5ykpOc5CQnOclJTnKSk5zkJCc5yUlOcpKTnOQkJznJSU5ykpOc5CQnOclJTnKSk5zk 
JCc5yUlOcpKTnOQkJznJSU5ykpOc5CQnOclJTnKaRvWuRtRfm4tyIlYALRC1DqeGGqDNaB61DucN 
tC8dtbFuxlqcK+jS1xkXF+QU0aUWqFnUmpwi/QIsWgVUL8gpbgZ8+ajBKmpVzmaMwFy6dzY+GvRO 
p4MPAWHyg1bB1BHAVDp2OwII3cktNEybN1tOfelJYB8AjE3pJgwAxvbk/3QGgMkPqqo6+IDC/cT1 
S415/Bq1Ob+F4ti5zc+bAEyF+sqavErPkJyPwDKc3IRuBOJwEG0s0F9MkteLVe/0Jmzj4SBzIzBb 
d1CT5FWt6vVxJ7Zpr3ZGNP2lJsmrXtXzwLhtNjT7+a1ZTrNJXhWr3gDssubv+JaA26Q1Z5O8XmpC 
m6iadL0G+NvtPW3GuwKx/O2CAtGo6rUxuVEdgcyfLRYjo10qjHRpzEa6mzFJ0jmBP13yvcA69EIZ 
ml2mcybpVFy0KkcXmiW5mDwXdev9+h9Jg2Kxm01fZA7v0yHsb+sfSZzFbrZU7Q7z3NTdAPv84f66 
cSZ9sUM0rBn/s/UP74Fx/+/8bv5+1zmBX/Z/FWDbffL1ofcR3vtpNqLOp+7nUTOleU53lMR/OX9L 
s+dUpT6sF+6WYJVpsqn7SVRNH4Q0iMmYU1X9hm+qmki79Osl6sPXhU8wq/6Z1P0sqk974pCO9dtX 
84+gZhSovkl9+LrwYLk5K0ndz6IGZP6oe4vziN+iPvj9hTeYjaPO70TNpM4IeYtTEUpoatjM025J 
bJ5tq76Om5uXJ1EzqVOOcuERpxRIntLPQLyr74pRtfOj7ayi280qnkXNpM7DznbIGa0fwLthAZbN 
5MSjV9XJchuDS2efz6J+5YK+17sWeJMzwPTWOntvFOI6q1gvyZ1fDG+rn+44qnqfTKMmERGdRAb/ 
YPw/4zQsruvTtyTAeuEOQUTUj2dn73XS2T+K6lXcvH9eMYiIzCoicB/I2R0smd0uvLtdkp7Lud4S 
6eOosRVpt+PSoxURh0ZEvlaiP2ewu+Nb5/XC10tyJ3Puq95B1KkTabYdacYKKCIS/GeVomzy2iYx 
8fDihjM5M1XvMKpIf7f804QAhHHP+RkTpYPkdXfhXkTa6J0/sXc+WhFMo0qztNnJ54bzA6bxR8kr 
/Y3D4E7LnQdV7zCqm/JJDq3cHUyqf5OpR8nrmP+cqG89KHLeSZsDnXqRZvmcJZCKnK8XVTeqarZO 
NlPXhvbBAt0jTosFOp1eHOy3jDfB9wUH+60XATjIi6ru/ov6BqfN8vGjUlT4BuxHPz4/2g84rR5u 
PJwolVwe+OE2Sh+9HXNaPnqrtHlhfjd1P+2e4WXOxfTJW1dnV/xbqft5j4+57JnlNNy28D314TNT 
d2ZTTZ7TblONcX0omrrdnKlGGU6zLV/m9aFs6s5sSMxxGm1ILFEfyqbuLt2OlHJ64+3xaX0ofma4 
HTP7Br/jMyTXrl73mugKj73yR1z7kw7WJkcN9gktlOwslc4eDOftOEsOwmxHwVxwpDdVzh6cPKWo 
fUxrkzUvcFzYTZUPEYpc6rhw9SOuZyavj1gsqHkA+0rHhf/7UZVeD3Cp48LbBiv/8opKB2EKVr2C 
r1a52HHhupxtvNYhwsqclzviWpez6gFsdznO80+evRi16KGwsm/5unw1Kv3StIqHhks8nCr/Drpm 
PNxoYT2Tv+arpBtfI6rzfNH5uVHJSU5ykpOc5CQnOclJTnKSk5zkJCc5yUlOcpKTnOQkJznJSU5y 
kpOc5CQnOclJTnKSk5zkJCc5yUlOcpKTnOQkJznJSU5ykpOc5CQnOclJTnKSk5zkJCc5yUlOcv4s 
nBE/0ectzn8AAc62smkBa3AAAAAASUVORK5CYII= 
"></p>]]></text></feedback>
  </answer>
</question>
 
</quiz>
