<?xml version="1.0" encoding="iso-8859-1"?>

<quiz>
 
<question type="category">
  <category>
    <text>$course$/top/TikZ</text>
  </category>
</question>
 
<question type="multichoice">
  <name format="html">
    <text><![CDATA[Multi]]></text>
  </name>
  <questiontext format="html">
    <text><![CDATA[<p><IMG SRC="data:image/svg+xml;base64,PD94bWwgdmVyc2lvbj0iMS4wIiBlbmNvZGluZz0iVVRGLTgiPz4KPHN2ZyB3aWR0aD0iNi42NCIg 
aGVpZ2h0PSIxMy4yOCIgdmVyc2lvbj0iMS4xIiB2aWV3Qm94PSIwIDAgNi42NCAxMy4yOCIgeG1s 
OnNwYWNlPSJwcmVzZXJ2ZSIgeG1sbnM9Imh0dHA6Ly93d3cudzMub3JnLzIwMDAvc3ZnIj48ZyB0 
cmFuc2Zvcm09Im1hdHJpeCgxLjMzMzMgMCAwIC0xLjMzMzMgMCAxMy4yOCkiPjxnIHRyYW5zZm9y 
bT0idHJhbnNsYXRlKDIuNDksNC45OCkiPjxnIHRyYW5zZm9ybT0idHJhbnNsYXRlKC0yLjQ5LC0y 
LjQ5MSkiPjxnIHRyYW5zZm9ybT0idHJhbnNsYXRlKDAsLTIuNDg5KSI+PHRleHQgdHJhbnNmb3Jt 
PSJtYXRyaXgoMSwwLDAsLTEsMCwxLjc4NSkiIGZpbGw9IiMwMDAwMDAiIGZvbnQtZmFtaWx5PSJB 
cmlhbCIgZm9udC1zaXplPSI5Ljk2MjZweCI+PHRzcGFuIHg9IjAiIHk9IjAiPjE8L3RzcGFuPjwv 
dGV4dD48L2c+PC9nPjwvZz48L2c+PC9zdmc+Cg== 
"> </p>]]></text>
  </questiontext>
  <defaultgrade>1.0</defaultgrade>
  <generalfeedback format="html"><text/></generalfeedback>
  <penalty>0.10</penalty>
  <hidden>0</hidden>
  <single>true</single>
  <shuffleanswers>1</shuffleanswers>
  <answernumbering>abc</answernumbering>
  <answer fraction="100" format="html">
    <text><![CDATA[<p><IMG SRC="data:image/svg+xml;base64,PD94bWwgdmVyc2lvbj0iMS4wIiBlbmNvZGluZz0iVVRGLTgiPz4KPHN2ZyB3aWR0aD0iNi42NCIg 
aGVpZ2h0PSIxMy4yOCIgdmVyc2lvbj0iMS4xIiB2aWV3Qm94PSIwIDAgNi42NCAxMy4yOCIgeG1s 
OnNwYWNlPSJwcmVzZXJ2ZSIgeG1sbnM9Imh0dHA6Ly93d3cudzMub3JnLzIwMDAvc3ZnIj48ZyB0 
cmFuc2Zvcm09Im1hdHJpeCgxLjMzMzMgMCAwIC0xLjMzMzMgMCAxMy4yOCkiPjxnIHRyYW5zZm9y 
bT0idHJhbnNsYXRlKDIuNDksNC45OCkiPjxnIHRyYW5zZm9ybT0idHJhbnNsYXRlKC0yLjQ5LC0y 
LjQ5MSkiPjxnIHRyYW5zZm9ybT0idHJhbnNsYXRlKDAsLTIuNDg5KSI+PHRleHQgdHJhbnNmb3Jt 
PSJtYXRyaXgoMSwwLDAsLTEsMCwxLjc4NSkiIGZpbGw9IiMwMDAwMDAiIGZvbnQtZmFtaWx5PSJB 
cmlhbCIgZm9udC1zaXplPSI5Ljk2MjZweCI+PHRzcGFuIHg9IjAiIHk9IjAiPjM8L3RzcGFuPjwv 
dGV4dD48L2c+PC9nPjwvZz48L2c+PC9zdmc+Cg== 
"></p>]]></text>
    <feedback format="html"><text><![CDATA[<p><IMG SRC="data:image/svg+xml;base64,PD94bWwgdmVyc2lvbj0iMS4wIiBlbmNvZGluZz0iVVRGLTgiPz4KPHN2ZyB3aWR0aD0iNi43ODgi 
IGhlaWdodD0iMTMuNTc2IiB2ZXJzaW9uPSIxLjEiIHZpZXdCb3g9IjAgMCA2Ljc4OCAxMy41NzYi 
IHhtbDpzcGFjZT0icHJlc2VydmUiIHhtbG5zPSJodHRwOi8vd3d3LnczLm9yZy8yMDAwL3N2ZyI+ 
PGcgdHJhbnNmb3JtPSJtYXRyaXgoMS4zMzMzIDAgMCAtMS4zMzMzIDAgMTMuNTc2KSI+PGcgdHJh 
bnNmb3JtPSJ0cmFuc2xhdGUoMi41NDUsNS4wOTEpIj48ZyB0cmFuc2Zvcm09InRyYW5zbGF0ZSgt 
Mi41NDUsLTIuNDkxKSI+PGcgdHJhbnNmb3JtPSJ0cmFuc2xhdGUoMCwtMi42KSI+PHRleHQgdHJh 
bnNmb3JtPSJtYXRyaXgoMSwwLDAsLTEsMCwxLjg5NSkiIGZpbGw9IiMwMDAwMDAiIGZvbnQtZmFt 
aWx5PSJBcmlhbCIgZm9udC1zaXplPSI5Ljk2MjZweCI+PHRzcGFuIHg9IjAiIHk9IjAiPjI8L3Rz 
cGFuPjwvdGV4dD48L2c+PC9nPjwvZz48L2c+PC9zdmc+Cg== 
"></p>]]></text></feedback>
  </answer>
  <answer fraction="0" format="html">
    <text><![CDATA[<p><IMG SRC="data:image/svg+xml;base64,PD94bWwgdmVyc2lvbj0iMS4wIiBlbmNvZGluZz0iVVRGLTgiPz4KPHN2ZyB3aWR0aD0iNi42NCIg 
aGVpZ2h0PSIxMy4yOCIgdmVyc2lvbj0iMS4xIiB2aWV3Qm94PSIwIDAgNi42NCAxMy4yOCIgeG1s 
OnNwYWNlPSJwcmVzZXJ2ZSIgeG1sbnM9Imh0dHA6Ly93d3cudzMub3JnLzIwMDAvc3ZnIj48ZyB0 
cmFuc2Zvcm09Im1hdHJpeCgxLjMzMzMgMCAwIC0xLjMzMzMgMCAxMy4yOCkiPjxnIHRyYW5zZm9y 
bT0idHJhbnNsYXRlKDIuNDksNC45OCkiPjxnIHRyYW5zZm9ybT0idHJhbnNsYXRlKC0yLjQ5LC0y 
LjQ5MSkiPjxnIHRyYW5zZm9ybT0idHJhbnNsYXRlKDAsLTIuNDg5KSI+PHRleHQgdHJhbnNmb3Jt 
PSJtYXRyaXgoMSwwLDAsLTEsMCwxLjc4NSkiIGZpbGw9IiMwMDAwMDAiIGZvbnQtZmFtaWx5PSJB 
cmlhbCIgZm9udC1zaXplPSI5Ljk2MjZweCI+PHRzcGFuIHg9IjAiIHk9IjAiPjU8L3RzcGFuPjwv 
dGV4dD48L2c+PC9nPjwvZz48L2c+PC9zdmc+Cg== 
"></p>]]></text>
    <feedback format="html"><text><![CDATA[<p><IMG SRC="data:image/svg+xml;base64,PD94bWwgdmVyc2lvbj0iMS4wIiBlbmNvZGluZz0iVVRGLTgiPz4KPHN2ZyB3aWR0aD0iNi43ODgi 
IGhlaWdodD0iMTMuNTc2IiB2ZXJzaW9uPSIxLjEiIHZpZXdCb3g9IjAgMCA2Ljc4OCAxMy41NzYi 
IHhtbDpzcGFjZT0icHJlc2VydmUiIHhtbG5zPSJodHRwOi8vd3d3LnczLm9yZy8yMDAwL3N2ZyI+ 
PGcgdHJhbnNmb3JtPSJtYXRyaXgoMS4zMzMzIDAgMCAtMS4zMzMzIDAgMTMuNTc2KSI+PGcgdHJh 
bnNmb3JtPSJ0cmFuc2xhdGUoMi41NDUsNS4wOTEpIj48ZyB0cmFuc2Zvcm09InRyYW5zbGF0ZSgt 
Mi41NDUsLTIuNDkxKSI+PGcgdHJhbnNmb3JtPSJ0cmFuc2xhdGUoMCwtMi42KSI+PHRleHQgdHJh 
bnNmb3JtPSJtYXRyaXgoMSwwLDAsLTEsMCwyLjg2NCkiIGZpbGw9IiMwMDAwMDAiIGZvbnQtZmFt 
aWx5PSJBcmlhbCIgZm9udC1zaXplPSI5Ljk2MjZweCI+PHRzcGFuIHg9IjAiIHk9IjAiPjQ8L3Rz 
cGFuPjwvdGV4dD48L2c+PC9nPjwvZz48L2c+PC9zdmc+Cg== 
"></p>]]></text></feedback>
  </answer>
</question>
<question type="ddmatch">
  <name format="html">
    <text><![CDATA[Matching]]></text>
  </name>
  <questiontext format="html">
    <text><![CDATA[<p><IMG SRC="data:image/svg+xml;base64,PD94bWwgdmVyc2lvbj0iMS4wIiBlbmNvZGluZz0iVVRGLTgiPz4KPHN2ZyB3aWR0aD0iNi42NCIg 
aGVpZ2h0PSIxMy4yOCIgdmVyc2lvbj0iMS4xIiB2aWV3Qm94PSIwIDAgNi42NCAxMy4yOCIgeG1s 
OnNwYWNlPSJwcmVzZXJ2ZSIgeG1sbnM9Imh0dHA6Ly93d3cudzMub3JnLzIwMDAvc3ZnIj48ZyB0 
cmFuc2Zvcm09Im1hdHJpeCgxLjMzMzMgMCAwIC0xLjMzMzMgMCAxMy4yOCkiPjxnIHRyYW5zZm9y 
bT0idHJhbnNsYXRlKDIuNDksNC45OCkiPjxnIHRyYW5zZm9ybT0idHJhbnNsYXRlKC0yLjQ5LC0y 
LjQ5MSkiPjxnIHRyYW5zZm9ybT0idHJhbnNsYXRlKDAsLTIuNDg5KSI+PHRleHQgdHJhbnNmb3Jt 
PSJtYXRyaXgoMSwwLDAsLTEsMCwxLjc4NSkiIGZpbGw9IiMwMDAwMDAiIGZvbnQtZmFtaWx5PSJB 
cmlhbCIgZm9udC1zaXplPSI5Ljk2MjZweCI+PHRzcGFuIHg9IjAiIHk9IjAiPjE8L3RzcGFuPjwv 
dGV4dD48L2c+PC9nPjwvZz48L2c+PC9zdmc+Cg== 
"> </p>]]></text>
  </questiontext>
  <defaultgrade>1.0</defaultgrade>
  <generalfeedback format="html"><text/></generalfeedback>
  <penalty>0.10</penalty>
  <hidden>0</hidden>
  <shuffleanswers>1</shuffleanswers>
  <subquestion format="html">
    <text><![CDATA[<p><IMG SRC="data:image/svg+xml;base64,PD94bWwgdmVyc2lvbj0iMS4wIiBlbmNvZGluZz0iVVRGLTgiPz4KPHN2ZyB3aWR0aD0iNi42NCIg 
aGVpZ2h0PSIxMy4yOCIgdmVyc2lvbj0iMS4xIiB2aWV3Qm94PSIwIDAgNi42NCAxMy4yOCIgeG1s 
OnNwYWNlPSJwcmVzZXJ2ZSIgeG1sbnM9Imh0dHA6Ly93d3cudzMub3JnLzIwMDAvc3ZnIj48ZyB0 
cmFuc2Zvcm09Im1hdHJpeCgxLjMzMzMgMCAwIC0xLjMzMzMgMCAxMy4yOCkiPjxnIHRyYW5zZm9y 
bT0idHJhbnNsYXRlKDIuNDksNC45OCkiPjxnIHRyYW5zZm9ybT0idHJhbnNsYXRlKC0yLjQ5LC0y 
LjQ5MSkiPjxnIHRyYW5zZm9ybT0idHJhbnNsYXRlKDAsLTIuNDg5KSI+PHRleHQgdHJhbnNmb3Jt 
PSJtYXRyaXgoMSwwLDAsLTEsMCwxLjc4NSkiIGZpbGw9IiMwMDAwMDAiIGZvbnQtZmFtaWx5PSJB 
cmlhbCIgZm9udC1zaXplPSI5Ljk2MjZweCI+PHRzcGFuIHg9IjAiIHk9IjAiPjI8L3RzcGFuPjwv 
dGV4dD48L2c+PC9nPjwvZz48L2c+PC9zdmc+Cg== 
"></p>]]></text>
    <answer format="html"><text><![CDATA[<p><IMG SRC="data:image/svg+xml;base64,PD94bWwgdmVyc2lvbj0iMS4wIiBlbmNvZGluZz0iVVRGLTgiPz4KPHN2ZyB3aWR0aD0iNi42NCIg 
aGVpZ2h0PSIxMy4yOCIgdmVyc2lvbj0iMS4xIiB2aWV3Qm94PSIwIDAgNi42NCAxMy4yOCIgeG1s 
OnNwYWNlPSJwcmVzZXJ2ZSIgeG1sbnM9Imh0dHA6Ly93d3cudzMub3JnLzIwMDAvc3ZnIj48ZyB0 
cmFuc2Zvcm09Im1hdHJpeCgxLjMzMzMgMCAwIC0xLjMzMzMgMCAxMy4yOCkiPjxnIHRyYW5zZm9y 
bT0idHJhbnNsYXRlKDIuNDksNC45OCkiPjxnIHRyYW5zZm9ybT0idHJhbnNsYXRlKC0yLjQ5LC0y 
LjQ5MSkiPjxnIHRyYW5zZm9ybT0idHJhbnNsYXRlKDAsLTIuNDg5KSI+PHRleHQgdHJhbnNmb3Jt 
PSJtYXRyaXgoMSwwLDAsLTEsMCwxLjc4NSkiIGZpbGw9IiMwMDAwMDAiIGZvbnQtZmFtaWx5PSJB 
cmlhbCIgZm9udC1zaXplPSI5Ljk2MjZweCI+PHRzcGFuIHg9IjAiIHk9IjAiPjM8L3RzcGFuPjwv 
dGV4dD48L2c+PC9nPjwvZz48L2c+PC9zdmc+Cg== 
"> </p>]]></text></answer>
  </subquestion>
  <subquestion format="html">
    <text><![CDATA[<p><IMG SRC="data:image/svg+xml;base64,PD94bWwgdmVyc2lvbj0iMS4wIiBlbmNvZGluZz0iVVRGLTgiPz4KPHN2ZyB3aWR0aD0iNi42NCIg 
aGVpZ2h0PSIxMy4yOCIgdmVyc2lvbj0iMS4xIiB2aWV3Qm94PSIwIDAgNi42NCAxMy4yOCIgeG1s 
OnNwYWNlPSJwcmVzZXJ2ZSIgeG1sbnM9Imh0dHA6Ly93d3cudzMub3JnLzIwMDAvc3ZnIj48ZyB0 
cmFuc2Zvcm09Im1hdHJpeCgxLjMzMzMgMCAwIC0xLjMzMzMgMCAxMy4yOCkiPjxnIHRyYW5zZm9y 
bT0idHJhbnNsYXRlKDIuNDksNC45OCkiPjxnIHRyYW5zZm9ybT0idHJhbnNsYXRlKC0yLjQ5LC0y 
LjQ5MSkiPjxnIHRyYW5zZm9ybT0idHJhbnNsYXRlKDAsLTIuNDg5KSI+PHRleHQgdHJhbnNmb3Jt 
PSJtYXRyaXgoMSwwLDAsLTEsMCwxLjc4NSkiIGZpbGw9IiMwMDAwMDAiIGZvbnQtZmFtaWx5PSJB 
cmlhbCIgZm9udC1zaXplPSI5Ljk2MjZweCI+PHRzcGFuIHg9IjAiIHk9IjAiPjQ8L3RzcGFuPjwv 
dGV4dD48L2c+PC9nPjwvZz48L2c+PC9zdmc+Cg== 
"></p>]]></text>
    <answer format="html"><text><![CDATA[<p><IMG SRC="data:image/svg+xml;base64,PD94bWwgdmVyc2lvbj0iMS4wIiBlbmNvZGluZz0iVVRGLTgiPz4KPHN2ZyB3aWR0aD0iNi42NCIg 
aGVpZ2h0PSIxMy4yOCIgdmVyc2lvbj0iMS4xIiB2aWV3Qm94PSIwIDAgNi42NCAxMy4yOCIgeG1s 
OnNwYWNlPSJwcmVzZXJ2ZSIgeG1sbnM9Imh0dHA6Ly93d3cudzMub3JnLzIwMDAvc3ZnIj48ZyB0 
cmFuc2Zvcm09Im1hdHJpeCgxLjMzMzMgMCAwIC0xLjMzMzMgMCAxMy4yOCkiPjxnIHRyYW5zZm9y 
bT0idHJhbnNsYXRlKDIuNDksNC45OCkiPjxnIHRyYW5zZm9ybT0idHJhbnNsYXRlKC0yLjQ5LC0y 
LjQ5MSkiPjxnIHRyYW5zZm9ybT0idHJhbnNsYXRlKDAsLTIuNDg5KSI+PHRleHQgdHJhbnNmb3Jt 
PSJtYXRyaXgoMSwwLDAsLTEsMCwxLjc4NSkiIGZpbGw9IiMwMDAwMDAiIGZvbnQtZmFtaWx5PSJB 
cmlhbCIgZm9udC1zaXplPSI5Ljk2MjZweCI+PHRzcGFuIHg9IjAiIHk9IjAiPjU8L3RzcGFuPjwv 
dGV4dD48L2c+PC9nPjwvZz48L2c+PC9zdmc+Cg== 
"> </p>]]></text></answer>
  </subquestion>
  <subquestion format="html">
    <text><![CDATA[<p><IMG SRC="data:image/svg+xml;base64,PD94bWwgdmVyc2lvbj0iMS4wIiBlbmNvZGluZz0iVVRGLTgiPz4KPHN2ZyB3aWR0aD0iNi42NCIg 
aGVpZ2h0PSIxMy4yOCIgdmVyc2lvbj0iMS4xIiB2aWV3Qm94PSIwIDAgNi42NCAxMy4yOCIgeG1s 
OnNwYWNlPSJwcmVzZXJ2ZSIgeG1sbnM9Imh0dHA6Ly93d3cudzMub3JnLzIwMDAvc3ZnIj48ZyB0 
cmFuc2Zvcm09Im1hdHJpeCgxLjMzMzMgMCAwIC0xLjMzMzMgMCAxMy4yOCkiPjxnIHRyYW5zZm9y 
bT0idHJhbnNsYXRlKDIuNDksNC45OCkiPjxnIHRyYW5zZm9ybT0idHJhbnNsYXRlKC0yLjQ5LC0y 
LjQ5MSkiPjxnIHRyYW5zZm9ybT0idHJhbnNsYXRlKDAsLTIuNDg5KSI+PHRleHQgdHJhbnNmb3Jt 
PSJtYXRyaXgoMSwwLDAsLTEsMCwxLjc4NSkiIGZpbGw9IiMwMDAwMDAiIGZvbnQtZmFtaWx5PSJB 
cmlhbCIgZm9udC1zaXplPSI5Ljk2MjZweCI+PHRzcGFuIHg9IjAiIHk9IjAiPjM8L3RzcGFuPjwv 
dGV4dD48L2c+PC9nPjwvZz48L2c+PC9zdmc+Cg== 
"></p>]]></text>
    <answer format="html"><text><![CDATA[<p><IMG SRC="data:image/svg+xml;base64,PD94bWwgdmVyc2lvbj0iMS4wIiBlbmNvZGluZz0iVVRGLTgiPz4KPHN2ZyB3aWR0aD0iNi42NCIg 
aGVpZ2h0PSIxMy4yOCIgdmVyc2lvbj0iMS4xIiB2aWV3Qm94PSIwIDAgNi42NCAxMy4yOCIgeG1s 
OnNwYWNlPSJwcmVzZXJ2ZSIgeG1sbnM9Imh0dHA6Ly93d3cudzMub3JnLzIwMDAvc3ZnIj48ZyB0 
cmFuc2Zvcm09Im1hdHJpeCgxLjMzMzMgMCAwIC0xLjMzMzMgMCAxMy4yOCkiPjxnIHRyYW5zZm9y 
bT0idHJhbnNsYXRlKDIuNDksNC45OCkiPjxnIHRyYW5zZm9ybT0idHJhbnNsYXRlKC0yLjQ5LC0y 
LjQ5MSkiPjxnIHRyYW5zZm9ybT0idHJhbnNsYXRlKDAsLTIuNDg5KSI+PHRleHQgdHJhbnNmb3Jt 
PSJtYXRyaXgoMSwwLDAsLTEsMCwxLjc4NSkiIGZpbGw9IiMwMDAwMDAiIGZvbnQtZmFtaWx5PSJB 
cmlhbCIgZm9udC1zaXplPSI5Ljk2MjZweCI+PHRzcGFuIHg9IjAiIHk9IjAiPjI8L3RzcGFuPjwv 
dGV4dD48L2c+PC9nPjwvZz48L2c+PC9zdmc+Cg== 
"></p>]]></text></answer>
  </subquestion>
</question>
<question type="shortanswer">
  <name format="html">
    <text><![CDATA[Short]]></text>
  </name>
  <questiontext format="html">
    <text><![CDATA[<p><IMG SRC="data:image/svg+xml;base64,PD94bWwgdmVyc2lvbj0iMS4wIiBlbmNvZGluZz0iVVRGLTgiPz4KPHN2ZyB3aWR0aD0iNi42NCIg 
aGVpZ2h0PSIxMy4yOCIgdmVyc2lvbj0iMS4xIiB2aWV3Qm94PSIwIDAgNi42NCAxMy4yOCIgeG1s 
OnNwYWNlPSJwcmVzZXJ2ZSIgeG1sbnM9Imh0dHA6Ly93d3cudzMub3JnLzIwMDAvc3ZnIj48ZyB0 
cmFuc2Zvcm09Im1hdHJpeCgxLjMzMzMgMCAwIC0xLjMzMzMgMCAxMy4yOCkiPjxnIHRyYW5zZm9y 
bT0idHJhbnNsYXRlKDIuNDksNC45OCkiPjxnIHRyYW5zZm9ybT0idHJhbnNsYXRlKC0yLjQ5LC0y 
LjQ5MSkiPjxnIHRyYW5zZm9ybT0idHJhbnNsYXRlKDAsLTIuNDg5KSI+PHRleHQgdHJhbnNmb3Jt 
PSJtYXRyaXgoMSwwLDAsLTEsMCwxLjc4NSkiIGZpbGw9IiMwMDAwMDAiIGZvbnQtZmFtaWx5PSJB 
cmlhbCIgZm9udC1zaXplPSI5Ljk2MjZweCI+PHRzcGFuIHg9IjAiIHk9IjAiPjE8L3RzcGFuPjwv 
dGV4dD48L2c+PC9nPjwvZz48L2c+PC9zdmc+Cg== 
"> </p>]]></text>
  </questiontext>
  <defaultgrade>1.0</defaultgrade>
  <generalfeedback format="html"><text/></generalfeedback>
  <penalty>0.10</penalty>
  <hidden>0</hidden>
  <usecase>0</usecase>
  <answer fraction="100" format="plain_text">
    <text>3</text>
    <feedback format="html"><text><![CDATA[<p><IMG SRC="data:image/svg+xml;base64,PD94bWwgdmVyc2lvbj0iMS4wIiBlbmNvZGluZz0iVVRGLTgiPz4KPHN2ZyB3aWR0aD0iNi43ODgi 
IGhlaWdodD0iMTMuNTc2IiB2ZXJzaW9uPSIxLjEiIHZpZXdCb3g9IjAgMCA2Ljc4OCAxMy41NzYi 
IHhtbDpzcGFjZT0icHJlc2VydmUiIHhtbG5zPSJodHRwOi8vd3d3LnczLm9yZy8yMDAwL3N2ZyI+ 
PGcgdHJhbnNmb3JtPSJtYXRyaXgoMS4zMzMzIDAgMCAtMS4zMzMzIDAgMTMuNTc2KSI+PGcgdHJh 
bnNmb3JtPSJ0cmFuc2xhdGUoMi41NDUsNS4wOTEpIj48ZyB0cmFuc2Zvcm09InRyYW5zbGF0ZSgt 
Mi41NDUsLTIuNDkxKSI+PGcgdHJhbnNmb3JtPSJ0cmFuc2xhdGUoMCwtMi42KSI+PHRleHQgdHJh 
bnNmb3JtPSJtYXRyaXgoMSwwLDAsLTEsMCwxLjg5NSkiIGZpbGw9IiMwMDAwMDAiIGZvbnQtZmFt 
aWx5PSJBcmlhbCIgZm9udC1zaXplPSI5Ljk2MjZweCI+PHRzcGFuIHg9IjAiIHk9IjAiPjI8L3Rz 
cGFuPjwvdGV4dD48L2c+PC9nPjwvZz48L2c+PC9zdmc+Cg== 
"></p>]]></text></feedback>
  </answer>
  <answer fraction="100" format="plain_text">
    <text>5</text>
    <feedback format="html"><text><![CDATA[<p><IMG SRC="data:image/svg+xml;base64,PD94bWwgdmVyc2lvbj0iMS4wIiBlbmNvZGluZz0iVVRGLTgiPz4KPHN2ZyB3aWR0aD0iNi43ODgi 
IGhlaWdodD0iMTMuNTc2IiB2ZXJzaW9uPSIxLjEiIHZpZXdCb3g9IjAgMCA2Ljc4OCAxMy41NzYi 
IHhtbDpzcGFjZT0icHJlc2VydmUiIHhtbG5zPSJodHRwOi8vd3d3LnczLm9yZy8yMDAwL3N2ZyI+ 
PGcgdHJhbnNmb3JtPSJtYXRyaXgoMS4zMzMzIDAgMCAtMS4zMzMzIDAgMTMuNTc2KSI+PGcgdHJh 
bnNmb3JtPSJ0cmFuc2xhdGUoMi41NDUsNS4wOTEpIj48ZyB0cmFuc2Zvcm09InRyYW5zbGF0ZSgt 
Mi41NDUsLTIuNDkxKSI+PGcgdHJhbnNmb3JtPSJ0cmFuc2xhdGUoMCwtMi42KSI+PHRleHQgdHJh 
bnNmb3JtPSJtYXRyaXgoMSwwLDAsLTEsMCwyLjg2NCkiIGZpbGw9IiMwMDAwMDAiIGZvbnQtZmFt 
aWx5PSJBcmlhbCIgZm9udC1zaXplPSI5Ljk2MjZweCI+PHRzcGFuIHg9IjAiIHk9IjAiPjQ8L3Rz 
cGFuPjwvdGV4dD48L2c+PC9nPjwvZz48L2c+PC9zdmc+Cg== 
"></p>]]></text></feedback>
  </answer>
</question>
<question type="numerical">
  <name format="html">
    <text><![CDATA[Numerical]]></text>
  </name>
  <questiontext format="html">
    <text><![CDATA[<p><IMG SRC="data:image/svg+xml;base64,PD94bWwgdmVyc2lvbj0iMS4wIiBlbmNvZGluZz0iVVRGLTgiPz4KPHN2ZyB3aWR0aD0iNi42NCIg 
aGVpZ2h0PSIxMy4yOCIgdmVyc2lvbj0iMS4xIiB2aWV3Qm94PSIwIDAgNi42NCAxMy4yOCIgeG1s 
OnNwYWNlPSJwcmVzZXJ2ZSIgeG1sbnM9Imh0dHA6Ly93d3cudzMub3JnLzIwMDAvc3ZnIj48ZyB0 
cmFuc2Zvcm09Im1hdHJpeCgxLjMzMzMgMCAwIC0xLjMzMzMgMCAxMy4yOCkiPjxnIHRyYW5zZm9y 
bT0idHJhbnNsYXRlKDIuNDksNC45OCkiPjxnIHRyYW5zZm9ybT0idHJhbnNsYXRlKC0yLjQ5LC0y 
LjQ5MSkiPjxnIHRyYW5zZm9ybT0idHJhbnNsYXRlKDAsLTIuNDg5KSI+PHRleHQgdHJhbnNmb3Jt 
PSJtYXRyaXgoMSwwLDAsLTEsMCwxLjc4NSkiIGZpbGw9IiMwMDAwMDAiIGZvbnQtZmFtaWx5PSJB 
cmlhbCIgZm9udC1zaXplPSI5Ljk2MjZweCI+PHRzcGFuIHg9IjAiIHk9IjAiPjE8L3RzcGFuPjwv 
dGV4dD48L2c+PC9nPjwvZz48L2c+PC9zdmc+Cg== 
"> </p>]]></text>
  </questiontext>
  <defaultgrade>1.0</defaultgrade>
  <generalfeedback format="html"><text/></generalfeedback>
  <penalty>0.10</penalty>
  <hidden>0</hidden>
  <answer fraction="100" format="plain_text">
    <text>3</text>
    <tolerance>0</tolerance>
    <feedback format="html"><text><![CDATA[<p><IMG SRC="data:image/svg+xml;base64,PD94bWwgdmVyc2lvbj0iMS4wIiBlbmNvZGluZz0iVVRGLTgiPz4KPHN2ZyB3aWR0aD0iNi43ODgi 
IGhlaWdodD0iMTMuNTc2IiB2ZXJzaW9uPSIxLjEiIHZpZXdCb3g9IjAgMCA2Ljc4OCAxMy41NzYi 
IHhtbDpzcGFjZT0icHJlc2VydmUiIHhtbG5zPSJodHRwOi8vd3d3LnczLm9yZy8yMDAwL3N2ZyI+ 
PGcgdHJhbnNmb3JtPSJtYXRyaXgoMS4zMzMzIDAgMCAtMS4zMzMzIDAgMTMuNTc2KSI+PGcgdHJh 
bnNmb3JtPSJ0cmFuc2xhdGUoMi41NDUsNS4wOTEpIj48ZyB0cmFuc2Zvcm09InRyYW5zbGF0ZSgt 
Mi41NDUsLTIuNDkxKSI+PGcgdHJhbnNmb3JtPSJ0cmFuc2xhdGUoMCwtMi42KSI+PHRleHQgdHJh 
bnNmb3JtPSJtYXRyaXgoMSwwLDAsLTEsMCwxLjg5NSkiIGZpbGw9IiMwMDAwMDAiIGZvbnQtZmFt 
aWx5PSJBcmlhbCIgZm9udC1zaXplPSI5Ljk2MjZweCI+PHRzcGFuIHg9IjAiIHk9IjAiPjI8L3Rz 
cGFuPjwvdGV4dD48L2c+PC9nPjwvZz48L2c+PC9zdmc+Cg== 
"></p>]]></text></feedback>
  </answer>
  <answer fraction="100" format="plain_text">
    <text>5</text>
    <tolerance>0</tolerance>
    <feedback format="html"><text><![CDATA[<p><IMG SRC="data:image/svg+xml;base64,PD94bWwgdmVyc2lvbj0iMS4wIiBlbmNvZGluZz0iVVRGLTgiPz4KPHN2ZyB3aWR0aD0iNi43ODgi 
IGhlaWdodD0iMTMuNTc2IiB2ZXJzaW9uPSIxLjEiIHZpZXdCb3g9IjAgMCA2Ljc4OCAxMy41NzYi 
IHhtbDpzcGFjZT0icHJlc2VydmUiIHhtbG5zPSJodHRwOi8vd3d3LnczLm9yZy8yMDAwL3N2ZyI+ 
PGcgdHJhbnNmb3JtPSJtYXRyaXgoMS4zMzMzIDAgMCAtMS4zMzMzIDAgMTMuNTc2KSI+PGcgdHJh 
bnNmb3JtPSJ0cmFuc2xhdGUoMi41NDUsNS4wOTEpIj48ZyB0cmFuc2Zvcm09InRyYW5zbGF0ZSgt 
Mi41NDUsLTIuNDkxKSI+PGcgdHJhbnNmb3JtPSJ0cmFuc2xhdGUoMCwtMi42KSI+PHRleHQgdHJh 
bnNmb3JtPSJtYXRyaXgoMSwwLDAsLTEsMCwyLjg2NCkiIGZpbGw9IiMwMDAwMDAiIGZvbnQtZmFt 
aWx5PSJBcmlhbCIgZm9udC1zaXplPSI5Ljk2MjZweCI+PHRzcGFuIHg9IjAiIHk9IjAiPjQ8L3Rz 
cGFuPjwvdGV4dD48L2c+PC9nPjwvZz48L2c+PC9zdmc+Cg== 
"></p>]]></text></feedback>
  </answer>
</question>
<question type="cloze">
  <name format="html">
    <text><![CDATA[Cloze]]></text>
  </name>
  <questiontext format="html">
    <text><![CDATA[<p><IMG SRC="data:image/svg+xml;base64,PD94bWwgdmVyc2lvbj0iMS4wIiBlbmNvZGluZz0iVVRGLTgiPz4KPHN2ZyB3aWR0aD0iNi42NCIg 
aGVpZ2h0PSIxMy4yOCIgdmVyc2lvbj0iMS4xIiB2aWV3Qm94PSIwIDAgNi42NCAxMy4yOCIgeG1s 
OnNwYWNlPSJwcmVzZXJ2ZSIgeG1sbnM9Imh0dHA6Ly93d3cudzMub3JnLzIwMDAvc3ZnIj48ZyB0 
cmFuc2Zvcm09Im1hdHJpeCgxLjMzMzMgMCAwIC0xLjMzMzMgMCAxMy4yOCkiPjxnIHRyYW5zZm9y 
bT0idHJhbnNsYXRlKDIuNDksNC45OCkiPjxnIHRyYW5zZm9ybT0idHJhbnNsYXRlKC0yLjQ5LC0y 
LjQ5MSkiPjxnIHRyYW5zZm9ybT0idHJhbnNsYXRlKDAsLTIuNDg5KSI+PHRleHQgdHJhbnNmb3Jt 
PSJtYXRyaXgoMSwwLDAsLTEsMCwxLjc4NSkiIGZpbGw9IiMwMDAwMDAiIGZvbnQtZmFtaWx5PSJB 
cmlhbCIgZm9udC1zaXplPSI5Ljk2MjZweCI+PHRzcGFuIHg9IjAiIHk9IjAiPjE8L3RzcGFuPjwv 
dGV4dD48L2c+PC9nPjwvZz48L2c+PC9zdmc+Cg== 
"> {1:MULTICHOICE_HS:=<IMG SRC="data:image/svg+xml;base64,PD94bWwgdmVyc2lvbj0iMS4wIiBlbmNvZGluZz0iVVRGLTgiPz4KPHN2ZyB3aWR0aD0iNi42NCIg 
aGVpZ2h0PSIxMy4yOCIgdmVyc2lvbj0iMS4xIiB2aWV3Qm94PSIwIDAgNi42NCAxMy4yOCIgeG1s 
OnNwYWNlPSJwcmVzZXJ2ZSIgeG1sbnM9Imh0dHA6Ly93d3cudzMub3JnLzIwMDAvc3ZnIj48ZyB0 
cmFuc2Zvcm09Im1hdHJpeCgxLjMzMzMgMCAwIC0xLjMzMzMgMCAxMy4yOCkiPjxnIHRyYW5zZm9y 
bT0idHJhbnNsYXRlKDIuNDksNC45OCkiPjxnIHRyYW5zZm9ybT0idHJhbnNsYXRlKC0yLjQ5LC0y 
LjQ5MSkiPjxnIHRyYW5zZm9ybT0idHJhbnNsYXRlKDAsLTIuNDg5KSI+PHRleHQgdHJhbnNmb3Jt 
PSJtYXRyaXgoMSwwLDAsLTEsMCwxLjc4NSkiIGZpbGw9IiMwMDAwMDAiIGZvbnQtZmFtaWx5PSJB 
cmlhbCIgZm9udC1zaXplPSI5Ljk2MjZweCI+PHRzcGFuIHg9IjAiIHk9IjAiPjM8L3RzcGFuPjwv 
dGV4dD48L2c+PC9nPjwvZz48L2c+PC9zdmc+Cg== 
">#<IMG SRC="data:image/svg+xml;base64,PD94bWwgdmVyc2lvbj0iMS4wIiBlbmNvZGluZz0iVVRGLTgiPz4KPHN2ZyB3aWR0aD0iNi43ODgi 
IGhlaWdodD0iMTMuNTc2IiB2ZXJzaW9uPSIxLjEiIHZpZXdCb3g9IjAgMCA2Ljc4OCAxMy41NzYi 
IHhtbDpzcGFjZT0icHJlc2VydmUiIHhtbG5zPSJodHRwOi8vd3d3LnczLm9yZy8yMDAwL3N2ZyI+ 
PGcgdHJhbnNmb3JtPSJtYXRyaXgoMS4zMzMzIDAgMCAtMS4zMzMzIDAgMTMuNTc2KSI+PGcgdHJh 
bnNmb3JtPSJ0cmFuc2xhdGUoMi41NDUsNS4wOTEpIj48ZyB0cmFuc2Zvcm09InRyYW5zbGF0ZSgt 
Mi41NDUsLTIuNDkxKSI+PGcgdHJhbnNmb3JtPSJ0cmFuc2xhdGUoMCwtMi42KSI+PHRleHQgdHJh 
bnNmb3JtPSJtYXRyaXgoMSwwLDAsLTEsMCwxLjg5NSkiIGZpbGw9IiMwMDAwMDAiIGZvbnQtZmFt 
aWx5PSJBcmlhbCIgZm9udC1zaXplPSI5Ljk2MjZweCI+PHRzcGFuIHg9IjAiIHk9IjAiPjI8L3Rz 
cGFuPjwvdGV4dD48L2c+PC9nPjwvZz48L2c+PC9zdmc+Cg== 
">~<IMG SRC="data:image/svg+xml;base64,PD94bWwgdmVyc2lvbj0iMS4wIiBlbmNvZGluZz0iVVRGLTgiPz4KPHN2ZyB3aWR0aD0iNi42NCIg 
aGVpZ2h0PSIxMy4yOCIgdmVyc2lvbj0iMS4xIiB2aWV3Qm94PSIwIDAgNi42NCAxMy4yOCIgeG1s 
OnNwYWNlPSJwcmVzZXJ2ZSIgeG1sbnM9Imh0dHA6Ly93d3cudzMub3JnLzIwMDAvc3ZnIj48ZyB0 
cmFuc2Zvcm09Im1hdHJpeCgxLjMzMzMgMCAwIC0xLjMzMzMgMCAxMy4yOCkiPjxnIHRyYW5zZm9y 
bT0idHJhbnNsYXRlKDIuNDksNC45OCkiPjxnIHRyYW5zZm9ybT0idHJhbnNsYXRlKC0yLjQ5LC0y 
LjQ5MSkiPjxnIHRyYW5zZm9ybT0idHJhbnNsYXRlKDAsLTIuNDg5KSI+PHRleHQgdHJhbnNmb3Jt 
PSJtYXRyaXgoMSwwLDAsLTEsMCwxLjc4NSkiIGZpbGw9IiMwMDAwMDAiIGZvbnQtZmFtaWx5PSJB 
cmlhbCIgZm9udC1zaXplPSI5Ljk2MjZweCI+PHRzcGFuIHg9IjAiIHk9IjAiPjU8L3RzcGFuPjwv 
dGV4dD48L2c+PC9nPjwvZz48L2c+PC9zdmc+Cg== 
">#<IMG SRC="data:image/svg+xml;base64,PD94bWwgdmVyc2lvbj0iMS4wIiBlbmNvZGluZz0iVVRGLTgiPz4KPHN2ZyB3aWR0aD0iNi43ODgi 
IGhlaWdodD0iMTMuNTc2IiB2ZXJzaW9uPSIxLjEiIHZpZXdCb3g9IjAgMCA2Ljc4OCAxMy41NzYi 
IHhtbDpzcGFjZT0icHJlc2VydmUiIHhtbG5zPSJodHRwOi8vd3d3LnczLm9yZy8yMDAwL3N2ZyI+ 
PGcgdHJhbnNmb3JtPSJtYXRyaXgoMS4zMzMzIDAgMCAtMS4zMzMzIDAgMTMuNTc2KSI+PGcgdHJh 
bnNmb3JtPSJ0cmFuc2xhdGUoMi41NDUsNS4wOTEpIj48ZyB0cmFuc2Zvcm09InRyYW5zbGF0ZSgt 
Mi41NDUsLTIuNDkxKSI+PGcgdHJhbnNmb3JtPSJ0cmFuc2xhdGUoMCwtMi42KSI+PHRleHQgdHJh 
bnNmb3JtPSJtYXRyaXgoMSwwLDAsLTEsMCwyLjg2NCkiIGZpbGw9IiMwMDAwMDAiIGZvbnQtZmFt 
aWx5PSJBcmlhbCIgZm9udC1zaXplPSI5Ljk2MjZweCI+PHRzcGFuIHg9IjAiIHk9IjAiPjQ8L3Rz 
cGFuPjwvdGV4dD48L2c+PC9nPjwvZz48L2c+PC9zdmc+Cg== 
">}<BR/><IMG SRC="data:image/svg+xml;base64,PD94bWwgdmVyc2lvbj0iMS4wIiBlbmNvZGluZz0iVVRGLTgiPz4KPHN2ZyB3aWR0aD0iNi42NCIg 
aGVpZ2h0PSIxMy4yOCIgdmVyc2lvbj0iMS4xIiB2aWV3Qm94PSIwIDAgNi42NCAxMy4yOCIgeG1s 
OnNwYWNlPSJwcmVzZXJ2ZSIgeG1sbnM9Imh0dHA6Ly93d3cudzMub3JnLzIwMDAvc3ZnIj48ZyB0 
cmFuc2Zvcm09Im1hdHJpeCgxLjMzMzMgMCAwIC0xLjMzMzMgMCAxMy4yOCkiPjxnIHRyYW5zZm9y 
bT0idHJhbnNsYXRlKDIuNDksNC45OCkiPjxnIHRyYW5zZm9ybT0idHJhbnNsYXRlKC0yLjQ5LC0y 
LjQ5MSkiPjxnIHRyYW5zZm9ybT0idHJhbnNsYXRlKDAsLTIuNDg5KSI+PHRleHQgdHJhbnNmb3Jt 
PSJtYXRyaXgoMSwwLDAsLTEsMCwxLjc4NSkiIGZpbGw9IiMwMDAwMDAiIGZvbnQtZmFtaWx5PSJB 
cmlhbCIgZm9udC1zaXplPSI5Ljk2MjZweCI+PHRzcGFuIHg9IjAiIHk9IjAiPjE8L3RzcGFuPjwv 
dGV4dD48L2c+PC9nPjwvZz48L2c+PC9zdmc+Cg== 
"> {1:SHORTANSWER:=3#<IMG SRC="data:image/svg+xml;base64,PD94bWwgdmVyc2lvbj0iMS4wIiBlbmNvZGluZz0iVVRGLTgiPz4KPHN2ZyB3aWR0aD0iNi43ODgi 
IGhlaWdodD0iMTMuNTc2IiB2ZXJzaW9uPSIxLjEiIHZpZXdCb3g9IjAgMCA2Ljc4OCAxMy41NzYi 
IHhtbDpzcGFjZT0icHJlc2VydmUiIHhtbG5zPSJodHRwOi8vd3d3LnczLm9yZy8yMDAwL3N2ZyI+ 
PGcgdHJhbnNmb3JtPSJtYXRyaXgoMS4zMzMzIDAgMCAtMS4zMzMzIDAgMTMuNTc2KSI+PGcgdHJh 
bnNmb3JtPSJ0cmFuc2xhdGUoMi41NDUsNS4wOTEpIj48ZyB0cmFuc2Zvcm09InRyYW5zbGF0ZSgt 
Mi41NDUsLTIuNDkxKSI+PGcgdHJhbnNmb3JtPSJ0cmFuc2xhdGUoMCwtMi42KSI+PHRleHQgdHJh 
bnNmb3JtPSJtYXRyaXgoMSwwLDAsLTEsMCwxLjg5NSkiIGZpbGw9IiMwMDAwMDAiIGZvbnQtZmFt 
aWx5PSJBcmlhbCIgZm9udC1zaXplPSI5Ljk2MjZweCI+PHRzcGFuIHg9IjAiIHk9IjAiPjI8L3Rz 
cGFuPjwvdGV4dD48L2c+PC9nPjwvZz48L2c+PC9zdmc+Cg== 
">~=5#<IMG SRC="data:image/svg+xml;base64,PD94bWwgdmVyc2lvbj0iMS4wIiBlbmNvZGluZz0iVVRGLTgiPz4KPHN2ZyB3aWR0aD0iNi43ODgi 
IGhlaWdodD0iMTMuNTc2IiB2ZXJzaW9uPSIxLjEiIHZpZXdCb3g9IjAgMCA2Ljc4OCAxMy41NzYi 
IHhtbDpzcGFjZT0icHJlc2VydmUiIHhtbG5zPSJodHRwOi8vd3d3LnczLm9yZy8yMDAwL3N2ZyI+ 
PGcgdHJhbnNmb3JtPSJtYXRyaXgoMS4zMzMzIDAgMCAtMS4zMzMzIDAgMTMuNTc2KSI+PGcgdHJh 
bnNmb3JtPSJ0cmFuc2xhdGUoMi41NDUsNS4wOTEpIj48ZyB0cmFuc2Zvcm09InRyYW5zbGF0ZSgt 
Mi41NDUsLTIuNDkxKSI+PGcgdHJhbnNmb3JtPSJ0cmFuc2xhdGUoMCwtMi42KSI+PHRleHQgdHJh 
bnNmb3JtPSJtYXRyaXgoMSwwLDAsLTEsMCwyLjg2NCkiIGZpbGw9IiMwMDAwMDAiIGZvbnQtZmFt 
aWx5PSJBcmlhbCIgZm9udC1zaXplPSI5Ljk2MjZweCI+PHRzcGFuIHg9IjAiIHk9IjAiPjQ8L3Rz 
cGFuPjwvdGV4dD48L2c+PC9nPjwvZz48L2c+PC9zdmc+Cg== 
">}<BR/><IMG SRC="data:image/svg+xml;base64,PD94bWwgdmVyc2lvbj0iMS4wIiBlbmNvZGluZz0iVVRGLTgiPz4KPHN2ZyB3aWR0aD0iNi42NCIg 
aGVpZ2h0PSIxMy4yOCIgdmVyc2lvbj0iMS4xIiB2aWV3Qm94PSIwIDAgNi42NCAxMy4yOCIgeG1s 
OnNwYWNlPSJwcmVzZXJ2ZSIgeG1sbnM9Imh0dHA6Ly93d3cudzMub3JnLzIwMDAvc3ZnIj48ZyB0 
cmFuc2Zvcm09Im1hdHJpeCgxLjMzMzMgMCAwIC0xLjMzMzMgMCAxMy4yOCkiPjxnIHRyYW5zZm9y 
bT0idHJhbnNsYXRlKDIuNDksNC45OCkiPjxnIHRyYW5zZm9ybT0idHJhbnNsYXRlKC0yLjQ5LC0y 
LjQ5MSkiPjxnIHRyYW5zZm9ybT0idHJhbnNsYXRlKDAsLTIuNDg5KSI+PHRleHQgdHJhbnNmb3Jt 
PSJtYXRyaXgoMSwwLDAsLTEsMCwxLjc4NSkiIGZpbGw9IiMwMDAwMDAiIGZvbnQtZmFtaWx5PSJB 
cmlhbCIgZm9udC1zaXplPSI5Ljk2MjZweCI+PHRzcGFuIHg9IjAiIHk9IjAiPjE8L3RzcGFuPjwv 
dGV4dD48L2c+PC9nPjwvZz48L2c+PC9zdmc+Cg== 
"> {1:NUMERICAL:=3:0#<IMG SRC="data:image/svg+xml;base64,PD94bWwgdmVyc2lvbj0iMS4wIiBlbmNvZGluZz0iVVRGLTgiPz4KPHN2ZyB3aWR0aD0iNi43ODgi 
IGhlaWdodD0iMTMuNTc2IiB2ZXJzaW9uPSIxLjEiIHZpZXdCb3g9IjAgMCA2Ljc4OCAxMy41NzYi 
IHhtbDpzcGFjZT0icHJlc2VydmUiIHhtbG5zPSJodHRwOi8vd3d3LnczLm9yZy8yMDAwL3N2ZyI+ 
PGcgdHJhbnNmb3JtPSJtYXRyaXgoMS4zMzMzIDAgMCAtMS4zMzMzIDAgMTMuNTc2KSI+PGcgdHJh 
bnNmb3JtPSJ0cmFuc2xhdGUoMi41NDUsNS4wOTEpIj48ZyB0cmFuc2Zvcm09InRyYW5zbGF0ZSgt 
Mi41NDUsLTIuNDkxKSI+PGcgdHJhbnNmb3JtPSJ0cmFuc2xhdGUoMCwtMi42KSI+PHRleHQgdHJh 
bnNmb3JtPSJtYXRyaXgoMSwwLDAsLTEsMCwxLjg5NSkiIGZpbGw9IiMwMDAwMDAiIGZvbnQtZmFt 
aWx5PSJBcmlhbCIgZm9udC1zaXplPSI5Ljk2MjZweCI+PHRzcGFuIHg9IjAiIHk9IjAiPjI8L3Rz 
cGFuPjwvdGV4dD48L2c+PC9nPjwvZz48L2c+PC9zdmc+Cg== 
">~=5:0#<IMG SRC="data:image/svg+xml;base64,PD94bWwgdmVyc2lvbj0iMS4wIiBlbmNvZGluZz0iVVRGLTgiPz4KPHN2ZyB3aWR0aD0iNi43ODgi 
IGhlaWdodD0iMTMuNTc2IiB2ZXJzaW9uPSIxLjEiIHZpZXdCb3g9IjAgMCA2Ljc4OCAxMy41NzYi 
IHhtbDpzcGFjZT0icHJlc2VydmUiIHhtbG5zPSJodHRwOi8vd3d3LnczLm9yZy8yMDAwL3N2ZyI+ 
PGcgdHJhbnNmb3JtPSJtYXRyaXgoMS4zMzMzIDAgMCAtMS4zMzMzIDAgMTMuNTc2KSI+PGcgdHJh 
bnNmb3JtPSJ0cmFuc2xhdGUoMi41NDUsNS4wOTEpIj48ZyB0cmFuc2Zvcm09InRyYW5zbGF0ZSgt 
Mi41NDUsLTIuNDkxKSI+PGcgdHJhbnNmb3JtPSJ0cmFuc2xhdGUoMCwtMi42KSI+PHRleHQgdHJh 
bnNmb3JtPSJtYXRyaXgoMSwwLDAsLTEsMCwyLjg2NCkiIGZpbGw9IiMwMDAwMDAiIGZvbnQtZmFt 
aWx5PSJBcmlhbCIgZm9udC1zaXplPSI5Ljk2MjZweCI+PHRzcGFuIHg9IjAiIHk9IjAiPjQ8L3Rz 
cGFuPjwvdGV4dD48L2c+PC9nPjwvZz48L2c+PC9zdmc+Cg== 
">}</p>]]></text>
  </questiontext>
  <generalfeedback format="html"><text/></generalfeedback>
  <penalty>0.10</penalty>
  <hidden>0</hidden>
</question>
 
</quiz>
