<?xml version="1.0" encoding="iso-8859-1"?>

<quiz>
 
<question type="category">
  <category>
    <text>$course$/top/Example Quiz</text>
  </category>
</question>
 
<question type="shortanswer">
  <name format="html">
    <text><![CDATA[Short Answer]]></text>
  </name>
  <questiontext format="html">
    <text><![CDATA[<p>Enter the string <CODE>&rdquo;40%&rdquo;</CODE>. </p>]]></text>
  </questiontext>
  <defaultgrade>1.0</defaultgrade>
  <generalfeedback format="html"><text/></generalfeedback>
  <penalty>0.10</penalty>
  <hidden>0</hidden>
  <usecase>0</usecase>
  <answer fraction="100" format="plain_text">
    <text>40%</text>
    <feedback format="html"><text><![CDATA[<p>correct \((1+\sqrt {5})/2\)</p>]]></text></feedback>
  </answer>
  <answer fraction="50" format="plain_text">
    <text>40</text>
    <feedback format="html"><text><![CDATA[<p>incomplete \((1+\sqrt {5})/2\)</p>]]></text></feedback>
  </answer>
  <answer fraction="50" format="plain_text">
    <text>%</text>
    <feedback format="html"><text><![CDATA[<p>incomplete \((1+\sqrt {5})/2\)</p>]]></text></feedback>
  </answer>
</question>
<question type="cloze">
  <name format="html">
    <text><![CDATA[Short Answer in Cloze]]></text>
  </name>
  <questiontext format="html">
    <text><![CDATA[<p>Enter the string <CODE>&rdquo;40%&rdquo;</CODE>. {1:SHORTANSWER:=40%#correct \((1+\sqrt {5\})/2\)~%50%40#incomplete \((1+\sqrt {5\})/2\)~%50%%#incomplete \((1+\sqrt {5\})/2\)}</p>]]></text>
  </questiontext>
  <generalfeedback format="html"><text/></generalfeedback>
  <penalty>0.10</penalty>
  <hidden>0</hidden>
</question>
 
</quiz>
