<?xml version="1.0" encoding="iso-8859-1"?>

<quiz>
 
<question type="category">
  <category>
    <text>$course$/top/Moodle Tags</text>
  </category>
</question>
 
<question type="multichoice">
  <name format="html">
    <text><![CDATA[Title]]></text>
  </name>
  <questiontext format="html">
    <text><![CDATA[<p>&Aring;</p>]]></text>
  </questiontext>
  <defaultgrade>1</defaultgrade>
  <generalfeedback format="html"><text/></generalfeedback>
  <penalty>0.10</penalty>
  <hidden>0</hidden>
  <single>true</single>
  <shuffleanswers>1</shuffleanswers>
  <answernumbering>abc</answernumbering>
  <answer fraction="0" format="html">
    <text><![CDATA[<p>&aelig;</p>]]></text>
    <feedback format="html"><text><![CDATA[<p>tic</p>]]></text></feedback>
  </answer>
  <answer fraction="100" format="html">
    <text><![CDATA[<p>&oelig;</p>]]></text>
    <feedback format="html"><text><![CDATA[<p>tac</p>]]></text></feedback>
  </answer>
  <tags>
    <tag><text><![CDATA[multiéàî]]></text></tag>
    <tag><text><![CDATA[&Aring;&aelig;&oelig;]]></text></tag>
  </tags>
</question>
<question type="shortanswer">
  <name format="html">
    <text><![CDATA[Title]]></text>
  </name>
  <questiontext format="html">
    <text><![CDATA[<p>&Aring;</p>]]></text>
  </questiontext>
  <defaultgrade>1</defaultgrade>
  <generalfeedback format="html"><text/></generalfeedback>
  <penalty>0.10</penalty>
  <hidden>0</hidden>
  <usecase>0</usecase>
  <answer fraction="100" format="plain_text">
    <text>B</text>
    <feedback format="html"><text><![CDATA[<p>toc</p>]]></text></feedback>
  </answer>
  <answer fraction="100" format="plain_text">
    <text>C</text>
    <feedback format="html"><text><![CDATA[<p>&laquo;&#8239;&#8239;&raquo;</p>]]></text></feedback>
  </answer>
  <answer fraction="0" format="plain_text">
    <text>*</text>
  </answer>
  <tags>
    <tag><text><![CDATA[quizz-level]]></text></tag>
    <tag><text><![CDATA[ leading whitespace]]></text></tag>
    <tag><text><![CDATA[with, comma]]></text></tag>
  </tags>
</question>
<question type="numerical">
  <name format="html">
    <text><![CDATA[Title]]></text>
  </name>
  <questiontext format="html">
    <text><![CDATA[<p>&Aring;</p>]]></text>
  </questiontext>
  <defaultgrade>1</defaultgrade>
  <generalfeedback format="html"><text/></generalfeedback>
  <penalty>0.10</penalty>
  <hidden>0</hidden>
  <answer fraction="100" format="plain_text">
    <text>1</text>
    <tolerance>0</tolerance>
    <feedback format="html"><text><![CDATA[<p>toc</p>]]></text></feedback>
  </answer>
  <answer fraction="100" format="plain_text">
    <text>2</text>
    <tolerance>0</tolerance>
    <feedback format="html"><text><![CDATA[<p>&laquo;&#8239;&#8239;&raquo;</p>]]></text></feedback>
  </answer>
  <answer fraction="0" format="plain_text">
    <text>3</text>
    <tolerance>0</tolerance>
  </answer>
</question>
<question type="matching">
  <name format="html">
    <text><![CDATA[Title]]></text>
  </name>
  <questiontext format="html">
    <text><![CDATA[<p>&Aring;</p>]]></text>
  </questiontext>
  <defaultgrade>1</defaultgrade>
  <generalfeedback format="html"><text/></generalfeedback>
  <penalty>0.10</penalty>
  <hidden>0</hidden>
  <shuffleanswers>1</shuffleanswers>
  <subquestion format="html">
    <text><![CDATA[<p>&aelig;</p>]]></text>
    <answer format="html"><text><![CDATA[oui ]]></text></answer>
  </subquestion>
  <subquestion format="html">
    <text><![CDATA[<p>&oelig;</p>]]></text>
    <answer format="html"><text><![CDATA[non ]]></text></answer>
  </subquestion>
  <subquestion format="html">
    <text></text>
    <answer format="html"><text><![CDATA[&Aring;]]></text></answer>
  </subquestion>
  <tags>
    <tag><text><![CDATA[m&aring;tch&iuml;ng]]></text></tag>
  </tags>
</question>
<question type="essay">
  <name format="html">
    <text><![CDATA[Title]]></text>
  </name>
  <questiontext format="html">
    <text><![CDATA[<p>&Aring;</p>]]></text>
  </questiontext>
  <defaultgrade>1</defaultgrade>
  <generalfeedback format="html"><text/></generalfeedback>
  <penalty>0.10</penalty>
  <hidden>0</hidden>
  <responserequired>0</responserequired>
  <responseformat>editor</responseformat>
  <responsefieldlines>15</responsefieldlines>
  <attachments>0</attachments>
  <attachmentsrequired>0</attachmentsrequired>
  <graderinfo format="html"><text><![CDATA[
    <ul>
      <li>&aelig;yo </li>
      <li>&oelig;</li>
    </ul>
  ]]></text></graderinfo>
  <responsetemplate format="html"><text/></responsetemplate>
  <tags>
    <tag><text><![CDATA[essay]]></text></tag>
  </tags>
</question>
<question type="description">
  <name format="html">
    <text><![CDATA[Title]]></text>
  </name>
  <questiontext format="html">
    <text><![CDATA[<p>Text</p>]]></text>
  </questiontext>
  <defaultgrade>1</defaultgrade>
  <generalfeedback format="html"><text/></generalfeedback>
  <penalty>0.10</penalty>
  <hidden>0</hidden>
  <tags>
    <tag><text><![CDATA[desc]]></text></tag>
  </tags>
</question>
<question type="truefalse">
  <name format="html">
    <text><![CDATA[Title]]></text>
  </name>
  <questiontext format="html">
    <text><![CDATA[<p>&Aring;</p>]]></text>
  </questiontext>
  <defaultgrade>1</defaultgrade>
  <generalfeedback format="html"><text/></generalfeedback>
  <penalty>1</penalty>
  <hidden>0</hidden>
  <answer fraction="100" format="plain_text">
    <text>true</text>
    <feedback format="html"><text><![CDATA[<p> &aelig;yo </p>]]></text></feedback>
  </answer>
  <answer fraction="0" format="plain_text">
    <text>false</text>
  </answer>
  <tags>
    <tag><text><![CDATA[TF]]></text></tag>
  </tags>
</question>
<question type="cloze">
  <name format="html">
    <text><![CDATA[Cloze]]></text>
  </name>
  <questiontext format="html">
    <text><![CDATA[<p>&Aring;&OElig;{1:MULTICHOICE:=chip~%10%chop#yes~chap#no.}&#8239;&raquo;&Aring;{1:SHORTANSWER:=B#toc~=C#&laquo;&#8239;&#8239;&raquo;~*}&laquo;&#8239;&Aring;{1:NUMERICAL:=1:0~=2:0#&laquo;&#8239;&#8239;&raquo;~3:0}&OElig;{1:MULTICHOICE_V:=chip#yes~%10%chop~chap#no.}<BR/>&OElig;{1:MULTICHOICE_H:=chip#yes~%10%chop~chap#no.}<BR/></p>]]></text>
  </questiontext>
  <generalfeedback format="html"><text/></generalfeedback>
  <penalty>0.10</penalty>
  <hidden>0</hidden>
  <tags>
    <tag><text><![CDATA[cloze]]></text></tag>
  </tags>
</question>
 
</quiz>
