<?xml version="1.0" encoding="iso-8859-1"?>

<quiz>
 
<question type="category">
  <category>
    <text>$course$/top/Ifnum</text>
  </category>
</question>
 
<question type="multichoice">
  <name format="html">
    <text><![CDATA[MWE]]></text>
  </name>
  <questiontext format="html"><text/></questiontext>
  <defaultgrade>1.0</defaultgrade>
  <generalfeedback format="html"><text/></generalfeedback>
  <penalty>0.10</penalty>
  <hidden>0</hidden>
  <single>true</single>
  <shuffleanswers>1</shuffleanswers>
  <answernumbering>abc</answernumbering>
  <answer fraction="100" format="html">
    <text><![CDATA[<p>A</p>]]></text>
  </answer>
  <answer fraction="0" format="html">
    <text><![CDATA[<p>B</p>]]></text>
  </answer>
</question>
<question type="multichoice">
  <name format="html">
    <text><![CDATA[MWE]]></text>
  </name>
  <questiontext format="html"><text/></questiontext>
  <defaultgrade>.5</defaultgrade>
  <generalfeedback format="html"><text/></generalfeedback>
  <penalty>0.10</penalty>
  <hidden>0</hidden>
  <single>true</single>
  <shuffleanswers>1</shuffleanswers>
  <answernumbering>abc</answernumbering>
  <answer fraction="100" format="html">
    <text><![CDATA[<p>A</p>]]></text>
  </answer>
  <answer fraction="0" format="html">
    <text><![CDATA[<p>B</p>]]></text>
  </answer>
</question>
<question type="multichoice">
  <name format="html">
    <text><![CDATA[MWE]]></text>
  </name>
  <questiontext format="html"><text/></questiontext>
  <defaultgrade>3.2</defaultgrade>
  <generalfeedback format="html"><text/></generalfeedback>
  <penalty>0.10</penalty>
  <hidden>0</hidden>
  <single>true</single>
  <shuffleanswers>1</shuffleanswers>
  <answernumbering>abc</answernumbering>
  <answer fraction="100" format="html">
    <text><![CDATA[<p>A</p>]]></text>
  </answer>
  <answer fraction="0" format="html">
    <text><![CDATA[<p>B</p>]]></text>
  </answer>
</question>
<question type="cloze">
  <name format="html">
    <text><![CDATA[The question]]></text>
  </name>
  <questiontext format="html">
    <text><![CDATA[<p>{3:SHORTANSWER:=abc}{1:SHORTANSWER:=abc}{1:NUMERICAL:=0:0}{2:MULTICHOICE_S:=A~B}</p>]]></text>
  </questiontext>
  <generalfeedback format="html"><text/></generalfeedback>
  <penalty>0.10</penalty>
  <hidden>0</hidden>
</question>
 
</quiz>
