<?xml version="1.0" encoding="iso-8859-1"?>

<quiz>
 
<question type="category">
  <category>
    <text>$course$/top/Cloze: Escaping Characters</text>
  </category>
</question>
 
<question type="cloze">
  <name format="html">
    <text><![CDATA[Cloze]]></text>
  </name>
  <questiontext format="html">
    <text><![CDATA[<p>No escaping here: \(y=a\sqrt {x}/2+{b}\) <BR/>No escaping here: <CODE>text</CODE> \(y=a\sqrt {x}/2+{b}\) {4:MULTICHOICE_V:=\(\lbrace A\rbrace \)~{B\}}<BR/>{No escaping here: } \(y=a\sqrt {x}/2+{b}\) {1:SHORTANSWER:=chip#nip~%10%nop#that must be escaped: \(y=a\sqrt {x\}/2+{b\}\)}<BR/>{No escaping here: } \(y=a\sqrt {x}/2+{b}\) {1:NUMERICAL:=0:0#nip~%10%1:0#that must be escaped: \(y=a\sqrt {x\}/2+{b\}\)}<BR/></p>]]></text>
  </questiontext>
  <generalfeedback format="html"><text/></generalfeedback>
  <penalty>0.10</penalty>
  <hidden>0</hidden>
</question>
 
</quiz>
