<?xml version="1.0" encoding="iso-8859-1"?>

<quiz>
 
<question type="category">
  <category>
    <text>$course$/top/Includegraphics with TikZ</text>
  </category>
</question>
 
<question type="multichoice">
  <name format="html">
    <text><![CDATA[Picture]]></text>
  </name>
  <questiontext format="html">
    <text><![CDATA[<p><IMG SRC="data:image/png;base64,iVBORw0KGgoAAAANSUhEUgAAAEIAAAAqCAMAAAAwLX3tAAAANlBMVEUAAAD///8AAAAAAAAAAAAA 
AAAAAAAAAAAAAAAAAAAAAAAAAAAAAAAAAAAAAAAAAAAAAAAAAADl82K3AAAAEXRSTlMAABNESlN1 
hImlq7XM2+b1/Z9TPi4AAABXSURBVEjH7dPJAYAwDAPBcIM5gvtvFqmExD/hKWB/W4awEnCBu2ci 
E9qJud8NUgkP00vUdi9IJR5gYqS+zWQSJzAxUSaiiQ2YWOnniQWYOKgtsYOZySQ+ag86ObK16lIA 
AAAASUVORK5CYII= 
"> </p>]]></text>
  </questiontext>
  <defaultgrade>1.0</defaultgrade>
  <generalfeedback format="html"><text/></generalfeedback>
  <penalty>0.10</penalty>
  <hidden>0</hidden>
  <single>true</single>
  <shuffleanswers>1</shuffleanswers>
  <answernumbering>abc</answernumbering>
  <answer fraction="100" format="html">
    <text><![CDATA[<p><IMG SRC="data:image/png;base64,iVBORw0KGgoAAAANSUhEUgAAAAkAAAAOCAYAAAD9lDaoAAAAdUlEQVQokbXP0Q3CMAxF0VM2yApd 
IStkFmYJI3QFZoERYAQYoXzUrSrUhC+eZMnSvZZtlhRcMUc9UJGCqwGm6Ev0cwyCHPWddfiIbSkh 
nU8dab3n2ZMK3rj/WlVbQsYLt5Yw7oR0JKSAfxSGgBmX1qGD5dVuPsdrHam6kjRaAAAAAElFTkSu 
QmCC 
"></p>]]></text>
  </answer>
  <answer fraction="0" format="html">
    <text><![CDATA[<p><IMG SRC="data:image/png;base64,iVBORw0KGgoAAAANSUhEUgAAABcAAAAjAQMAAABFDwNYAAAABlBMVEX///8AAABVwtN+AAAAAXRS 
TlMAQObYZgAAADdJREFUCNdj+P+/gYGB/QEEM/6A4n9Q/AOBoWr4gcJgDNTHj00vQwUqRjHjHxj/ 
//8AgoFcJAwAXTsqcaGGnVkAAAAASUVORK5CYII= 
"></p>]]></text>
  </answer>
</question>
<question type="ddmatch">
  <name format="html">
    <text><![CDATA[Picture]]></text>
  </name>
  <questiontext format="html">
    <text><![CDATA[<p><IMG SRC="data:image/png;base64,iVBORw0KGgoAAAANSUhEUgAAABEAAAAbCAYAAACa9mScAAAAdklEQVQ4jWNkYGAIZoAAQyhmQKIl 
GRDAG0pvY0ADTOgC5AAWBgaGNdQwZBmUfYGBgeE8lA2jHzEwMHARMoRq3omm1BCquGTUkFFDRg0Z 
NWRQGcLIwMDQCWU7Y5E3RLLoDpT+iK6IhYGBQQnKNiZgoQouCap4BwCPsgqJWVTJ7gAAAABJRU5E 
rkJggg== 
"> </p>]]></text>
  </questiontext>
  <defaultgrade>1.0</defaultgrade>
  <generalfeedback format="html"><text/></generalfeedback>
  <penalty>0.10</penalty>
  <hidden>0</hidden>
  <shuffleanswers>1</shuffleanswers>
  <subquestion format="html">
    <text><![CDATA[<p><IMG SRC="data:image/png;base64,iVBORw0KGgoAAAANSUhEUgAAACAAAAAgCAMAAABEpIrGAAAAM1BMVEUAAAD///8AAAAAAAAAAAAA 
AAAAAAAAAAAAAAAAAAAAAAAAAAAAAAAAAAAAAAAAAAAAAADW5/q5AAAAEHRSTlMAABEiM0RVZneI 
maq7zN3uf6QJ9gAAAKhJREFUOMu90sESwiAMRVGkVEpb4P7/17pQKJhAZ1yYJe8MyUDM46bMX4Ap 
5dbFyCrAhgSkMAIu8a5oVbBmyOcJcGjAZQjWmOUAvAJiPQ6QJPBQhrMZngIkch3teeEKXNcXzm8Q 
oHmhKMEOzUEgixbb1gHUp/4NLDfA46fAA+sEeGCf3PDJh6DkI1DzAbhyHTS5CtpcBW0+AGH+F93e 
CmBjv9cCGNst7QvN2wpURq09lgAAAABJRU5ErkJggg== 
"></p>]]></text>
    <answer format="html"><text><![CDATA[<p><IMG SRC="data:image/png;base64,iVBORw0KGgoAAAANSUhEUgAAABcAAAAjAQMAAABFDwNYAAAABlBMVEX///8AAABVwtN+AAAAAXRS 
TlMAQObYZgAAADdJREFUCNdj+P+/gYGB/QEEM/6A4n9Q/AOBoWr4gcJgDNTHj00vQwUqRjHjHxj/ 
//8AgoFcJAwAXTsqcaGGnVkAAAAASUVORK5CYII= 
"></p>]]></text></answer>
  </subquestion>
  <subquestion format="html">
    <text><![CDATA[<p><IMG SRC="data:image/png;base64,iVBORw0KGgoAAAANSUhEUgAAACIAAAAiCAMAAAANmfvwAAAA0lBMVEX///8AAAABAQECAgIDAwME 
BAQFBQUJCQkLCwsNDQ0dHR0hISEiIiIoKCguLi41NTVJSUlMTExmZmZubm5zc3N1dXWLi4uQkJCS 
kpKbm5ucnJydnZ2fn5+goKCioqKkpKSlpaWmpqapqamqqqqrq6utra2urq6xsbGzs7O1tbW2tra6 
urq8vLzLy8vMzMzT09Pd3d3h4eHk5OTl5eXm5ubn5+fp6enr6+vs7Ozt7e3w8PDz8/P09PT29vb3 
9/f5+fn6+vr7+/v8/Pz9/f3+/v7/////o5MGAAAAAXRSTlMAQObYZgAAAbNJREFUOMuF1NlS6kAQ 
BuB0SEBlUWQ1BlyIARRZ4yBLwqR7/vd/pXPh2SoE6Mupr6Zrpv5uyzouWJcK2F8W+/OGGdjjXC+w 
1ohxxhyw1lriFNCnxAHrtQinqdb59xgDwBhmBoBJjhA5HCACMPPX12QyyXktcGBRCh/calWrE6Js 
F8znGHNTqcoHter16jVlTGAa83l5TM1mpdKlWb3uXROR/78IqNEol9tEd3fdLmYzzyMi3//3rpsb 
Irq9bbfbn5/f3wDe3n7E3z8kqtVoOt1u2wBgDN7f/4jfZrcjqr1MjdkKRJLEBFnBu8WC3JfAGAiE 
ORkGGbFnLBYbtxQEAJAyj4ZZsQew2axKpX4fiNN0NMoI/NRqtbLt19c4jo+EZSUJRLReRZFtDwbx 
eHwkLCthATRHy6XrDppj26anjLAsBgDGUim32CzatvckyOYOADRipfwiFYueB5GjZIpojTj2fYfo 
/h6A1rm5x3DoOM7VVb+fn24AYVgoOJ2O6/af83OLMCQqPHaiyKXnE+kPHaLeo44iRSdnyHF6PWit 
1JlJfHgAgPN7wRgYc2ErGJjLuyXn7BfJsGNGBciJRQAAAABJRU5ErkJggg== 
"></p>]]></text>
    <answer format="html"><text><![CDATA[<p><IMG SRC="data:image/png;base64,iVBORw0KGgoAAAANSUhEUgAAABMAAAAdCAAAAABtMQhgAAABDUlEQVQYGW3Bu2pUURQA0LX3OXPN 
o7GykBRaKggprFSCkEqxERTyF2JnZ6ddWv2A4CcIgl+gFoLBxmIg2KkIFpnJzH2YUjiuFXNX/ePQ 
U6lVB3HNHWm2MOku+a326gMvFHpFnNqSWnXLOhUrMdOzidSqgxwshI3JKAOpVRfGwdoPpXOZwZKT 
E3GuFKUcHHw8O5um1Iq53SeuuOj7B0fKkUdSK04N2wYpV956GL6IXlnpnBulw2deSq06Kh2WNsLk 
7to7qVVnlh06Uxhs8kudzMKoWFfFz3BdatVQRkVP+OM1j6VWfe7eDRdU4zevvNmzK/1XsLOzvy+C 
+8fHwxCffP1s7r29m267tW2SWn8B1wBQQBxcN+IAAAAASUVORK5CYII= 
"></p>]]></text></answer>
  </subquestion>
  <subquestion format="html">
    <text><![CDATA[<p><IMG SRC="data:image/png;base64,iVBORw0KGgoAAAANSUhEUgAAAC4AAABHAQMAAABCjOfmAAAABlBMVEX///8AAABVwtN+AAAAAXRS 
TlMAQObYZgAAAEVJREFUGNOd0LENwCAMBdHrMjaMlrEoLF0KysQGUr3qyzqj2uEToEXO5b0mCvJd 
flYHOfaMOmWjiPaPMnN+4o1qsGJwzgPXwLGKCxz0xgAAAABJRU5ErkJggg== 
"></p>]]></text>
    <answer format="html"><text><![CDATA[<p><IMG SRC="data:image/png;base64,iVBORw0KGgoAAAANSUhEUgAAACMAAAA2BAMAAAC/7D1CAAAAMFBMVEUAAAAAAAAAAAAAAAAAAAAA 
AAAAAAAAAAAAAAAAAAAAAAAAAAAAAAAAAAAAAAAAAABaPxwLAAAAD3RSTlMAESIzRFVmd4iZqrvM 
3e5GKvWZAAABBUlEQVQ4y62SMUoDURRFbyKIQQKzAIvUIsQVmCZFUiiW6XQHugSTBTh2diKphICm 
sFMwrsAlKFhaJIiKRjPHYj7j//OETJFbHu7j3X/fF3lNtEh04+sWeFKgNUg2A1J6gOd5pqVHY9qy 
pjHcG9NPtBDTjjEtY0wHBU1Jbh0FXze3J93Be0hWgP0Q7cFnSEpjOA9RBWZhTDXgLSS6MnNloGYi 
fOfmqianGjCRqWqYQzGc2AxHMjUUQPG/aCTT1qvXlCTVYfpHziJJq37N24zc7T8cWYcvl4KuJKkN 
sJueGi6azc4lwDRyt86UHEqSNjzUd5vjjFxn9R+nYNbzntAawMtp+lV+Afb0PN8sFBDMAAAAAElF 
TkSuQmCC 
"></p>]]></text></answer>
  </subquestion>
</question>
 
</quiz>
