<?xml version="1.0" encoding="iso-8859-1"?>

<quiz>
 
<question type="category">
  <category>
    <text>$course$/top/Punctuation and Other Symbols</text>
  </category>
</question>
 
<question type="multichoice">
  <name format="html">
    <text><![CDATA[Symbols]]></text>
  </name>
  <questiontext format="html">
    <text><![CDATA[<p>Find the symbol standing for &ldquo;paragraph&rdquo;. </p>]]></text>
  </questiontext>
  <defaultgrade>1</defaultgrade>
  <generalfeedback format="html"><text/></generalfeedback>
  <penalty>0.10</penalty>
  <hidden>0</hidden>
  <single>true</single>
  <shuffleanswers>0</shuffleanswers>
  <answernumbering>abc</answernumbering>
  <answer fraction="0" format="html">
    <text><![CDATA[<p>%</p>]]></text>
  </answer>
  <answer fraction="0" format="html">
    <text><![CDATA[<p>#</p>]]></text>
  </answer>
  <answer fraction="0" format="html">
    <text><![CDATA[<p>&#95;</p>]]></text>
  </answer>
  <answer fraction="0" format="html">
    <text><![CDATA[<p>&#92;</p>]]></text>
  </answer>
  <answer fraction="0" format="html">
    <text><![CDATA[<p>$</p>]]></text>
  </answer>
  <answer fraction="0" format="html">
    <text><![CDATA[<p>&</p>]]></text>
  </answer>
  <answer fraction="100" format="html">
    <text><![CDATA[<p>&sect;</p>]]></text>
  </answer>
  <answer fraction="0" format="html">
    <text><![CDATA[<p>{</p>]]></text>
  </answer>
  <answer fraction="0" format="html">
    <text><![CDATA[<p>}</p>]]></text>
  </answer>
  <answer fraction="0" format="html">
    <text><![CDATA[<p>&euro;</p>]]></text>
  </answer>
  <answer fraction="0" format="html">
    <text><![CDATA[<p>&hellip;</p>]]></text>
  </answer>
  <answer fraction="0" format="html">
    <text><![CDATA[<p>&hellip;</p>]]></text>
  </answer>
  <answer fraction="0" format="html">
    <text><![CDATA[<p>&iexcl;</p>]]></text>
  </answer>
  <answer fraction="0" format="html">
    <text><![CDATA[<p>&iquest;</p>]]></text>
  </answer>
  <answer fraction="0" format="html">
    <text><![CDATA[<p>&ndash;</p>]]></text>
  </answer>
  <answer fraction="0" format="html">
    <text><![CDATA[<p>&euro;</p>]]></text>
  </answer>
</question>
<question type="multichoice">
  <name format="html">
    <text><![CDATA[Quotation Marks]]></text>
  </name>
  <questiontext format="html">
    <text><![CDATA[<p>Find the French quotes </p>]]></text>
  </questiontext>
  <defaultgrade>1</defaultgrade>
  <generalfeedback format="html"><text/></generalfeedback>
  <penalty>0.10</penalty>
  <hidden>0</hidden>
  <single>false</single>
  <shuffleanswers>0</shuffleanswers>
  <answernumbering>abc</answernumbering>
  <answer fraction="-20" format="html">
    <text><![CDATA[<p>&lsquo;and&rsquo;</p>]]></text>
  </answer>
  <answer fraction="-20" format="html">
    <text><![CDATA[<p>&lsquo;and&rsquo;</p>]]></text>
  </answer>
  <answer fraction="-20" format="html">
    <text><![CDATA[<p>&ldquo;and&rdquo;</p>]]></text>
  </answer>
  <answer fraction="-20" format="html">
    <text><![CDATA[<p>&ldquo;and&rdquo;</p>]]></text>
  </answer>
  <answer fraction="-20" format="html">
    <text><![CDATA[<p>'</p>]]></text>
  </answer>
  <answer fraction="-20" format="html">
    <text><![CDATA[<p>"</p>]]></text>
  </answer>
  <answer fraction="-20" format="html">
    <text><![CDATA[<p>"</p>]]></text>
  </answer>
  <answer fraction="20" format="html">
    <text><![CDATA[<p>&lsaquo;&#8239;and&#8239;&rsaquo;</p>]]></text>
    <feedback format="html"><text><![CDATA[<p>le fameux chevron!</p>]]></text></feedback>
  </answer>
  <answer fraction="20" format="html">
    <text><![CDATA[<p>&laquo;&#8239;and&#8239;&raquo;</p>]]></text>
    <feedback format="html"><text><![CDATA[<p>le fameux double chevron!</p>]]></text></feedback>
  </answer>
  <answer fraction="-20" format="html">
    <text><![CDATA[<p>&sbquo;</p>]]></text>
    <feedback format="html"><text><![CDATA[<p>these quotes are German!</p>]]></text></feedback>
  </answer>
  <answer fraction="-20" format="html">
    <text><![CDATA[<p>&bdquo;</p>]]></text>
    <feedback format="html"><text><![CDATA[<p>these are German!</p>]]></text></feedback>
  </answer>
  <answer fraction="20" format="html">
    <text><![CDATA[<p>&lsaquo;&#8239;and&#8239;&rsaquo;</p>]]></text>
    <feedback format="html"><text><![CDATA[<p>le fameux chevron!</p>]]></text></feedback>
  </answer>
  <answer fraction="20" format="html">
    <text><![CDATA[<p>&laquo;&#8239;and&#8239;&raquo;</p>]]></text>
    <feedback format="html"><text><![CDATA[<p>le fameux double chevron!</p>]]></text></feedback>
  </answer>
  <answer fraction="20" format="html">
    <text><![CDATA[<p>&laquo;&#8239;and&#8239;&raquo;</p>]]></text>
    <feedback format="html"><text><![CDATA[<p>le fameux double chevron!</p>]]></text></feedback>
  </answer>
  <answer fraction="-20" format="html">
    <text><![CDATA[<p>&sbquo;and&lsquo;</p>]]></text>
    <feedback format="html"><text><![CDATA[<p>these quotes are German!</p>]]></text></feedback>
  </answer>
  <answer fraction="-20" format="html">
    <text><![CDATA[<p>&quot;</p>]]></text>
    <feedback format="html"><text><![CDATA[<p>these quotes are German!</p>]]></text></feedback>
  </answer>
  <answer fraction="-20" format="html">
    <text><![CDATA[<p>&bdquo;and&ldquo;</p>]]></text>
    <feedback format="html"><text><![CDATA[<p>these quotes are German!</p>]]></text></feedback>
  </answer>
</question>
 
</quiz>
