<?xml version="1.0" encoding="iso-8859-1"?>

<quiz>
 
<question type="category">
  <category>
    <text>$course$/top/Includegraphics</text>
  </category>
</question>
 
<question type="multichoice">
  <name format="html">
    <text><![CDATA[Picture]]></text>
  </name>
  <questiontext format="html">
    <text><![CDATA[<p><IMG width=81 SRC="data:image/png;base64,iVBORw0KGgoAAAANSUhEUgAAAAoAAAAQCAYAAAAvf+5AAAAABHNCSVQICAgIfAhkiAAAAAlwSFlz 
AAAN1wAADdcBQiibeAAAABl0RVh0U29mdHdhcmUAd3d3Lmlua3NjYXBlLm9yZ5vuPBoAAABhSURB 
VCiR7dIxDkVgFEThj6jsxhp0Wlt6jY1o1NbBAlQKveLVNH8EIdFpTHKamzNTXSjxQ4sJS6BwynLD 
QUxQo0cXGJGe167yv1qMnzQ/8QUxQoV8d8vCwIB5LzfuP2hjBTnvHcSzvuJGAAAAAElFTkSuQmCC 
"> </p>]]></text>
  </questiontext>
  <defaultgrade>1.0</defaultgrade>
  <generalfeedback format="html"><text/></generalfeedback>
  <penalty>0.10</penalty>
  <hidden>0</hidden>
  <single>true</single>
  <shuffleanswers>1</shuffleanswers>
  <answernumbering>abc</answernumbering>
  <answer fraction="100" format="html">
    <text><![CDATA[<p><IMG  SRC="data:image/png;base64,iVBORw0KGgoAAAANSUhEUgAAAAsAAAARCAYAAAAL4VbbAAAABHNCSVQICAgIfAhkiAAAAAlwSFlz 
AAAN1wAADdcBQiibeAAAABl0RVh0U29mdHdhcmUAd3d3Lmlua3NjYXBlLm9yZ5vuPBoAAADtSURB 
VCiRjdG/K8VhFAbwT19upOwMymhRbhmk/AkMBpPRZFZsBvkH7j9gsTAaKDa7bjGYbgwyCCXKjysM 
3/Ptvm7d3vvU6T2dnue85zwHprGDU9ziDR+4wT7mJNjGb8Q37vGS1H6wWZGXsI4pFEmTSRwmglkZ 
1NAKwW6RIbdxFflIjjyMmcgvepFGMY+TGOEcgylhQseBKh6xhaHubuPKZVp4SARNLGTGNYZGCD51 
HacX9kJw1g95JcjPOesovYaiH/JqvE04xrJyoQoF6jjQcWWR/76+4w5fSa2NDRjAJZ6UF6rFD6+4 
js5rOII/YfdCezN0fzAAAAAASUVORK5CYII= 
"></p>]]></text>
    <feedback format="html"><text><![CDATA[<p><IMG  SRC="data:image/png;base64,iVBORw0KGgoAAAANSUhEUgAAAHIAAADICAQAAACehX3lAAAXJklEQVR42u2d63rjvG6FoYOV5Ntt 
L6T3f207sS2J/UGCWAuAnGTGsdM+lZ9J7CRj6xVAnAhSg/y3iAwytscsk5zkJCdZ5EUWeZEXeZUX 
eZEXWeQkiyz997Oc5CSznGSWWab2VR/6jkN76FGkSJG9PTbZZJVVVrnKKhe5ykWucpaLXOQsFznL 
WT7a410+5EPO8tF+f5GrXNv/3tqjvmuRXYoU/ci5n8Qgg4ztX/YQkX6q9bWduLQ3LO61SJGhvxqk 
dEgE5mMI7z984cF/V9pndcixA+qV98/82w3utAogFveoPx3oLwR+yxeEYf3Dnx+e3ShFisPs7zjL 
1NR1aCo2JW8Rr1o8MkSDso/M/yYDlATx6LEfnGVRSHwTHFNTes1ymUbEXQbZ+8cX+NgM0yusHKJN 
8NCRPTZJojThzOY+Ku0t5vZ1dCZkPJSnR9xlkAKIA4yRcvjA0a5nZOel57Z2xLlDer0YZJQdx+Sp 
q2t9q7k9ptRWKqp00JIi7l0qXur4d3sqTTWBQ9cmw1pl7la0JHh6yfeOOUiZZQFIvVpzcxMGbOo7 
dEw2PQaIQPWvvSVGN+LHpR+DBrjJJif4X6hBqFFeu4ZZXsh9KOTcfOHiUL0HjIh7QyoNsaTupjRJ 
IKYHnGR3aun/1o9jfL3bBZjlH1CQsV81leWphQCn7vKnLlFvxyqmvhqbtxrCCRX4a/tqHlIBj82T 
KXS0EXZJB33nWf4hMz21qAcxUXWnrrxjU0RD3Amk2rkdRuQQIBGxECKOdERDext1Sj9ha4hNnrP8 
B1xBluXcQjZENPcyUciGJ13H4h5MlB+XApCmgqNMMLKin7TzuzRQjHhY2tXKN8ghGJ8J5BlHJF5D 
NTB6wmP3Vbv4EC1XWkYUKSneJOgj0SB6la3Pt+a4ipRZ/isd8gx65EhUimq2ze2j42B15QAiquT4 
ifyqZl0IcpQYh1XMBvmfMOQZE0MD70C80eGxx0jxlcGywa8/s3h0kg38owGanUB15WOTQe1xhPRD 
2wPGHARPUA6+fyZVVLUiImNzMfVCbw3zJKtc5STXBml2nodB1YiNISPm4FQz5oU4riR8iCSnj0Gb 
JJLHn9exvbf4dJNNZtlklU2uDbRCTjLCJ3uP2yH/g663mSD+aoA8kjjXwJijBFS8kD6Vss+qfzd2 
0CK7zLLLJrussnVpqiR9QIJGrAUQs/zLXfN4CkKA9kbs6YpDz/LDY7SqMUJmBz+xnu6pS/Mqp5YL 
c5ioZzB0hS1SZnlL1CuaCRFzFAJviYFyFi4XelfUE4OzTLaOxhglIcbWjdDU5F26Smvop6Nykq1C 
LhKPbOSJSIfJHiXA4v+MKbClUmpDC4QBU/O24lB32cDi2882B1nluNXwcJb5wGwU+loC3gb/cqmy 
UcI8kU0buvi9n89E8ayWUPZ2UeoFKrK3QhaWsxRyVRs9Q4yBZQocWcVJcOvXjjER1ed4EZJz/bkj 
6r9Cjn4AZVefXGSTVRZZ5drrdgipY3KfncTyJLiQBDdQkC1gcjL7GWT1whZCboQ6ydjGKcrTouVa 
0LzKkkJO6iln2dzIO8bbHRyDZuMTFTaDtKhqbq7+BKiaT5Y2/tRgFRGZRaS0/7HIVU6yNMiaC40y 
yWouZE0Rd4e4kZqu7vuxLHGU5zFVhdRsZ23/Kqgqcmk1RekqK+0S6OVZ+qisF1drCQ3yGhC9Dd2c 
kq4dbz1Q2QyS42NzG5brnHp1fm0ynfv4NGNkiSEG7KcGqrZ16sq6S5nlTKORZcjy2xzkeijLzyAH 
p6wqx2urQ6wtkDtZ/Nlt7QiYo1h6v8gqC0BqwatUyJJA7imeIXrIr6mrhDGpkKcGeZWlqewip164 
sijGa4RpwipLdf0iMsoVanpllnfyhF6KcQwi5CpsejbnLdFyZyVjhlyaK7jKS3cOKg18h7GPzNFh 
Vki1rAD54Wwqu4pV4ihcDyHzYq8ksuQTnAFR33uB02TDZSEfKmxXTnIfXZLRqnoprk6KrLI8JsuX 
ILlopqp6hXffHKSFgVomsXFpoMFHVsh/p4FbNgLXg9e3lDVml3FSYu4WNV42zCkw3i2gvCrNTZb2 
ebWkuam3rmMSwzcbj1F2GfBXlFUtox+VGeTm3slQrIS2E6K+j12SCZQ3GZM+rlkB04PmDiRGO+hE 
WJYKae8TY19fD66ZhRWvBpr+sQxEdUo8pEmSldWusgdcEx+Z5SC5wk5gBXeSPhobVcdrm9PaWoJd 
aHyrLEUGWVvZpE8TfC7JKL0Y7xwH57npMUiP5wNALHWvXV6FYh99p7n/f3rXI0g/JjM4leItOZZD 
SQ4BMC+QTDLJpfnBeg5VlkMvYeHsib7WM5HPDE+MbzYnwUxVb8mRMUtLpCSgxXFbqzprm5/cxXJK 
/Eu9WCPrUx4MxGgHwQzPIDPveFSq1BPLzBGGCuYeNBIyzLG/Bxone05OjCV5O6jLKwJbQMzk54Gt 
GL3J0E+ai6Aj+MC5hQuKOQKmgtWEzKbsHKSOIEyy8vw/K3nk7j9TVA9aJ9cqZq3KcKcAy7GWlWuR 
2YICG5foVWnAzPIhkihsXs2xnzJeVp/7/NBJIrusYys/jQR5aVJcg8L6sF8n7Ny52Jj08StXBLIS 
JBciv4toZbNyA3MKsqyPqYUEQ4rpzsPUFefyj2urUXoWfH0dj5VW32eDUamIa6/FxT66QaSXRaQr 
L/ViKeSZEFlpS6KWO0n8qyPwM1nuzSbq2KyQ15ajmATVpc1grHRUiugciju0MnCrlOXhvDf0Mc33 
gYuYGapKu5IkV3qoJM2+mspa90GQpK+7sqz2Q7Sj0O2rmNzuZLZWR+bk8DAs0YYzi5XsHd2zWS4B 
8nZrGDqK+PU7h/UboP4M3QD5LCiLlM3j5pO+TZLX5HQj6DHcnwHa/xpIc4buM8cQY+XF7LGDsuLC 
a4XEj2UoHnm3Dc2f2VftHNHTq7KckjAyui/+zHwmW3iaQL/7KZ/YtXafo4iAsTBZ7g1zv/Hw1Yc4 
h91laZAe4rMJ8vuBajYRDd6xtz6OlP0cuYjMTU2yjKGkrx6FiZV8dGl8IfJU28lSIT2gf/5ziPru 
1jfuPbWv+3i8WGZx9dk5/MFnadLPgQ4SbfltN1YOAPnZMN9EeAweYuLnerserT2Hlab2DE0dA49F 
+hz5Nm7sKMJ+aXtWPpPk7ztuWwmNWs2tFBmkzF9442cew83X6MeLJElW9cKzGwe/B4jbDbOVRQhr 
yP43NCZjp+FzEBM/R9AemUdtRCxsePgDHwvKDdZZmTmJZAC0KJAUSSKe/HgkItdpvvNAcWjciyXn 
DvnssRibgH1zGk6/5oupClnd0D39XOvKGX2cJMjai7H8zC2j5iHdaP4dLiSb6MkQ4ypAO3waAcbp 
N0DGIrEVJnkFA65q4JbxrNoE5Y/fckRAv66B13TiKiPMRzjE+yWQuary2k3G5PVietyoBT8f8njB 
hl+Gg9+zlX+xTaqh/gZI633MlvTqGiO/bFVBEZG7RropejZk7E2PLdv8jGXJNVvuQ4dZrWcf3Crh 
AbWnGbdrMEydGBDBrhXuRHi6JBlwSGQ4g/yyNdYV0OSo7RpULHkmZGzsjIsHsweuHsP5TZtW2MgA 
PTlpjp0eYwJ4IkA2OqisO8ya4P4fT4TMPKNHPMG/bOG4AKLK8dogFfNXqCs2hpoFnQkvk+MQLCtO 
8O2gsk8zPD7XyFYW+EXjOh4tGyluRG5t8p379Z4EyVMzfjmvNs7b6gLbAGCW6YayWm/BBuPyQZC8 
tDdWc7DTA3c3sIff5wAlaVKsmBeYiy6yP1aSONWdxTheigiIkFnMioiXbmF7D/qzDh6RfvHE4h6n 
ZFRqF5lX1otcZbNFTM+BjEaHt+JY2t5cujMXytKnWDtZ1mvfOwubJx4CObjnRwE5bquytI3I9OvS 
EFVdxY1Ia2q6NIW1hu8HSjKWrOJGCSzHpUsSDQ/7SGtyvIIkL82N9PWTj0b0i5myfWMQNEMUwRzS 
lFUhz7Qy4aFj0q+783Z1JkT7t5D7GEiObHTqvndnNyofBJnlG7iRykRGhzEXiVtgaAcXbu5nkrw2 
yPXRkswQOZBj25qHAegfDRHNjoFeHylJv7IHnQYr6q0wgBF3inOuAfEJkvRl/yl4xlNAQ8jJqaoP 
5RARH92+PmpMHoVwnG8sDk/jnNGNxgIqagvwnwrJBUfvFU+JNWVzozaVDU5UU4NdSV0f5CdNkpnj 
zxBz74iqai7DS1AxH6yuArJUa7rQHrL8OEIUCOMsurG9XhlzbZ2VD3QhA41GRdRNcl8PEOemrBHx 
ChvdXrrjyHYCeaC68oL5E8mwYr5CIGeY6DgY8dweLMnYxP1gF6KuH6PT1/5AWZqyqsnh1PjaEY8x 
HxwM8LqrKkeU4GtXWW9ZvcFBRTXEc1DW7dGQXo5qVV9Jjq8kRVRVLjoi4gdIkrerMcgHjElfppq7 
ur6QFKPRyRwHj8YPkqbV6cJe2j8LmWeN2Xh8DYjRqno58oi8iF/mtD2ixjMkcmTEY9ehRY5cjpcm 
R6+u2eqRu0L6VjWOcHwlzmPeinF4S3gvSb/te7JXwb0g4yobnoqzHXeWNM65HcaxskZIrpzzcvK7 
QWLXoi//czq8kI/UchWWOHzheCPEK4RzZwrpMin+SAU9m+GwPZM8XmZRcSxKCACuh6qqUtR4ldYK 
3hMy78ThbMNsah7foLkR2ZtLuFKsqgp7Aedhk68B8Z5jMpuIy+ObLFY1SJWipsZXh5g7D8QMex7c 
07rG/g1V1egVzTvm1ThMjTO8c+o8cFcgaI24p3XFkTi7fMOw3uSNFNbqOFmEk1tUL8UrGR2/VO2O 
hsdvfsCl4ld5I0ALyD9DZBliCHAWrsz5/WB6s+/91TWWilVV34KqvshCBmeQbL4xRqqWfVxJkvtP 
StJnGirFF4f45pR1EU6MFVE3qr0GKepXleGFggBsU4LjvpIcwP2jR3x1kkT/aLW4urGMlalQih9B 
mpcQsfr2wY56T8OT+UZ1FW9OWS0EsLE4NN/G81Nnp66+eOWqAD8nSfWQPB5zt+HDce503CRLjT+C 
wbFS5EajcfeA94LM9hNcDrxjDMY195c+HvPsnwEvISSP+yHcDXLocxuzZLP+r+67r8RxPw57xqPk 
+JLa1J3dhvxRe7ZfnoDuf6aM0eeLeQBnE+O+z9FMTo6Zpce8jPuvxiSnU9K74vxkONpVzjduzf37 
5obcaWB6vAb3ny6e+L664qwxFv4zwOORyDvRb8H5f6Tm5jhzvLkPwncg/S7WAxkbzvejubHUmNsb 
OL7B4O2DvmeI1CZIeH+lrnn/TWZP0S8uYvHNBHLcRbo9tRLVWc7yLh/ynparEPFoe4y/kKTvv0Gb 
uiR+UQMAr6yIWISr4nZ/wnenrt5t+N0ObxzfV1dra5hdnMp4b+1ZRMxKxugXK+J7D+Z4IsBnG1E9 
w35A33MhcSrV6jfHabHmjKiqOaLdabJCZhFOljcebQP4TUhvT7HDmFX1rcvxDRJj36Ti0+Iz4b23 
5943RsQvrdn9jiSHFt8YIs74ZzKsRkdzjSnY1C3kGgxqUlx7lHojEP9byKzk7yfEj4JxVVScTI1z 
G3xTVBuR15BrbDfG419AZr3i8b6x0TNWk8PmBjtUL+D8DfMDQoHjjPHOksza/XxxQwO442k4u+rZ 
NJzHPIOyrtCHnC0e/DYkt8QftfydKGfEKAdzDe8ZuQkXS41ZEKdGh+twtkHuHxueIflu6TAvavBV 
cZagdY1rEKe7jvKkOOcZvg7neuRcpvFHkuSZqVhLjX1UeB/n10SCvIYja1A5C0eo7BVXJ8dsA5s/ 
VlfONAaHeDuh8s2bOM/obarivctHKsHVyZGH0pdlGQ3P0YI/u7/2kmQbUVVxhiqbEMdx+AGS9FVx 
TKb+8MisKydTVoE77sBhheX2lOPoRiX47mTpp1PZK+o5/rF1zZbCZ/WbW41GeZSKiBqGv5NPfIes 
MZvZ4ONbcj3aqsY7DZPiURXOehxnF8JlgTjGqOfE+W9JYeOO6pr7Rd/yl03B+UlxEU2Ld2dPK+C/ 
byTGhyX/v4fMsv6Jso3M6FgYHtvFbEpcixuGWL/HWtydEXn7qHh3HG9wjms42CwWs41VuEBlmKqk 
5h11JeuXChvfl2S2mtGPxiX1jT4t5h4cnEi14sY7SDLrjftG2PZVyDxG9c5/SQFfZHE2lduMruJn 
Nt7J8ByVGu+iqgZ5vL4Y5Zi1p8RSI+7GcTR5wyWObHbqbqpaIfOV/reCOL+OiktURzVxDMMtTrV0 
ysvwrpIcb4xFb3J4TSPeUz03N1hP9bNUudM4nJm6D6Tf/yYDzNc04sxG3g6ftafwHJXff+Vg6uZP 
IScHGRcXeWMT0ynshuOJVO3e4CA8NqigZ/QbIt8ZMq71Z8RXh5jt3sBzxdHgHE3f+GmbOx4KiVlj 
FobHnDFTU0O8BGODsWpeS2XVvONWj/XGtzxD5Stxvsd4ScM3RsRx+OEgj9wGH3eUqIe0emreDG+W 
1WcaWGjEvN8gOaHyjuMHj7l5yrFPi88pogbhS88YzeRgUwNPo/pZRp8zPgRRIXXppjc4PNPoVzby 
/BQW/VF2JssPQtzukyt+DfIUzE42Kf7mJuCs8M9LGjBnREyc+WfX/4BtVmdZQr8498Rph+NRHe6o 
1OjrcL5c/JfFqT+RJELm8xsvDpEXUevtvWNF1WSoiCrJu4Zun0sSIX0wbq6DO1N1NKoksyaVi4tu 
YkJsN6X5UcgXqgTwykaexIkZo968QQ0Pbsbll+DiTL/CjR2UE6vh+yBfg7R+nJgv4jwjS3ETTazi 
nSuze7XUDaCz+5k9BBIliTkjhuQ4lVrBBhecWybImaGePCLpXSL9FMCdEUVmee2QYx+TGMZZXQDd 
v41GPOLtSfS7aYtKz1+EeLeIO0K+UQ5SQwGfVmk7PFbFTY62zxFOF3HVT29kqrcXjjc5icfdMD1k 
tK7ZImq9R+fupOUn3uuNhe3uyfUuoHizk1s1uTtC/pPMXZlN9VUcdBx+q+5YBJvl1CRebwQ2pyWO 
H/eVs/xLLAsZqb8qrwGYHIvshMm5jAIq4iw8Kc63OPGbe98Z8h8YPaPgVHmc4bCOguJkiD0+VR+2 
Pg7rjYr7/g1uxv8B0WuVJE/TYaq1uIAc78KyJ6o6tnF46ogmxS1IEWX4Qz7SSxItrIbpvjYuAc5P 
EG1dTe0u9XE1XCxW/ai6VknidkA83Yp74tjJGOoYMNWQIGIcjYz442PSz0nyno6xERcliAZnl70h 
qqKOzaJGVfVwPxgKqJ8UN6qwBxL3NhIponctr/eiHwXnT+xmiWrKstU3HuwBSbNBxokCMzmmrHsH 
9N7RAGzVVrY2lcEekk++StbQwjvJj2FEjrJ3ySui3dZb32cD97+nUnyQJF8I0mPiHscmpaFJkxHr 
YU3c3NeoAcTD5MeQEiD9DSywLidi0c4eEFmO+4HjiEf8+V2zkAWuP7qSsQNOYjcKRknWu9gror9I 
2a3jHy5DhTw5yMGNNd1Sr/7VTonvJNIRN1DiKcjwQSWrI8hZsizQHpZrqPeTJkMDrYh7S4UnGonf 
6kx9DKT11A0OUW+PJ6Cq0v7n1koZR7cef0jwdhvSPpIjUs4X7Ri6PO31Md7T5VjnJ7MdWAbxKTHe 
tQoNkfSxePsO3fX4oVLVVyDtg4/uMVd/Z0XEvYGizywHEnyyHGtjRNaSjbBCv9VnFUwr4GOQHofi 
vxASO+3sZ6hqKrvqVLzkbiXFXz/uWMjS0eXLiohn6jr0kamyy+/JG2X4VMMz0uvBfcWNoTymbbie 
gf2NDO8O6RdKZKj4G8Mcuhw90oPzxc8hx/CzIXnmMfn1UZ7/0ITq+Bhko1fZX2QnelS8uJ0MPwn0 
+xOg5QvPn4p0D8jPAH4N2t9D/q86xr9/i99//D/k/5XjfwBP0SnMkiCHpAAAAABJRU5ErkJggg== 
"></p>]]></text></feedback>
  </answer>
  <answer fraction="0" format="html">
    <text><![CDATA[<p><IMG  SRC="data:image/jpeg;base64,/9j/4AAQSkZJRgABAQIAIwAjAAD/2wBDAAMCAgMCAgMDAwMEAwMEBQgFBQQEBQoHBwYIDAoMDAsK 
CwsNDhIQDQ4RDgsLEBYQERMUFRUVDA8XGBYUGBIUFRT/wAALCAARAAsBAREA/8QAFwAAAwEAAAAA 
AAAAAAAAAAAABAYJCP/EACkQAAEDAwQBAgcBAAAAAAAAAAECAwUEBgcAERIhEwgUIjM4UXFysbL/ 
2gAIAQEAAD8APx7E+mJivyZXZktB2qnV35PeWZqYKTepm2PfOBsrqWWyylI2VueXWx321RXFsZaM 
XjyAprE9qqzkUqTFmNqPLTFg9p8auR3T313pGd9XeCKi135RzKtlvRJbIcbVL05WoFJPAslXMqIB 
+Djue+tYiw9hLOc5YzcpjuRdtKxJCQka2ChqhlTC6aidrX3GR4+uIKFJUB9lDS5fX1uW/wDl/wD2 
zqsTPyW/1H81/9k= 
"></p>]]></text>
    <feedback format="html"><text><![CDATA[<p><IMG  SRC="data:image/jpeg;base64,/9j/4AAQSkZJRgABAQIAIwAjAAD/2wBDAAMCAgMCAgMDAwMEAwMEBQgFBQQEBQoHBwYIDAoMDAsK 
CwsNDhIQDQ4RDgsLEBYQERMUFRUVDA8XGBYUGBIUFRT/wAALCAAQAAwBAREA/8QAFwAAAwEAAAAA 
AAAAAAAAAAAABQYHCP/EACcQAAEDBAEDAwUAAAAAAAAAAAIBAwQFBgcRCAASIRMUMjhRcXax/9oA 
CAEBAAA/ANg8gpDmb59exXTn3Btql08596TIxECkBNkUamAYqmjdVEcd0u0aFEVE9ZFQ7wW+j7En 
6/H/AJ1OaLx5zXi3HVxQoOYrbnty1nVOoy5llmUuc+73G4bjnvvlrQp40IiIomhROl/iDY+cKjxi 
xrJoGU7YpFFcorBRIMyzjlOsN68CTqTQ71T79qfjr//Z 
"></p>]]></text></feedback>
  </answer>
</question>
<question type="ddmatch">
  <name format="html">
    <text><![CDATA[Picture]]></text>
  </name>
  <questiontext format="html">
    <text><![CDATA[<p><IMG  SRC="data:image/png;base64,iVBORw0KGgoAAAANSUhEUgAAAAoAAAAQCAYAAAAvf+5AAAAABHNCSVQICAgIfAhkiAAAAAlwSFlz 
AAAN1wAADdcBQiibeAAAABl0RVh0U29mdHdhcmUAd3d3Lmlua3NjYXBlLm9yZ5vuPBoAAABhSURB 
VCiR7dIxDkVgFEThj6jsxhp0Wlt6jY1o1NbBAlQKveLVNH8EIdFpTHKamzNTXSjxQ4sJS6BwynLD 
QUxQo0cXGJGe167yv1qMnzQ/8QUxQoV8d8vCwIB5LzfuP2hjBTnvHcSzvuJGAAAAAElFTkSuQmCC 
"></p>]]></text>
  </questiontext>
  <defaultgrade>1.0</defaultgrade>
  <generalfeedback format="html"><text/></generalfeedback>
  <penalty>0.10</penalty>
  <hidden>0</hidden>
  <shuffleanswers>1</shuffleanswers>
  <subquestion format="html">
    <text><![CDATA[<p><IMG  SRC="data:image/png;base64,iVBORw0KGgoAAAANSUhEUgAAAHIAAADICAQAAACehX3lAAAXJklEQVR42u2d63rjvG6FoYOV5Ntt 
L6T3f207sS2J/UGCWAuAnGTGsdM+lZ9J7CRj6xVAnAhSg/y3iAwytscsk5zkJCdZ5EUWeZEXeZUX 
eZEXWeQkiyz997Oc5CSznGSWWab2VR/6jkN76FGkSJG9PTbZZJVVVrnKKhe5ykWucpaLXOQsFznL 
WT7a410+5EPO8tF+f5GrXNv/3tqjvmuRXYoU/ci5n8Qgg4ztX/YQkX6q9bWduLQ3LO61SJGhvxqk 
dEgE5mMI7z984cF/V9pndcixA+qV98/82w3utAogFveoPx3oLwR+yxeEYf3Dnx+e3ShFisPs7zjL 
1NR1aCo2JW8Rr1o8MkSDso/M/yYDlATx6LEfnGVRSHwTHFNTes1ymUbEXQbZ+8cX+NgM0yusHKJN 
8NCRPTZJojThzOY+Ku0t5vZ1dCZkPJSnR9xlkAKIA4yRcvjA0a5nZOel57Z2xLlDer0YZJQdx+Sp 
q2t9q7k9ptRWKqp00JIi7l0qXur4d3sqTTWBQ9cmw1pl7la0JHh6yfeOOUiZZQFIvVpzcxMGbOo7 
dEw2PQaIQPWvvSVGN+LHpR+DBrjJJif4X6hBqFFeu4ZZXsh9KOTcfOHiUL0HjIh7QyoNsaTupjRJ 
IKYHnGR3aun/1o9jfL3bBZjlH1CQsV81leWphQCn7vKnLlFvxyqmvhqbtxrCCRX4a/tqHlIBj82T 
KXS0EXZJB33nWf4hMz21qAcxUXWnrrxjU0RD3Amk2rkdRuQQIBGxECKOdERDext1Sj9ha4hNnrP8 
B1xBluXcQjZENPcyUciGJ13H4h5MlB+XApCmgqNMMLKin7TzuzRQjHhY2tXKN8ghGJ8J5BlHJF5D 
NTB6wmP3Vbv4EC1XWkYUKSneJOgj0SB6la3Pt+a4ipRZ/isd8gx65EhUimq2ze2j42B15QAiquT4 
ifyqZl0IcpQYh1XMBvmfMOQZE0MD70C80eGxx0jxlcGywa8/s3h0kg38owGanUB15WOTQe1xhPRD 
2wPGHARPUA6+fyZVVLUiImNzMfVCbw3zJKtc5STXBml2nodB1YiNISPm4FQz5oU4riR8iCSnj0Gb 
JJLHn9exvbf4dJNNZtlklU2uDbRCTjLCJ3uP2yH/g663mSD+aoA8kjjXwJijBFS8kD6Vss+qfzd2 
0CK7zLLLJrussnVpqiR9QIJGrAUQs/zLXfN4CkKA9kbs6YpDz/LDY7SqMUJmBz+xnu6pS/Mqp5YL 
c5ioZzB0hS1SZnlL1CuaCRFzFAJviYFyFi4XelfUE4OzTLaOxhglIcbWjdDU5F26Smvop6Nykq1C 
LhKPbOSJSIfJHiXA4v+MKbClUmpDC4QBU/O24lB32cDi2882B1nluNXwcJb5wGwU+loC3gb/cqmy 
UcI8kU0buvi9n89E8ayWUPZ2UeoFKrK3QhaWsxRyVRs9Q4yBZQocWcVJcOvXjjER1ed4EZJz/bkj 
6r9Cjn4AZVefXGSTVRZZ5drrdgipY3KfncTyJLiQBDdQkC1gcjL7GWT1whZCboQ6ydjGKcrTouVa 
0LzKkkJO6iln2dzIO8bbHRyDZuMTFTaDtKhqbq7+BKiaT5Y2/tRgFRGZRaS0/7HIVU6yNMiaC40y 
yWouZE0Rd4e4kZqu7vuxLHGU5zFVhdRsZ23/Kqgqcmk1RekqK+0S6OVZ+qisF1drCQ3yGhC9Dd2c 
kq4dbz1Q2QyS42NzG5brnHp1fm0ynfv4NGNkiSEG7KcGqrZ16sq6S5nlTKORZcjy2xzkeijLzyAH 
p6wqx2urQ6wtkDtZ/Nlt7QiYo1h6v8gqC0BqwatUyJJA7imeIXrIr6mrhDGpkKcGeZWlqewip164 
sijGa4RpwipLdf0iMsoVanpllnfyhF6KcQwi5CpsejbnLdFyZyVjhlyaK7jKS3cOKg18h7GPzNFh 
Vki1rAD54Wwqu4pV4ihcDyHzYq8ksuQTnAFR33uB02TDZSEfKmxXTnIfXZLRqnoprk6KrLI8JsuX 
ILlopqp6hXffHKSFgVomsXFpoMFHVsh/p4FbNgLXg9e3lDVml3FSYu4WNV42zCkw3i2gvCrNTZb2 
ebWkuam3rmMSwzcbj1F2GfBXlFUtox+VGeTm3slQrIS2E6K+j12SCZQ3GZM+rlkB04PmDiRGO+hE 
WJYKae8TY19fD66ZhRWvBpr+sQxEdUo8pEmSldWusgdcEx+Z5SC5wk5gBXeSPhobVcdrm9PaWoJd 
aHyrLEUGWVvZpE8TfC7JKL0Y7xwH57npMUiP5wNALHWvXV6FYh99p7n/f3rXI0g/JjM4leItOZZD 
SQ4BMC+QTDLJpfnBeg5VlkMvYeHsib7WM5HPDE+MbzYnwUxVb8mRMUtLpCSgxXFbqzprm5/cxXJK 
/Eu9WCPrUx4MxGgHwQzPIDPveFSq1BPLzBGGCuYeNBIyzLG/Bxone05OjCV5O6jLKwJbQMzk54Gt 
GL3J0E+ai6Aj+MC5hQuKOQKmgtWEzKbsHKSOIEyy8vw/K3nk7j9TVA9aJ9cqZq3KcKcAy7GWlWuR 
2YICG5foVWnAzPIhkihsXs2xnzJeVp/7/NBJIrusYys/jQR5aVJcg8L6sF8n7Ny52Jj08StXBLIS 
JBciv4toZbNyA3MKsqyPqYUEQ4rpzsPUFefyj2urUXoWfH0dj5VW32eDUamIa6/FxT66QaSXRaQr 
L/ViKeSZEFlpS6KWO0n8qyPwM1nuzSbq2KyQ15ajmATVpc1grHRUiugciju0MnCrlOXhvDf0Mc33 
gYuYGapKu5IkV3qoJM2+mspa90GQpK+7sqz2Q7Sj0O2rmNzuZLZWR+bk8DAs0YYzi5XsHd2zWS4B 
8nZrGDqK+PU7h/UboP4M3QD5LCiLlM3j5pO+TZLX5HQj6DHcnwHa/xpIc4buM8cQY+XF7LGDsuLC 
a4XEj2UoHnm3Dc2f2VftHNHTq7KckjAyui/+zHwmW3iaQL/7KZ/YtXafo4iAsTBZ7g1zv/Hw1Yc4 
h91laZAe4rMJ8vuBajYRDd6xtz6OlP0cuYjMTU2yjKGkrx6FiZV8dGl8IfJU28lSIT2gf/5ziPru 
1jfuPbWv+3i8WGZx9dk5/MFnadLPgQ4SbfltN1YOAPnZMN9EeAweYuLnerserT2Hlab2DE0dA49F 
+hz5Nm7sKMJ+aXtWPpPk7ztuWwmNWs2tFBmkzF9442cew83X6MeLJElW9cKzGwe/B4jbDbOVRQhr 
yP43NCZjp+FzEBM/R9AemUdtRCxsePgDHwvKDdZZmTmJZAC0KJAUSSKe/HgkItdpvvNAcWjciyXn 
DvnssRibgH1zGk6/5oupClnd0D39XOvKGX2cJMjai7H8zC2j5iHdaP4dLiSb6MkQ4ypAO3waAcbp 
N0DGIrEVJnkFA65q4JbxrNoE5Y/fckRAv66B13TiKiPMRzjE+yWQuary2k3G5PVietyoBT8f8njB 
hl+Gg9+zlX+xTaqh/gZI633MlvTqGiO/bFVBEZG7RropejZk7E2PLdv8jGXJNVvuQ4dZrWcf3Crh 
AbWnGbdrMEydGBDBrhXuRHi6JBlwSGQ4g/yyNdYV0OSo7RpULHkmZGzsjIsHsweuHsP5TZtW2MgA 
PTlpjp0eYwJ4IkA2OqisO8ya4P4fT4TMPKNHPMG/bOG4AKLK8dogFfNXqCs2hpoFnQkvk+MQLCtO 
8O2gsk8zPD7XyFYW+EXjOh4tGyluRG5t8p379Z4EyVMzfjmvNs7b6gLbAGCW6YayWm/BBuPyQZC8 
tDdWc7DTA3c3sIff5wAlaVKsmBeYiy6yP1aSONWdxTheigiIkFnMioiXbmF7D/qzDh6RfvHE4h6n 
ZFRqF5lX1otcZbNFTM+BjEaHt+JY2t5cujMXytKnWDtZ1mvfOwubJx4CObjnRwE5bquytI3I9OvS 
EFVdxY1Ia2q6NIW1hu8HSjKWrOJGCSzHpUsSDQ/7SGtyvIIkL82N9PWTj0b0i5myfWMQNEMUwRzS 
lFUhz7Qy4aFj0q+783Z1JkT7t5D7GEiObHTqvndnNyofBJnlG7iRykRGhzEXiVtgaAcXbu5nkrw2 
yPXRkswQOZBj25qHAegfDRHNjoFeHylJv7IHnQYr6q0wgBF3inOuAfEJkvRl/yl4xlNAQ8jJqaoP 
5RARH92+PmpMHoVwnG8sDk/jnNGNxgIqagvwnwrJBUfvFU+JNWVzozaVDU5UU4NdSV0f5CdNkpnj 
zxBz74iqai7DS1AxH6yuArJUa7rQHrL8OEIUCOMsurG9XhlzbZ2VD3QhA41GRdRNcl8PEOemrBHx 
ChvdXrrjyHYCeaC68oL5E8mwYr5CIGeY6DgY8dweLMnYxP1gF6KuH6PT1/5AWZqyqsnh1PjaEY8x 
HxwM8LqrKkeU4GtXWW9ZvcFBRTXEc1DW7dGQXo5qVV9Jjq8kRVRVLjoi4gdIkrerMcgHjElfppq7 
ur6QFKPRyRwHj8YPkqbV6cJe2j8LmWeN2Xh8DYjRqno58oi8iF/mtD2ixjMkcmTEY9ehRY5cjpcm 
R6+u2eqRu0L6VjWOcHwlzmPeinF4S3gvSb/te7JXwb0g4yobnoqzHXeWNM65HcaxskZIrpzzcvK7 
QWLXoi//czq8kI/UchWWOHzheCPEK4RzZwrpMin+SAU9m+GwPZM8XmZRcSxKCACuh6qqUtR4ldYK 
3hMy78ThbMNsah7foLkR2ZtLuFKsqgp7Aedhk68B8Z5jMpuIy+ObLFY1SJWipsZXh5g7D8QMex7c 
07rG/g1V1egVzTvm1ThMjTO8c+o8cFcgaI24p3XFkTi7fMOw3uSNFNbqOFmEk1tUL8UrGR2/VO2O 
hsdvfsCl4ld5I0ALyD9DZBliCHAWrsz5/WB6s+/91TWWilVV34KqvshCBmeQbL4xRqqWfVxJkvtP 
StJnGirFF4f45pR1EU6MFVE3qr0GKepXleGFggBsU4LjvpIcwP2jR3x1kkT/aLW4urGMlalQih9B 
mpcQsfr2wY56T8OT+UZ1FW9OWS0EsLE4NN/G81Nnp66+eOWqAD8nSfWQPB5zt+HDce503CRLjT+C 
wbFS5EajcfeA94LM9hNcDrxjDMY195c+HvPsnwEvISSP+yHcDXLocxuzZLP+r+67r8RxPw57xqPk 
+JLa1J3dhvxRe7ZfnoDuf6aM0eeLeQBnE+O+z9FMTo6Zpce8jPuvxiSnU9K74vxkONpVzjduzf37 
5obcaWB6vAb3ny6e+L664qwxFv4zwOORyDvRb8H5f6Tm5jhzvLkPwncg/S7WAxkbzvejubHUmNsb 
OL7B4O2DvmeI1CZIeH+lrnn/TWZP0S8uYvHNBHLcRbo9tRLVWc7yLh/ynparEPFoe4y/kKTvv0Gb 
uiR+UQMAr6yIWISr4nZ/wnenrt5t+N0ObxzfV1dra5hdnMp4b+1ZRMxKxugXK+J7D+Z4IsBnG1E9 
w35A33MhcSrV6jfHabHmjKiqOaLdabJCZhFOljcebQP4TUhvT7HDmFX1rcvxDRJj36Ti0+Iz4b23 
5943RsQvrdn9jiSHFt8YIs74ZzKsRkdzjSnY1C3kGgxqUlx7lHojEP9byKzk7yfEj4JxVVScTI1z 
G3xTVBuR15BrbDfG419AZr3i8b6x0TNWk8PmBjtUL+D8DfMDQoHjjPHOksza/XxxQwO442k4u+rZ 
NJzHPIOyrtCHnC0e/DYkt8QftfydKGfEKAdzDe8ZuQkXS41ZEKdGh+twtkHuHxueIflu6TAvavBV 
cZagdY1rEKe7jvKkOOcZvg7neuRcpvFHkuSZqVhLjX1UeB/n10SCvIYja1A5C0eo7BVXJ8dsA5s/ 
VlfONAaHeDuh8s2bOM/obarivctHKsHVyZGH0pdlGQ3P0YI/u7/2kmQbUVVxhiqbEMdx+AGS9FVx 
TKb+8MisKydTVoE77sBhheX2lOPoRiX47mTpp1PZK+o5/rF1zZbCZ/WbW41GeZSKiBqGv5NPfIes 
MZvZ4ONbcj3aqsY7DZPiURXOehxnF8JlgTjGqOfE+W9JYeOO6pr7Rd/yl03B+UlxEU2Ld2dPK+C/ 
byTGhyX/v4fMsv6Jso3M6FgYHtvFbEpcixuGWL/HWtydEXn7qHh3HG9wjms42CwWs41VuEBlmKqk 
5h11JeuXChvfl2S2mtGPxiX1jT4t5h4cnEi14sY7SDLrjftG2PZVyDxG9c5/SQFfZHE2lduMruJn 
Nt7J8ByVGu+iqgZ5vL4Y5Zi1p8RSI+7GcTR5wyWObHbqbqpaIfOV/reCOL+OiktURzVxDMMtTrV0 
ysvwrpIcb4xFb3J4TSPeUz03N1hP9bNUudM4nJm6D6Tf/yYDzNc04sxG3g6ftafwHJXff+Vg6uZP 
IScHGRcXeWMT0ynshuOJVO3e4CA8NqigZ/QbIt8ZMq71Z8RXh5jt3sBzxdHgHE3f+GmbOx4KiVlj 
FobHnDFTU0O8BGODsWpeS2XVvONWj/XGtzxD5Stxvsd4ScM3RsRx+OEgj9wGH3eUqIe0emreDG+W 
1WcaWGjEvN8gOaHyjuMHj7l5yrFPi88pogbhS88YzeRgUwNPo/pZRp8zPgRRIXXppjc4PNPoVzby 
/BQW/VF2JssPQtzukyt+DfIUzE42Kf7mJuCs8M9LGjBnREyc+WfX/4BtVmdZQr8498Rph+NRHe6o 
1OjrcL5c/JfFqT+RJELm8xsvDpEXUevtvWNF1WSoiCrJu4Zun0sSIX0wbq6DO1N1NKoksyaVi4tu 
YkJsN6X5UcgXqgTwykaexIkZo968QQ0Pbsbll+DiTL/CjR2UE6vh+yBfg7R+nJgv4jwjS3ETTazi 
nSuze7XUDaCz+5k9BBIliTkjhuQ4lVrBBhecWybImaGePCLpXSL9FMCdEUVmee2QYx+TGMZZXQDd 
v41GPOLtSfS7aYtKz1+EeLeIO0K+UQ5SQwGfVmk7PFbFTY62zxFOF3HVT29kqrcXjjc5icfdMD1k 
tK7ZImq9R+fupOUn3uuNhe3uyfUuoHizk1s1uTtC/pPMXZlN9VUcdBx+q+5YBJvl1CRebwQ2pyWO 
H/eVs/xLLAsZqb8qrwGYHIvshMm5jAIq4iw8Kc63OPGbe98Z8h8YPaPgVHmc4bCOguJkiD0+VR+2 
Pg7rjYr7/g1uxv8B0WuVJE/TYaq1uIAc78KyJ6o6tnF46ogmxS1IEWX4Qz7SSxItrIbpvjYuAc5P 
EG1dTe0u9XE1XCxW/ai6VknidkA83Yp74tjJGOoYMNWQIGIcjYz442PSz0nyno6xERcliAZnl70h 
qqKOzaJGVfVwPxgKqJ8UN6qwBxL3NhIponctr/eiHwXnT+xmiWrKstU3HuwBSbNBxokCMzmmrHsH 
9N7RAGzVVrY2lcEekk++StbQwjvJj2FEjrJ3ySui3dZb32cD97+nUnyQJF8I0mPiHscmpaFJkxHr 
YU3c3NeoAcTD5MeQEiD9DSywLidi0c4eEFmO+4HjiEf8+V2zkAWuP7qSsQNOYjcKRknWu9gror9I 
2a3jHy5DhTw5yMGNNd1Sr/7VTonvJNIRN1DiKcjwQSWrI8hZsizQHpZrqPeTJkMDrYh7S4UnGonf 
6kx9DKT11A0OUW+PJ6Cq0v7n1koZR7cef0jwdhvSPpIjUs4X7Ri6PO31Md7T5VjnJ7MdWAbxKTHe 
tQoNkfSxePsO3fX4oVLVVyDtg4/uMVd/Z0XEvYGizywHEnyyHGtjRNaSjbBCv9VnFUwr4GOQHofi 
vxASO+3sZ6hqKrvqVLzkbiXFXz/uWMjS0eXLiohn6jr0kamyy+/JG2X4VMMz0uvBfcWNoTymbbie 
gf2NDO8O6RdKZKj4G8Mcuhw90oPzxc8hx/CzIXnmMfn1UZ7/0ITq+Bhko1fZX2QnelS8uJ0MPwn0 
+xOg5QvPn4p0D8jPAH4N2t9D/q86xr9/i99//D/k/5XjfwBP0SnMkiCHpAAAAABJRU5ErkJggg== 
"></p>]]></text>
    <answer format="html"><text><![CDATA[<p><IMG  SRC="data:image/png;base64,iVBORw0KGgoAAAANSUhEUgAAAAsAAAARCAYAAAAL4VbbAAAABHNCSVQICAgIfAhkiAAAAAlwSFlz 
AAAN1wAADdcBQiibeAAAABl0RVh0U29mdHdhcmUAd3d3Lmlua3NjYXBlLm9yZ5vuPBoAAADtSURB 
VCiRjdG/K8VhFAbwT19upOwMymhRbhmk/AkMBpPRZFZsBvkH7j9gsTAaKDa7bjGYbgwyCCXKjysM 
3/Ptvm7d3vvU6T2dnue85zwHprGDU9ziDR+4wT7mJNjGb8Q37vGS1H6wWZGXsI4pFEmTSRwmglkZ 
1NAKwW6RIbdxFflIjjyMmcgvepFGMY+TGOEcgylhQseBKh6xhaHubuPKZVp4SARNLGTGNYZGCD51 
HacX9kJw1g95JcjPOesovYaiH/JqvE04xrJyoQoF6jjQcWWR/76+4w5fSa2NDRjAJZ6UF6rFD6+4 
js5rOII/YfdCezN0fzAAAAAASUVORK5CYII= 
"></p>]]></text></answer>
  </subquestion>
  <subquestion format="html">
    <text><![CDATA[<p><IMG  SRC="data:image/jpeg;base64,/9j/4AAQSkZJRgABAQIAIwAjAAD/2wBDAAMCAgMCAgMDAwMEAwMEBQgFBQQEBQoHBwYIDAoMDAsK 
CwsNDhIQDQ4RDgsLEBYQERMUFRUVDA8XGBYUGBIUFRT/wAALCAAQAAwBAREA/8QAFwAAAwEAAAAA 
AAAAAAAAAAAABQYHCP/EACcQAAEDBAEDAwUAAAAAAAAAAAIBAwQFBgcRCAASIRMUMjhRcXax/9oA 
CAEBAAA/ANg8gpDmb59exXTn3Btql08596TIxECkBNkUamAYqmjdVEcd0u0aFEVE9ZFQ7wW+j7En 
6/H/AJ1OaLx5zXi3HVxQoOYrbnty1nVOoy5llmUuc+73G4bjnvvlrQp40IiIomhROl/iDY+cKjxi 
xrJoGU7YpFFcorBRIMyzjlOsN68CTqTQ71T79qfjr//Z 
"></p>]]></text>
    <answer format="html"><text><![CDATA[<p><IMG  SRC="data:image/jpeg;base64,/9j/4AAQSkZJRgABAQIAIwAjAAD/2wBDAAMCAgMCAgMDAwMEAwMEBQgFBQQEBQoHBwYIDAoMDAsK 
CwsNDhIQDQ4RDgsLEBYQERMUFRUVDA8XGBYUGBIUFRT/wAALCAARAAsBAREA/8QAFwAAAwEAAAAA 
AAAAAAAAAAAABAYJCP/EACkQAAEDAwQBAgcBAAAAAAAAAAECAwUEBgcAERIhEwgUIjM4UXFysbL/ 
2gAIAQEAAD8APx7E+mJivyZXZktB2qnV35PeWZqYKTepm2PfOBsrqWWyylI2VueXWx321RXFsZaM 
XjyAprE9qqzkUqTFmNqPLTFg9p8auR3T313pGd9XeCKi135RzKtlvRJbIcbVL05WoFJPAslXMqIB 
+Djue+tYiw9hLOc5YzcpjuRdtKxJCQka2ChqhlTC6aidrX3GR4+uIKFJUB9lDS5fX1uW/wDl/wD2 
zqsTPyW/1H81/9k= 
"></p>]]></text></answer>
  </subquestion>
</question>
 
</quiz>
