<?xml version="1.0" encoding="iso-8859-1"?>

<quiz>
 
<question type="category">
  <category>
    <text>$course$/top/Includegraphics with TikZ</text>
  </category>
</question>
 
<question type="multichoice">
  <name format="html">
    <text><![CDATA[Picture]]></text>
  </name>
  <questiontext format="html">
    <text><![CDATA[<p><IMG SRC="data:image/svg+xml;base64,PD94bWwgdmVyc2lvbj0iMS4wIiBlbmNvZGluZz0iVVRGLTgiPz4KPHN2ZyB3aWR0aD0iMzEuODc1 
cHQiIGhlaWdodD0iMTkuOTIycHQiIHZlcnNpb249IjEuMiIgdmlld0JveD0iMCAwIDMxLjg3NSAx 
OS45MjIiIHhtbG5zPSJodHRwOi8vd3d3LnczLm9yZy8yMDAwL3N2ZyIgeG1sbnM6eGxpbms9Imh0 
dHA6Ly93d3cudzMub3JnLzE5OTkveGxpbmsiPgo8ZGVmcz4KPGltYWdlIGlkPSJiIiB3aWR0aD0i 
MTAiIGhlaWdodD0iMTYiIHhsaW5rOmhyZWY9ImRhdGE6aW1hZ2UvcG5nO2Jhc2U2NCxpVkJPUncw 
S0dnb0FBQUFOU1VoRVVnQUFBQW9BQUFBUUNBQUFBQUFLRkxHY0FBQUFBbUpMUjBRQS80ZVB6TDhB 
QUFCQVNVUkJWQWlaWXdodTJmcnMvMzh2QmdZR2h2Ly8vLytITUZtV1hUaC8vaEVYQXd4OC9lL0Z3 
TURBQk9mVGc4blk2Y3pBWU1oMDV5TURBOFBxL3pBQUFCbXNIY1JmY1FHMkFBQUFBRWxGVGtTdVFt 
Q0MiLz4KPG1hc2sgaWQ9ImEiPgo8dXNlIHdpZHRoPSIxMDAlIiBoZWlnaHQ9IjEwMCUiIHhsaW5r 
OmhyZWY9IiNiIi8+CjwvbWFzaz4KPGltYWdlIGlkPSJjIiB3aWR0aD0iMTAiIGhlaWdodD0iMTYi 
IHhsaW5rOmhyZWY9ImRhdGE6aW1hZ2UvcG5nO2Jhc2U2NCxpVkJPUncwS0dnb0FBQUFOU1VoRVVn 
QUFBQW9BQUFBUUNBSUFBQUNnSFhrWEFBQUFCbUpMUjBRQS93RC9BUCtndmFlVEFBQUFEa2xFUVZR 
WWxXTmdHQVVqQ1FBQUFmQUFBVHBwdVpNQUFBQUFTVVZPUks1Q1lJST0iLz4KPC9kZWZzPgo8ZyB0 
cmFuc2Zvcm09InRyYW5zbGF0ZSguMDAwMzI4IC4wMDIwOCkiPgo8dXNlIHRyYW5zZm9ybT0ibWF0 
cml4KDAgLTEuOTkyMiAxLjk5MjIgMCAtLjAwMDMyOCAxOS45MikiIHdpZHRoPSIxMDAlIiBoZWln 
aHQ9IjEwMCUiIG1hc2s9InVybCgjYSkiIHhsaW5rOmhyZWY9IiNjIi8+CjwvZz4KPC9zdmc+Cg== 
"> </p>]]></text>
  </questiontext>
  <defaultgrade>1.0</defaultgrade>
  <generalfeedback format="html"><text/></generalfeedback>
  <penalty>0.10</penalty>
  <hidden>0</hidden>
  <single>true</single>
  <shuffleanswers>1</shuffleanswers>
  <answernumbering>abc</answernumbering>
  <answer fraction="100" format="html">
    <text><![CDATA[<p><IMG SRC="data:image/svg+xml;base64,PD94bWwgdmVyc2lvbj0iMS4wIiBlbmNvZGluZz0iVVRGLTgiPz4KPHN2ZyB3aWR0aD0iNC4yMTY4 
cHQiIGhlaWdodD0iNi41MTQzcHQiIHZlcnNpb249IjEuMiIgdmlld0JveD0iMCAwIDQuMjE2OCA2 
LjUxNDMiIHhtbG5zPSJodHRwOi8vd3d3LnczLm9yZy8yMDAwL3N2ZyIgeG1sbnM6eGxpbms9Imh0 
dHA6Ly93d3cudzMub3JnLzE5OTkveGxpbmsiPgo8ZGVmcz4KPHN5bWJvbCBpZD0iYiIgb3ZlcmZs 
b3c9InZpc2libGUiPgo8cGF0aCBkPSJtNC42NTYyIDBoLTQuMjE4OHYtMC42MjVsMS42ODc1LTEu 
NzAzMWMwLjUxOTUzLTAuNTE5NTMgMC44NTkzOC0wLjg5MDYyIDEuMDE1Ni0xLjEwOTQgMC4xNjQw 
Ni0wLjIyNjU2IDAuMjg5MDYtMC40NDUzMSAwLjM3NS0wLjY1NjI1IDAuMDgyMDMxLTAuMjA3MDMg 
MC4xMjUtMC40Mzc1IDAuMTI1LTAuNjg3NSAwLTAuMzQzNzUtMC4xMDU0Ny0wLjYxMzI4LTAuMzEy 
NS0wLjgxMjUtMC4yMTA5NC0wLjE5NTMxLTAuNDk2MDktMC4yOTY4OC0wLjg1OTM4LTAuMjk2ODgt 
MC4yNzM0NCAwLTAuNTI3MzQgMC4wNDY4NzUtMC43NjU2MiAwLjE0MDYyLTAuMjQyMTkgMC4wODU5 
MzgtMC41MDc4MSAwLjI0MjE5LTAuNzk2ODggMC40Njg3NWwtMC4zOTA2Mi0wLjVjMC41OTM3NS0w 
LjQ4ODI4IDEuMjM4My0wLjczNDM4IDEuOTM3NS0wLjczNDM4IDAuNjAxNTYgMCAxLjA3ODEgMC4x 
NTYyNSAxLjQyMTkgMC40Njg3NSAwLjM0Mzc1IDAuMzA0NjkgMC41MTU2MiAwLjcxNDg0IDAuNTE1 
NjIgMS4yMzQ0IDAgMC40MDYyNS0wLjExNzE5IDAuODEyNS0wLjM0Mzc1IDEuMjE4OC0wLjIzMDQ3 
IDAuMzk4NDQtMC42NTYyNSAwLjg5ODQ0LTEuMjgxMiAxLjVsLTEuNDA2MiAxLjM3NXYwLjA0Njg3 
NWgzLjI5Njl6Ii8+Cjwvc3ltYm9sPgo8Y2xpcFBhdGggaWQ9ImUiPgo8cGF0aCBkPSJtMCAwaDQu 
MjIyN3Y2LjUxNTZoLTQuMjIyN3oiLz4KPC9jbGlwUGF0aD4KPGNsaXBQYXRoIGlkPSJjIj4KPHBh 
dGggZD0ibTAgMGg0LjIyMjd2Ni41MTU2aC00LjIyMjd6Ii8+CjwvY2xpcFBhdGg+CjxjbGlwUGF0 
aCBpZD0iZCI+CjxyZWN0IHdpZHRoPSI1IiBoZWlnaHQ9IjciLz4KPC9jbGlwUGF0aD4KPGcgaWQ9 
ImEiIGNsaXAtcGF0aD0idXJsKCNkKSI+CjxnIGNsaXAtcGF0aD0idXJsKCNjKSI+CjxnPgo8dXNl 
IHg9Ii0wLjQzOTQ1Mzk5IiB5PSI2LjUxNjk5NzgiIHdpZHRoPSIxMDAlIiBoZWlnaHQ9IjEwMCUi 
IHhsaW5rOmhyZWY9IiNiIi8+CjwvZz4KPC9nPgo8L2c+CjwvZGVmcz4KPGcgdHJhbnNmb3JtPSJ0 
cmFuc2xhdGUoMCAtLjAwMTM3MjgpIj4KPGcgY2xpcC1wYXRoPSJ1cmwoI2UpIj4KPHVzZSB3aWR0 
aD0iMTAwJSIgaGVpZ2h0PSIxMDAlIiB4bGluazpocmVmPSIjYSIvPgo8L2c+CjwvZz4KPC9zdmc+ 
Cg== 
"></p>]]></text>
  </answer>
  <answer fraction="0" format="html">
    <text><![CDATA[<p><IMG SRC="data:image/svg+xml;base64,PD94bWwgdmVyc2lvbj0iMS4wIiBlbmNvZGluZz0iVVRGLTgiPz4KPHN2ZyB3aWR0aD0iOC44cHQi 
IGhlaWdodD0iMTMuNnB0IiB2ZXJzaW9uPSIxLjIiIHZpZXdCb3g9IjAgMCA4LjggMTMuNiIgeG1s 
bnM9Imh0dHA6Ly93d3cudzMub3JnLzIwMDAvc3ZnIiB4bWxuczp4bGluaz0iaHR0cDovL3d3dy53 
My5vcmcvMTk5OS94bGluayI+CjxkZWZzPgo8aW1hZ2UgaWQ9ImIiIHdpZHRoPSIxMSIgaGVpZ2h0 
PSIxNyIgeGxpbms6aHJlZj0iZGF0YTppbWFnZS9wbmc7YmFzZTY0LGlWQk9SdzBLR2dvQUFBQU5T 
VWhFVWdBQUFBc0FBQUFSQ0FBQUFBQXVpZ2tIQUFBQUFtSkxSMFFBLzRlUHpMOEFBQUNtU1VSQlZB 
aVpZOUJ0M3ZYZ3k0LzdTeXdZR0JqcS8vLy84K3pqLy8vL3loa1kvTEkwbUJnWUZGYjkvMmZDQUFX 
c2QvKzNNa0hadnk4emNNSFlIQVlNWnlFc1hxdnQvdyt4TURBd3lQNy8vLy8vbXdwMkJnWUdCc203 
ZDEvOS8zL2VGbWFNeEtUL1B5MWdISWI1LzNmRDJXSC8zOEhNWlBqTndBUm54ekNjWjlnV0pNSEF3 
R1M0OHY5L1g0Yi8vLzkvZi9Mci8vL2ZKUXpNbDk2eXNFcDh2cjR5WlJNREFKOEpRbnQ1UThMMEFB 
QUFBRWxGVGtTdVFtQ0MiLz4KPG1hc2sgaWQ9ImEiPgo8dXNlIHdpZHRoPSIxMDAlIiBoZWlnaHQ9 
IjEwMCUiIHhsaW5rOmhyZWY9IiNiIi8+CjwvbWFzaz4KPGltYWdlIGlkPSJjIiB3aWR0aD0iMTEi 
IGhlaWdodD0iMTciIHhsaW5rOmhyZWY9ImRhdGE6aW1hZ2UvcG5nO2Jhc2U2NCxpVkJPUncwS0dn 
b0FBQUFOU1VoRVVnQUFBQXNBQUFBUkNBSUFBQUNFZzhHTUFBQUFCbUpMUjBRQS93RC9BUCtndmFl 
VEFBQUFEMGxFUVZRb2tXTmdHQVdqZ0JJQUFBSkNBQUc0V05hOEFBQUFBRWxGVGtTdVFtQ0MiLz4K 
PC9kZWZzPgo8dXNlIHRyYW5zZm9ybT0ic2NhbGUoLjgpIiB3aWR0aD0iMTAwJSIgaGVpZ2h0PSIx 
MDAlIiBtYXNrPSJ1cmwoI2EpIiB4bGluazpocmVmPSIjYyIvPgo8L3N2Zz4K 
"></p>]]></text>
  </answer>
</question>
<question type="ddmatch">
  <name format="html">
    <text><![CDATA[Picture]]></text>
  </name>
  <questiontext format="html">
    <text><![CDATA[<p><IMG SRC="data:image/svg+xml;base64,PD94bWwgdmVyc2lvbj0iMS4wIiBlbmNvZGluZz0iVVRGLTgiPz4KPHN2ZyB3aWR0aD0iOHB0IiBo 
ZWlnaHQ9IjEyLjhwdCIgdmVyc2lvbj0iMS4yIiB2aWV3Qm94PSIwIDAgOCAxMi44IiB4bWxucz0i 
aHR0cDovL3d3dy53My5vcmcvMjAwMC9zdmciIHhtbG5zOnhsaW5rPSJodHRwOi8vd3d3LnczLm9y 
Zy8xOTk5L3hsaW5rIj4KPGRlZnM+CjxpbWFnZSBpZD0iYiIgd2lkdGg9IjEwIiBoZWlnaHQ9IjE2 
IiB4bGluazpocmVmPSJkYXRhOmltYWdlL3BuZztiYXNlNjQsaVZCT1J3MEtHZ29BQUFBTlNVaEVV 
Z0FBQUFvQUFBQVFDQUFBQUFBS0ZMR2NBQUFBQW1KTFIwUUEvNGVQekw4QUFBQkFTVVJCVkFpWll3 
aHUyZnJzLzM4dkJnWUdodi8vLy8rSE1GbVdYVGgvL2hFWEF3eDgvZS9Gd01EQUJPZlRnOG5ZNmN6 
QVlNaDA1eU1EQThQcS96QUFBQm1zSGNSZmNRRzJBQUFBQUVsRlRrU3VRbUNDIi8+CjxtYXNrIGlk 
PSJhIj4KPHVzZSB3aWR0aD0iMTAwJSIgaGVpZ2h0PSIxMDAlIiB4bGluazpocmVmPSIjYiIvPgo8 
L21hc2s+CjxpbWFnZSBpZD0iYyIgd2lkdGg9IjEwIiBoZWlnaHQ9IjE2IiB4bGluazpocmVmPSJk 
YXRhOmltYWdlL3BuZztiYXNlNjQsaVZCT1J3MEtHZ29BQUFBTlNVaEVVZ0FBQUFvQUFBQVFDQUlB 
QUFDZ0hYa1hBQUFBQm1KTFIwUUEvd0QvQVArZ3ZhZVRBQUFBRGtsRVFWUVlsV05nR0FVakNRQUFB 
ZkFBQVRwcHVaTUFBQUFBU1VWT1JLNUNZSUk9Ii8+CjwvZGVmcz4KPHVzZSB0cmFuc2Zvcm09InNj 
YWxlKC44KSIgd2lkdGg9IjEwMCUiIGhlaWdodD0iMTAwJSIgbWFzaz0idXJsKCNhKSIgeGxpbms6 
aHJlZj0iI2MiLz4KPC9zdmc+Cg== 
"> </p>]]></text>
  </questiontext>
  <defaultgrade>1.0</defaultgrade>
  <generalfeedback format="html"><text/></generalfeedback>
  <penalty>0.10</penalty>
  <hidden>0</hidden>
  <shuffleanswers>1</shuffleanswers>
  <subquestion format="html">
    <text><![CDATA[<p><IMG SRC="data:image/svg+xml;base64,PD94bWwgdmVyc2lvbj0iMS4wIiBlbmNvZGluZz0iVVRGLTgiPz4KPHN2ZyB3aWR0aD0iMTQuMDNw 
dCIgaGVpZ2h0PSIxMy40MTFwdCIgdmVyc2lvbj0iMS4yIiB2aWV3Qm94PSIwIDAgMTQuMDMgMTMu 
NDExIiB4bWxucz0iaHR0cDovL3d3dy53My5vcmcvMjAwMC9zdmciIHhtbG5zOnhsaW5rPSJodHRw 
Oi8vd3d3LnczLm9yZy8xOTk5L3hsaW5rIj4KPGRlZnM+CjxzeW1ib2wgaWQ9ImIiIG92ZXJmbG93 
PSJ2aXNpYmxlIj4KPHBhdGggZD0ibTYuNTkzOC02LjU5MzgtNS45Njg4IDUuOTY4OC0wLjg5MDYy 
LTAuODkwNjItMC4wMTU2MjUtNC43OTY5YzAtMS40NTctMC4wMzkwNjItMi40NjA5LTAuMTI1LTMu 
MDE1Ni0wLjA4MjAzMS0wLjU1MDc4LTAuMjE4NzUtMS4wMzUyLTAuNDA2MjUtMS40NTMxLTAuMTg3 
NS0wLjQxNDA2LTAuNDQ1MzEtMC43ODkwNi0wLjc4MTI1LTEuMTI1LTAuNDg4MjgtMC40ODgyOC0x 
LjAxOTUtMC43MjI2Ni0xLjU5MzgtMC43MDMxMi0wLjU4MjAzIDAuMDExNzItMS4xMzI4IDAuMjc3 
MzQtMS42NTYyIDAuNzk2ODgtMC4zNzUgMC4zNzUtMC42NzE4OCAwLjc5Mjk3LTAuODkwNjIgMS4y 
NS0wLjIxODc1IDAuNDYwOTQtMC4zNjcxOSAxLjA2MjUtMC40NTMxMiAxLjgxMjVsLTEuMjUtMC4x 
NTYyNWMwLjE0ODQ0LTEuNTM5MSAwLjcxMDk0LTIuODAwOCAxLjY4NzUtMy43ODEyIDAuODU1NDct 
MC44NTE1NiAxLjc0NjEtMS4zMDA4IDIuNjcxOS0xLjM0MzggMC45MTc5Ny0wLjA1MDc4IDEuNzQ2 
MSAwLjI5Mjk3IDIuNDg0NCAxLjAzMTIgMC41NzQyMiAwLjU3NDIyIDAuOTc2NTYgMS4zMDQ3IDEu 
MjE4OCAyLjE4NzUgMC4yMzgyOCAwLjg4NjcyIDAuMzQ3NjYgMi4yMDMxIDAuMzI4MTIgMy45NTMx 
bC0wLjAzMTI1IDMuOTM3NSAwLjAzMTI1IDAuMDMxMjUgNC42NzE5LTQuNjcxOXoiLz4KPC9zeW1i 
b2w+CjxjbGlwUGF0aCBpZD0iZiI+CjxwYXRoIGQ9Im0wIDBoMTUuMTg4djE1LjE4OGgtMTUuMTg4 
eiIvPgo8L2NsaXBQYXRoPgo8Y2xpcFBhdGggaWQ9ImQiPgo8cGF0aCBkPSJtMCAwaDE1LjE4OHYx 
NS4xODhoLTE1LjE4OHoiLz4KPC9jbGlwUGF0aD4KPGNsaXBQYXRoIGlkPSJjIj4KPHBhdGggZD0i 
bTkuMjE0OCAxNS4xODggNS45NzI3LTUuOTcyNy05LjIxNDgtOS4yMTQ4LTUuOTcyNyA1Ljk3Mjd6 
Ii8+CjwvY2xpcFBhdGg+CjxjbGlwUGF0aCBpZD0iZSI+CjxyZWN0IHdpZHRoPSIxNiIgaGVpZ2h0 
PSIxNiIvPgo8L2NsaXBQYXRoPgo8ZyBpZD0iYSIgY2xpcC1wYXRoPSJ1cmwoI2UpIj4KPGcgY2xp 
cC1wYXRoPSJ1cmwoI2QpIj4KPGcgY2xpcC1wYXRoPSJ1cmwoI2MpIj4KPGc+Cjx1c2UgeD0iOC41 
OTQ1MzExIiB5PSIxNS44MTA0NjQiIHdpZHRoPSIxMDAlIiBoZWlnaHQ9IjEwMCUiIHhsaW5rOmhy 
ZWY9IiNiIi8+CjwvZz4KPC9nPgo8L2c+CjwvZz4KPC9kZWZzPgo8ZyB0cmFuc2Zvcm09InRyYW5z 
bGF0ZSgtMS4xNTcgLTEuNzc0MykiPgo8ZyBjbGlwLXBhdGg9InVybCgjZikiPgo8dXNlIHdpZHRo 
PSIxMDAlIiBoZWlnaHQ9IjEwMCUiIHhsaW5rOmhyZWY9IiNhIi8+CjwvZz4KPC9nPgo8L3N2Zz4K 
"></p>]]></text>
    <answer format="html"><text><![CDATA[<p><IMG SRC="data:image/svg+xml;base64,PD94bWwgdmVyc2lvbj0iMS4wIiBlbmNvZGluZz0iVVRGLTgiPz4KPHN2ZyB3aWR0aD0iOC44cHQi 
IGhlaWdodD0iMTMuNnB0IiB2ZXJzaW9uPSIxLjIiIHZpZXdCb3g9IjAgMCA4LjggMTMuNiIgeG1s 
bnM9Imh0dHA6Ly93d3cudzMub3JnLzIwMDAvc3ZnIiB4bWxuczp4bGluaz0iaHR0cDovL3d3dy53 
My5vcmcvMTk5OS94bGluayI+CjxkZWZzPgo8aW1hZ2UgaWQ9ImIiIHdpZHRoPSIxMSIgaGVpZ2h0 
PSIxNyIgeGxpbms6aHJlZj0iZGF0YTppbWFnZS9wbmc7YmFzZTY0LGlWQk9SdzBLR2dvQUFBQU5T 
VWhFVWdBQUFBc0FBQUFSQ0FBQUFBQXVpZ2tIQUFBQUFtSkxSMFFBLzRlUHpMOEFBQUNtU1VSQlZB 
aVpZOUJ0M3ZYZ3k0LzdTeXdZR0JqcS8vLy84K3pqLy8vL3loa1kvTEkwbUJnWUZGYjkvMmZDQUFX 
c2QvKzNNa0hadnk4emNNSFlIQVlNWnlFc1hxdnQvdyt4TURBd3lQNy8vLy8vbXdwMkJnWUdCc203 
ZDEvOS8zL2VGbWFNeEtUL1B5MWdISWI1LzNmRDJXSC8zOEhNWlBqTndBUm54ekNjWjlnV0pNSEF3 
R1M0OHY5L1g0Yi8vLzkvZi9Mci8vL2ZKUXpNbDk2eXNFcDh2cjR5WlJNREFKOEpRbnQ1UThMMEFB 
QUFBRWxGVGtTdVFtQ0MiLz4KPG1hc2sgaWQ9ImEiPgo8dXNlIHdpZHRoPSIxMDAlIiBoZWlnaHQ9 
IjEwMCUiIHhsaW5rOmhyZWY9IiNiIi8+CjwvbWFzaz4KPGltYWdlIGlkPSJjIiB3aWR0aD0iMTEi 
IGhlaWdodD0iMTciIHhsaW5rOmhyZWY9ImRhdGE6aW1hZ2UvcG5nO2Jhc2U2NCxpVkJPUncwS0dn 
b0FBQUFOU1VoRVVnQUFBQXNBQUFBUkNBSUFBQUNFZzhHTUFBQUFCbUpMUjBRQS93RC9BUCtndmFl 
VEFBQUFEMGxFUVZRb2tXTmdHQVdqZ0JJQUFBSkNBQUc0V05hOEFBQUFBRWxGVGtTdVFtQ0MiLz4K 
PC9kZWZzPgo8dXNlIHRyYW5zZm9ybT0ic2NhbGUoLjgpIiB3aWR0aD0iMTAwJSIgaGVpZ2h0PSIx 
MDAlIiBtYXNrPSJ1cmwoI2EpIiB4bGluazpocmVmPSIjYyIvPgo8L3N2Zz4K 
"> </p>]]></text></answer>
  </subquestion>
  <subquestion format="html">
    <text><![CDATA[<p><IMG SRC="data:image/svg+xml;base64,PD94bWwgdmVyc2lvbj0iMS4wIiBlbmNvZGluZz0iVVRGLTgiPz4KPHN2ZyB3aWR0aD0iMTYuMTk5 
cHQiIGhlaWdodD0iMTYuMTk5cHQiIHZlcnNpb249IjEuMiIgdmlld0JveD0iMCAwIDE2LjE5OSAx 
Ni4xOTkiIHhtbG5zPSJodHRwOi8vd3d3LnczLm9yZy8yMDAwL3N2ZyIgeG1sbnM6eGxpbms9Imh0 
dHA6Ly93d3cudzMub3JnLzE5OTkveGxpbmsiPgo8ZGVmcz4KPGltYWdlIGlkPSJhIiB3aWR0aD0i 
MTIiIGhlaWdodD0iMTYiIHhsaW5rOmhyZWY9ImRhdGE6aW1hZ2UvanBlZztiYXNlNjQsLzlqLzRB 
QVFTa1pKUmdBQkFRSUFJd0FqQUFELzJ3QkRBQU1DQWdNQ0FnTURBd01FQXdNRUJRZ0ZCUVFFQlFv 
SEJ3WUlEQW9NREFzS0N3c05EaElRRFE0UkRnc0xFQllRRVJNVUZSVVZEQThYR0JZVUdCSVVGUlQv 
d0FBTENBQVFBQXdCQVJFQS84UUFGd0FBQXdFQUFBQUFBQUFBQUFBQUFBQUFCUVlIQ1AvRUFDY1FB 
QUVEQkFFREF3VUFBQUFBQUFBQUFBSUJBd1FGQmdjUkNBQVNJUk1VTWpoUmNYYXgvOW9BQ0FFQkFB 
QS9BTmc4Z3BEbWI1OWV4WFRuM0J0cWwwODU5NlRJeEVDa0JOa1VhbUFZcW1qZFZFY2QwdTBhRkVW 
RTlaRlE3d1crajdFbjYvSC9BSjFPYUx4NXpYaTNIVnhRb09ZcmJudHkxblZPb3k1bGxtVXVjKzcz 
RzRiam52dmxyUXA0MElpSW9taFJPbC9pRFkrY0tqeGl4ckpvR1U3WXBGRmNvckJSSU15empsT3NO 
NjhDVHFUUTcxVDc5cWZqci8vWiIvPgo8L2RlZnM+CjxnIHRyYW5zZm9ybT0idHJhbnNsYXRlKDRl 
LTYgLS4wMDA1NTU1MikiPgo8dXNlIHRyYW5zZm9ybT0ibWF0cml4KC41Nzg1MyAuNTc4NTMgLS41 
Nzg1MyAuNTc4NTMgOS4yNTY0IC4wMDA1NTU1MikiIHdpZHRoPSIxMDAlIiBoZWlnaHQ9IjEwMCUi 
IHhsaW5rOmhyZWY9IiNhIi8+CjwvZz4KPC9zdmc+Cg== 
"></p>]]></text>
    <answer format="html"><text><![CDATA[<p><IMG SRC="data:image/svg+xml;base64,PD94bWwgdmVyc2lvbj0iMS4wIiBlbmNvZGluZz0iVVRGLTgiPz4KPHN2ZyB3aWR0aD0iOXB0IiBo 
ZWlnaHQ9IjEzLjkwOXB0IiB2ZXJzaW9uPSIxLjIiIHZpZXdCb3g9IjAgMCA5IDEzLjkwOSIgeG1s 
bnM9Imh0dHA6Ly93d3cudzMub3JnLzIwMDAvc3ZnIiB4bWxuczp4bGluaz0iaHR0cDovL3d3dy53 
My5vcmcvMTk5OS94bGluayI+CjxkZWZzPgo8aW1hZ2UgaWQ9ImEiIHdpZHRoPSIxMSIgaGVpZ2h0 
PSIxNyIgeGxpbms6aHJlZj0iZGF0YTppbWFnZS9qcGVnO2Jhc2U2NCwvOWovNEFBUVNrWkpSZ0FC 
QVFJQUl3QWpBQUQvMndCREFBTUNBZ01DQWdNREF3TUVBd01FQlFnRkJRUUVCUW9IQndZSURBb01E 
QXNLQ3dzTkRoSVFEUTRSRGdzTEVCWVFFUk1VRlJVVkRBOFhHQllVR0JJVUZSVC93QUFMQ0FBUkFB 
c0JBUkVBLzhRQUZ3QUFBd0VBQUFBQUFBQUFBQUFBQUFBQUJBWUpDUC9FQUNrUUFBRURBd1FCQWdj 
QkFBQUFBQUFBQUFFQ0F3VUVCZ2NBRVJJaEV3Z1VJak00VVhGeXNiTC8yZ0FJQVFFQUFEOEFQeDdF 
K21KaXZ5Wlhaa3RCMnFuVjM1UGVXWnFZS1RlcG0yUGZPQnNycVdXeXlsSTJWdWVYV3gzMjFSWEZz 
WmFNWGp5QXByRTlxcXprVXFURm1OcVBMVEZnOXA4YXVSM1QzMTNwR2Q5WGVDS2kxMzVSekt0bHZS 
SmJJY2JWTDA1V29GSlBBc2xYTXFJQitEanVlK3RZaXc5aExPYzVZemNwanVSZHRLeEpDUWthMkNo 
cWhsVEM2YWlkclgzR1I0K3VJS0ZKVUI5bERTNWZYMXVXL3dEbC93RDJ6cXNUUHlXLzFIODEvOWs9 
Ii8+CjwvZGVmcz4KPGcgdHJhbnNmb3JtPSJ0cmFuc2xhdGUoMCwxZS00KSI+Cjx1c2UgdHJhbnNm 
b3JtPSJtYXRyaXgoLjgxODE4IDAgMCAuODE4MTggMCAtMWUtNCkiIHdpZHRoPSIxMDAlIiBoZWln 
aHQ9IjEwMCUiIHhsaW5rOmhyZWY9IiNhIi8+CjwvZz4KPC9zdmc+Cg== 
"> </p>]]></text></answer>
  </subquestion>
  <subquestion format="html">
    <text><![CDATA[<p><IMG SRC="data:image/svg+xml;base64,PD94bWwgdmVyc2lvbj0iMS4wIiBlbmNvZGluZz0iVVRGLTgiPz4KPHN2ZyB3aWR0aD0iMTcuNnB0 
IiBoZWlnaHQ9IjI3cHQiIHZlcnNpb249IjEuMiIgdmlld0JveD0iMCAwIDE3LjYgMjciIHhtbG5z 
PSJodHRwOi8vd3d3LnczLm9yZy8yMDAwL3N2ZyIgeG1sbnM6eGxpbms9Imh0dHA6Ly93d3cudzMu 
b3JnLzE5OTkveGxpbmsiPgo8ZGVmcz4KPGNsaXBQYXRoIGlkPSJkIj4KPHBhdGggZD0ibTAgMGgx 
Ny42MDJ2MjdoLTE3LjYwMnoiLz4KPC9jbGlwUGF0aD4KPGltYWdlIGlkPSJiIiB3aWR0aD0iMTEi 
IGhlaWdodD0iMTciIHhsaW5rOmhyZWY9ImRhdGE6aW1hZ2UvcG5nO2Jhc2U2NCxpVkJPUncwS0dn 
b0FBQUFOU1VoRVVnQUFBQXNBQUFBUkNBQUFBQUF1aWdrSEFBQUFBbUpMUjBRQS80ZVB6TDhBQUFD 
bVNVUkJWQWlaWTlCdDN2WGd5NC83U3l3WUdCanEvLy8vOCt6ai8vLy95aGtZL0xJMG1CZ1lGRmI5 
LzJmQ0FBV3NkLyszTWtIWnZ5OHpjTUhZSEFZTVp5RXNYcXZ0L3creE1EQXd5UDcvLy8vL213cDJC 
Z1lHQnNtN2QxLzkvMy9lRm1hTXhLVC9QeTFnSEliNS8zZkQyV0gvMzhITVpQak53QVJueHpDY1o5 
Z1dKTUhBd0dTNDh2OS9YNGIvLy85L2YvTHIvLy9mSlF6TWw5NnlzRXA4dnI0eVpSTURBSjhKUW50 
NVE4TDBBQUFBQUVsRlRrU3VRbUNDIi8+CjxtYXNrIGlkPSJhIj4KPHVzZSB3aWR0aD0iMTAwJSIg 
aGVpZ2h0PSIxMDAlIiB4bGluazpocmVmPSIjYiIvPgo8L21hc2s+CjxpbWFnZSBpZD0iYyIgd2lk 
dGg9IjExIiBoZWlnaHQ9IjE3IiB4bGluazpocmVmPSJkYXRhOmltYWdlL3BuZztiYXNlNjQsaVZC 
T1J3MEtHZ29BQUFBTlNVaEVVZ0FBQUFzQUFBQVJDQUlBQUFDRWc4R01BQUFBQm1KTFIwUUEvd0Qv 
QVArZ3ZhZVRBQUFBRDBsRVFWUW9rV05nR0FXamdCSUFBQUpDQUFHNFdOYThBQUFBQUVsRlRrU3VR 
bUNDIi8+CjwvZGVmcz4KPGcgY2xpcC1wYXRoPSJ1cmwoI2QpIj4KPHVzZSB0cmFuc2Zvcm09InNj 
YWxlKDEuNikiIHdpZHRoPSIxMDAlIiBoZWlnaHQ9IjEwMCUiIG1hc2s9InVybCgjYSkiIHhsaW5r 
OmhyZWY9IiNjIi8+CjwvZz4KPC9zdmc+Cg== 
"></p>]]></text>
    <answer format="html"><text><![CDATA[<p><IMG SRC="data:image/svg+xml;base64,PD94bWwgdmVyc2lvbj0iMS4wIiBlbmNvZGluZz0iVVRGLTgiPz4KPHN2ZyB3aWR0aD0iMTYuODg0 
cHQiIGhlaWdodD0iMjYuMDYzcHQiIHZlcnNpb249IjEuMiIgdmlld0JveD0iMCAwIDE2Ljg4NCAy 
Ni4wNjMiIHhtbG5zPSJodHRwOi8vd3d3LnczLm9yZy8yMDAwL3N2ZyIgeG1sbnM6eGxpbms9Imh0 
dHA6Ly93d3cudzMub3JnLzE5OTkveGxpbmsiPgo8ZGVmcz4KPHN5bWJvbCBpZD0iYiIgb3ZlcmZs 
b3c9InZpc2libGUiPgo8cGF0aCBkPSJtLTE4LjY1NiAwaDE2Ljg5MXYyLjUxNTZsLTYuNzY1NiA2 
Ljc5NjljLTIuMDYyNSAyLjA5MzgtMy40MjE5IDMuNTgyLTQuMDc4MSA0LjQ2ODgtMC42NTYyNSAw 
Ljg5NDUzLTEuMTQ0NSAxLjc2NTYtMS40Njg4IDIuNjA5NC0wLjMzMjAzIDAuODQzNzUtMC41IDEu 
NzUtMC41IDIuNzE4OCAwIDEuMzc1IDAuNDE3OTcgMi40NjA5IDEuMjUgMy4yNjU2IDAuODM1OTQg 
MC44MDA3OCAxLjk5MjIgMS4yMDMxIDMuNDY4OCAxLjIwMzEgMS4wNjI1IDAgMi4wNzQyLTAuMTc5 
NjkgMy4wMzEyLTAuNTMxMjUgMC45NjA5NC0wLjM1NTQ3IDIuMDIzNC0wLjk5NjA5IDMuMTg3NS0x 
LjkyMTlsMS41NDY5IDEuOTg0NGMtMi4zNjMzIDEuOTY4OC00Ljk0MTQgMi45NTMxLTcuNzM0NCAy 
Ljk1MzEtMi40MTQxIDAtNC4zMDQ3LTAuNjIxMDktNS42NzE5LTEuODU5NC0xLjM3NS0xLjIzMDUt 
Mi4wNjI1LTIuODg2Ny0yLjA2MjUtNC45Njg4IDAtMS42MzY3IDAuNDYwOTQtMy4yNSAxLjM3NS00 
Ljg0MzggMC45MTc5Ny0xLjU5MzggMi42MjUtMy42MDk0IDUuMTI1LTYuMDQ2OWw1LjYyNS01LjV2 
LTAuMTQwNjJoLTEzLjIxOXoiLz4KPC9zeW1ib2w+CjxjbGlwUGF0aCBpZD0iZSI+CjxwYXRoIGQ9 
Im0wIDBoMTYuODkxdjI2LjA2NmgtMTYuODkxeiIvPgo8L2NsaXBQYXRoPgo8Y2xpcFBhdGggaWQ9 
ImMiPgo8cGF0aCBkPSJtMCAwaDE2Ljg5MXYyNi4wNjZoLTE2Ljg5MXoiLz4KPC9jbGlwUGF0aD4K 
PGNsaXBQYXRoIGlkPSJkIj4KPHJlY3Qgd2lkdGg9IjE3IiBoZWlnaHQ9IjI3Ii8+CjwvY2xpcFBh 
dGg+CjxnIGlkPSJhIiBjbGlwLXBhdGg9InVybCgjZCkiPgo8ZyBjbGlwLXBhdGg9InVybCgjYyki 
Pgo8Zz4KPHVzZSB4PSIxOC42NDk4MTUiIHk9IjhlLTA2IiB3aWR0aD0iMTAwJSIgaGVpZ2h0PSIx 
MDAlIiB4bGluazpocmVmPSIjYiIvPgo8L2c+CjwvZz4KPC9nPgo8L2RlZnM+CjxnIGNsaXAtcGF0 
aD0idXJsKCNlKSI+Cjx1c2Ugd2lkdGg9IjEwMCUiIGhlaWdodD0iMTAwJSIgeGxpbms6aHJlZj0i 
I2EiLz4KPC9nPgo8L3N2Zz4K 
"></p>]]></text></answer>
  </subquestion>
</question>
 
</quiz>
