<?xml version="1.0" encoding="iso-8859-1"?>

<quiz>
 
<question type="category">
  <category>
    <text>$course$/top/Cloze Multi</text>
  </category>
</question>
 
<question type="cloze">
  <name format="html">
    <text><![CDATA[Cloze]]></text>
  </name>
  <questiontext format="html">
    <text><![CDATA[<p>Regular, single, no shuffle {1:MULTICHOICE:=chip#yes~%10%<I>chop</I>~%-30%<B>chap</B>#no.}<BR/>Vertical, single, no shuffle {1:MULTICHOICE_V:=chip#yes~%11%chop~%-31%chap#no.}<BR/>Horizontal, single, no shuffle {1:MULTICHOICE_H:=chip#yes~%10%chop~chap#no.}<BR/>Regular, single, shuffle {1:MULTICHOICE_S:=chip~chop#yes~chap#no.}<BR/>Vertical, single, shuffle {1:MULTICHOICE_VS:=chip#yes~%10%chop~chap#no.}<BR/>Horizontal, single, shuffle {1:MULTICHOICE_HS:=chip#yes~chop~chap#no.}<BR/>Regular, multiple, no shuffle {1:MULTIRESPONSE:=chip~=chop#yes~%-103%chap#no.}<BR/><BR/>Horizontal, multiple, no shuffle {1:MULTIRESPONSE_H:=chip#yes~=chop~chap#no.}<BR/>Regular, multiple, shuffle {1:MULTIRESPONSE_S:=chip~=chop#yes~chap#no.}Horizontal, multiple, shuffle {1:MULTIRESPONSE_HS:=chip#yes~=chop~chap#no.}<BR/></p>]]></text>
  </questiontext>
  <generalfeedback format="html"><text/></generalfeedback>
  <penalty>0.10</penalty>
  <hidden>0</hidden>
</question>
 
</quiz>
