<?xml version="1.0" encoding="iso-8859-1"?>

<quiz>
 
<question type="category">
  <category>
    <text>$course$/top/Includegraphics with TikZ</text>
  </category>
</question>
 
<question type="multichoice">
  <name format="html">
    <text><![CDATA[Picture]]></text>
  </name>
  <questiontext format="html">
    <text><![CDATA[<p><IMG SRC="data:image/svg+xml;base64,PD94bWwgdmVyc2lvbj0iMS4wIiBlbmNvZGluZz0iVVRGLTgiIHN0YW5kYWxvbmU9Im5vIj8+Cjwh 
LS0gQ3JlYXRlZCB3aXRoIElua3NjYXBlIChodHRwOi8vd3d3Lmlua3NjYXBlLm9yZy8pIC0tPgoK 
PHN2ZwogICB2ZXJzaW9uPSIxLjEiCiAgIGlkPSJzdmcyIgogICB4bWw6c3BhY2U9InByZXNlcnZl 
IgogICB3aWR0aD0iNDIuNSIKICAgaGVpZ2h0PSIyNi41NTk5OTkiCiAgIHZpZXdCb3g9IjAgMCA0 
Mi41IDI2LjU1OTk5OSIKICAgc29kaXBvZGk6ZG9jbmFtZT0idGVzdF9pbmNsdWRlZ3JhcGhpY3Nf 
dmlhX3Rpa3pfYW5kX3N2Zy10aWt6dGVtcC0xLnBkZiIKICAgeG1sbnM6aW5rc2NhcGU9Imh0dHA6 
Ly93d3cuaW5rc2NhcGUub3JnL25hbWVzcGFjZXMvaW5rc2NhcGUiCiAgIHhtbG5zOnNvZGlwb2Rp 
PSJodHRwOi8vc29kaXBvZGkuc291cmNlZm9yZ2UubmV0L0RURC9zb2RpcG9kaS0wLmR0ZCIKICAg 
eG1sbnM6eGxpbms9Imh0dHA6Ly93d3cudzMub3JnLzE5OTkveGxpbmsiCiAgIHhtbG5zPSJodHRw 
Oi8vd3d3LnczLm9yZy8yMDAwL3N2ZyIKICAgeG1sbnM6c3ZnPSJodHRwOi8vd3d3LnczLm9yZy8y 
MDAwL3N2ZyI+PGRlZnMKICAgICBpZD0iZGVmczYiPjxtYXNrCiAgICAgICBtYXNrVW5pdHM9InVz 
ZXJTcGFjZU9uVXNlIgogICAgICAgeD0iMCIKICAgICAgIHk9IjAiCiAgICAgICB3aWR0aD0iMSIK 
ICAgICAgIGhlaWdodD0iMSIKICAgICAgIGlkPSJtYXNrMzAiPjxpbWFnZQogICAgICAgICB3aWR0 
aD0iMSIKICAgICAgICAgaGVpZ2h0PSIxIgogICAgICAgICBzdHlsZT0iaW1hZ2UtcmVuZGVyaW5n 
Om9wdGltaXplU3BlZWQiCiAgICAgICAgIHByZXNlcnZlQXNwZWN0UmF0aW89Im5vbmUiCiAgICAg 
ICAgIHhsaW5rOmhyZWY9ImRhdGE6aW1hZ2UvcG5nO2Jhc2U2NCxpVkJPUncwS0dnb0FBQUFOU1Vo 
RVVnQUFBQW9BQUFBUUNBQUFBQUFLRkxHY0FBQUFBWE5DU1ZRSTVncGJtUUFBQUVCSlJFRlVDSmxq 
Q0c3Wit1ei9meThHQmdhRy8vLy8vNGN3V1paZE9ILytFUmNEREh6OTc4WEF3TUFFNTlPRHlkanB6 
TUJneUhUbkl3TUR3K3IvTUFBQUdhd2R4Rjl4QWJZQUFBQUFTVVZPUks1Q1lJST0iCiAgICAgICAg 
IGlkPSJpbWFnZTMyIiAvPjwvbWFzaz48L2RlZnM+PHNvZGlwb2RpOm5hbWVkdmlldwogICAgIGlk 
PSJuYW1lZHZpZXc0IgogICAgIHBhZ2Vjb2xvcj0iI2ZmZmZmZiIKICAgICBib3JkZXJjb2xvcj0i 
IzY2NjY2NiIKICAgICBib3JkZXJvcGFjaXR5PSIxLjAiCiAgICAgaW5rc2NhcGU6cGFnZXNoYWRv 
dz0iMiIKICAgICBpbmtzY2FwZTpwYWdlb3BhY2l0eT0iMC4wIgogICAgIGlua3NjYXBlOnBhZ2Vj 
aGVja2VyYm9hcmQ9IjAiIC8+PGcKICAgICBpZD0iZzgiCiAgICAgaW5rc2NhcGU6Z3JvdXBtb2Rl 
PSJsYXllciIKICAgICBpbmtzY2FwZTpsYWJlbD0idGVzdF9pbmNsdWRlZ3JhcGhpY3NfdmlhX3Rp 
a3pfYW5kX3N2Zy10aWt6dGVtcC0xIgogICAgIHRyYW5zZm9ybT0ibWF0cml4KDEuMzMzMzMzMyww 
LDAsLTEuMzMzMzMzMywwLDI2LjU2KSI+PGcKICAgICAgIGlkPSJnMTAiCiAgICAgICB0cmFuc2Zv 
cm09InRyYW5zbGF0ZSgxNS45MzgsOS45NikiPjxnCiAgICAgICAgIGlkPSJnMTIiPjxnCiAgICAg 
ICAgICAgaWQ9ImcxNCI+PGcKICAgICAgICAgICAgIGlkPSJnMTYiPjxnCiAgICAgICAgICAgICAg 
IGlkPSJnMTgiCiAgICAgICAgICAgICAgIHRyYW5zZm9ybT0idHJhbnNsYXRlKC0xNS45MzgsLTku 
OTYpIj48ZwogICAgICAgICAgICAgICAgIGlkPSJnMjAiPjxnCiAgICAgICAgICAgICAgICAgICBp 
ZD0iZzIyIgogICAgICAgICAgICAgICAgICAgdHJhbnNmb3JtPSJ0cmFuc2xhdGUoMzEuODc1KSI+ 
PGcKICAgICAgICAgICAgICAgICAgICAgaWQ9ImcyNCIKICAgICAgICAgICAgICAgICAgICAgdHJh 
bnNmb3JtPSJyb3RhdGUoOTApIj48ZwogICAgICAgICAgICAgICAgICAgICAgIGlkPSJnMjYiCiAg 
ICAgICAgICAgICAgICAgICAgICAgdHJhbnNmb3JtPSJzY2FsZSgyLjQ5MDI2KSI+PGcKICAgICAg 
ICAgICAgICAgICAgICAgICAgIGlkPSJnMjgiCiAgICAgICAgICAgICAgICAgICAgICAgICB0cmFu 
c2Zvcm09InNjYWxlKDgsMTIuOCkiPjxpbWFnZQogICAgICAgICAgICAgICAgICAgICAgICAgICB3 
aWR0aD0iMSIKICAgICAgICAgICAgICAgICAgICAgICAgICAgaGVpZ2h0PSIxIgogICAgICAgICAg 
ICAgICAgICAgICAgICAgICBzdHlsZT0iaW1hZ2UtcmVuZGVyaW5nOm9wdGltaXplU3BlZWQiCiAg 
ICAgICAgICAgICAgICAgICAgICAgICAgIHByZXNlcnZlQXNwZWN0UmF0aW89Im5vbmUiCiAgICAg 
ICAgICAgICAgICAgICAgICAgICAgIHRyYW5zZm9ybT0ibWF0cml4KDEsMCwwLC0xLDAsMSkiCiAg 
ICAgICAgICAgICAgICAgICAgICAgICAgIHhsaW5rOmhyZWY9ImRhdGE6aW1hZ2UvcG5nO2Jhc2U2 
NCxpVkJPUncwS0dnb0FBQUFOU1VoRVVnQUFBQW9BQUFBUUNBWUFBQUF2Zis1QUFBQUFCSE5DU1ZR 
SUNBZ0lmQWhraUFBQUFCcEpSRUZVS0pGalpHQmcrTTlBQkdBaVJ0R293bEdGbENrRUFMVWlBUjlD 
UWtYMkFBQUFBRWxGVGtTdVFtQ0MiCiAgICAgICAgICAgICAgICAgICAgICAgICAgIG1hc2s9InVy 
bCgjbWFzazMwKSIKICAgICAgICAgICAgICAgICAgICAgICAgICAgaWQ9ImltYWdlMzQiIC8+PC9n 
PjwvZz48L2c+PGcKICAgICAgICAgICAgICAgICAgICAgaWQ9ImczNiIKICAgICAgICAgICAgICAg 
ICAgICAgdHJhbnNmb3JtPSJ0cmFuc2xhdGUoLTMxLjg3NSkiIC8+PC9nPjwvZz48ZwogICAgICAg 
ICAgICAgICAgIGlkPSJnMzgiCiAgICAgICAgICAgICAgICAgdHJhbnNmb3JtPSJ0cmFuc2xhdGUo 
MTUuOTM4LDkuOTYpIiAvPjwvZz48L2c+PC9nPjwvZz48L2c+PC9nPjwvc3ZnPgo= 
"> </p>]]></text>
  </questiontext>
  <defaultgrade>1.0</defaultgrade>
  <generalfeedback format="html"><text/></generalfeedback>
  <penalty>0.10</penalty>
  <hidden>0</hidden>
  <single>true</single>
  <shuffleanswers>1</shuffleanswers>
  <answernumbering>abc</answernumbering>
  <answer fraction="100" format="html">
    <text><![CDATA[<p><IMG SRC="data:image/svg+xml;base64,PD94bWwgdmVyc2lvbj0iMS4wIiBlbmNvZGluZz0iVVRGLTgiIHN0YW5kYWxvbmU9Im5vIj8+Cjwh 
LS0gQ3JlYXRlZCB3aXRoIElua3NjYXBlIChodHRwOi8vd3d3Lmlua3NjYXBlLm9yZy8pIC0tPgoK 
PHN2ZwogICB2ZXJzaW9uPSIxLjEiCiAgIGlkPSJzdmcyIgogICB4bWw6c3BhY2U9InByZXNlcnZl 
IgogICB3aWR0aD0iNS42MzA2NjY3IgogICBoZWlnaHQ9IjguNjg5MzMzIgogICB2aWV3Qm94PSIw 
IDAgNS42MzA2NjY3IDguNjg5MzMzIgogICBzb2RpcG9kaTpkb2NuYW1lPSJ0ZXN0X2luY2x1ZGVn 
cmFwaGljc192aWFfdGlrel9hbmRfc3ZnLXRpa3p0ZW1wLTIucGRmIgogICB4bWxuczppbmtzY2Fw 
ZT0iaHR0cDovL3d3dy5pbmtzY2FwZS5vcmcvbmFtZXNwYWNlcy9pbmtzY2FwZSIKICAgeG1sbnM6 
c29kaXBvZGk9Imh0dHA6Ly9zb2RpcG9kaS5zb3VyY2Vmb3JnZS5uZXQvRFREL3NvZGlwb2RpLTAu 
ZHRkIgogICB4bWxucz0iaHR0cDovL3d3dy53My5vcmcvMjAwMC9zdmciCiAgIHhtbG5zOnN2Zz0i 
aHR0cDovL3d3dy53My5vcmcvMjAwMC9zdmciPjxkZWZzCiAgICAgaWQ9ImRlZnM2Ij48Y2xpcFBh 
dGgKICAgICAgIGNsaXBQYXRoVW5pdHM9InVzZXJTcGFjZU9uVXNlIgogICAgICAgaWQ9ImNsaXBQ 
YXRoMzAiPjxwYXRoCiAgICAgICAgIGQ9Ik0gMCwwIEggOC40NDYyODkgViAxMy4wMzQxOCBIIDAg 
WiIKICAgICAgICAgaWQ9InBhdGgyOCIgLz48L2NsaXBQYXRoPjwvZGVmcz48c29kaXBvZGk6bmFt 
ZWR2aWV3CiAgICAgaWQ9Im5hbWVkdmlldzQiCiAgICAgcGFnZWNvbG9yPSIjZmZmZmZmIgogICAg 
IGJvcmRlcmNvbG9yPSIjNjY2NjY2IgogICAgIGJvcmRlcm9wYWNpdHk9IjEuMCIKICAgICBpbmtz 
Y2FwZTpwYWdlc2hhZG93PSIyIgogICAgIGlua3NjYXBlOnBhZ2VvcGFjaXR5PSIwLjAiCiAgICAg 
aW5rc2NhcGU6cGFnZWNoZWNrZXJib2FyZD0iMCIgLz48ZwogICAgIGlkPSJnOCIKICAgICBpbmtz 
Y2FwZTpncm91cG1vZGU9ImxheWVyIgogICAgIGlua3NjYXBlOmxhYmVsPSJ0ZXN0X2luY2x1ZGVn 
cmFwaGljc192aWFfdGlrel9hbmRfc3ZnLXRpa3p0ZW1wLTIiCiAgICAgdHJhbnNmb3JtPSJtYXRy 
aXgoMS4zMzMzMzMzLDAsMCwtMS4zMzMzMzMzLDAsOC42ODkzMzMzKSI+PGcKICAgICAgIGlkPSJn 
MTAiCiAgICAgICB0cmFuc2Zvcm09InRyYW5zbGF0ZSgyLjExMiwzLjI1OSkiPjxnCiAgICAgICAg 
IGlkPSJnMTIiPjxnCiAgICAgICAgICAgaWQ9ImcxNCI+PGcKICAgICAgICAgICAgIGlkPSJnMTYi 
PjxnCiAgICAgICAgICAgICAgIGlkPSJnMTgiCiAgICAgICAgICAgICAgIHRyYW5zZm9ybT0idHJh 
bnNsYXRlKC0yLjExMiwtMy4yNTkpIj48ZwogICAgICAgICAgICAgICAgIGlkPSJnMjAiPjxnCiAg 
ICAgICAgICAgICAgICAgICBpZD0iZzIyIgogICAgICAgICAgICAgICAgICAgdHJhbnNmb3JtPSJz 
Y2FsZSgwLjUpIj48ZwogICAgICAgICAgICAgICAgICAgICBpZD0iZzI0Ij48ZwogICAgICAgICAg 
ICAgICAgICAgICAgIGlkPSJnMjYiIC8+PGcKICAgICAgICAgICAgICAgICAgICAgICBpZD0iZzQy 
Ij48ZwogICAgICAgICAgICAgICAgICAgICAgICAgY2xpcC1wYXRoPSJ1cmwoI2NsaXBQYXRoMzAp 
IgogICAgICAgICAgICAgICAgICAgICAgICAgaWQ9Imc0MCI+PGcKICAgICAgICAgICAgICAgICAg 
ICAgICAgICAgdHJhbnNmb3JtPSJtYXRyaXgoMSwwLDAsLTEsMCwxMy4wMzQxOCkiCiAgICAgICAg 
ICAgICAgICAgICAgICAgICAgIGlkPSJnMzgiPjxnCiAgICAgICAgICAgICAgICAgICAgICAgICAg 
ICAgaWQ9ImczNiI+PHRleHQKICAgICAgICAgICAgICAgICAgICAgICAgICAgICAgIHRyYW5zZm9y 
bT0idHJhbnNsYXRlKC0wLjg3ODkwNywxMy4wMzQxNzYpIgogICAgICAgICAgICAgICAgICAgICAg 
ICAgICAgICAgc3R5bGU9ImZvbnQtdmFyaWFudDpub3JtYWw7Zm9udC13ZWlnaHQ6bm9ybWFsO2Zv 
bnQtc2l6ZToxOHB4O2ZvbnQtZmFtaWx5OidPcGVuIFNhbnMnOy1pbmtzY2FwZS1mb250LXNwZWNp 
ZmljYXRpb246T3BlblNhbnM7d3JpdGluZy1tb2RlOmxyLXRiO2ZpbGw6IzAwMDAwMDtmaWxsLW9w 
YWNpdHk6MTtmaWxsLXJ1bGU6bm9uemVybztzdHJva2U6bm9uZSIKICAgICAgICAgICAgICAgICAg 
ICAgICAgICAgICAgIGlkPSJ0ZXh0MzQiPjx0c3BhbgogICAgICAgICAgICAgICAgICAgICAgICAg 
ICAgICAgICB4PSIwIgogICAgICAgICAgICAgICAgICAgICAgICAgICAgICAgICB5PSIwIgogICAg 
ICAgICAgICAgICAgICAgICAgICAgICAgICAgICBpZD0idHNwYW4zMiI+MjwvdHNwYW4+PC90ZXh0 
PjwvZz48L2c+PC9nPjwvZz48L2c+PC9nPjwvZz48ZwogICAgICAgICAgICAgICAgIGlkPSJnNDQi 
CiAgICAgICAgICAgICAgICAgdHJhbnNmb3JtPSJ0cmFuc2xhdGUoMi4xMTIsMy4yNTkpIiAvPjwv 
Zz48L2c+PC9nPjwvZz48L2c+PC9nPjwvc3ZnPgo= 
"></p>]]></text>
  </answer>
  <answer fraction="0" format="html">
    <text><![CDATA[<p><IMG SRC="data:image/svg+xml;base64,PD94bWwgdmVyc2lvbj0iMS4wIiBlbmNvZGluZz0iVVRGLTgiIHN0YW5kYWxvbmU9Im5vIj8+Cjwh 
LS0gQ3JlYXRlZCB3aXRoIElua3NjYXBlIChodHRwOi8vd3d3Lmlua3NjYXBlLm9yZy8pIC0tPgoK 
PHN2ZwogICB2ZXJzaW9uPSIxLjEiCiAgIGlkPSJzdmcyIgogICB4bWw6c3BhY2U9InByZXNlcnZl 
IgogICB3aWR0aD0iMTQuNjY2NjY3IgogICBoZWlnaHQ9IjIyLjY2NjY2OCIKICAgdmlld0JveD0i 
MCAwIDE0LjY2NjY2NyAyMi42NjY2NjgiCiAgIHNvZGlwb2RpOmRvY25hbWU9InRlc3RfaW5jbHVk 
ZWdyYXBoaWNzX3ZpYV90aWt6X2FuZF9zdmctdGlrenRlbXAtMy5wZGYiCiAgIHhtbG5zOmlua3Nj 
YXBlPSJodHRwOi8vd3d3Lmlua3NjYXBlLm9yZy9uYW1lc3BhY2VzL2lua3NjYXBlIgogICB4bWxu 
czpzb2RpcG9kaT0iaHR0cDovL3NvZGlwb2RpLnNvdXJjZWZvcmdlLm5ldC9EVEQvc29kaXBvZGkt 
MC5kdGQiCiAgIHhtbG5zOnhsaW5rPSJodHRwOi8vd3d3LnczLm9yZy8xOTk5L3hsaW5rIgogICB4 
bWxucz0iaHR0cDovL3d3dy53My5vcmcvMjAwMC9zdmciCiAgIHhtbG5zOnN2Zz0iaHR0cDovL3d3 
dy53My5vcmcvMjAwMC9zdmciPjxkZWZzCiAgICAgaWQ9ImRlZnM2Ij48bWFzawogICAgICAgbWFz 
a1VuaXRzPSJ1c2VyU3BhY2VPblVzZSIKICAgICAgIHg9IjAiCiAgICAgICB5PSIwIgogICAgICAg 
d2lkdGg9IjEiCiAgICAgICBoZWlnaHQ9IjEiCiAgICAgICBpZD0ibWFzazI0Ij48aW1hZ2UKICAg 
ICAgICAgd2lkdGg9IjEiCiAgICAgICAgIGhlaWdodD0iMSIKICAgICAgICAgc3R5bGU9ImltYWdl 
LXJlbmRlcmluZzpvcHRpbWl6ZVNwZWVkIgogICAgICAgICBwcmVzZXJ2ZUFzcGVjdFJhdGlvPSJu 
b25lIgogICAgICAgICB4bGluazpocmVmPSJkYXRhOmltYWdlL3BuZztiYXNlNjQsaVZCT1J3MEtH 
Z29BQUFBTlNVaEVVZ0FBQUFzQUFBQVJDQUFBQUFBdWlna0hBQUFBQVhOQ1NWUUk1Z3BibVFBQUFE 
aEpSRUZVQ0psMWpqRUtBQ0FRd3hMeC8xK3VnNTZJY0oweXBLV0dIY0ZOQVlzSitEQ0RHejgvWitZ 
Nm9kOHM1L1ZwdTJEOVJHYlRYWkRlREJxMUpCaXhBQUFBQUVsRlRrU3VRbUNDIgogICAgICAgICBp 
ZD0iaW1hZ2UyNiIgLz48L21hc2s+PC9kZWZzPjxzb2RpcG9kaTpuYW1lZHZpZXcKICAgICBpZD0i 
bmFtZWR2aWV3NCIKICAgICBwYWdlY29sb3I9IiNmZmZmZmYiCiAgICAgYm9yZGVyY29sb3I9IiM2 
NjY2NjYiCiAgICAgYm9yZGVyb3BhY2l0eT0iMS4wIgogICAgIGlua3NjYXBlOnBhZ2VzaGFkb3c9 
IjIiCiAgICAgaW5rc2NhcGU6cGFnZW9wYWNpdHk9IjAuMCIKICAgICBpbmtzY2FwZTpwYWdlY2hl 
Y2tlcmJvYXJkPSIwIiAvPjxnCiAgICAgaWQ9Imc4IgogICAgIGlua3NjYXBlOmdyb3VwbW9kZT0i 
bGF5ZXIiCiAgICAgaW5rc2NhcGU6bGFiZWw9InRlc3RfaW5jbHVkZWdyYXBoaWNzX3ZpYV90aWt6 
X2FuZF9zdmctdGlrenRlbXAtMyIKICAgICB0cmFuc2Zvcm09Im1hdHJpeCgxLjMzMzMzMzMsMCww 
LC0xLjMzMzMzMzMsMCwyMi42NjY2NjcpIj48ZwogICAgICAgaWQ9ImcxMCIKICAgICAgIHRyYW5z 
Zm9ybT0idHJhbnNsYXRlKDUuNSw4LjUpIj48ZwogICAgICAgICBpZD0iZzEyIj48ZwogICAgICAg 
ICAgIGlkPSJnMTQiPjxnCiAgICAgICAgICAgICBpZD0iZzE2Ij48ZwogICAgICAgICAgICAgICBp 
ZD0iZzE4IgogICAgICAgICAgICAgICB0cmFuc2Zvcm09InRyYW5zbGF0ZSgtNS41LC04LjUpIj48 
ZwogICAgICAgICAgICAgICAgIGlkPSJnMjAiPjxnCiAgICAgICAgICAgICAgICAgICBpZD0iZzIy 
IgogICAgICAgICAgICAgICAgICAgdHJhbnNmb3JtPSJzY2FsZSgxMSwxNykiPjxpbWFnZQogICAg 
ICAgICAgICAgICAgICAgICB3aWR0aD0iMSIKICAgICAgICAgICAgICAgICAgICAgaGVpZ2h0PSIx 
IgogICAgICAgICAgICAgICAgICAgICBzdHlsZT0iaW1hZ2UtcmVuZGVyaW5nOm9wdGltaXplU3Bl 
ZWQiCiAgICAgICAgICAgICAgICAgICAgIHByZXNlcnZlQXNwZWN0UmF0aW89Im5vbmUiCiAgICAg 
ICAgICAgICAgICAgICAgIHRyYW5zZm9ybT0ibWF0cml4KDEsMCwwLC0xLDAsMSkiCiAgICAgICAg 
ICAgICAgICAgICAgIHhsaW5rOmhyZWY9ImRhdGE6aW1hZ2UvcG5nO2Jhc2U2NCxpVkJPUncwS0dn 
b0FBQUFOU1VoRVVnQUFBQXNBQUFBUkNBWUFBQUFMNFZiYkFBQUFCSE5DU1ZRSUNBZ0lmQWhraUFB 
QUFGaEpSRUZVS0pIRmtzRU93Q0FJUTl0bC8vL0w5VEl6Z3hYeDVMc1JDbFNFQUlRRTZVOVRZelJB 
Y2lwNFNoMi93cVhZVFNxTEphM0Z6dlBya2xIVVNXM0VCcGRXZCtRNWN2VEEwcDU3VEd5dURqQ2Zr 
b20yTmh3Tlg3RXJHVzVpUVlVQUFBQUFTVVZPUks1Q1lJST0iCiAgICAgICAgICAgICAgICAgICAg 
IG1hc2s9InVybCgjbWFzazI0KSIKICAgICAgICAgICAgICAgICAgICAgaWQ9ImltYWdlMjgiIC8+ 
PC9nPjwvZz48ZwogICAgICAgICAgICAgICAgIGlkPSJnMzAiCiAgICAgICAgICAgICAgICAgdHJh 
bnNmb3JtPSJ0cmFuc2xhdGUoNS41LDguNSkiIC8+PC9nPjwvZz48L2c+PC9nPjwvZz48L2c+PC9z 
dmc+Cg== 
"></p>]]></text>
  </answer>
</question>
<question type="ddmatch">
  <name format="html">
    <text><![CDATA[Picture]]></text>
  </name>
  <questiontext format="html">
    <text><![CDATA[<p><IMG SRC="data:image/svg+xml;base64,PD94bWwgdmVyc2lvbj0iMS4wIiBlbmNvZGluZz0iVVRGLTgiIHN0YW5kYWxvbmU9Im5vIj8+Cjwh 
LS0gQ3JlYXRlZCB3aXRoIElua3NjYXBlIChodHRwOi8vd3d3Lmlua3NjYXBlLm9yZy8pIC0tPgoK 
PHN2ZwogICB2ZXJzaW9uPSIxLjEiCiAgIGlkPSJzdmcyIgogICB4bWw6c3BhY2U9InByZXNlcnZl 
IgogICB3aWR0aD0iMTAuNjY2NjY3IgogICBoZWlnaHQ9IjE3LjA2NjY2OCIKICAgdmlld0JveD0i 
MCAwIDEwLjY2NjY2NyAxNy4wNjY2NjgiCiAgIHNvZGlwb2RpOmRvY25hbWU9InRlc3RfaW5jbHVk 
ZWdyYXBoaWNzX3ZpYV90aWt6X2FuZF9zdmctdGlrenRlbXAtNC5wZGYiCiAgIHhtbG5zOmlua3Nj 
YXBlPSJodHRwOi8vd3d3Lmlua3NjYXBlLm9yZy9uYW1lc3BhY2VzL2lua3NjYXBlIgogICB4bWxu 
czpzb2RpcG9kaT0iaHR0cDovL3NvZGlwb2RpLnNvdXJjZWZvcmdlLm5ldC9EVEQvc29kaXBvZGkt 
MC5kdGQiCiAgIHhtbG5zOnhsaW5rPSJodHRwOi8vd3d3LnczLm9yZy8xOTk5L3hsaW5rIgogICB4 
bWxucz0iaHR0cDovL3d3dy53My5vcmcvMjAwMC9zdmciCiAgIHhtbG5zOnN2Zz0iaHR0cDovL3d3 
dy53My5vcmcvMjAwMC9zdmciPjxkZWZzCiAgICAgaWQ9ImRlZnM2Ij48bWFzawogICAgICAgbWFz 
a1VuaXRzPSJ1c2VyU3BhY2VPblVzZSIKICAgICAgIHg9IjAiCiAgICAgICB5PSIwIgogICAgICAg 
d2lkdGg9IjEiCiAgICAgICBoZWlnaHQ9IjEiCiAgICAgICBpZD0ibWFzazI0Ij48aW1hZ2UKICAg 
ICAgICAgd2lkdGg9IjEiCiAgICAgICAgIGhlaWdodD0iMSIKICAgICAgICAgc3R5bGU9ImltYWdl 
LXJlbmRlcmluZzpvcHRpbWl6ZVNwZWVkIgogICAgICAgICBwcmVzZXJ2ZUFzcGVjdFJhdGlvPSJu 
b25lIgogICAgICAgICB4bGluazpocmVmPSJkYXRhOmltYWdlL3BuZztiYXNlNjQsaVZCT1J3MEtH 
Z29BQUFBTlNVaEVVZ0FBQUFvQUFBQVFDQUFBQUFBS0ZMR2NBQUFBQVhOQ1NWUUk1Z3BibVFBQUFF 
QkpSRUZVQ0psakNHN1ordXovZnk4R0JnYUcvLy8vLzRjd1daWmRPSC8rRVJjRERIejk3OFhBd01B 
RTU5T0R5ZGpwek1CZ3lIVG5Jd01EdytyL01BQUFHYXdkeEY5eEFiWUFBQUFBU1VWT1JLNUNZSUk9 
IgogICAgICAgICBpZD0iaW1hZ2UyNiIgLz48L21hc2s+PC9kZWZzPjxzb2RpcG9kaTpuYW1lZHZp 
ZXcKICAgICBpZD0ibmFtZWR2aWV3NCIKICAgICBwYWdlY29sb3I9IiNmZmZmZmYiCiAgICAgYm9y 
ZGVyY29sb3I9IiM2NjY2NjYiCiAgICAgYm9yZGVyb3BhY2l0eT0iMS4wIgogICAgIGlua3NjYXBl 
OnBhZ2VzaGFkb3c9IjIiCiAgICAgaW5rc2NhcGU6cGFnZW9wYWNpdHk9IjAuMCIKICAgICBpbmtz 
Y2FwZTpwYWdlY2hlY2tlcmJvYXJkPSIwIiAvPjxnCiAgICAgaWQ9Imc4IgogICAgIGlua3NjYXBl 
Omdyb3VwbW9kZT0ibGF5ZXIiCiAgICAgaW5rc2NhcGU6bGFiZWw9InRlc3RfaW5jbHVkZWdyYXBo 
aWNzX3ZpYV90aWt6X2FuZF9zdmctdGlrenRlbXAtNCIKICAgICB0cmFuc2Zvcm09Im1hdHJpeCgx 
LjMzMzMzMzMsMCwwLC0xLjMzMzMzMzMsMCwxNy4wNjY2NjcpIj48ZwogICAgICAgaWQ9ImcxMCIK 
ICAgICAgIHRyYW5zZm9ybT0idHJhbnNsYXRlKDQsNi40KSI+PGcKICAgICAgICAgaWQ9ImcxMiI+ 
PGcKICAgICAgICAgICBpZD0iZzE0Ij48ZwogICAgICAgICAgICAgaWQ9ImcxNiI+PGcKICAgICAg 
ICAgICAgICAgaWQ9ImcxOCIKICAgICAgICAgICAgICAgdHJhbnNmb3JtPSJ0cmFuc2xhdGUoLTQs 
LTYuNCkiPjxnCiAgICAgICAgICAgICAgICAgaWQ9ImcyMCI+PGcKICAgICAgICAgICAgICAgICAg 
IGlkPSJnMjIiCiAgICAgICAgICAgICAgICAgICB0cmFuc2Zvcm09InNjYWxlKDgsMTIuOCkiPjxp 
bWFnZQogICAgICAgICAgICAgICAgICAgICB3aWR0aD0iMSIKICAgICAgICAgICAgICAgICAgICAg 
aGVpZ2h0PSIxIgogICAgICAgICAgICAgICAgICAgICBzdHlsZT0iaW1hZ2UtcmVuZGVyaW5nOm9w 
dGltaXplU3BlZWQiCiAgICAgICAgICAgICAgICAgICAgIHByZXNlcnZlQXNwZWN0UmF0aW89Im5v 
bmUiCiAgICAgICAgICAgICAgICAgICAgIHRyYW5zZm9ybT0ibWF0cml4KDEsMCwwLC0xLDAsMSki 
CiAgICAgICAgICAgICAgICAgICAgIHhsaW5rOmhyZWY9ImRhdGE6aW1hZ2UvcG5nO2Jhc2U2NCxp 
VkJPUncwS0dnb0FBQUFOU1VoRVVnQUFBQW9BQUFBUUNBWUFBQUF2Zis1QUFBQUFCSE5DU1ZRSUNB 
Z0lmQWhraUFBQUFCcEpSRUZVS0pGalpHQmcrTTlBQkdBaVJ0R293bEdGbENrRUFMVWlBUjlDUWtY 
MkFBQUFBRWxGVGtTdVFtQ0MiCiAgICAgICAgICAgICAgICAgICAgIG1hc2s9InVybCgjbWFzazI0 
KSIKICAgICAgICAgICAgICAgICAgICAgaWQ9ImltYWdlMjgiIC8+PC9nPjwvZz48ZwogICAgICAg 
ICAgICAgICAgIGlkPSJnMzAiCiAgICAgICAgICAgICAgICAgdHJhbnNmb3JtPSJ0cmFuc2xhdGUo 
NCw2LjQpIiAvPjwvZz48L2c+PC9nPjwvZz48L2c+PC9nPjwvc3ZnPgo= 
"> </p>]]></text>
  </questiontext>
  <defaultgrade>1.0</defaultgrade>
  <generalfeedback format="html"><text/></generalfeedback>
  <penalty>0.10</penalty>
  <hidden>0</hidden>
  <shuffleanswers>1</shuffleanswers>
  <subquestion format="html">
    <text><![CDATA[<p><IMG SRC="data:image/svg+xml;base64,PD94bWwgdmVyc2lvbj0iMS4wIiBlbmNvZGluZz0iVVRGLTgiIHN0YW5kYWxvbmU9Im5vIj8+Cjwh 
LS0gQ3JlYXRlZCB3aXRoIElua3NjYXBlIChodHRwOi8vd3d3Lmlua3NjYXBlLm9yZy8pIC0tPgoK 
PHN2ZwogICB2ZXJzaW9uPSIxLjEiCiAgIGlkPSJzdmcyIgogICB4bWw6c3BhY2U9InByZXNlcnZl 
IgogICB3aWR0aD0iMjAuMjUyMDAxIgogICBoZWlnaHQ9IjIwLjI1MjAwMSIKICAgdmlld0JveD0i 
MCAwIDIwLjI1MjAwMSAyMC4yNTIwMDEiCiAgIHNvZGlwb2RpOmRvY25hbWU9InRlc3RfaW5jbHVk 
ZWdyYXBoaWNzX3ZpYV90aWt6X2FuZF9zdmctdGlrenRlbXAtNS5wZGYiCiAgIHhtbG5zOmlua3Nj 
YXBlPSJodHRwOi8vd3d3Lmlua3NjYXBlLm9yZy9uYW1lc3BhY2VzL2lua3NjYXBlIgogICB4bWxu 
czpzb2RpcG9kaT0iaHR0cDovL3NvZGlwb2RpLnNvdXJjZWZvcmdlLm5ldC9EVEQvc29kaXBvZGkt 
MC5kdGQiCiAgIHhtbG5zPSJodHRwOi8vd3d3LnczLm9yZy8yMDAwL3N2ZyIKICAgeG1sbnM6c3Zn 
PSJodHRwOi8vd3d3LnczLm9yZy8yMDAwL3N2ZyI+PGRlZnMKICAgICBpZD0iZGVmczYiPjxjbGlw 
UGF0aAogICAgICAgY2xpcFBhdGhVbml0cz0idXNlclNwYWNlT25Vc2UiCiAgICAgICBpZD0iY2xp 
cFBhdGgzMiI+PHBhdGgKICAgICAgICAgZD0iTSAwLDAgSCA4LjQ0NjI4OSBWIDEzLjAzNDE4IEgg 
MCBaIgogICAgICAgICBpZD0icGF0aDMwIiAvPjwvY2xpcFBhdGg+PC9kZWZzPjxzb2RpcG9kaTpu 
YW1lZHZpZXcKICAgICBpZD0ibmFtZWR2aWV3NCIKICAgICBwYWdlY29sb3I9IiNmZmZmZmYiCiAg 
ICAgYm9yZGVyY29sb3I9IiM2NjY2NjYiCiAgICAgYm9yZGVyb3BhY2l0eT0iMS4wIgogICAgIGlu 
a3NjYXBlOnBhZ2VzaGFkb3c9IjIiCiAgICAgaW5rc2NhcGU6cGFnZW9wYWNpdHk9IjAuMCIKICAg 
ICBpbmtzY2FwZTpwYWdlY2hlY2tlcmJvYXJkPSIwIiAvPjxnCiAgICAgaWQ9Imc4IgogICAgIGlu 
a3NjYXBlOmdyb3VwbW9kZT0ibGF5ZXIiCiAgICAgaW5rc2NhcGU6bGFiZWw9InRlc3RfaW5jbHVk 
ZWdyYXBoaWNzX3ZpYV90aWt6X2FuZF9zdmctdGlrenRlbXAtNSIKICAgICB0cmFuc2Zvcm09Im1h 
dHJpeCgxLjMzMzMzMzMsMCwwLC0xLjMzMzMzMzMsMCwyMC4yNTIpIj48ZwogICAgICAgaWQ9Imcx 
MCIKICAgICAgIHRyYW5zZm9ybT0idHJhbnNsYXRlKDcuNTk0LDcuNTk0KSI+PGcKICAgICAgICAg 
aWQ9ImcxMiI+PGcKICAgICAgICAgICBpZD0iZzE0Ij48ZwogICAgICAgICAgICAgaWQ9ImcxNiI+ 
PGcKICAgICAgICAgICAgICAgaWQ9ImcxOCIKICAgICAgICAgICAgICAgdHJhbnNmb3JtPSJ0cmFu 
c2xhdGUoLTcuNTk0LC03LjU5NCkiPjxnCiAgICAgICAgICAgICAgICAgaWQ9ImcyMCI+PGcKICAg 
ICAgICAgICAgICAgICAgIGlkPSJnMjIiCiAgICAgICAgICAgICAgICAgICB0cmFuc2Zvcm09InRy 
YW5zbGF0ZSg5LjIxNikiPjxnCiAgICAgICAgICAgICAgICAgICAgIGlkPSJnMjQiCiAgICAgICAg 
ICAgICAgICAgICAgIHRyYW5zZm9ybT0ibWF0cml4KDAuNzA3MDksMC43MDcwOSwtMC43MDcwOSww 
LjcwNzA5LDAsMCkiPjxnCiAgICAgICAgICAgICAgICAgICAgICAgaWQ9ImcyNiI+PGcKICAgICAg 
ICAgICAgICAgICAgICAgICAgIGlkPSJnMjgiIC8+PGcKICAgICAgICAgICAgICAgICAgICAgICAg 
IGlkPSJnNDQiPjxnCiAgICAgICAgICAgICAgICAgICAgICAgICAgIGNsaXAtcGF0aD0idXJsKCNj 
bGlwUGF0aDMyKSIKICAgICAgICAgICAgICAgICAgICAgICAgICAgaWQ9Imc0MiI+PGcKICAgICAg 
ICAgICAgICAgICAgICAgICAgICAgICB0cmFuc2Zvcm09Im1hdHJpeCgxLDAsMCwtMSwwLDEzLjAz 
NDE4KSIKICAgICAgICAgICAgICAgICAgICAgICAgICAgICBpZD0iZzQwIj48ZwogICAgICAgICAg 
ICAgICAgICAgICAgICAgICAgICAgaWQ9ImczOCI+PHRleHQKICAgICAgICAgICAgICAgICAgICAg 
ICAgICAgICAgICAgdHJhbnNmb3JtPSJ0cmFuc2xhdGUoLTAuODc4OTA3LDEzLjAzNDE3NikiCiAg 
ICAgICAgICAgICAgICAgICAgICAgICAgICAgICAgIHN0eWxlPSJmb250LXZhcmlhbnQ6bm9ybWFs 
O2ZvbnQtd2VpZ2h0Om5vcm1hbDtmb250LXNpemU6MThweDtmb250LWZhbWlseTonT3BlbiBTYW5z 
JzstaW5rc2NhcGUtZm9udC1zcGVjaWZpY2F0aW9uOk9wZW5TYW5zO3dyaXRpbmctbW9kZTpsci10 
YjtmaWxsOiMwMDAwMDA7ZmlsbC1vcGFjaXR5OjE7ZmlsbC1ydWxlOm5vbnplcm87c3Ryb2tlOm5v 
bmUiCiAgICAgICAgICAgICAgICAgICAgICAgICAgICAgICAgIGlkPSJ0ZXh0MzYiPjx0c3Bhbgog 
ICAgICAgICAgICAgICAgICAgICAgICAgICAgICAgICAgIHg9IjAiCiAgICAgICAgICAgICAgICAg 
ICAgICAgICAgICAgICAgICAgeT0iMCIKICAgICAgICAgICAgICAgICAgICAgICAgICAgICAgICAg 
ICBpZD0idHNwYW4zNCI+MjwvdHNwYW4+PC90ZXh0PjwvZz48L2c+PC9nPjwvZz48L2c+PC9nPjxn 
CiAgICAgICAgICAgICAgICAgICAgIGlkPSJnNDYiCiAgICAgICAgICAgICAgICAgICAgIHRyYW5z 
Zm9ybT0idHJhbnNsYXRlKC05LjIxNikiIC8+PC9nPjwvZz48ZwogICAgICAgICAgICAgICAgIGlk 
PSJnNDgiCiAgICAgICAgICAgICAgICAgdHJhbnNmb3JtPSJ0cmFuc2xhdGUoNy41OTQsNy41OTQp 
IiAvPjwvZz48L2c+PC9nPjwvZz48L2c+PC9nPjwvc3ZnPgo= 
"></p>]]></text>
    <answer format="html"><text><![CDATA[<p><IMG SRC="data:image/svg+xml;base64,PD94bWwgdmVyc2lvbj0iMS4wIiBlbmNvZGluZz0iVVRGLTgiIHN0YW5kYWxvbmU9Im5vIj8+Cjwh 
LS0gQ3JlYXRlZCB3aXRoIElua3NjYXBlIChodHRwOi8vd3d3Lmlua3NjYXBlLm9yZy8pIC0tPgoK 
PHN2ZwogICB2ZXJzaW9uPSIxLjEiCiAgIGlkPSJzdmcyIgogICB4bWw6c3BhY2U9InByZXNlcnZl 
IgogICB3aWR0aD0iMTQuNjY2NjY3IgogICBoZWlnaHQ9IjIyLjY2NjY2OCIKICAgdmlld0JveD0i 
MCAwIDE0LjY2NjY2NyAyMi42NjY2NjgiCiAgIHNvZGlwb2RpOmRvY25hbWU9InRlc3RfaW5jbHVk 
ZWdyYXBoaWNzX3ZpYV90aWt6X2FuZF9zdmctdGlrenRlbXAtNi5wZGYiCiAgIHhtbG5zOmlua3Nj 
YXBlPSJodHRwOi8vd3d3Lmlua3NjYXBlLm9yZy9uYW1lc3BhY2VzL2lua3NjYXBlIgogICB4bWxu 
czpzb2RpcG9kaT0iaHR0cDovL3NvZGlwb2RpLnNvdXJjZWZvcmdlLm5ldC9EVEQvc29kaXBvZGkt 
MC5kdGQiCiAgIHhtbG5zOnhsaW5rPSJodHRwOi8vd3d3LnczLm9yZy8xOTk5L3hsaW5rIgogICB4 
bWxucz0iaHR0cDovL3d3dy53My5vcmcvMjAwMC9zdmciCiAgIHhtbG5zOnN2Zz0iaHR0cDovL3d3 
dy53My5vcmcvMjAwMC9zdmciPjxkZWZzCiAgICAgaWQ9ImRlZnM2Ij48bWFzawogICAgICAgbWFz 
a1VuaXRzPSJ1c2VyU3BhY2VPblVzZSIKICAgICAgIHg9IjAiCiAgICAgICB5PSIwIgogICAgICAg 
d2lkdGg9IjEiCiAgICAgICBoZWlnaHQ9IjEiCiAgICAgICBpZD0ibWFzazI0Ij48aW1hZ2UKICAg 
ICAgICAgd2lkdGg9IjEiCiAgICAgICAgIGhlaWdodD0iMSIKICAgICAgICAgc3R5bGU9ImltYWdl 
LXJlbmRlcmluZzpvcHRpbWl6ZVNwZWVkIgogICAgICAgICBwcmVzZXJ2ZUFzcGVjdFJhdGlvPSJu 
b25lIgogICAgICAgICB4bGluazpocmVmPSJkYXRhOmltYWdlL3BuZztiYXNlNjQsaVZCT1J3MEtH 
Z29BQUFBTlNVaEVVZ0FBQUFzQUFBQVJDQUFBQUFBdWlna0hBQUFBQVhOQ1NWUUk1Z3BibVFBQUFE 
aEpSRUZVQ0psMWpqRUtBQ0FRd3hMeC8xK3VnNTZJY0oweXBLV0dIY0ZOQVlzSitEQ0RHejgvWitZ 
Nm9kOHM1L1ZwdTJEOVJHYlRYWkRlREJxMUpCaXhBQUFBQUVsRlRrU3VRbUNDIgogICAgICAgICBp 
ZD0iaW1hZ2UyNiIgLz48L21hc2s+PC9kZWZzPjxzb2RpcG9kaTpuYW1lZHZpZXcKICAgICBpZD0i 
bmFtZWR2aWV3NCIKICAgICBwYWdlY29sb3I9IiNmZmZmZmYiCiAgICAgYm9yZGVyY29sb3I9IiM2 
NjY2NjYiCiAgICAgYm9yZGVyb3BhY2l0eT0iMS4wIgogICAgIGlua3NjYXBlOnBhZ2VzaGFkb3c9 
IjIiCiAgICAgaW5rc2NhcGU6cGFnZW9wYWNpdHk9IjAuMCIKICAgICBpbmtzY2FwZTpwYWdlY2hl 
Y2tlcmJvYXJkPSIwIiAvPjxnCiAgICAgaWQ9Imc4IgogICAgIGlua3NjYXBlOmdyb3VwbW9kZT0i 
bGF5ZXIiCiAgICAgaW5rc2NhcGU6bGFiZWw9InRlc3RfaW5jbHVkZWdyYXBoaWNzX3ZpYV90aWt6 
X2FuZF9zdmctdGlrenRlbXAtNiIKICAgICB0cmFuc2Zvcm09Im1hdHJpeCgxLjMzMzMzMzMsMCww 
LC0xLjMzMzMzMzMsMCwyMi42NjY2NjcpIj48ZwogICAgICAgaWQ9ImcxMCIKICAgICAgIHRyYW5z 
Zm9ybT0idHJhbnNsYXRlKDUuNSw4LjUpIj48ZwogICAgICAgICBpZD0iZzEyIj48ZwogICAgICAg 
ICAgIGlkPSJnMTQiPjxnCiAgICAgICAgICAgICBpZD0iZzE2Ij48ZwogICAgICAgICAgICAgICBp 
ZD0iZzE4IgogICAgICAgICAgICAgICB0cmFuc2Zvcm09InRyYW5zbGF0ZSgtNS41LC04LjUpIj48 
ZwogICAgICAgICAgICAgICAgIGlkPSJnMjAiPjxnCiAgICAgICAgICAgICAgICAgICBpZD0iZzIy 
IgogICAgICAgICAgICAgICAgICAgdHJhbnNmb3JtPSJzY2FsZSgxMSwxNykiPjxpbWFnZQogICAg 
ICAgICAgICAgICAgICAgICB3aWR0aD0iMSIKICAgICAgICAgICAgICAgICAgICAgaGVpZ2h0PSIx 
IgogICAgICAgICAgICAgICAgICAgICBzdHlsZT0iaW1hZ2UtcmVuZGVyaW5nOm9wdGltaXplU3Bl 
ZWQiCiAgICAgICAgICAgICAgICAgICAgIHByZXNlcnZlQXNwZWN0UmF0aW89Im5vbmUiCiAgICAg 
ICAgICAgICAgICAgICAgIHRyYW5zZm9ybT0ibWF0cml4KDEsMCwwLC0xLDAsMSkiCiAgICAgICAg 
ICAgICAgICAgICAgIHhsaW5rOmhyZWY9ImRhdGE6aW1hZ2UvcG5nO2Jhc2U2NCxpVkJPUncwS0dn 
b0FBQUFOU1VoRVVnQUFBQXNBQUFBUkNBWUFBQUFMNFZiYkFBQUFCSE5DU1ZRSUNBZ0lmQWhraUFB 
QUFGaEpSRUZVS0pIRmtzRU93Q0FJUTl0bC8vL0w5VEl6Z3hYeDVMc1JDbFNFQUlRRTZVOVRZelJB 
Y2lwNFNoMi93cVhZVFNxTEphM0Z6dlBya2xIVVNXM0VCcGRXZCtRNWN2VEEwcDU3VEd5dURqQ2Zr 
b20yTmh3Tlg3RXJHVzVpUVlVQUFBQUFTVVZPUks1Q1lJST0iCiAgICAgICAgICAgICAgICAgICAg 
IG1hc2s9InVybCgjbWFzazI0KSIKICAgICAgICAgICAgICAgICAgICAgaWQ9ImltYWdlMjgiIC8+ 
PC9nPjwvZz48ZwogICAgICAgICAgICAgICAgIGlkPSJnMzAiCiAgICAgICAgICAgICAgICAgdHJh 
bnNmb3JtPSJ0cmFuc2xhdGUoNS41LDguNSkiIC8+PC9nPjwvZz48L2c+PC9nPjwvZz48L2c+PC9z 
dmc+Cg== 
"></p>]]></text></answer>
  </subquestion>
  <subquestion format="html">
    <text><![CDATA[<p><IMG SRC="data:image/svg+xml;base64,PD94bWwgdmVyc2lvbj0iMS4wIiBlbmNvZGluZz0iVVRGLTgiIHN0YW5kYWxvbmU9Im5vIj8+Cjwh 
LS0gQ3JlYXRlZCB3aXRoIElua3NjYXBlIChodHRwOi8vd3d3Lmlua3NjYXBlLm9yZy8pIC0tPgoK 
PHN2ZwogICB2ZXJzaW9uPSIxLjEiCiAgIGlkPSJzdmcyIgogICB4bWw6c3BhY2U9InByZXNlcnZl 
IgogICB3aWR0aD0iMjEuNTk4NjY3IgogICBoZWlnaHQ9IjIxLjU5ODY2NyIKICAgdmlld0JveD0i 
MCAwIDIxLjU5ODY2NyAyMS41OTg2NjciCiAgIHNvZGlwb2RpOmRvY25hbWU9InRlc3RfaW5jbHVk 
ZWdyYXBoaWNzX3ZpYV90aWt6X2FuZF9zdmctdGlrenRlbXAtNy5wZGYiCiAgIHhtbG5zOmlua3Nj 
YXBlPSJodHRwOi8vd3d3Lmlua3NjYXBlLm9yZy9uYW1lc3BhY2VzL2lua3NjYXBlIgogICB4bWxu 
czpzb2RpcG9kaT0iaHR0cDovL3NvZGlwb2RpLnNvdXJjZWZvcmdlLm5ldC9EVEQvc29kaXBvZGkt 
MC5kdGQiCiAgIHhtbG5zOnhsaW5rPSJodHRwOi8vd3d3LnczLm9yZy8xOTk5L3hsaW5rIgogICB4 
bWxucz0iaHR0cDovL3d3dy53My5vcmcvMjAwMC9zdmciCiAgIHhtbG5zOnN2Zz0iaHR0cDovL3d3 
dy53My5vcmcvMjAwMC9zdmciPjxkZWZzCiAgICAgaWQ9ImRlZnM2IiAvPjxzb2RpcG9kaTpuYW1l 
ZHZpZXcKICAgICBpZD0ibmFtZWR2aWV3NCIKICAgICBwYWdlY29sb3I9IiNmZmZmZmYiCiAgICAg 
Ym9yZGVyY29sb3I9IiM2NjY2NjYiCiAgICAgYm9yZGVyb3BhY2l0eT0iMS4wIgogICAgIGlua3Nj 
YXBlOnBhZ2VzaGFkb3c9IjIiCiAgICAgaW5rc2NhcGU6cGFnZW9wYWNpdHk9IjAuMCIKICAgICBp 
bmtzY2FwZTpwYWdlY2hlY2tlcmJvYXJkPSIwIiAvPjxnCiAgICAgaWQ9Imc4IgogICAgIGlua3Nj 
YXBlOmdyb3VwbW9kZT0ibGF5ZXIiCiAgICAgaW5rc2NhcGU6bGFiZWw9InRlc3RfaW5jbHVkZWdy 
YXBoaWNzX3ZpYV90aWt6X2FuZF9zdmctdGlrenRlbXAtNyIKICAgICB0cmFuc2Zvcm09Im1hdHJp 
eCgxLjMzMzMzMzMsMCwwLC0xLjMzMzMzMzMsMCwyMS41OTg2NjcpIj48ZwogICAgICAgaWQ9Imcx 
MCIKICAgICAgIHRyYW5zZm9ybT0idHJhbnNsYXRlKDguMDk5LDguMDk5KSI+PGcKICAgICAgICAg 
aWQ9ImcxMiI+PGcKICAgICAgICAgICBpZD0iZzE0Ij48ZwogICAgICAgICAgICAgaWQ9ImcxNiI+ 
PGcKICAgICAgICAgICAgICAgaWQ9ImcxOCIKICAgICAgICAgICAgICAgdHJhbnNmb3JtPSJ0cmFu 
c2xhdGUoLTguMDk5LC0xLjE1NykiPjxnCiAgICAgICAgICAgICAgICAgaWQ9ImcyMCI+PGcKICAg 
ICAgICAgICAgICAgICAgIGlkPSJnMjIiCiAgICAgICAgICAgICAgICAgICB0cmFuc2Zvcm09Im1h 
dHJpeCgwLjcwNzA5LC0wLjcwNzA5LDAuNzA3MDksMC43MDcwOSwwLDApIj48ZwogICAgICAgICAg 
ICAgICAgICAgICBpZD0iZzI0IgogICAgICAgICAgICAgICAgICAgICB0cmFuc2Zvcm09InNjYWxl 
KDkuODE4MiwxMy4wOTA5KSI+PGltYWdlCiAgICAgICAgICAgICAgICAgICAgICAgd2lkdGg9IjEi 
CiAgICAgICAgICAgICAgICAgICAgICAgaGVpZ2h0PSIxIgogICAgICAgICAgICAgICAgICAgICAg 
IHN0eWxlPSJpbWFnZS1yZW5kZXJpbmc6b3B0aW1pemVTcGVlZCIKICAgICAgICAgICAgICAgICAg 
ICAgICBwcmVzZXJ2ZUFzcGVjdFJhdGlvPSJub25lIgogICAgICAgICAgICAgICAgICAgICAgIHRy 
YW5zZm9ybT0ibWF0cml4KDEsMCwwLC0xLDAsMSkiCiAgICAgICAgICAgICAgICAgICAgICAgeGxp 
bms6aHJlZj0iZGF0YTppbWFnZS9wbmc7YmFzZTY0LGlWQk9SdzBLR2dvQUFBQU5TVWhFVWdBQUFB 
d0FBQUFRQ0FZQUFBQWlZWjRIQUFBQUJITkNTVlFJQ0FnSWZBaGtpQUFBQWRCSlJFRlVLSkZsa3J0 
S00zRVV4SC8vMjhxeXhDTFoya3F3Q1ZZK1RYckJJcFdQWWNqMUJmSUV0amJtQmJ4MDZWSW9nZ1lq 
U0FvTnUreTZPeGFTd1BkbDJuUG16REJ6a0tUdjcyOXRVUlNGSkdrMm13a1FvT2wwdXB0YmdDUkp5 
TEtNbjU4ZlFnaTh2Ny9UN1hacE5CcjhEMXRWRldWWmNuQndnREdHcXFvWURBWWNIeDh6SEE3M0NO 
NDV4M3E5cHRWcVlhM2w5dmFXWHEvSGZENW5zVmpzS3hSRlFacW1TT0xqNDRPTGl3c21rd250ZHBz 
NGp2Y0pJUVNLb2tBU1YxZFhuSnljME9sMGtNUm1zOW0zSklrb2lyaTV1YUhmNy9QdzhFQ3IxU0xQ 
YzZJbzJsZXcxdkwwOUVTMzI2WFg2M0YyZGtaZDE0UVFzTmJ1RXlReEhvOUowNVR6ODNQcXVzWmFp 
NlRkVWdpQnVxNHB5eEovZlgzTlpETGg4ZkdSdzhORGpERUFsR1dKdFJaakRIbWVZNjNGV291L3ZM 
ems5UFNVeFdMQjgvTXpXWmJ0T3JtN3U4Tjd6LzM5UFZFVTRaeURiZjNlZThWeExHT01qREh5M2l1 
RUlFQkprc2g3Ly9jcVgxOWZlbmw1MGVmbnA5N2UzclJjTHZYNitxclZhcVhwZENybm5FYWprWmJM 
cFZhcmxYd2N4eHdkSGYzajJ6bEhsbVUwbTAwazBXZzBTTlAwTDdrOHp3RjJVVHJuS011U09JNnBx 
b3E2cm5IT0VVSkFFalpKRXZJODM4VzRqWFdMN1FGSkdHUDRCYUxoQ0hhb3JIMWJBQUFBQUVsRlRr 
U3VRbUNDIgogICAgICAgICAgICAgICAgICAgICAgIGlkPSJpbWFnZTI2IiAvPjwvZz48L2c+PC9n 
PjxnCiAgICAgICAgICAgICAgICAgaWQ9ImcyOCIKICAgICAgICAgICAgICAgICB0cmFuc2Zvcm09 
InRyYW5zbGF0ZSg4LjA5OSwxLjE1NykiIC8+PC9nPjwvZz48L2c+PC9nPjwvZz48L2c+PC9zdmc+ 
Cg== 
"></p>]]></text>
    <answer format="html"><text><![CDATA[<p><IMG SRC="data:image/svg+xml;base64,PD94bWwgdmVyc2lvbj0iMS4wIiBlbmNvZGluZz0iVVRGLTgiIHN0YW5kYWxvbmU9Im5vIj8+Cjwh 
LS0gQ3JlYXRlZCB3aXRoIElua3NjYXBlIChodHRwOi8vd3d3Lmlua3NjYXBlLm9yZy8pIC0tPgoK 
PHN2ZwogICB2ZXJzaW9uPSIxLjEiCiAgIGlkPSJzdmcyIgogICB4bWw6c3BhY2U9InByZXNlcnZl 
IgogICB3aWR0aD0iMTIiCiAgIGhlaWdodD0iMTguNTQ1MzM0IgogICB2aWV3Qm94PSIwIDAgMTIg 
MTguNTQ1MzM0IgogICBzb2RpcG9kaTpkb2NuYW1lPSJ0ZXN0X2luY2x1ZGVncmFwaGljc192aWFf 
dGlrel9hbmRfc3ZnLXRpa3p0ZW1wLTgucGRmIgogICB4bWxuczppbmtzY2FwZT0iaHR0cDovL3d3 
dy5pbmtzY2FwZS5vcmcvbmFtZXNwYWNlcy9pbmtzY2FwZSIKICAgeG1sbnM6c29kaXBvZGk9Imh0 
dHA6Ly9zb2RpcG9kaS5zb3VyY2Vmb3JnZS5uZXQvRFREL3NvZGlwb2RpLTAuZHRkIgogICB4bWxu 
czp4bGluaz0iaHR0cDovL3d3dy53My5vcmcvMTk5OS94bGluayIKICAgeG1sbnM9Imh0dHA6Ly93 
d3cudzMub3JnLzIwMDAvc3ZnIgogICB4bWxuczpzdmc9Imh0dHA6Ly93d3cudzMub3JnLzIwMDAv 
c3ZnIj48ZGVmcwogICAgIGlkPSJkZWZzNiIgLz48c29kaXBvZGk6bmFtZWR2aWV3CiAgICAgaWQ9 
Im5hbWVkdmlldzQiCiAgICAgcGFnZWNvbG9yPSIjZmZmZmZmIgogICAgIGJvcmRlcmNvbG9yPSIj 
NjY2NjY2IgogICAgIGJvcmRlcm9wYWNpdHk9IjEuMCIKICAgICBpbmtzY2FwZTpwYWdlc2hhZG93 
PSIyIgogICAgIGlua3NjYXBlOnBhZ2VvcGFjaXR5PSIwLjAiCiAgICAgaW5rc2NhcGU6cGFnZWNo 
ZWNrZXJib2FyZD0iMCIgLz48ZwogICAgIGlkPSJnOCIKICAgICBpbmtzY2FwZTpncm91cG1vZGU9 
ImxheWVyIgogICAgIGlua3NjYXBlOmxhYmVsPSJ0ZXN0X2luY2x1ZGVncmFwaGljc192aWFfdGlr 
el9hbmRfc3ZnLXRpa3p0ZW1wLTgiCiAgICAgdHJhbnNmb3JtPSJtYXRyaXgoMS4zMzMzMzMzLDAs 
MCwtMS4zMzMzMzMzLDAsMTguNTQ1MzMzKSI+PGcKICAgICAgIGlkPSJnMTAiCiAgICAgICB0cmFu 
c2Zvcm09InRyYW5zbGF0ZSg0LjUsNi45NTUpIj48ZwogICAgICAgICBpZD0iZzEyIj48ZwogICAg 
ICAgICAgIGlkPSJnMTQiPjxnCiAgICAgICAgICAgICBpZD0iZzE2Ij48ZwogICAgICAgICAgICAg 
ICBpZD0iZzE4IgogICAgICAgICAgICAgICB0cmFuc2Zvcm09InRyYW5zbGF0ZSgtNC41LC02Ljk1 
NSkiPjxnCiAgICAgICAgICAgICAgICAgaWQ9ImcyMCI+PGcKICAgICAgICAgICAgICAgICAgIGlk 
PSJnMjIiCiAgICAgICAgICAgICAgICAgICB0cmFuc2Zvcm09InNjYWxlKDksMTMuOTA5MSkiPjxp 
bWFnZQogICAgICAgICAgICAgICAgICAgICB3aWR0aD0iMSIKICAgICAgICAgICAgICAgICAgICAg 
aGVpZ2h0PSIxIgogICAgICAgICAgICAgICAgICAgICBzdHlsZT0iaW1hZ2UtcmVuZGVyaW5nOm9w 
dGltaXplU3BlZWQiCiAgICAgICAgICAgICAgICAgICAgIHByZXNlcnZlQXNwZWN0UmF0aW89Im5v 
bmUiCiAgICAgICAgICAgICAgICAgICAgIHRyYW5zZm9ybT0ibWF0cml4KDEsMCwwLC0xLDAsMSki 
CiAgICAgICAgICAgICAgICAgICAgIHhsaW5rOmhyZWY9ImRhdGE6aW1hZ2UvcG5nO2Jhc2U2NCxp 
VkJPUncwS0dnb0FBQUFOU1VoRVVnQUFBQXNBQUFBUkNBWUFBQUFMNFZiYkFBQUFCSE5DU1ZRSUNB 
Z0lmQWhraUFBQUFkMUpSRUZVS0pGOWtMMUtiRXNVaEwvVmJXOVFFeU1ETVREVnlNQklaUkl4TVRZ 
UVgwSk1ESDBDOVNrbUYzTnp3Ujh3R0VSTU5vcVppb2cvZTJaNjk2b1RITGJjZTROYlVNbWlhbFZS 
MUhVdDRIOTVjbklpU1pvb3BXQm1MQzR1c3I2K1RnaUJsQkpOMHlDSnFxcVluWjNsL2YwZDd1L3Zs 
VkxTd2NHQjJyWlZoNXl6M0YyUzlQMzkvZmZ6MU5RVU9XZENDTVFZR1kvSG1Ca3BKZHEyQldCeWNo 
S0FVRW9oaEVBcGhhWnBjSGRTU2tqQzNRRXdNd0FtT2tFcGhad3pMeTh2eEJpcHFvcTV1VGtBU2lr 
TWgwTjRlbm9TSURPVG1TbkdLRUF4UnUzczdPanE2a3FqMFVpU1pIVmRhM2w1bWIyOVBSWVdGcGla 
bWVINStabkx5MHY2L1Q0eFJ2cjlQdHZiMi9Eejg2UFB6MCs1dTNMT0txVklra2Fqa1U1UFQzOVRC 
NE9CNk9icW9qcDBwdVBqWTZXVWRIUjBKTWJqOGI5RVRkTklrdHhkN3E2Ym14c0IydHpjVkVncE1S 
d09jWGZjbmFxcWtJU1o0ZTYvRzcrOXZSRWtrVkxDekpCRUNJRzJiWkZFakpIWDExZk1qS1dsSmZo 
dng1eXp1bW9mSHgvYTNkMlZtZW5zN0V3Y0hoN3E0dUpDWDE5Znlqbi9HaDhlSHJTL3Z5OUF2VjVQ 
ajQrUG9wc0cwUHo4dkRZMk52VFAyOWJXbGdhRGdVb3BzdXZyYTkzZDNYRjdlMHRkMTV5Zm45UHI5 
VmhaV1dGdGJZM1YxVldtcDZlUnhCLytqcHNTZnA2TFB3QUFBQUJKUlU1RXJrSmdnZz09IgogICAg 
ICAgICAgICAgICAgICAgICBpZD0iaW1hZ2UyNCIgLz48L2c+PC9nPjxnCiAgICAgICAgICAgICAg 
ICAgaWQ9ImcyNiIKICAgICAgICAgICAgICAgICB0cmFuc2Zvcm09InRyYW5zbGF0ZSg0LjUsNi45 
NTUpIiAvPjwvZz48L2c+PC9nPjwvZz48L2c+PC9nPjwvc3ZnPgo= 
"></p>]]></text></answer>
  </subquestion>
  <subquestion format="html">
    <text><![CDATA[<p><IMG SRC="data:image/svg+xml;base64,PD94bWwgdmVyc2lvbj0iMS4wIiBlbmNvZGluZz0iVVRGLTgiIHN0YW5kYWxvbmU9Im5vIj8+Cjwh 
LS0gQ3JlYXRlZCB3aXRoIElua3NjYXBlIChodHRwOi8vd3d3Lmlua3NjYXBlLm9yZy8pIC0tPgoK 
PHN2ZwogICB2ZXJzaW9uPSIxLjEiCiAgIGlkPSJzdmcyIgogICB4bWw6c3BhY2U9InByZXNlcnZl 
IgogICB3aWR0aD0iMjkuMzMzMzMyIgogICBoZWlnaHQ9IjQ1LjMzMzMzMiIKICAgdmlld0JveD0i 
MCAwIDI5LjMzMzMzMiA0NS4zMzMzMzIiCiAgIHNvZGlwb2RpOmRvY25hbWU9InRlc3RfaW5jbHVk 
ZWdyYXBoaWNzX3ZpYV90aWt6X2FuZF9zdmctdGlrenRlbXAtOS5wZGYiCiAgIHhtbG5zOmlua3Nj 
YXBlPSJodHRwOi8vd3d3Lmlua3NjYXBlLm9yZy9uYW1lc3BhY2VzL2lua3NjYXBlIgogICB4bWxu 
czpzb2RpcG9kaT0iaHR0cDovL3NvZGlwb2RpLnNvdXJjZWZvcmdlLm5ldC9EVEQvc29kaXBvZGkt 
MC5kdGQiCiAgIHhtbG5zOnhsaW5rPSJodHRwOi8vd3d3LnczLm9yZy8xOTk5L3hsaW5rIgogICB4 
bWxucz0iaHR0cDovL3d3dy53My5vcmcvMjAwMC9zdmciCiAgIHhtbG5zOnN2Zz0iaHR0cDovL3d3 
dy53My5vcmcvMjAwMC9zdmciPjxkZWZzCiAgICAgaWQ9ImRlZnM2Ij48bWFzawogICAgICAgbWFz 
a1VuaXRzPSJ1c2VyU3BhY2VPblVzZSIKICAgICAgIHg9IjAiCiAgICAgICB5PSIwIgogICAgICAg 
d2lkdGg9IjEiCiAgICAgICBoZWlnaHQ9IjEiCiAgICAgICBpZD0ibWFzazI2Ij48aW1hZ2UKICAg 
ICAgICAgd2lkdGg9IjEiCiAgICAgICAgIGhlaWdodD0iMSIKICAgICAgICAgc3R5bGU9ImltYWdl 
LXJlbmRlcmluZzpvcHRpbWl6ZVNwZWVkIgogICAgICAgICBwcmVzZXJ2ZUFzcGVjdFJhdGlvPSJu 
b25lIgogICAgICAgICB4bGluazpocmVmPSJkYXRhOmltYWdlL3BuZztiYXNlNjQsaVZCT1J3MEtH 
Z29BQUFBTlNVaEVVZ0FBQUFzQUFBQVJDQUFBQUFBdWlna0hBQUFBQVhOQ1NWUUk1Z3BibVFBQUFE 
aEpSRUZVQ0psMWpqRUtBQ0FRd3hMeC8xK3VnNTZJY0oweXBLV0dIY0ZOQVlzSitEQ0RHejgvWitZ 
Nm9kOHM1L1ZwdTJEOVJHYlRYWkRlREJxMUpCaXhBQUFBQUVsRlRrU3VRbUNDIgogICAgICAgICBp 
ZD0iaW1hZ2UyOCIgLz48L21hc2s+PC9kZWZzPjxzb2RpcG9kaTpuYW1lZHZpZXcKICAgICBpZD0i 
bmFtZWR2aWV3NCIKICAgICBwYWdlY29sb3I9IiNmZmZmZmYiCiAgICAgYm9yZGVyY29sb3I9IiM2 
NjY2NjYiCiAgICAgYm9yZGVyb3BhY2l0eT0iMS4wIgogICAgIGlua3NjYXBlOnBhZ2VzaGFkb3c9 
IjIiCiAgICAgaW5rc2NhcGU6cGFnZW9wYWNpdHk9IjAuMCIKICAgICBpbmtzY2FwZTpwYWdlY2hl 
Y2tlcmJvYXJkPSIwIiAvPjxnCiAgICAgaWQ9Imc4IgogICAgIGlua3NjYXBlOmdyb3VwbW9kZT0i 
bGF5ZXIiCiAgICAgaW5rc2NhcGU6bGFiZWw9InRlc3RfaW5jbHVkZWdyYXBoaWNzX3ZpYV90aWt6 
X2FuZF9zdmctdGlrenRlbXAtOSIKICAgICB0cmFuc2Zvcm09Im1hdHJpeCgxLjMzMzMzMzMsMCww 
LC0xLjMzMzMzMzMsMCw0NS4zMzMzMzMpIj48ZwogICAgICAgaWQ9ImcxMCIKICAgICAgIHRyYW5z 
Zm9ybT0idHJhbnNsYXRlKDExLDE3KSI+PGcKICAgICAgICAgaWQ9ImcxMiI+PGcKICAgICAgICAg 
ICBpZD0iZzE0Ij48ZwogICAgICAgICAgICAgaWQ9ImcxNiI+PGcKICAgICAgICAgICAgICAgaWQ9 
ImcxOCIKICAgICAgICAgICAgICAgdHJhbnNmb3JtPSJ0cmFuc2xhdGUoLTExLC0xNykiPjxnCiAg 
ICAgICAgICAgICAgICAgaWQ9ImcyMCI+PGcKICAgICAgICAgICAgICAgICAgIGlkPSJnMjIiCiAg 
ICAgICAgICAgICAgICAgICB0cmFuc2Zvcm09InNjYWxlKDIpIj48ZwogICAgICAgICAgICAgICAg 
ICAgICBpZD0iZzI0IgogICAgICAgICAgICAgICAgICAgICB0cmFuc2Zvcm09InNjYWxlKDExLDE3 
KSI+PGltYWdlCiAgICAgICAgICAgICAgICAgICAgICAgd2lkdGg9IjEiCiAgICAgICAgICAgICAg 
ICAgICAgICAgaGVpZ2h0PSIxIgogICAgICAgICAgICAgICAgICAgICAgIHN0eWxlPSJpbWFnZS1y 
ZW5kZXJpbmc6b3B0aW1pemVTcGVlZCIKICAgICAgICAgICAgICAgICAgICAgICBwcmVzZXJ2ZUFz 
cGVjdFJhdGlvPSJub25lIgogICAgICAgICAgICAgICAgICAgICAgIHRyYW5zZm9ybT0ibWF0cml4 
KDEsMCwwLC0xLDAsMSkiCiAgICAgICAgICAgICAgICAgICAgICAgeGxpbms6aHJlZj0iZGF0YTpp 
bWFnZS9wbmc7YmFzZTY0LGlWQk9SdzBLR2dvQUFBQU5TVWhFVWdBQUFBc0FBQUFSQ0FZQUFBQUw0 
VmJiQUFBQUJITkNTVlFJQ0FnSWZBaGtpQUFBQUZoSlJFRlVLSkhGa3NFT3dDQUlROXRsLy8vTDlU 
SXpneFh4NUxzUkNsU0VBSVFFNlU5VFl6UkFjaXA0U2gyL3dxWFlUU3FMSmEzRnp2UHJrbEhVU1cz 
RUJwZFdkK1E1Y3ZUQTBwNTdUR3l1RGpDZmtvbTJOaHdOWDdFckdXNWlRWVVBQUFBQVNVVk9SSzVD 
WUlJPSIKICAgICAgICAgICAgICAgICAgICAgICBtYXNrPSJ1cmwoI21hc2syNikiCiAgICAgICAg 
ICAgICAgICAgICAgICAgaWQ9ImltYWdlMzAiIC8+PC9nPjwvZz48L2c+PGcKICAgICAgICAgICAg 
ICAgICBpZD0iZzMyIgogICAgICAgICAgICAgICAgIHRyYW5zZm9ybT0idHJhbnNsYXRlKDExLDE3 
KSIgLz48L2c+PC9nPjwvZz48L2c+PC9nPjwvZz48L3N2Zz4K 
"></p>]]></text>
    <answer format="html"><text><![CDATA[<p><IMG SRC="data:image/svg+xml;base64,PD94bWwgdmVyc2lvbj0iMS4wIiBlbmNvZGluZz0iVVRGLTgiIHN0YW5kYWxvbmU9Im5vIj8+Cjwh 
LS0gQ3JlYXRlZCB3aXRoIElua3NjYXBlIChodHRwOi8vd3d3Lmlua3NjYXBlLm9yZy8pIC0tPgoK 
PHN2ZwogICB2ZXJzaW9uPSIxLjEiCiAgIGlkPSJzdmcyIgogICB4bWw6c3BhY2U9InByZXNlcnZl 
IgogICB3aWR0aD0iMjIuNTIyNjY3IgogICBoZWlnaHQ9IjM0Ljc1NzMzMiIKICAgdmlld0JveD0i 
MCAwIDIyLjUyMjY2NyAzNC43NTczMzIiCiAgIHNvZGlwb2RpOmRvY25hbWU9InRlc3RfaW5jbHVk 
ZWdyYXBoaWNzX3ZpYV90aWt6X2FuZF9zdmctdGlrenRlbXAtMTAucGRmIgogICB4bWxuczppbmtz 
Y2FwZT0iaHR0cDovL3d3dy5pbmtzY2FwZS5vcmcvbmFtZXNwYWNlcy9pbmtzY2FwZSIKICAgeG1s 
bnM6c29kaXBvZGk9Imh0dHA6Ly9zb2RpcG9kaS5zb3VyY2Vmb3JnZS5uZXQvRFREL3NvZGlwb2Rp 
LTAuZHRkIgogICB4bWxucz0iaHR0cDovL3d3dy53My5vcmcvMjAwMC9zdmciCiAgIHhtbG5zOnN2 
Zz0iaHR0cDovL3d3dy53My5vcmcvMjAwMC9zdmciPjxkZWZzCiAgICAgaWQ9ImRlZnM2Ij48Y2xp 
cFBhdGgKICAgICAgIGNsaXBQYXRoVW5pdHM9InVzZXJTcGFjZU9uVXNlIgogICAgICAgaWQ9ImNs 
aXBQYXRoMzIiPjxwYXRoCiAgICAgICAgIGQ9Ik0gMCwwIEggOC40NDYyODkgViAxMy4wMzQxOCBI 
IDAgWiIKICAgICAgICAgaWQ9InBhdGgzMCIgLz48L2NsaXBQYXRoPjwvZGVmcz48c29kaXBvZGk6 
bmFtZWR2aWV3CiAgICAgaWQ9Im5hbWVkdmlldzQiCiAgICAgcGFnZWNvbG9yPSIjZmZmZmZmIgog 
ICAgIGJvcmRlcmNvbG9yPSIjNjY2NjY2IgogICAgIGJvcmRlcm9wYWNpdHk9IjEuMCIKICAgICBp 
bmtzY2FwZTpwYWdlc2hhZG93PSIyIgogICAgIGlua3NjYXBlOnBhZ2VvcGFjaXR5PSIwLjAiCiAg 
ICAgaW5rc2NhcGU6cGFnZWNoZWNrZXJib2FyZD0iMCIgLz48ZwogICAgIGlkPSJnOCIKICAgICBp 
bmtzY2FwZTpncm91cG1vZGU9ImxheWVyIgogICAgIGlua3NjYXBlOmxhYmVsPSJ0ZXN0X2luY2x1 
ZGVncmFwaGljc192aWFfdGlrel9hbmRfc3ZnLXRpa3p0ZW1wLTEwIgogICAgIHRyYW5zZm9ybT0i 
bWF0cml4KDEuMzMzMzMzMywwLDAsLTEuMzMzMzMzMywwLDM0Ljc1NzMzMykiPjxnCiAgICAgICBp 
ZD0iZzEwIgogICAgICAgdHJhbnNmb3JtPSJ0cmFuc2xhdGUoOC40NDYsMTMuMDM0KSI+PGcKICAg 
ICAgICAgaWQ9ImcxMiI+PGcKICAgICAgICAgICBpZD0iZzE0Ij48ZwogICAgICAgICAgICAgaWQ9 
ImcxNiI+PGcKICAgICAgICAgICAgICAgaWQ9ImcxOCIKICAgICAgICAgICAgICAgdHJhbnNmb3Jt 
PSJ0cmFuc2xhdGUoLTguNDQ2LDEzLjAzNCkiPjxnCiAgICAgICAgICAgICAgICAgaWQ9ImcyMCI+ 
PGcKICAgICAgICAgICAgICAgICAgIGlkPSJnMjIiCiAgICAgICAgICAgICAgICAgICB0cmFuc2Zv 
cm09Im1hdHJpeCgyLDAsMCwyLDE2Ljg5MiwwKSI+PGcKICAgICAgICAgICAgICAgICAgICAgaWQ9 
ImcyNCIKICAgICAgICAgICAgICAgICAgICAgdHJhbnNmb3JtPSJzY2FsZSgtMSkiPjxnCiAgICAg 
ICAgICAgICAgICAgICAgICAgaWQ9ImcyNiI+PGcKICAgICAgICAgICAgICAgICAgICAgICAgIGlk 
PSJnMjgiIC8+PGcKICAgICAgICAgICAgICAgICAgICAgICAgIGlkPSJnNDQiPjxnCiAgICAgICAg 
ICAgICAgICAgICAgICAgICAgIGNsaXAtcGF0aD0idXJsKCNjbGlwUGF0aDMyKSIKICAgICAgICAg 
ICAgICAgICAgICAgICAgICAgaWQ9Imc0MiI+PGcKICAgICAgICAgICAgICAgICAgICAgICAgICAg 
ICB0cmFuc2Zvcm09Im1hdHJpeCgxLDAsMCwtMSwwLDEzLjAzNDE4KSIKICAgICAgICAgICAgICAg 
ICAgICAgICAgICAgICBpZD0iZzQwIj48ZwogICAgICAgICAgICAgICAgICAgICAgICAgICAgICAg 
aWQ9ImczOCI+PHRleHQKICAgICAgICAgICAgICAgICAgICAgICAgICAgICAgICAgdHJhbnNmb3Jt 
PSJ0cmFuc2xhdGUoLTAuODc4OTA3LDEzLjAzNDE3NikiCiAgICAgICAgICAgICAgICAgICAgICAg 
ICAgICAgICAgIHN0eWxlPSJmb250LXZhcmlhbnQ6bm9ybWFsO2ZvbnQtd2VpZ2h0Om5vcm1hbDtm 
b250LXNpemU6MThweDtmb250LWZhbWlseTonT3BlbiBTYW5zJzstaW5rc2NhcGUtZm9udC1zcGVj 
aWZpY2F0aW9uOk9wZW5TYW5zO3dyaXRpbmctbW9kZTpsci10YjtmaWxsOiMwMDAwMDA7ZmlsbC1v 
cGFjaXR5OjE7ZmlsbC1ydWxlOm5vbnplcm87c3Ryb2tlOm5vbmUiCiAgICAgICAgICAgICAgICAg 
ICAgICAgICAgICAgICAgIGlkPSJ0ZXh0MzYiPjx0c3BhbgogICAgICAgICAgICAgICAgICAgICAg 
ICAgICAgICAgICAgIHg9IjAiCiAgICAgICAgICAgICAgICAgICAgICAgICAgICAgICAgICAgeT0i 
MCIKICAgICAgICAgICAgICAgICAgICAgICAgICAgICAgICAgICBpZD0idHNwYW4zNCI+MjwvdHNw 
YW4+PC90ZXh0PjwvZz48L2c+PC9nPjwvZz48L2c+PC9nPjxnCiAgICAgICAgICAgICAgICAgICAg 
IGlkPSJnNDYiCiAgICAgICAgICAgICAgICAgICAgIHRyYW5zZm9ybT0idHJhbnNsYXRlKC04LjQ0 
NikiIC8+PC9nPjwvZz48ZwogICAgICAgICAgICAgICAgIGlkPSJnNDgiCiAgICAgICAgICAgICAg 
ICAgdHJhbnNmb3JtPSJ0cmFuc2xhdGUoOC40NDYsLTEzLjAzNCkiIC8+PC9nPjwvZz48L2c+PC9n 
PjwvZz48L2c+PC9zdmc+Cg== 
"></p>]]></text></answer>
  </subquestion>
</question>
 
</quiz>
