<?xml version="1.0" encoding="iso-8859-1"?>

<quiz>
 
<question type="category">
  <category>
    <text>$course$/top/Essay Test</text>
  </category>
</question>
 
<question type="essay">
  <name format="html">
    <text><![CDATA[Title]]></text>
  </name>
  <questiontext format="html">
    <text><![CDATA[<p>A </p>]]></text>
  </questiontext>
  <defaultgrade>1.0</defaultgrade>
  <generalfeedback format="html">
    <text><![CDATA[<p>feedback for essay</p>]]></text>
  </generalfeedback>
  <penalty>0.10</penalty>
  <hidden>0</hidden>
  <responserequired>0</responserequired>
  <responseformat>editor</responseformat>
  <responsefieldlines>15</responsefieldlines>
  <attachments>0</attachments>
  <attachmentsrequired>0</attachmentsrequired>
  <graderinfo format="html"><text><![CDATA[
    <ul>
      <li>B </li>
      <li>C</li>
    </ul>
  ]]></text></graderinfo>
  <responsetemplate format="html">
    <text><![CDATA[Type your answer here]]></text>
  </responsetemplate>
</question>
 
</quiz>
